c[?7l[2J[0mSeaBIOS (version 1.15.0-1)


iPXE (https://ipxe.org) 00:03.0 CA00 PCI2.10 PnP PMM+7FF8B310+7FECB310 CA00
Press Ctrl-B to configure iPXE (PCI 00:03.0)...                                                                               


Booting from ROM...
c[?7l[2Jearly console in extract_kernel
input_data: 0x000000000d989298
input_len: 0x000000000505d0ab
output: 0x0000000001000000
output_len: 0x000000000fd14b28
kernel_total_size: 0x0000000011a26000
needed_size: 0x0000000011c00000
trampoline_32bit: 0x0000000000000000

Decompressing Linux... Parsing ELF... done.
Booting the kernel (entry_offset: 0x0000000000000080).
[    0.000000][    T0] Linux version 6.7.0-rc2-gbc9807868dfa-dirty (vmware@LAPTOP-BUKH5KQI) (gcc (Ubuntu 11.4.0-1ubuntu1~22.04) 11.4.0, GNU ld (GNU Binutils for Ubuntu) 2.38) #18 SMP PREEMPT_DYNAMIC Wed Nov 29 16:57:15 KST 2023
[    0.000000][    T0] Command line: console=ttyS0 root=/dev/sda earlyprintk=serial net.ifnames=0
[    0.000000][    T0] KERNEL supported cpus:
[    0.000000][    T0]   Intel GenuineIntel
[    0.000000][    T0]   AMD AuthenticAMD
[    0.000000][    T0] BIOS-provided physical RAM map:
[    0.000000][    T0] BIOS-e820: [mem 0x0000000000000000-0x000000000009fbff] usable
[    0.000000][    T0] BIOS-e820: [mem 0x000000000009fc00-0x000000000009ffff] reserved
[    0.000000][    T0] BIOS-e820: [mem 0x00000000000f0000-0x00000000000fffff] reserved
[    0.000000][    T0] BIOS-e820: [mem 0x0000000000100000-0x000000007ffdffff] usable
[    0.000000][    T0] BIOS-e820: [mem 0x000000007ffe0000-0x000000007fffffff] reserved
[    0.000000][    T0] BIOS-e820: [mem 0x00000000feffc000-0x00000000feffffff] reserved
[    0.000000][    T0] BIOS-e820: [mem 0x00000000fffc0000-0x00000000ffffffff] reserved
[    0.000000][    T0] printk: legacy bootconsole [earlyser0] enabled
[    0.000000][    T0] ERROR: earlyprintk= earlyser already used
[    0.000000][    T0] ERROR: earlyprintk= earlyser already used
[    0.000000][    T0] ERROR: earlyprintk= earlyser already used
[    0.000000][    T0] **********************************************************
[    0.000000][    T0] **   NOTICE NOTICE NOTICE NOTICE NOTICE NOTICE NOTICE   **
[    0.000000][    T0] **                                                      **
[    0.000000][    T0] ** This system shows unhashed kernel memory addresses   **
[    0.000000][    T0] ** via the console, logs, and other interfaces. This    **
[    0.000000][    T0] ** might reduce the security of your system.            **
[    0.000000][    T0] **                                                      **
[    0.000000][    T0] ** If you see this message and you are not debugging    **
[    0.000000][    T0] ** the kernel, report this immediately to your system   **
[    0.000000][    T0] ** administrator!                                       **
[    0.000000][    T0] **                                                      **
[    0.000000][    T0] **   NOTICE NOTICE NOTICE NOTICE NOTICE NOTICE NOTICE   **
[    0.000000][    T0] **********************************************************
[    0.000000][    T0] Malformed early option 'vsyscall'
[    0.000000][    T0] NX (Execute Disable) protection: active
[    0.000000][    T0] APIC: Static calls initialized
[    0.000000][    T0] SMBIOS 2.8 present.
[    0.000000][    T0] DMI: QEMU Standard PC (i440FX + PIIX, 1996), BIOS 1.15.0-1 04/01/2014
[    0.000000][    T0] Hypervisor detected: KVM
[    0.000000][    T0] kvm-clock: Using msrs 4b564d01 and 4b564d00
[    0.000002][    T0] kvm-clock: using sched offset of 960383074 cycles
[    0.000985][    T0] clocksource: kvm-clock: mask: 0xffffffffffffffff max_cycles: 0x1cd42e4dffb, max_idle_ns: 881590591483 ns
[    0.003926][    T0] tsc: Detected 2688.010 MHz processor
[    0.009558][    T0] last_pfn = 0x7ffe0 max_arch_pfn = 0x400000000
[    0.010601][    T0] MTRR map: 4 entries (3 fixed + 1 variable; max 19), built from 8 variable MTRRs
[    0.012010][    T0] x86/PAT: Configuration [0-7]: WB  WC  UC- UC  WB  WP  UC- WT  
[    0.020289][    T0] found SMP MP-table at [mem 0x000f5ba0-0x000f5baf]
[    0.022660][    T0] ACPI: Early table checksum verification disabled
[    0.023769][    T0] ACPI: RSDP 0x00000000000F59E0 000014 (v00 BOCHS )
[    0.024798][    T0] ACPI: RSDT 0x000000007FFE1905 000034 (v01 BOCHS  BXPC     00000001 BXPC 00000001)
[    0.026253][    T0] ACPI: FACP 0x000000007FFE17B9 000074 (v01 BOCHS  BXPC     00000001 BXPC 00000001)
[    0.027692][    T0] ACPI: DSDT 0x000000007FFE0040 001779 (v01 BOCHS  BXPC     00000001 BXPC 00000001)
[    0.029128][    T0] ACPI: FACS 0x000000007FFE0000 000040
[    0.029994][    T0] ACPI: APIC 0x000000007FFE182D 000078 (v01 BOCHS  BXPC     00000001 BXPC 00000001)
[    0.031422][    T0] ACPI: HPET 0x000000007FFE18A5 000038 (v01 BOCHS  BXPC     00000001 BXPC 00000001)
[    0.032859][    T0] ACPI: WAET 0x000000007FFE18DD 000028 (v01 BOCHS  BXPC     00000001 BXPC 00000001)
[    0.034365][    T0] ACPI: Reserving FACP table memory at [mem 0x7ffe17b9-0x7ffe182c]
[    0.035571][    T0] ACPI: Reserving DSDT table memory at [mem 0x7ffe0040-0x7ffe17b8]
[    0.036783][    T0] ACPI: Reserving FACS table memory at [mem 0x7ffe0000-0x7ffe003f]
[    0.038101][    T0] ACPI: Reserving APIC table memory at [mem 0x7ffe182d-0x7ffe18a4]
[    0.039329][    T0] ACPI: Reserving HPET table memory at [mem 0x7ffe18a5-0x7ffe18dc]
[    0.040562][    T0] ACPI: Reserving WAET table memory at [mem 0x7ffe18dd-0x7ffe1904]
[    0.042382][    T0] No NUMA configuration found
[    0.043088][    T0] Faking a node at [mem 0x0000000000000000-0x000000007ffdffff]
[    0.044241][    T0] Faking node 0 at [mem 0x0000000000000000-0x000000003fffffff] (1024MB)
[    0.045530][    T0] Faking node 1 at [mem 0x0000000040000000-0x000000007ffdffff] (1023MB)
[    0.046918][    T0] NODE_DATA(0) allocated [mem 0x3fffa000-0x3fffffff]
[    0.048258][    T0] NODE_DATA(1) allocated [mem 0x7ffd9000-0x7ffdefff]
[    0.056268][    T0] Zone ranges:
[    0.056916][    T0]   DMA      [mem 0x0000000000001000-0x0000000000ffffff]
[    0.057999][    T0]   DMA32    [mem 0x0000000001000000-0x000000007ffdffff]
[    0.059070][    T0]   Normal   empty
[    0.059646][    T0]   Device   empty
[    0.060206][    T0] Movable zone start for each node
[    0.060985][    T0] Early memory node ranges
[    0.061664][    T0]   node   0: [mem 0x0000000000001000-0x000000000009efff]
[    0.062822][    T0]   node   0: [mem 0x0000000000100000-0x000000003fffffff]
[    0.064010][    T0]   node   1: [mem 0x0000000040000000-0x000000007ffdffff]
[    0.065171][    T0] Initmem setup node 0 [mem 0x0000000000001000-0x000000003fffffff]
[    0.066453][    T0] Initmem setup node 1 [mem 0x0000000040000000-0x000000007ffdffff]
[    0.067730][    T0] On node 0, zone DMA: 1 pages in unavailable ranges
[    0.067843][    T0] On node 0, zone DMA: 97 pages in unavailable ranges
[    0.083503][    T0] On node 1, zone DMA32: 32 pages in unavailable ranges
[    0.145149][    T0] kasan: KernelAddressSanitizer initialized
[    0.147975][    T0] ACPI: PM-Timer IO Port: 0x608
[    0.148747][    T0] ACPI: LAPIC_NMI (acpi_id[0xff] dfl dfl lint[0x1])
[    0.149854][    T0] IOAPIC[0]: apic_id 0, version 17, address 0xfec00000, GSI 0-23
[    0.151086][    T0] ACPI: INT_SRC_OVR (bus 0 bus_irq 0 global_irq 2 dfl dfl)
[    0.152204][    T0] ACPI: INT_SRC_OVR (bus 0 bus_irq 5 global_irq 5 high level)
[    0.153355][    T0] ACPI: INT_SRC_OVR (bus 0 bus_irq 9 global_irq 9 high level)
[    0.154539][    T0] ACPI: INT_SRC_OVR (bus 0 bus_irq 10 global_irq 10 high level)
[    0.155745][    T0] ACPI: INT_SRC_OVR (bus 0 bus_irq 11 global_irq 11 high level)
[    0.156932][    T0] ACPI: Using ACPI (MADT) for SMP configuration information
[    0.158054][    T0] ACPI: HPET id: 0x8086a201 base: 0xfed00000
[    0.159000][    T0] smpboot: Allowing 1 CPUs, 0 hotplug CPUs
[    0.160000][    T0] kvm-guest: APIC: eoi() replaced with kvm_guest_apic_eoi_write()
[    0.161314][    T0] PM: hibernation: Registered nosave memory: [mem 0x00000000-0x00000fff]
[    0.162690][    T0] PM: hibernation: Registered nosave memory: [mem 0x0009f000-0x0009ffff]
[    0.164184][    T0] PM: hibernation: Registered nosave memory: [mem 0x000a0000-0x000effff]
[    0.165497][    T0] PM: hibernation: Registered nosave memory: [mem 0x000f0000-0x000fffff]
[    0.166837][    T0] [mem 0x80000000-0xfeffbfff] available for PCI devices
[    0.167998][    T0] Booting paravirtualized kernel on KVM
[    0.168913][    T0] clocksource: refined-jiffies: mask: 0xffffffff max_cycles: 0xffffffff, max_idle_ns: 19112604462750000 ns
[    0.273248][    T0] setup_percpu: NR_CPUS:8 nr_cpumask_bits:1 nr_cpu_ids:1 nr_node_ids:2
[    0.275057][    T0] percpu: Embedded 72 pages/cpu s255176 r8192 d31544 u2097152
[    0.276368][    T0] kvm-guest: PV spinlocks disabled, no host support
[    0.277428][    T0] Kernel command line: earlyprintk=serial net.ifnames=0 sysctl.kernel.hung_task_all_cpu_backtrace=1 ima_policy=tcb nf-conntrack-ftp.ports=20000 nf-conntrack-tftp.ports=20000 nf-conntrack-sip.ports=20000 nf-conntrack-irc.ports=20000 nf-conntrack-sane.ports=20000 binder.debug_mask=0 rcupdate.rcu_expedited=1 rcupdate.rcu_cpu_stall_cputime=1 no_hash_pointers page_owner=on sysctl.vm.nr_hugepages=4 sysctl.vm.nr_overcommit_hugepages=4 secretmem.enable=1 sysctl.max_rcu_stall_to_panic=1 msr.allow_writes=off coredump_filter=0xffff root=/dev/sda console=ttyS0 vsyscall=native numa=fake=2 kvm-intel.nested=1 spec_store_bypass_disable=prctl nopcid vivid.n_devs=16 vivid.multiplanar=1,2,1,2,1,2,1,2,1,2,1,2,1,2,1,2 netrom.nr_ndevs=16 rose.rose_ndevs=16 smp.csd_lock_timeout=100000 watchdog_thresh=55 workqueue.watchdog_thresh=140 sysctl.net.core.netdev_unregister_timeout_secs=140 dummy_hcd.num=8 panic_on_warn=1 console=ttyS0 root=/dev/sda earlyprintk=serial net.ifnames=0
[    0.293672][    T0] Unknown kernel command line parameters "spec_store_bypass_disable=prctl", will be passed to user space.
[    0.295598][    T0] Fallback order for Node 0: 0 1 
[    0.295607][    T0] Fallback order for Node 1: 1 0 
[    0.295614][    T0] Built 2 zonelists, mobility grouping on.  Total pages: 515808
[    0.297800][    T0] Policy zone: DMA32
[    0.298746][    T0] mem auto-init: stack:off, heap alloc:on, heap free:off
[    0.299646][    T0] stackdepot: allocating hash table via alloc_large_system_hash
[    0.302218][    T0] stackdepot hash table entries: 1048576 (order: 11, 8388608 bytes, linear)
[    0.373885][    T0] Memory: 1464876K/2096632K available (157696K kernel code, 38570K rwdata, 32680K rodata, 3420K init, 33712K bss, 631500K reserved, 0K cma-reserved)
[    0.377266][    T0] SLUB: HWalign=64, Order=0-3, MinObjects=0, CPUs=1, Nodes=2
[    0.398546][    T0] allocated 37748736 bytes of page_ext
[    0.399322][    T0] Node 0, zone      DMA: page owner found early allocated 0 pages
[    0.404806][    T0] Node 0, zone    DMA32: page owner found early allocated 4704 pages
[    0.407613][    T0] Node 1, zone    DMA32: page owner found early allocated 4611 pages
[    0.409381][    T0] Dynamic Preempt: full
[    0.410622][    T0] Running RCU self tests
[    0.411141][    T0] Running RCU synchronous self tests
[    0.411822][    T0] rcu: Preemptible hierarchical RCU implementation.
[    0.412593][    T0] rcu: 	RCU lockdep checking is enabled.
[    0.413228][    T0] rcu: 	RCU restricting CPUs from NR_CPUS=8 to nr_cpu_ids=1.
[    0.414051][    T0] rcu: 	RCU callback double-/use-after-free debug is enabled.
[    0.414866][    T0] rcu: 	RCU debug extended QS entry/exit.
[    0.415530][    T0] 	All grace periods are expedited (rcu_expedited).
[    0.416308][    T0] 	Trampoline variant of Tasks RCU enabled.
[    0.416977][    T0] 	Tracing variant of Tasks RCU enabled.
[    0.417593][    T0] rcu: RCU calculated value of scheduler-enlistment delay is 10 jiffies.
[    0.418523][    T0] rcu: Adjusting geometry for rcu_fanout_leaf=16, nr_cpu_ids=1
[    0.419433][    T0] Running RCU synchronous self tests
[    0.488036][    T0] NR_IRQS: 4352, nr_irqs: 256, preallocated irqs: 16
[    0.489556][    T0] rcu: srcu_init: Setting srcu_struct sizes based on contention.
[    0.490614][    T0] kfence: initialized - using 2097152 bytes for 255 objects at 0xffff88807ec00000-0xffff88807ee00000
[    0.499796][    T0] Console: colour VGA+ 80x25
[    0.500426][    T0] printk: legacy console [ttyS0] enabled
[    0.500426][    T0] printk: legacy console [ttyS0] enabled
[    0.501811][    T0] printk: legacy bootconsole [earlyser0] disabled
[    0.501811][    T0] printk: legacy bootconsole [earlyser0] disabled
[    0.503409][    T0] Lock dependency validator: Copyright (c) 2006 Red Hat, Inc., Ingo Molnar
[    0.504471][    T0] ... MAX_LOCKDEP_SUBCLASSES:  8
[    0.505082][    T0] ... MAX_LOCK_DEPTH:          48
[    0.505700][    T0] ... MAX_LOCKDEP_KEYS:        8192
[    0.506327][    T0] ... CLASSHASH_SIZE:          4096
[    0.506962][    T0] ... MAX_LOCKDEP_ENTRIES:     131072
[    0.507606][    T0] ... MAX_LOCKDEP_CHAINS:      262144
[    0.508250][    T0] ... CHAINHASH_SIZE:          131072
[    0.508894][    T0]  memory used by lock dependency info: 20785 kB
[    0.509671][    T0]  memory used for stack traces: 8320 kB
[    0.510367][    T0]  per task-struct memory footprint: 1920 bytes
[    0.511231][    T0] mempolicy: Enabling automatic NUMA balancing. Configure with numa_balancing= or the kernel.numa_balancing sysctl
[    0.512734][    T0] ACPI: Core revision 20230628
[    0.513898][    T0] clocksource: hpet: mask: 0xffffffff max_cycles: 0xffffffff, max_idle_ns: 19112604467 ns
[    0.515490][    T0] APIC: Switch to symmetric I/O mode setup
[    0.516551][    T0] x2apic enabled
[    0.517492][    T0] APIC: Switched APIC routing to: physical x2apic
[    0.521604][    T0] ..TIMER: vector=0x30 apic1=0 pin1=2 apic2=-1 pin2=-1
[    0.522482][    T0] clocksource: tsc-early: mask: 0xffffffffffffffff max_cycles: 0x26beffa22e4, max_idle_ns: 440795217853 ns
[    0.523881][    T0] Calibrating delay loop (skipped) preset value.. 5376.02 BogoMIPS (lpj=26880100)
[    0.525379][    T0] Last level iTLB entries: 4KB 0, 2MB 0, 4MB 0
[    0.533928][    T0] Last level dTLB entries: 4KB 0, 2MB 0, 4MB 0, 1GB 0
[    0.534747][    T0] Spectre V1 : Mitigation: usercopy/swapgs barriers and __user pointer sanitization
[    0.535893][    T0] Spectre V2 : Kernel not compiled with retpoline; no mitigation available!
[    0.535896][    T0] Spectre V2 : Vulnerable
[    0.537462][    T0] Spectre V2 : Spectre v2 / SpectreRSB mitigation: Filling RSB on context switch
[    0.538574][    T0] Speculative Store Bypass: Vulnerable
[    0.539255][    T0] MDS: Vulnerable: Clear CPU buffers attempted, no microcode
[    0.540217][    T0] MMIO Stale Data: Unknown: No mitigations
[    0.540941][    T0] x86/fpu: x87 FPU will use FXSAVE
[    0.582781][    T0] Freeing SMP alternatives memory: 120K
[    0.583536][    T0] pid_max: default: 32768 minimum: 301
[    0.584225][    T0] LSM: initializing lsm=lockdown,capability,landlock,yama,safesetid,tomoyo,apparmor,bpf,integrity
[    0.585544][    T0] landlock: Up and running.
[    0.586066][    T0] Yama: becoming mindful.
[    0.586646][    T0] TOMOYO Linux initialized
[    0.587448][    T0] AppArmor: AppArmor initialized
[    0.588036][    T0] LSM support for eBPF active
[    0.591966][    T0] Dentry cache hash table entries: 262144 (order: 9, 2097152 bytes, vmalloc)
[    0.595245][    T0] Inode-cache hash table entries: 131072 (order: 8, 1048576 bytes, vmalloc)
[    0.596531][    T0] Mount-cache hash table entries: 4096 (order: 3, 32768 bytes, vmalloc)
[    0.597604][    T0] Mountpoint-cache hash table entries: 4096 (order: 3, 32768 bytes, vmalloc)
[    0.601326][    T0] Running RCU synchronous self tests
[    0.601935][    T0] Running RCU synchronous self tests
[    0.723351][    T1] smpboot: CPU0: Intel QEMU Virtual CPU version 2.5+ (family: 0xf, model: 0x6b, stepping: 0x1)
[    0.723874][    T1] RCU Tasks: Setting shift to 0 and lim to 1 rcu_task_cb_adjust=1.
[    0.723874][    T1] RCU Tasks Trace: Setting shift to 0 and lim to 1 rcu_task_cb_adjust=1.
[    0.723874][    T1] Running RCU Tasks wait API self tests
[    0.824118][    T1] Running RCU Tasks Trace wait API self tests
[    0.825009][    T1] Performance Events: unsupported Netburst CPU model 107 no PMU driver, software events only.
[    0.826295][    T1] signal: max sigframe size: 1440
[    0.827359][    T1] rcu: Hierarchical SRCU implementation.
[    0.828081][    T1] rcu: 	Max phase no-delay instances is 1000.
[    0.833081][    T1] NMI watchdog: Perf NMI watchdog permanently disabled
[    0.834374][    T1] smp: Bringing up secondary CPUs ...
[    0.835283][    T1] smp: Brought up 2 nodes, 1 CPU
[    0.836024][    T1] smpboot: Max logical packages: 1
[    0.836842][    T1] smpboot: Total of 1 processors activated (5376.02 BogoMIPS)
[    0.839741][    T1] devtmpfs: initialized
[    0.841271][    T1] x86/mm: Memory block size: 128MB
[    0.843923][   T15] Callback from call_rcu_tasks_trace() invoked.
[    0.889770][    T1] Running RCU synchronous self tests
[    0.890493][    T1] Running RCU synchronous self tests
[    0.891269][    T1] clocksource: jiffies: mask: 0xffffffff max_cycles: 0xffffffff, max_idle_ns: 19112604462750000 ns
[    0.893980][    T1] futex hash table entries: 256 (order: 3, 32768 bytes, vmalloc)
[    0.897060][    T1] PM: RTC time: 04:22:50, date: 2023-12-01
[    0.909326][    T1] NET: Registered PF_NETLINK/PF_ROUTE protocol family
[    0.914159][    T1] audit: initializing netlink subsys (disabled)
[    0.915425][   T22] audit: type=2000 audit(1701404571.061:1): state=initialized audit_enabled=0 res=1
[    0.918609][    T1] thermal_sys: Registered thermal governor 'step_wise'
[    0.918615][    T1] thermal_sys: Registered thermal governor 'user_space'
[    0.919558][    T1] cpuidle: using governor menu
[    0.920992][    T1] NET: Registered PF_QIPCRTR protocol family
[    0.924997][    T1] dca service started, version 1.12.1
[    0.925756][    T1] PCI: Using configuration type 1 for base access
[    0.945625][    T1] HugeTLB: registered 2.00 MiB page size, pre-allocated 0 pages
[    0.946730][    T1] HugeTLB: 28 KiB vmemmap can be freed for a 2.00 MiB page
[    0.956194][    T1] cryptd: max_cpu_qlen set to 1000
[    0.965010][    T1] raid6: skipped pq benchmark and selected sse2x4
[    0.965999][    T1] raid6: using intx1 recovery algorithm
[    0.967417][    T1] ACPI: Added _OSI(Module Device)
[    0.968014][    T1] ACPI: Added _OSI(Processor Device)
[    0.968621][    T1] ACPI: Added _OSI(3.0 _SCP Extensions)
[    0.969249][    T1] ACPI: Added _OSI(Processor Aggregator Device)
[    1.053148][    T1] ACPI: 1 ACPI AML tables successfully acquired and loaded
[    1.095289][    T1] ACPI: _OSC evaluation for CPUs failed, trying _PDC
[    1.102420][    T1] ACPI: Interpreter enabled
[    1.103560][    T1] ACPI: PM: (supports S0 S3 S4 S5)
[    1.113904][    T1] ACPI: Using IOAPIC for interrupt routing
[    1.114853][    T1] PCI: Using host bridge windows from ACPI; if necessary, use "pci=nocrs" and report a bug
[    1.116159][    T1] PCI: Using E820 reservations for host bridge windows
[    1.119638][    T1] ACPI: Enabled 2 GPEs in block 00 to 0F
[    1.280503][    T1] ACPI: PCI Root Bridge [PCI0] (domain 0000 [bus 00-ff])
[    1.283210][    T1] acpi PNP0A03:00: _OSC: OS supports [ASPM ClockPM Segments MSI HPX-Type3]
[    1.293960][    T1] acpi PNP0A03:00: _OSC: not requesting OS control; OS requires [ExtendedConfig ASPM ClockPM MSI]
[    1.295768][    T1] acpi PNP0A03:00: fail to add MMCONFIG information, can't access extended configuration space under this bridge
[    1.298655][    T1] PCI host bridge to bus 0000:00
[    1.299263][    T1] pci_bus 0000:00: Unknown NUMA node; performance will be reduced
[    1.300187][    T1] pci_bus 0000:00: root bus resource [io  0x0000-0x0cf7 window]
[    1.301093][    T1] pci_bus 0000:00: root bus resource [io  0x0d00-0xffff window]
[    1.301996][    T1] pci_bus 0000:00: root bus resource [mem 0x000a0000-0x000bffff window]
[    1.303052][    T1] pci_bus 0000:00: root bus resource [mem 0x80000000-0xfebfffff window]
[    1.313898][    T1] pci_bus 0000:00: root bus resource [mem 0x100000000-0x17fffffff window]
[    1.314898][    T1] pci_bus 0000:00: root bus resource [bus 00-ff]
[    1.316017][    T1] pci 0000:00:00.0: [8086:1237] type 00 class 0x060000
[    1.360943][    T1] pci 0000:00:01.0: [8086:7000] type 00 class 0x060100
[    1.374654][    T1] pci 0000:00:01.1: [8086:7010] type 00 class 0x010180
[    1.377200][    T1] pci 0000:00:01.1: reg 0x20: [io  0xc020-0xc02f]
[    1.378440][    T1] pci 0000:00:01.1: legacy IDE quirk: reg 0x10: [io  0x01f0-0x01f7]
[    1.379371][    T1] pci 0000:00:01.1: legacy IDE quirk: reg 0x14: [io  0x03f6]
[    1.380197][    T1] pci 0000:00:01.1: legacy IDE quirk: reg 0x18: [io  0x0170-0x0177]
[    1.381112][    T1] pci 0000:00:01.1: legacy IDE quirk: reg 0x1c: [io  0x0376]
[    1.382723][    T1] pci 0000:00:01.3: [8086:7113] type 00 class 0x068000
[    1.394191][    T1] pci 0000:00:01.3: quirk: [io  0x0600-0x063f] claimed by PIIX4 ACPI
[    1.395143][    T1] pci 0000:00:01.3: quirk: [io  0x0700-0x070f] claimed by PIIX4 SMB
[    1.396837][    T1] pci 0000:00:02.0: [1234:1111] type 00 class 0x030000
[    1.398873][    T1] pci 0000:00:02.0: reg 0x10: [mem 0xfd000000-0xfdffffff pref]
[    1.401656][    T1] pci 0000:00:02.0: reg 0x18: [mem 0xfeb90000-0xfeb90fff]
[    1.415717][    T1] pci 0000:00:02.0: reg 0x30: [mem 0xfeb80000-0xfeb8ffff pref]
[    1.417227][    T1] pci 0000:00:02.0: Video device with shadowed ROM at [mem 0x000c0000-0x000dffff]
[    1.462663][    T1] pci 0000:00:03.0: [1af4:1000] type 00 class 0x020000
[    1.474344][    T1] pci 0000:00:03.0: reg 0x10: [io  0xc000-0xc01f]
[    1.476638][    T1] pci 0000:00:03.0: reg 0x14: [mem 0xfeb91000-0xfeb91fff]
[    1.479817][    T1] pci 0000:00:03.0: reg 0x20: [mem 0xfe000000-0xfe003fff 64bit pref]
[    1.481608][    T1] pci 0000:00:03.0: reg 0x30: [mem 0xfeb00000-0xfeb7ffff pref]
[    1.576317][    T1] ACPI: PCI: Interrupt link LNKA configured for IRQ 10
[    1.580541][    T1] ACPI: PCI: Interrupt link LNKB configured for IRQ 10
[    1.594846][    T1] ACPI: PCI: Interrupt link LNKC configured for IRQ 11
[    1.598951][    T1] ACPI: PCI: Interrupt link LNKD configured for IRQ 11
[    1.601120][    T1] ACPI: PCI: Interrupt link LNKS configured for IRQ 9
[    1.616847][    T1] iommu: Default domain type: Translated
[    1.617687][    T1] iommu: DMA domain TLB invalidation policy: lazy mode
[    1.621691][    T1] SCSI subsystem initialized
[    1.635178][    T1] ACPI: bus type USB registered
[    1.636153][    T1] usbcore: registered new interface driver usbfs
[    1.637130][    T1] usbcore: registered new interface driver hub
[    1.638081][    T1] usbcore: registered new device driver usb
[    1.639913][    T1] mc: Linux media interface: v0.10
[    1.640764][    T1] videodev: Linux video capture interface: v2.00
[    1.642020][    T1] pps_core: LinuxPPS API ver. 1 registered
[    1.642788][    T1] pps_core: Software ver. 5.3.6 - Copyright 2005-2007 Rodolfo Giometti <giometti@linux.it>
[    1.654022][    T1] PTP clock support registered
[    1.655580][    T1] EDAC MC: Ver: 3.0.0
[    1.658375][    T1] Advanced Linux Sound Architecture Driver Initialized.
[    1.662239][    T1] Bluetooth: Core ver 2.22
[    1.662928][    T1] NET: Registered PF_BLUETOOTH protocol family
[    1.663732][    T1] Bluetooth: HCI device and connection manager initialized
[    1.673933][    T1] Bluetooth: HCI socket layer initialized
[    1.674731][    T1] Bluetooth: L2CAP socket layer initialized
[    1.675558][    T1] Bluetooth: SCO socket layer initialized
[    1.676407][    T1] NET: Registered PF_ATMPVC protocol family
[    1.677250][    T1] NET: Registered PF_ATMSVC protocol family
[    1.678281][    T1] NetLabel: Initializing
[    1.678852][    T1] NetLabel:  domain hash size = 128
[    1.679538][    T1] NetLabel:  protocols = UNLABELED CIPSOv4 CALIPSO
[    1.680666][    T1] NetLabel:  unlabeled traffic allowed by default
[    1.684782][    T1] nfc: nfc_init: NFC Core ver 0.1
[    1.685754][    T1] NET: Registered PF_NFC protocol family
[    1.686512][    T1] PCI: Using ACPI for IRQ routing
[    1.694124][    T1] pci 0000:00:02.0: vgaarb: setting as boot VGA device
[    1.695010][    T1] pci 0000:00:02.0: vgaarb: bridge control possible
[    1.695813][    T1] pci 0000:00:02.0: vgaarb: VGA device added: decodes=io+mem,owns=io+mem,locks=none
[    1.696948][    T1] vgaarb: loaded
[    1.700143][    T1] hpet: 3 channels of 0 reserved for per-cpu timers
[    1.701126][    T1] hpet0: at MMIO 0xfed00000, IRQs 2, 8, 0
[    1.701974][    T1] hpet0: 3 comparators, 64-bit 100.000000 MHz counter
[    1.723874][    T1] clocksource: Switched to clocksource kvm-clock
[    1.723874][    T1] VFS: Disk quotas dquot_6.6.0
[    1.723874][    T1] VFS: Dquot-cache hash table entries: 512 (order 0, 4096 bytes)
[    1.723874][    T1] FS-Cache: Loaded
[    1.724504][    T1] CacheFiles: Loaded
[    1.725314][    T1] TOMOYO: 2.6.0
[    1.725819][    T1] Mandatory Access Control activated.
[    1.743619][    T1] AppArmor: AppArmor Filesystem Enabled
[    1.744705][    T1] pnp: PnP ACPI init
[    1.753478][    T1] pnp: PnP ACPI: found 6 devices
[    1.801750][    T1] clocksource: acpi_pm: mask: 0xffffff max_cycles: 0xffffff, max_idle_ns: 2085701024 ns
[    1.814104][    T1] NET: Registered PF_INET protocol family
[    1.815707][    T1] IP idents hash table entries: 32768 (order: 6, 262144 bytes, vmalloc)
[    1.838063][    T1] tcp_listen_portaddr_hash hash table entries: 1024 (order: 4, 73728 bytes, vmalloc)
[    1.839698][    T1] Table-perturb hash table entries: 65536 (order: 6, 262144 bytes, vmalloc)
[    1.841154][    T1] TCP established hash table entries: 16384 (order: 5, 131072 bytes, vmalloc)
[    1.887807][    T1] TCP bind hash table entries: 16384 (order: 9, 2359296 bytes, vmalloc)
[    1.889601][    T1] TCP: Hash tables configured (established 16384 bind 16384)
[    1.891862][    T1] MPTCP token hash table entries: 2048 (order: 5, 180224 bytes, vmalloc)
[    1.893489][    T1] UDP hash table entries: 1024 (order: 5, 163840 bytes, vmalloc)
[    1.894865][    T1] UDP-Lite hash table entries: 1024 (order: 5, 163840 bytes, vmalloc)
[    1.896418][    T1] NET: Registered PF_UNIX/PF_LOCAL protocol family
[    1.898784][    T1] RPC: Registered named UNIX socket transport module.
[    1.899813][    T1] RPC: Registered udp transport module.
[    1.900503][    T1] RPC: Registered tcp transport module.
[    1.901194][    T1] RPC: Registered tcp-with-tls transport module.
[    1.901965][    T1] RPC: Registered tcp NFSv4.1 backchannel transport module.
[    1.904456][    T1] NET: Registered PF_XDP protocol family
[    1.905178][    T1] pci_bus 0000:00: resource 4 [io  0x0000-0x0cf7 window]
[    1.906098][    T1] pci_bus 0000:00: resource 5 [io  0x0d00-0xffff window]
[    1.906948][    T1] pci_bus 0000:00: resource 6 [mem 0x000a0000-0x000bffff window]
[    1.907870][    T1] pci_bus 0000:00: resource 7 [mem 0x80000000-0xfebfffff window]
[    1.908790][    T1] pci_bus 0000:00: resource 8 [mem 0x100000000-0x17fffffff window]
[    1.910383][    T1] pci 0000:00:01.0: PIIX3: Enabling Passive Release
[    1.911198][    T1] pci 0000:00:00.0: Limiting direct PCI/PCI transfers
[    1.912114][    T1] PCI: CLS 0 bytes, default 64
[    1.916796][    T1] ACPI: bus type thunderbolt registered
[    1.920350][    T1] kvm_intel: VMX not supported by CPU 0
[    1.921047][    T1] kvm_amd: CPU 0 isn't AMD or Hygon
[    1.921669][    T1] clocksource: tsc: mask: 0xffffffffffffffff max_cycles: 0x26beffa22e4, max_idle_ns: 440795217853 ns
[    1.924664][   T52] kworker/u2:2 (52) used greatest stack depth: 27952 bytes left
[    1.928781][    T1] twofish-x86_64-3way: performance on this CPU would be suboptimal: disabling twofish-x86_64-3way.
[    1.930111][    T1] CPU feature 'AVX registers' is not supported.
[    1.930954][    T1] CPU feature 'AVX registers' is not supported.
[    1.931774][    T1] AVX2 instructions are not detected.
[    1.932684][    T1] des3_ede-x86_64: performance on this CPU would be suboptimal: disabling des3_ede-x86_64.
[    1.943578][    T1] camellia-x86_64: performance on this CPU would be suboptimal: disabling camellia-x86_64.
[    1.944838][    T1] AVX or AES-NI instructions are not detected.
[    1.945641][    T1] AVX2 or AES-NI instructions are not detected.
[    1.946458][    T1] blowfish-x86_64: performance on this CPU would be suboptimal: disabling blowfish-x86_64.
[    1.947662][    T1] CPU feature 'AVX registers' is not supported.
[    1.949397][    T1] CPU feature 'AVX registers' is not supported.
[    1.950687][    T1] PCLMULQDQ-NI instructions are not detected.
[    1.952479][    T1] sm3_avx_x86_64: AVX instruction are not detected.
[    1.953305][    T1] AVX or AES-NI instructions are not detected.
[    1.963589][    T1] AVX2 or AES-NI instructions are not detected.
[    1.964386][    T1] AVX or AES-NI instructions are not detected.
[    3.479796][    T1] Initialise system trusted keyrings
[    3.482948][   T71] kworker/u2:0 (71) used greatest stack depth: 26928 bytes left
[    3.485137][    T1] workingset: timestamp_bits=40 max_order=19 bucket_order=0
[    3.491619][    T1] DLM installed
[    3.495197][    T1] squashfs: version 4.0 (2009/01/31) Phillip Lougher
[    3.499150][    T1] NFS: Registering the id_resolver key type
[    3.499962][    T1] Key type id_resolver registered
[    3.500623][    T1] Key type id_legacy registered
[    3.501308][    T1] nfs4filelayout_init: NFSv4 File Layout Driver Registering...
[    3.502296][    T1] nfs4flexfilelayout_init: NFSv4 Flexfile Layout Driver Registering...
[    3.507261][    T1] Key type cifs.spnego registered
[    3.508051][    T1] Key type cifs.idmap registered
[    3.508807][    T1] ntfs: driver 2.1.32 [Flags: R/W].
[    3.509591][    T1] ntfs3: Max link count 4000
[    3.510162][    T1] ntfs3: Enabled Linux POSIX ACLs support
[    3.510865][    T1] ntfs3: Read-only LZX/Xpress compression included
[    3.511742][    T1] efs: 1.0a - http://aeschi.ch.eu.org/efs/
[    3.512467][    T1] jffs2: version 2.2. (NAND) (SUMMARY)  Â© 2001-2006 Red Hat, Inc.
[    3.514977][    T1] romfs: ROMFS MTD (C) 2007 Red Hat, Inc.
[    3.515804][    T1] QNX4 filesystem 0.2.3 registered.
[    3.516550][    T1] qnx6: QNX6 filesystem 1.0.0 registered.
[    3.518143][    T1] fuse: init (API version 7.39)
[    3.521484][    T1] orangefs_debugfs_init: called with debug mask: :none: :0:
[    3.522911][    T1] orangefs_init: module version upstream loaded
[    3.524066][    T1] JFS: nTxBlock = 8192, nTxLock = 65536
[    3.539217][    T1] SGI XFS with ACLs, security attributes, realtime, quota, no debug enabled
[    3.541783][    T1] 9p: Installing v9fs 9p2000 file system support
[    3.542729][    T1] NILFS version 2 loaded
[    3.543282][    T1] befs: version: 0.9.3
[    3.544353][    T1] ocfs2: Registered cluster interface o2cb
[    3.545868][    T1] ocfs2: Registered cluster interface user
[    3.546758][    T1] OCFS2 User DLM kernel interface loaded
[    3.561848][    T1] gfs2: GFS2 installed
[    3.568644][    T1] ceph: loaded (mds proto 32)
[    3.581157][    T1] NET: Registered PF_ALG protocol family
[    3.581993][    T1] xor: measuring software checksum speed
[    3.583056][    T1]    prefetch64-sse  : 31587 MB/sec
[    3.584734][    T1]    generic_sse     : 30235 MB/sec
[    3.586364][    T1] xor: using function: prefetch64-sse (31587 MB/sec)
[    3.587232][    T1] async_tx: api initialized (async)
[    3.587895][    T1] Key type asymmetric registered
[    3.588516][    T1] Asymmetric key parser 'x509' registered
[    3.589227][    T1] Asymmetric key parser 'pkcs8' registered
[    3.589927][    T1] Key type pkcs7_test registered
[    3.590737][    T1] Block layer SCSI generic (bsg) driver version 0.4 loaded (major 239)
[    3.592468][    T1] io scheduler mq-deadline registered
[    3.593170][    T1] io scheduler kyber registered
[    3.594064][    T1] io scheduler bfq registered
[    3.597140][    T1] input: Power Button as /devices/LNXSYSTM:00/LNXPWRBN:00/input/input0
[    3.624588][    T1] ACPI: button: Power Button [PWRF]
[    3.635337][    T1] ioatdma: Intel(R) QuickData Technology Driver 5.00
[    3.654439][   T14] Callback from call_rcu_tasks() invoked.
[    6.325338][    T1] ACPI: \_SB_.LNKC: Enabled at IRQ 11
[    6.372883][  T204] kworker/u2:1 (204) used greatest stack depth: 26592 bytes left
[    6.732609][    T1] N_HDLC line discipline registered with maxframe=4096
[    6.735781][    T1] Serial: 8250/16550 driver, 4 ports, IRQ sharing enabled
[    6.739914][    T1] 00:04: ttyS0 at I/O 0x3f8 (irq = 4, base_baud = 115200) is a 16550A
[    6.769966][    T1] Non-volatile memory driver v1.3
[    6.771111][    T1] Linux agpgart interface v0.103
[    6.777202][    T1] ACPI: bus type drm_connector registered
[    6.784715][    T1] [drm] Initialized vgem 1.0.0 20120112 for vgem on minor 0
[    6.790490][    T1] [drm] Initialized vkms 1.0.0 20180514 for vkms on minor 1
[    6.854824][    T1] Console: switching to colour frame buffer device 128x48
[    6.872313][    T1] platform vkms: [drm] fb0: vkmsdrmfb frame buffer device
[    6.873339][    T1] usbcore: registered new interface driver udl
[    6.889660][    T1] bochs-drm 0000:00:02.0: vgaarb: deactivate vga console
[    6.894543][    T1] [drm] Found bochs VGA, ID 0xb0c5.
[    6.895943][    T1] [drm] Framebuffer size 16384 kB @ 0xfd000000, mmio @ 0xfeb90000.
[    6.901807][    T1] [drm] Found EDID data blob.
[    6.907381][    T1] [drm] Initialized bochs-drm 1.0.0 20130925 for 0000:00:02.0 on minor 2
[    6.918276][    T1] fbcon: bochs-drmdrmfb (fb1) is primary device
[    6.918287][    T1] fbcon: Remapping primary device, fb1, to tty 1-63
[    7.270919][    T1] bochs-drm 0000:00:02.0: [drm] fb1: bochs-drmdrmfb frame buffer device
[    7.340126][    T1] brd: module loaded
[    7.426930][    T1] loop: module loaded
[    7.547911][    T1] zram: Added device: zram0
[    7.558246][    T1] null_blk: disk nullb0 created
[    7.559116][    T1] null_blk: module loaded
[    7.560562][    T1] Guest personality initialized and is inactive
[    7.562301][    T1] VMCI host device registered (name=vmci, major=10, minor=118)
[    7.564901][    T1] Initialized host personality
[    7.565857][    T1] usbcore: registered new interface driver rtsx_usb
[    7.567266][    T1] usbcore: registered new interface driver viperboard
[    7.568648][    T1] usbcore: registered new interface driver dln2
[    7.570282][    T1] usbcore: registered new interface driver pn533_usb
[    7.583297][    T1] nfcsim 0.2 initialized
[    7.586045][    T1] usbcore: registered new interface driver port100
[    7.590794][    T1] usbcore: registered new interface driver nfcmrvl
[    7.598449][    T1] Loading iSCSI transport class v2.0-870.
[    7.622576][    T1] st: Version 20160209, fixed bufsize 32768, s/g segs 256
[    7.663702][    T1] scsi host0: ata_piix
[    7.668109][    T1] scsi host1: ata_piix
[    7.670688][    T1] ata1: PATA max MWDMA2 cmd 0x1f0 ctl 0x3f6 bmdma 0xc020 irq 14 lpm-pol 0
[    7.671980][    T1] ata2: PATA max MWDMA2 cmd 0x170 ctl 0x376 bmdma 0xc028 irq 15 lpm-pol 0
[    7.680819][    T1] Rounding down aligned max_sectors from 4294967295 to 4294967288
[    7.682481][    T1] db_root: cannot open: /etc/target
[    7.685358][    T1] slram: not enough parameters.
[    7.691595][    T1] ftl_cs: FTL header not found.
[    7.730414][    T1] wireguard: WireGuard 1.0.0 loaded. See www.wireguard.com for information.
[    7.731623][    T1] wireguard: Copyright (C) 2015-2019 Jason A. Donenfeld <Jason@zx2c4.com>. All Rights Reserved.
[    7.732963][    T1] eql: Equalizer2002: Simon Janes (simon@ncm.com) and David S. Miller (davem@redhat.com)
[    7.747174][    T1] MACsec IEEE 802.1AE
[    7.752251][    T1] tun: Universal TUN/TAP device driver, 1.6
[    7.787924][    T1] vcan: Virtual CAN interface driver
[    7.788736][    T1] vxcan: Virtual CAN Tunnel driver
[    7.789444][    T1] slcan: serial line CAN interface driver
[    7.790232][    T1] CAN device driver interface
[    7.791503][    T1] usbcore: registered new interface driver usb_8dev
[    7.792612][    T1] usbcore: registered new interface driver ems_usb
[    7.797249][    T1] usbcore: registered new interface driver gs_usb
[    7.798154][    T1] usbcore: registered new interface driver kvaser_usb
[    7.799067][    T1] usbcore: registered new interface driver mcba_usb
[    7.799951][    T1] usbcore: registered new interface driver peak_usb
[    7.800928][    T1] e100: Intel(R) PRO/100 Network Driver
[    7.801616][    T1] e100: Copyright(c) 1999-2006 Intel Corporation
[    7.802498][    T1] e1000: Intel(R) PRO/1000 Network Driver
[    7.803243][    T1] e1000: Copyright (c) 1999-2006 Intel Corporation.
[    7.807851][    T1] e1000e: Intel(R) PRO/1000 Network Driver
[    7.808619][    T1] e1000e: Copyright(c) 1999 - 2015 Intel Corporation.
[    7.810647][    T1] mkiss: AX.25 Multikiss, Hans Albas PE1AYX
[    7.811409][    T1] AX.25: 6pack driver, Revision: 0.3.0
[    7.812118][    T1] AX.25: bpqether driver version 004
[    7.812761][    T1] PPP generic driver version 2.4.2
[    7.814878][    T1] PPP BSD Compression module registered
[    7.815649][    T1] PPP Deflate Compression module registered
[    7.816383][    T1] PPP MPPE Compression module registered
[    7.817076][    T1] NET: Registered PF_PPPOX protocol family
[    7.817816][    T1] PPTP driver version 0.8.5
[    7.819276][    T1] SLIP: version 0.8.4-NET3.019-NEWTTY (dynamic channels, max=256) (6 bit encapsulation enabled).
[    7.820599][    T1] CSLIP: code copyright 1989 Regents of the University of California.
[    7.821627][    T1] SLIP linefill/keepalive option.
[    7.822273][    T1] hdlc: HDLC support module revision 1.22
[    7.823068][    T1] LAPB Ethernet driver version 0.02
[    7.825827][    T1] usbcore: registered new interface driver ath9k_htc
[    7.827239][    T1] usbcore: registered new interface driver carl9170
[    7.828658][    T1] usbcore: registered new interface driver ath6kl_usb
[    7.830050][    T1] usbcore: registered new interface driver ar5523
[    7.831979][    T1] usbcore: registered new interface driver ath10k_usb
[    7.833423][    T1] usbcore: registered new interface driver rndis_wlan
[    7.836385][    T1] mac80211_hwsim: initializing netlink
[    7.843735][  T974] ata2: found unknown device (class 0)
[    7.845519][  T965] ata1: found unknown device (class 0)
[    7.846842][  T974] ata2.00: ATAPI: QEMU DVD-ROM, 2.5+, max UDMA/100
[    7.848163][  T965] ata1.00: ATA-7: QEMU HARDDISK, 2.5+, max UDMA/100
[    7.848967][  T965] ata1.00: 16777208 sectors, multi 16: LBA48 
[    7.853906][   T67] scsi 0:0:0:0: Direct-Access     ATA      QEMU HARDDISK    2.5+ PQ: 0 ANSI: 5
[    7.868380][ T1068] sd 0:0:0:0: [sda] 16777208 512-byte logical blocks: (8.59 GB/8.00 GiB)
[    7.869585][ T1068] sd 0:0:0:0: [sda] Write Protect is off
[    7.870381][ T1068] sd 0:0:0:0: [sda] Write cache: enabled, read cache: enabled, doesn't support DPO or FUA
[    7.871710][ T1068] sd 0:0:0:0: [sda] Preferred minimum I/O size 512 bytes
[    7.875310][   T67] sd 0:0:0:0: Attached scsi generic sg0 type 0
[    7.898655][   T11] scsi 1:0:0:0: CD-ROM            QEMU     QEMU DVD-ROM     2.5+ PQ: 0 ANSI: 5
[    7.907433][    T1] usbcore: registered new interface driver atusb
[    7.920938][ T1068] sd 0:0:0:0: [sda] Attached SCSI disk
[    7.953175][   T11] sr 1:0:0:0: [sr0] scsi3-mmc drive: 4x/4x cd/rw xa/form2 tray
[    7.957282][    T1] mac802154_hwsim mac802154_hwsim: Added 2 mac802154 hwsim hardware radios
[    7.960929][   T11] cdrom: Uniform CD-ROM driver Revision: 3.20
[    7.967443][    T1] VMware vmxnet3 virtual NIC driver - version 1.7.0.0-k-NAPI
[    7.971247][    T1] usbcore: registered new interface driver catc
[    7.974510][    T1] usbcore: registered new interface driver kaweth
[    7.975551][    T1] pegasus: Pegasus/Pegasus II USB Ethernet driver
[    7.979491][    T1] usbcore: registered new interface driver pegasus
[    7.981628][    T1] usbcore: registered new interface driver rtl8150
[    7.990357][    T1] usbcore: registered new device driver r8152-cfgselector
[    7.993150][    T1] usbcore: registered new interface driver r8152
[    8.007885][    T1] hso: drivers/net/usb/hso.c: Option Wireless
[    8.026978][    T1] usbcore: registered new interface driver hso
[    8.029253][    T1] usbcore: registered new interface driver lan78xx
[    8.032425][    T1] usbcore: registered new interface driver asix
[    8.054187][    T1] usbcore: registered new interface driver ax88179_178a
[    8.057355][    T1] usbcore: registered new interface driver cdc_ether
[    8.058610][    T1] usbcore: registered new interface driver cdc_eem
[    8.062637][    T1] usbcore: registered new interface driver dm9601
[    8.163224][    T1] usbcore: registered new interface driver sr9700
[    8.167360][   T11] sr 1:0:0:0: Attached scsi generic sg1 type 5
[    8.185846][    T1] usbcore: registered new interface driver CoreChips
[    8.192419][    T1] usbcore: registered new interface driver smsc75xx
[    8.217439][    T1] usbcore: registered new interface driver smsc95xx
[    8.243174][    T1] usbcore: registered new interface driver gl620a
[    8.260874][    T1] usbcore: registered new interface driver net1080
[    8.264902][    T1] usbcore: registered new interface driver plusb
[    8.267480][    T1] usbcore: registered new interface driver rndis_host
[    8.269858][    T1] usbcore: registered new interface driver cdc_subset
[    8.288065][    T1] usbcore: registered new interface driver zaurus
[    8.301669][    T1] usbcore: registered new interface driver MOSCHIP usb-ethernet driver
[    8.304591][    T1] usbcore: registered new interface driver int51x1
[    8.309113][    T1] usbcore: registered new interface driver cdc_phonet
[    8.312351][    T1] usbcore: registered new interface driver kalmia
[    8.315920][    T1] usbcore: registered new interface driver ipheth
[    8.319105][    T1] usbcore: registered new interface driver sierra_net
[    8.325435][    T1] usbcore: registered new interface driver cx82310_eth
[    8.329613][    T1] usbcore: registered new interface driver cdc_ncm
[    8.341588][    T1] usbcore: registered new interface driver huawei_cdc_ncm
[    8.347181][    T1] usbcore: registered new interface driver lg-vl600
[    8.350453][    T1] usbcore: registered new interface driver qmi_wwan
[    8.353850][    T1] usbcore: registered new interface driver cdc_mbim
[    8.355554][    T1] usbcore: registered new interface driver ch9200
[    8.365256][    T1] usbcore: registered new interface driver r8153_ecm
[    8.415026][    T1] VFIO - User Level meta-driver version: 0.3
[    8.492978][    T1] aoe: AoE v85 initialised.
[    8.586006][    T1] SPI driver max3421-hcd has no spi_device_id for maxim,max3421
[    8.602103][    T1] usbcore: registered new interface driver cdc_acm
[    8.606357][    T1] cdc_acm: USB Abstract Control Model driver for USB modems and ISDN adapters
[    8.616106][    T1] usbcore: registered new interface driver usblp
[    8.624330][    T1] usbcore: registered new interface driver cdc_wdm
[    8.627460][    T1] usbcore: registered new interface driver usbtmc
[    8.630086][    T1] usbcore: registered new interface driver uas
[    8.631705][    T1] usbcore: registered new interface driver usb-storage
[    8.635812][    T1] usbcore: registered new interface driver ums-alauda
[    8.650680][    T1] usbcore: registered new interface driver ums-cypress
[    8.660379][    T1] usbcore: registered new interface driver ums-datafab
[    8.668777][    T1] usbcore: registered new interface driver ums_eneub6250
[    8.672501][    T1] usbcore: registered new interface driver ums-freecom
[    8.680942][    T1] usbcore: registered new interface driver ums-isd200
[    8.688841][    T1] usbcore: registered new interface driver ums-jumpshot
[    8.696260][    T1] usbcore: registered new interface driver ums-karma
[    8.706350][    T1] usbcore: registered new interface driver ums-onetouch
[    8.715883][    T1] usbcore: registered new interface driver ums-realtek
[    8.728505][    T1] usbcore: registered new interface driver ums-sddr09
[    8.731986][    T1] usbcore: registered new interface driver ums-sddr55
[    8.745511][    T1] usbcore: registered new interface driver ums-usbat
[    8.759460][    T1] usbcore: registered new interface driver mdc800
[    8.760819][    T1] mdc800: v0.7.5 (30/10/2000):USB Driver for Mustek MDC800 Digital Camera
[    8.762932][    T1] usbcore: registered new interface driver microtekX6
[    8.768374][    T1] usbcore: registered new interface driver usbserial_generic
[    8.771603][    T1] usbserial: USB Serial support registered for generic
[    8.786177][    T1] usbcore: registered new interface driver aircable
[    8.791994][    T1] usbserial: USB Serial support registered for aircable
[    8.793867][    T1] usbcore: registered new interface driver ark3116
[    8.796821][    T1] usbserial: USB Serial support registered for ark3116
[    8.804957][    T1] usbcore: registered new interface driver belkin_sa
[    8.807601][    T1] usbserial: USB Serial support registered for Belkin / Peracom / GoHubs USB Serial Adapter
[    8.810027][    T1] usbcore: registered new interface driver ch341
[    8.812020][    T1] usbserial: USB Serial support registered for ch341-uart
[    8.813189][    T1] usbcore: registered new interface driver cp210x
[    8.822383][    T1] usbserial: USB Serial support registered for cp210x
[    8.829048][    T1] usbcore: registered new interface driver cyberjack
[    8.836331][    T1] usbserial: USB Serial support registered for Reiner SCT Cyberjack USB card reader
[    8.839983][    T1] usbcore: registered new interface driver cypress_m8
[    8.842437][    T1] usbserial: USB Serial support registered for DeLorme Earthmate USB
[    8.846599][    T1] usbserial: USB Serial support registered for HID->COM RS232 Adapter
[    8.848452][    T1] usbserial: USB Serial support registered for Nokia CA-42 V2 Adapter
[    8.850300][    T1] usbcore: registered new interface driver usb_debug
[    8.851948][    T1] usbserial: USB Serial support registered for debug
[    8.857108][    T1] usbserial: USB Serial support registered for xhci_dbc
[    8.866284][    T1] usbcore: registered new interface driver digi_acceleport
[    8.868093][    T1] usbserial: USB Serial support registered for Digi 2 port USB adapter
[    8.878864][    T1] usbserial: USB Serial support registered for Digi 4 port USB adapter
[    8.904115][    T1] usbcore: registered new interface driver io_edgeport
[    8.911240][    T1] usbserial: USB Serial support registered for Edgeport 2 port adapter
[    8.914470][    T1] usbserial: USB Serial support registered for Edgeport 4 port adapter
[    8.918560][    T1] usbserial: USB Serial support registered for Edgeport 8 port adapter
[    8.928083][    T1] usbserial: USB Serial support registered for EPiC device
[    8.931506][    T1] usbcore: registered new interface driver io_ti
[    8.935394][    T1] usbserial: USB Serial support registered for Edgeport TI 1 port adapter
[    8.941368][    T1] usbserial: USB Serial support registered for Edgeport TI 2 port adapter
[    8.946529][    T1] usbcore: registered new interface driver empeg
[    8.953021][    T1] usbserial: USB Serial support registered for empeg
[    8.956362][    T1] usbcore: registered new interface driver f81534a_ctrl
[    8.957882][    T1] usbcore: registered new interface driver f81232
[    8.958933][    T1] usbserial: USB Serial support registered for f81232
[    8.961999][    T1] usbserial: USB Serial support registered for f81534a
[    8.964681][    T1] usbcore: registered new interface driver f81534
[    8.968044][    T1] usbserial: USB Serial support registered for Fintek F81532/F81534
[    8.971786][    T1] usbcore: registered new interface driver ftdi_sio
[    8.977578][    T1] usbserial: USB Serial support registered for FTDI USB Serial Device
[    8.980228][    T1] usbcore: registered new interface driver garmin_gps
[    8.981611][    T1] usbserial: USB Serial support registered for Garmin GPS usb/tty
[    8.983300][    T1] usbcore: registered new interface driver ipaq
[    8.986543][    T1] usbserial: USB Serial support registered for PocketPC PDA
[    8.992609][    T1] usbcore: registered new interface driver ipw
[    8.994776][    T1] usbserial: USB Serial support registered for IPWireless converter
[    8.999508][    T1] usbcore: registered new interface driver ir_usb
[    9.001079][    T1] usbserial: USB Serial support registered for IR Dongle
[    9.003982][    T1] usbcore: registered new interface driver iuu_phoenix
[    9.005857][    T1] usbserial: USB Serial support registered for iuu_phoenix
[    9.007358][    T1] usbcore: registered new interface driver keyspan
[    9.012456][    T1] usbserial: USB Serial support registered for Keyspan - (without firmware)
[    9.023226][    T1] usbserial: USB Serial support registered for Keyspan 1 port adapter
[    9.028143][    T1] usbserial: USB Serial support registered for Keyspan 2 port adapter
[    9.030636][    T1] usbserial: USB Serial support registered for Keyspan 4 port adapter
[    9.033801][    T1] usbcore: registered new interface driver keyspan_pda
[    9.038838][    T1] usbserial: USB Serial support registered for Keyspan PDA
[    9.042481][    T1] usbserial: USB Serial support registered for Keyspan PDA - (prerenumeration)
[    9.049209][    T1] usbcore: registered new interface driver kl5kusb105
[    9.052976][    T1] usbserial: USB Serial support registered for KL5KUSB105D / PalmConnect
[    9.055173][    T1] usbcore: registered new interface driver kobil_sct
[    9.066612][    T1] usbserial: USB Serial support registered for KOBIL USB smart card terminal
[    9.070575][    T1] usbcore: registered new interface driver mct_u232
[    9.072936][    T1] usbserial: USB Serial support registered for MCT U232
[    9.084600][    T1] usbcore: registered new interface driver metro_usb
[    9.086293][    T1] usbserial: USB Serial support registered for Metrologic USB to Serial
[    9.090886][    T1] usbcore: registered new interface driver mos7720
[    9.095938][    T1] usbserial: USB Serial support registered for Moschip 2 port adapter
[    9.103155][    T1] usbcore: registered new interface driver mos7840
[    9.112911][    T1] usbserial: USB Serial support registered for Moschip 7840/7820 USB Serial Driver
[    9.123032][    T1] usbcore: registered new interface driver mxuport
[    9.129358][    T1] usbserial: USB Serial support registered for MOXA UPort
[    9.134029][    T1] usbcore: registered new interface driver navman
[    9.142211][    T1] usbserial: USB Serial support registered for navman
[    9.148704][    T1] usbcore: registered new interface driver omninet
[    9.163220][    T1] usbserial: USB Serial support registered for ZyXEL - omni.net usb
[    9.169358][    T1] usbcore: registered new interface driver opticon
[    9.178757][    T1] usbserial: USB Serial support registered for opticon
[    9.181011][    T1] usbcore: registered new interface driver option
[    9.188177][    T1] usbserial: USB Serial support registered for GSM modem (1-port)
[    9.193264][    T1] usbcore: registered new interface driver oti6858
[    9.198537][    T1] usbserial: USB Serial support registered for oti6858
[    9.200836][    T1] usbcore: registered new interface driver pl2303
[    9.201965][    T1] usbserial: USB Serial support registered for pl2303
[    9.217782][    T1] usbcore: registered new interface driver qcaux
[    9.223385][    T1] usbserial: USB Serial support registered for qcaux
[    9.239753][    T1] usbcore: registered new interface driver qcserial
[    9.244374][    T1] usbserial: USB Serial support registered for Qualcomm USB modem
[    9.250801][    T1] usbcore: registered new interface driver quatech2
[    9.254641][    T1] usbserial: USB Serial support registered for Quatech 2nd gen USB to Serial Driver
[    9.259762][    T1] usbcore: registered new interface driver safe_serial
[    9.262578][    T1] usbserial: USB Serial support registered for safe_serial
[    9.264367][    T1] usbcore: registered new interface driver sierra
[    9.267602][    T1] usbserial: USB Serial support registered for Sierra USB modem
[    9.270585][    T1] usbcore: registered new interface driver usb_serial_simple
[    9.273980][    T1] usbserial: USB Serial support registered for carelink
[    9.278888][    T1] usbserial: USB Serial support registered for flashloader
[    9.283035][    T1] usbserial: USB Serial support registered for funsoft
[    9.289121][    T1] usbserial: USB Serial support registered for google
[    9.291282][    T1] usbserial: USB Serial support registered for hp4x
[    9.301000][    T1] usbserial: USB Serial support registered for kaufmann
[    9.302709][    T1] usbserial: USB Serial support registered for libtransistor
[    9.304529][    T1] usbserial: USB Serial support registered for moto_modem
[    9.306135][    T1] usbserial: USB Serial support registered for motorola_tetra
[    9.307797][    T1] usbserial: USB Serial support registered for nokia
[    9.309316][    T1] usbserial: USB Serial support registered for novatel_gps
[    9.310892][    T1] usbserial: USB Serial support registered for siemens_mpi
[    9.312471][    T1] usbserial: USB Serial support registered for suunto
[    9.314095][    T1] usbserial: USB Serial support registered for vivopay
[    9.315632][    T1] usbserial: USB Serial support registered for zio
[    9.317099][    T1] usbcore: registered new interface driver spcp8x5
[    9.318648][    T1] usbserial: USB Serial support registered for SPCP8x5
[    9.320138][    T1] usbcore: registered new interface driver ssu100
[    9.321625][    T1] usbserial: USB Serial support registered for Quatech SSU-100 USB to Serial Driver
[    9.324018][    T1] usbcore: registered new interface driver symbolserial
[    9.325480][    T1] usbserial: USB Serial support registered for symbol
[    9.326947][    T1] usbcore: registered new interface driver ti_usb_3410_5052
[    9.328449][    T1] usbserial: USB Serial support registered for TI USB 3410 1 port adapter
[    9.330109][    T1] usbserial: USB Serial support registered for TI USB 5052 2 port adapter
[    9.331757][    T1] usbcore: registered new interface driver upd78f0730
[    9.333170][    T1] usbserial: USB Serial support registered for upd78f0730
[    9.335822][    T1] usbcore: registered new interface driver visor
[    9.340015][    T1] usbserial: USB Serial support registered for Handspring Visor / Palm OS
[    9.342589][    T1] usbserial: USB Serial support registered for Sony Clie 5.0
[    9.345342][    T1] usbserial: USB Serial support registered for Sony Clie 3.5
[    9.348599][    T1] usbcore: registered new interface driver wishbone_serial
[    9.350838][    T1] usbserial: USB Serial support registered for wishbone_serial
[    9.353287][    T1] usbcore: registered new interface driver whiteheat
[    9.355654][    T1] usbserial: USB Serial support registered for Connect Tech - WhiteHEAT - (prerenumeration)
[    9.358506][    T1] usbserial: USB Serial support registered for Connect Tech - WhiteHEAT
[    9.360095][    T1] usbcore: registered new interface driver xr_serial
[    9.361442][    T1] usbserial: USB Serial support registered for xr_serial
[    9.362889][    T1] usbcore: registered new interface driver xsens_mt
[    9.364683][    T1] usbserial: USB Serial support registered for xsens_mt
[    9.366163][    T1] usbcore: registered new interface driver adutux
[    9.367494][    T1] usbcore: registered new interface driver appledisplay
[    9.368866][    T1] usbcore: registered new interface driver cypress_cy7c63
[    9.370229][    T1] usbcore: registered new interface driver cytherm
[    9.371536][    T1] usbcore: registered new interface driver emi26 - firmware loader
[    9.373148][    T1] usbcore: registered new interface driver emi62 - firmware loader
[    9.375859][    T1] usbcore: registered new interface driver idmouse
[    9.377300][    T1] usbcore: registered new interface driver iowarrior
[    9.378734][    T1] usbcore: registered new interface driver isight_firmware
[    9.380260][    T1] usbcore: registered new interface driver usblcd
[    9.381627][    T1] usbcore: registered new interface driver ldusb
[    9.383275][    T1] usbcore: registered new interface driver legousbtower
[    9.385561][    T1] usbcore: registered new interface driver usbtest
[    9.387193][    T1] usbcore: registered new interface driver usb_ehset_test
[    9.389206][    T1] usbcore: registered new interface driver trancevibrator
[    9.390434][    T1] usbcore: registered new interface driver uss720
[    9.391278][    T1] uss720: USB Parport Cable driver for Cables using the Lucent Technologies USS720 Chip
[    9.392663][    T1] uss720: NOTE: this is a special purpose driver to allow nonstandard
[    9.394717][    T1] uss720: protocols (eg. bitbang) over USS720 usb to parallel cables
[    9.395797][    T1] uss720: If you just want to connect to a printer, use usblp instead
[    9.396982][    T1] usbcore: registered new interface driver usbsevseg
[    9.397950][    T1] usbcore: registered new interface driver yurex
[    9.399295][    T1] usbcore: registered new interface driver chaoskey
[    9.400252][    T1] usbcore: registered new interface driver sisusb
[    9.401174][    T1] usbcore: registered new interface driver lvs
[    9.402113][    T1] usbcore: registered new interface driver cxacru
[    9.403070][    T1] usbcore: registered new interface driver speedtch
[    9.411762][    T1] usbcore: registered new interface driver ueagle-atm
[    9.412651][    T1] xusbatm: malformed module parameters
[    9.417542][    T1] dummy_hcd dummy_hcd.0: USB Host+Gadget Emulator, driver 02 May 2005
[    9.418649][    T1] dummy_hcd dummy_hcd.0: Dummy host controller
[    9.421352][    T1] dummy_hcd dummy_hcd.0: new USB bus registered, assigned bus number 1
[    9.423843][    T1] usb usb1: New USB device found, idVendor=1d6b, idProduct=0002, bcdDevice= 6.07
[    9.425128][    T1] usb usb1: New USB device strings: Mfr=3, Product=2, SerialNumber=1
[    9.426171][    T1] usb usb1: Product: Dummy host controller
[    9.426895][    T1] usb usb1: Manufacturer: Linux 6.7.0-rc2-gbc9807868dfa-dirty dummy_hcd
[    9.427896][    T1] usb usb1: SerialNumber: dummy_hcd.0
[    9.432136][    T1] hub 1-0:1.0: USB hub found
[    9.433302][    T1] hub 1-0:1.0: 1 port detected
[    9.442784][    T1] dummy_hcd dummy_hcd.1: USB Host+Gadget Emulator, driver 02 May 2005
[    9.444369][    T1] dummy_hcd dummy_hcd.1: Dummy host controller
[    9.446828][    T1] dummy_hcd dummy_hcd.1: new USB bus registered, assigned bus number 2
[    9.448775][    T1] usb usb2: New USB device found, idVendor=1d6b, idProduct=0002, bcdDevice= 6.07
[    9.450032][    T1] usb usb2: New USB device strings: Mfr=3, Product=2, SerialNumber=1
[    9.451093][    T1] usb usb2: Product: Dummy host controller
[    9.451929][    T1] usb usb2: Manufacturer: Linux 6.7.0-rc2-gbc9807868dfa-dirty dummy_hcd
[    9.453014][    T1] usb usb2: SerialNumber: dummy_hcd.1
[    9.456732][    T1] hub 2-0:1.0: USB hub found
[    9.457517][    T1] hub 2-0:1.0: 1 port detected
[    9.461908][    T1] dummy_hcd dummy_hcd.2: USB Host+Gadget Emulator, driver 02 May 2005
[    9.462963][    T1] dummy_hcd dummy_hcd.2: Dummy host controller
[    9.464794][    T1] dummy_hcd dummy_hcd.2: new USB bus registered, assigned bus number 3
[    9.466498][    T1] usb usb3: New USB device found, idVendor=1d6b, idProduct=0002, bcdDevice= 6.07
[    9.467714][    T1] usb usb3: New USB device strings: Mfr=3, Product=2, SerialNumber=1
[    9.468712][    T1] usb usb3: Product: Dummy host controller
[    9.469414][    T1] usb usb3: Manufacturer: Linux 6.7.0-rc2-gbc9807868dfa-dirty dummy_hcd
[    9.470416][    T1] usb usb3: SerialNumber: dummy_hcd.2
[    9.473561][    T1] hub 3-0:1.0: USB hub found
[    9.474274][    T1] hub 3-0:1.0: 1 port detected
[    9.480432][    T1] dummy_hcd dummy_hcd.3: USB Host+Gadget Emulator, driver 02 May 2005
[    9.481559][    T1] dummy_hcd dummy_hcd.3: Dummy host controller
[    9.483367][    T1] dummy_hcd dummy_hcd.3: new USB bus registered, assigned bus number 4
[    9.485748][    T1] usb usb4: New USB device found, idVendor=1d6b, idProduct=0002, bcdDevice= 6.07
[    9.486968][    T1] usb usb4: New USB device strings: Mfr=3, Product=2, SerialNumber=1
[    9.488043][    T1] usb usb4: Product: Dummy host controller
[    9.488812][    T1] usb usb4: Manufacturer: Linux 6.7.0-rc2-gbc9807868dfa-dirty dummy_hcd
[    9.489908][    T1] usb usb4: SerialNumber: dummy_hcd.3
[    9.493168][    T1] hub 4-0:1.0: USB hub found
[    9.494478][    T1] hub 4-0:1.0: 1 port detected
[    9.498522][    T1] dummy_hcd dummy_hcd.4: USB Host+Gadget Emulator, driver 02 May 2005
[    9.499650][    T1] dummy_hcd dummy_hcd.4: Dummy host controller
[    9.501359][    T1] dummy_hcd dummy_hcd.4: new USB bus registered, assigned bus number 5
[    9.503922][    T1] usb usb5: New USB device found, idVendor=1d6b, idProduct=0002, bcdDevice= 6.07
[    9.505094][    T1] usb usb5: New USB device strings: Mfr=3, Product=2, SerialNumber=1
[    9.506130][    T1] usb usb5: Product: Dummy host controller
[    9.506863][    T1] usb usb5: Manufacturer: Linux 6.7.0-rc2-gbc9807868dfa-dirty dummy_hcd
[    9.507908][    T1] usb usb5: SerialNumber: dummy_hcd.4
[    9.511170][    T1] hub 5-0:1.0: USB hub found
[    9.511933][    T1] hub 5-0:1.0: 1 port detected
[    9.516845][    T1] dummy_hcd dummy_hcd.5: USB Host+Gadget Emulator, driver 02 May 2005
[    9.517965][    T1] dummy_hcd dummy_hcd.5: Dummy host controller
[    9.520191][    T1] dummy_hcd dummy_hcd.5: new USB bus registered, assigned bus number 6
[    9.521951][    T1] usb usb6: New USB device found, idVendor=1d6b, idProduct=0002, bcdDevice= 6.07
[    9.523140][    T1] usb usb6: New USB device strings: Mfr=3, Product=2, SerialNumber=1
[    9.524463][    T1] usb usb6: Product: Dummy host controller
[    9.525336][    T1] usb usb6: Manufacturer: Linux 6.7.0-rc2-gbc9807868dfa-dirty dummy_hcd
[    9.526637][    T1] usb usb6: SerialNumber: dummy_hcd.5
[    9.529893][    T1] hub 6-0:1.0: USB hub found
[    9.530803][    T1] hub 6-0:1.0: 1 port detected
[    9.536446][    T1] dummy_hcd dummy_hcd.6: USB Host+Gadget Emulator, driver 02 May 2005
[    9.538985][    T1] dummy_hcd dummy_hcd.6: Dummy host controller
[    9.541316][    T1] dummy_hcd dummy_hcd.6: new USB bus registered, assigned bus number 7
[    9.544841][    T1] usb usb7: New USB device found, idVendor=1d6b, idProduct=0002, bcdDevice= 6.07
[    9.547055][    T1] usb usb7: New USB device strings: Mfr=3, Product=2, SerialNumber=1
[    9.548977][    T1] usb usb7: Product: Dummy host controller
[    9.551284][    T1] usb usb7: Manufacturer: Linux 6.7.0-rc2-gbc9807868dfa-dirty dummy_hcd
[    9.552380][    T1] usb usb7: SerialNumber: dummy_hcd.6
[    9.556124][    T1] hub 7-0:1.0: USB hub found
[    9.557565][    T1] hub 7-0:1.0: 1 port detected
[    9.564586][    T1] dummy_hcd dummy_hcd.7: USB Host+Gadget Emulator, driver 02 May 2005
[    9.565704][    T1] dummy_hcd dummy_hcd.7: Dummy host controller
[    9.567672][    T1] dummy_hcd dummy_hcd.7: new USB bus registered, assigned bus number 8
[    9.569594][    T1] usb usb8: New USB device found, idVendor=1d6b, idProduct=0002, bcdDevice= 6.07
[    9.571033][    T1] usb usb8: New USB device strings: Mfr=3, Product=2, SerialNumber=1
[    9.572825][    T1] usb usb8: Product: Dummy host controller
[    9.573770][    T1] usb usb8: Manufacturer: Linux 6.7.0-rc2-gbc9807868dfa-dirty dummy_hcd
[    9.575077][    T1] usb usb8: SerialNumber: dummy_hcd.7
[    9.578874][    T1] hub 8-0:1.0: USB hub found
[    9.580260][    T1] hub 8-0:1.0: 1 port detected
[    9.620348][    T1] gadgetfs: USB Gadget filesystem, version 24 Aug 2004
[    9.628296][    T1] vhci_hcd vhci_hcd.0: USB/IP Virtual Host Controller
[    9.630452][    T1] vhci_hcd vhci_hcd.0: new USB bus registered, assigned bus number 9
[    9.631973][    T1] vhci_hcd: created sysfs vhci_hcd.0
[    9.633421][    T1] usb usb9: New USB device found, idVendor=1d6b, idProduct=0002, bcdDevice= 6.07
[    9.636423][    T1] usb usb9: New USB device strings: Mfr=3, Product=2, SerialNumber=1
[    9.638798][    T1] usb usb9: Product: USB/IP Virtual Host Controller
[    9.639607][    T1] usb usb9: Manufacturer: Linux 6.7.0-rc2-gbc9807868dfa-dirty vhci_hcd
[    9.640609][    T1] usb usb9: SerialNumber: vhci_hcd.0
[    9.644928][    T1] hub 9-0:1.0: USB hub found
[    9.645808][    T1] hub 9-0:1.0: 8 ports detected
[    9.653103][    T1] vhci_hcd vhci_hcd.0: USB/IP Virtual Host Controller
[    9.655435][    T1] vhci_hcd vhci_hcd.0: new USB bus registered, assigned bus number 10
[    9.656795][    T1] usb usb10: We don't know the algorithms for LPM for this host, disabling LPM.
[    9.658502][    T1] usb usb10: New USB device found, idVendor=1d6b, idProduct=0003, bcdDevice= 6.07
[    9.659611][    T1] usb usb10: New USB device strings: Mfr=3, Product=2, SerialNumber=1
[    9.660584][    T1] usb usb10: Product: USB/IP Virtual Host Controller
[    9.661359][    T1] usb usb10: Manufacturer: Linux 6.7.0-rc2-gbc9807868dfa-dirty vhci_hcd
[    9.662330][    T1] usb usb10: SerialNumber: vhci_hcd.0
[    9.665640][    T1] hub 10-0:1.0: USB hub found
[    9.666381][    T1] hub 10-0:1.0: 8 ports detected
[    9.676353][    T1] vhci_hcd vhci_hcd.1: USB/IP Virtual Host Controller
[    9.678212][    T1] vhci_hcd vhci_hcd.1: new USB bus registered, assigned bus number 11
[    9.680413][    T1] usb usb11: New USB device found, idVendor=1d6b, idProduct=0002, bcdDevice= 6.07
[    9.681645][    T1] usb usb11: New USB device strings: Mfr=3, Product=2, SerialNumber=1
[    9.682715][    T1] usb usb11: Product: USB/IP Virtual Host Controller
[    9.683974][    T1] usb usb11: Manufacturer: Linux 6.7.0-rc2-gbc9807868dfa-dirty vhci_hcd
[    9.685192][    T1] usb usb11: SerialNumber: vhci_hcd.1
[    9.688593][    T1] hub 11-0:1.0: USB hub found
[    9.689387][    T1] hub 11-0:1.0: 8 ports detected
[    9.696695][    T1] vhci_hcd vhci_hcd.1: USB/IP Virtual Host Controller
[    9.698446][    T1] vhci_hcd vhci_hcd.1: new USB bus registered, assigned bus number 12
[    9.699770][    T1] usb usb12: We don't know the algorithms for LPM for this host, disabling LPM.
[    9.701433][    T1] usb usb12: New USB device found, idVendor=1d6b, idProduct=0003, bcdDevice= 6.07
[    9.702661][    T1] usb usb12: New USB device strings: Mfr=3, Product=2, SerialNumber=1
[    9.704076][    T1] usb usb12: Product: USB/IP Virtual Host Controller
[    9.705006][    T1] usb usb12: Manufacturer: Linux 6.7.0-rc2-gbc9807868dfa-dirty vhci_hcd
[    9.706203][    T1] usb usb12: SerialNumber: vhci_hcd.1
[    9.709771][    T1] hub 12-0:1.0: USB hub found
[    9.710610][    T1] hub 12-0:1.0: 8 ports detected
[    9.720344][    T1] vhci_hcd vhci_hcd.2: USB/IP Virtual Host Controller
[    9.722199][    T1] vhci_hcd vhci_hcd.2: new USB bus registered, assigned bus number 13
[    9.724195][    T1] usb usb13: New USB device found, idVendor=1d6b, idProduct=0002, bcdDevice= 6.07
[    9.725352][    T1] usb usb13: New USB device strings: Mfr=3, Product=2, SerialNumber=1
[    9.726378][    T1] usb usb13: Product: USB/IP Virtual Host Controller
[    9.727219][    T1] usb usb13: Manufacturer: Linux 6.7.0-rc2-gbc9807868dfa-dirty vhci_hcd
[    9.728263][    T1] usb usb13: SerialNumber: vhci_hcd.2
[    9.731002][    T1] hub 13-0:1.0: USB hub found
[    9.732177][    T1] hub 13-0:1.0: 8 ports detected
[    9.740317][    T1] vhci_hcd vhci_hcd.2: USB/IP Virtual Host Controller
[    9.743110][    T1] vhci_hcd vhci_hcd.2: new USB bus registered, assigned bus number 14
[    9.745709][    T1] usb usb14: We don't know the algorithms for LPM for this host, disabling LPM.
[    9.748561][    T1] usb usb14: New USB device found, idVendor=1d6b, idProduct=0003, bcdDevice= 6.07
[    9.750595][    T1] usb usb14: New USB device strings: Mfr=3, Product=2, SerialNumber=1
[    9.751580][    T1] usb usb14: Product: USB/IP Virtual Host Controller
[    9.752409][    T1] usb usb14: Manufacturer: Linux 6.7.0-rc2-gbc9807868dfa-dirty vhci_hcd
[    9.753423][    T1] usb usb14: SerialNumber: vhci_hcd.2
[    9.756858][    T1] hub 14-0:1.0: USB hub found
[    9.757601][    T1] hub 14-0:1.0: 8 ports detected
[    9.767550][    T1] vhci_hcd vhci_hcd.3: USB/IP Virtual Host Controller
[    9.769657][    T1] vhci_hcd vhci_hcd.3: new USB bus registered, assigned bus number 15
[    9.771551][    T1] usb usb15: New USB device found, idVendor=1d6b, idProduct=0002, bcdDevice= 6.07
[    9.772814][    T1] usb usb15: New USB device strings: Mfr=3, Product=2, SerialNumber=1
[    9.774052][    T1] usb usb15: Product: USB/IP Virtual Host Controller
[    9.774990][    T1] usb usb15: Manufacturer: Linux 6.7.0-rc2-gbc9807868dfa-dirty vhci_hcd
[    9.776140][    T1] usb usb15: SerialNumber: vhci_hcd.3
[    9.779270][    T1] hub 15-0:1.0: USB hub found
[    9.780680][    T1] hub 15-0:1.0: 8 ports detected
[    9.789309][    T1] vhci_hcd vhci_hcd.3: USB/IP Virtual Host Controller
[    9.791583][    T1] vhci_hcd vhci_hcd.3: new USB bus registered, assigned bus number 16
[    9.793149][    T1] usb usb16: We don't know the algorithms for LPM for this host, disabling LPM.
[    9.795364][    T1] usb usb16: New USB device found, idVendor=1d6b, idProduct=0003, bcdDevice= 6.07
[    9.796694][    T1] usb usb16: New USB device strings: Mfr=3, Product=2, SerialNumber=1
[    9.797849][    T1] usb usb16: Product: USB/IP Virtual Host Controller
[    9.798804][    T1] usb usb16: Manufacturer: Linux 6.7.0-rc2-gbc9807868dfa-dirty vhci_hcd
[    9.799978][    T1] usb usb16: SerialNumber: vhci_hcd.3
[    9.803845][    T1] hub 16-0:1.0: USB hub found
[    9.804993][    T1] hub 16-0:1.0: 8 ports detected
[    9.814299][    T1] vhci_hcd vhci_hcd.4: USB/IP Virtual Host Controller
[    9.817136][    T1] vhci_hcd vhci_hcd.4: new USB bus registered, assigned bus number 17
[    9.818845][    T1] usb usb17: New USB device found, idVendor=1d6b, idProduct=0002, bcdDevice= 6.07
[    9.819970][    T1] usb usb17: New USB device strings: Mfr=3, Product=2, SerialNumber=1
[    9.820961][    T1] usb usb17: Product: USB/IP Virtual Host Controller
[    9.821772][    T1] usb usb17: Manufacturer: Linux 6.7.0-rc2-gbc9807868dfa-dirty vhci_hcd
[    9.822780][    T1] usb usb17: SerialNumber: vhci_hcd.4
[    9.826470][    T1] hub 17-0:1.0: USB hub found
[    9.827302][    T1] hub 17-0:1.0: 8 ports detected
[    9.835465][    T1] vhci_hcd vhci_hcd.4: USB/IP Virtual Host Controller
[    9.838403][    T1] vhci_hcd vhci_hcd.4: new USB bus registered, assigned bus number 18
[    9.840767][    T1] usb usb18: We don't know the algorithms for LPM for this host, disabling LPM.
[    9.843200][    T1] usb usb18: New USB device found, idVendor=1d6b, idProduct=0003, bcdDevice= 6.07
[    9.844685][    T1] usb usb18: New USB device strings: Mfr=3, Product=2, SerialNumber=1
[    9.845636][    T1] usb usb18: Product: USB/IP Virtual Host Controller
[    9.846393][    T1] usb usb18: Manufacturer: Linux 6.7.0-rc2-gbc9807868dfa-dirty vhci_hcd
[    9.847335][    T1] usb usb18: SerialNumber: vhci_hcd.4
[    9.850550][    T1] hub 18-0:1.0: USB hub found
[    9.851332][    T1] hub 18-0:1.0: 8 ports detected
[    9.861287][    T1] vhci_hcd vhci_hcd.5: USB/IP Virtual Host Controller
[    9.863309][    T1] vhci_hcd vhci_hcd.5: new USB bus registered, assigned bus number 19
[    9.865358][    T1] usb usb19: New USB device found, idVendor=1d6b, idProduct=0002, bcdDevice= 6.07
[    9.866601][    T1] usb usb19: New USB device strings: Mfr=3, Product=2, SerialNumber=1
[    9.867633][    T1] usb usb19: Product: USB/IP Virtual Host Controller
[    9.868503][    T1] usb usb19: Manufacturer: Linux 6.7.0-rc2-gbc9807868dfa-dirty vhci_hcd
[    9.869571][    T1] usb usb19: SerialNumber: vhci_hcd.5
[    9.872969][    T1] hub 19-0:1.0: USB hub found
[    9.874304][    T1] hub 19-0:1.0: 8 ports detected
[    9.895296][    T1] vhci_hcd vhci_hcd.5: USB/IP Virtual Host Controller
[    9.896812][    T1] vhci_hcd vhci_hcd.5: new USB bus registered, assigned bus number 20
[    9.898783][    T1] usb usb20: We don't know the algorithms for LPM for this host, disabling LPM.
[    9.900358][    T1] usb usb20: New USB device found, idVendor=1d6b, idProduct=0003, bcdDevice= 6.07
[    9.901420][    T1] usb usb20: New USB device strings: Mfr=3, Product=2, SerialNumber=1
[    9.902405][    T1] usb usb20: Product: USB/IP Virtual Host Controller
[    9.903209][    T1] usb usb20: Manufacturer: Linux 6.7.0-rc2-gbc9807868dfa-dirty vhci_hcd
[    9.904237][    T1] usb usb20: SerialNumber: vhci_hcd.5
[    9.908029][    T1] hub 20-0:1.0: USB hub found
[    9.909034][    T1] hub 20-0:1.0: 8 ports detected
[    9.917487][    T1] vhci_hcd vhci_hcd.6: USB/IP Virtual Host Controller
[    9.920218][    T1] vhci_hcd vhci_hcd.6: new USB bus registered, assigned bus number 21
[    9.921925][    T1] usb usb21: New USB device found, idVendor=1d6b, idProduct=0002, bcdDevice= 6.07
[    9.923083][    T1] usb usb21: New USB device strings: Mfr=3, Product=2, SerialNumber=1
[    9.924485][    T1] usb usb21: Product: USB/IP Virtual Host Controller
[    9.925344][    T1] usb usb21: Manufacturer: Linux 6.7.0-rc2-gbc9807868dfa-dirty vhci_hcd
[    9.926373][    T1] usb usb21: SerialNumber: vhci_hcd.6
[    9.929770][    T1] hub 21-0:1.0: USB hub found
[    9.930608][    T1] hub 21-0:1.0: 8 ports detected
[    9.938293][    T1] vhci_hcd vhci_hcd.6: USB/IP Virtual Host Controller
[    9.940297][    T1] vhci_hcd vhci_hcd.6: new USB bus registered, assigned bus number 22
[    9.941641][    T1] usb usb22: We don't know the algorithms for LPM for this host, disabling LPM.
[    9.943383][    T1] usb usb22: New USB device found, idVendor=1d6b, idProduct=0003, bcdDevice= 6.07
[    9.944879][    T1] usb usb22: New USB device strings: Mfr=3, Product=2, SerialNumber=1
[    9.945938][    T1] usb usb22: Product: USB/IP Virtual Host Controller
[    9.946785][    T1] usb usb22: Manufacturer: Linux 6.7.0-rc2-gbc9807868dfa-dirty vhci_hcd
[    9.947839][    T1] usb usb22: SerialNumber: vhci_hcd.6
[    9.951097][    T1] hub 22-0:1.0: USB hub found
[    9.951913][    T1] hub 22-0:1.0: 8 ports detected
[    9.962400][    T1] vhci_hcd vhci_hcd.7: USB/IP Virtual Host Controller
[    9.964714][    T1] vhci_hcd vhci_hcd.7: new USB bus registered, assigned bus number 23
[    9.966472][    T1] usb usb23: New USB device found, idVendor=1d6b, idProduct=0002, bcdDevice= 6.07
[    9.967682][    T1] usb usb23: New USB device strings: Mfr=3, Product=2, SerialNumber=1
[    9.968789][    T1] usb usb23: Product: USB/IP Virtual Host Controller
[    9.969647][    T1] usb usb23: Manufacturer: Linux 6.7.0-rc2-gbc9807868dfa-dirty vhci_hcd
[    9.970710][    T1] usb usb23: SerialNumber: vhci_hcd.7
[    9.974298][    T1] hub 23-0:1.0: USB hub found
[    9.975551][    T1] hub 23-0:1.0: 8 ports detected
[    9.982644][    T1] vhci_hcd vhci_hcd.7: USB/IP Virtual Host Controller
[    9.984716][    T1] vhci_hcd vhci_hcd.7: new USB bus registered, assigned bus number 24
[    9.986040][    T1] usb usb24: We don't know the algorithms for LPM for this host, disabling LPM.
[    9.987704][    T1] usb usb24: New USB device found, idVendor=1d6b, idProduct=0003, bcdDevice= 6.07
[    9.988887][    T1] usb usb24: New USB device strings: Mfr=3, Product=2, SerialNumber=1
[    9.989899][    T1] usb usb24: Product: USB/IP Virtual Host Controller
[    9.990730][    T1] usb usb24: Manufacturer: Linux 6.7.0-rc2-gbc9807868dfa-dirty vhci_hcd
[    9.991778][    T1] usb usb24: SerialNumber: vhci_hcd.7
[    9.995369][    T1] hub 24-0:1.0: USB hub found
[    9.996169][    T1] hub 24-0:1.0: 8 ports detected
[   10.006058][    T1] vhci_hcd vhci_hcd.8: USB/IP Virtual Host Controller
[   10.008928][    T1] vhci_hcd vhci_hcd.8: new USB bus registered, assigned bus number 25
[   10.010663][    T1] usb usb25: New USB device found, idVendor=1d6b, idProduct=0002, bcdDevice= 6.07
[   10.011848][    T1] usb usb25: New USB device strings: Mfr=3, Product=2, SerialNumber=1
[   10.012890][    T1] usb usb25: Product: USB/IP Virtual Host Controller
[   10.013849][    T1] usb usb25: Manufacturer: Linux 6.7.0-rc2-gbc9807868dfa-dirty vhci_hcd
[   10.014914][    T1] usb usb25: SerialNumber: vhci_hcd.8
[   10.019001][    T1] hub 25-0:1.0: USB hub found
[   10.019771][    T1] hub 25-0:1.0: 8 ports detected
[   10.027643][    T1] vhci_hcd vhci_hcd.8: USB/IP Virtual Host Controller
[   10.029558][    T1] vhci_hcd vhci_hcd.8: new USB bus registered, assigned bus number 26
[   10.030956][    T1] usb usb26: We don't know the algorithms for LPM for this host, disabling LPM.
[   10.032788][    T1] usb usb26: New USB device found, idVendor=1d6b, idProduct=0003, bcdDevice= 6.07
[   10.034497][    T1] usb usb26: New USB device strings: Mfr=3, Product=2, SerialNumber=1
[   10.036125][    T1] usb usb26: Product: USB/IP Virtual Host Controller
[   10.036978][    T1] usb usb26: Manufacturer: Linux 6.7.0-rc2-gbc9807868dfa-dirty vhci_hcd
[   10.038039][    T1] usb usb26: SerialNumber: vhci_hcd.8
[   10.041386][    T1] hub 26-0:1.0: USB hub found
[   10.042127][    T1] hub 26-0:1.0: 8 ports detected
[   10.051850][    T1] vhci_hcd vhci_hcd.9: USB/IP Virtual Host Controller
[   10.053674][    T1] vhci_hcd vhci_hcd.9: new USB bus registered, assigned bus number 27
[   10.055559][    T1] usb usb27: New USB device found, idVendor=1d6b, idProduct=0002, bcdDevice= 6.07
[   10.056707][    T1] usb usb27: New USB device strings: Mfr=3, Product=2, SerialNumber=1
[   10.057683][    T1] usb usb27: Product: USB/IP Virtual Host Controller
[   10.058481][    T1] usb usb27: Manufacturer: Linux 6.7.0-rc2-gbc9807868dfa-dirty vhci_hcd
[   10.059465][    T1] usb usb27: SerialNumber: vhci_hcd.9
[   10.062518][    T1] hub 27-0:1.0: USB hub found
[   10.063290][    T1] hub 27-0:1.0: 8 ports detected
[   10.070528][    T1] vhci_hcd vhci_hcd.9: USB/IP Virtual Host Controller
[   10.072060][    T1] vhci_hcd vhci_hcd.9: new USB bus registered, assigned bus number 28
[   10.074045][    T1] usb usb28: We don't know the algorithms for LPM for this host, disabling LPM.
[   10.075725][    T1] usb usb28: New USB device found, idVendor=1d6b, idProduct=0003, bcdDevice= 6.07
[   10.076874][    T1] usb usb28: New USB device strings: Mfr=3, Product=2, SerialNumber=1
[   10.077889][    T1] usb usb28: Product: USB/IP Virtual Host Controller
[   10.078729][    T1] usb usb28: Manufacturer: Linux 6.7.0-rc2-gbc9807868dfa-dirty vhci_hcd
[   10.079783][    T1] usb usb28: SerialNumber: vhci_hcd.9
[   10.082160][    T1] hub 28-0:1.0: USB hub found
[   10.083979][    T1] hub 28-0:1.0: 8 ports detected
[   10.094226][    T1] vhci_hcd vhci_hcd.10: USB/IP Virtual Host Controller
[   10.096144][    T1] vhci_hcd vhci_hcd.10: new USB bus registered, assigned bus number 29
[   10.098248][    T1] usb usb29: New USB device found, idVendor=1d6b, idProduct=0002, bcdDevice= 6.07
[   10.099468][    T1] usb usb29: New USB device strings: Mfr=3, Product=2, SerialNumber=1
[   10.100522][    T1] usb usb29: Product: USB/IP Virtual Host Controller
[   10.101370][    T1] usb usb29: Manufacturer: Linux 6.7.0-rc2-gbc9807868dfa-dirty vhci_hcd
[   10.102461][    T1] usb usb29: SerialNumber: vhci_hcd.10
[   10.106232][    T1] hub 29-0:1.0: USB hub found
[   10.107005][    T1] hub 29-0:1.0: 8 ports detected
[   10.114537][    T1] vhci_hcd vhci_hcd.10: USB/IP Virtual Host Controller
[   10.116434][    T1] vhci_hcd vhci_hcd.10: new USB bus registered, assigned bus number 30
[   10.117806][    T1] usb usb30: We don't know the algorithms for LPM for this host, disabling LPM.
[   10.119574][    T1] usb usb30: New USB device found, idVendor=1d6b, idProduct=0003, bcdDevice= 6.07
[   10.120780][    T1] usb usb30: New USB device strings: Mfr=3, Product=2, SerialNumber=1
[   10.121845][    T1] usb usb30: Product: USB/IP Virtual Host Controller
[   10.122718][    T1] usb usb30: Manufacturer: Linux 6.7.0-rc2-gbc9807868dfa-dirty vhci_hcd
[   10.124120][    T1] usb usb30: SerialNumber: vhci_hcd.10
[   10.127467][    T1] hub 30-0:1.0: USB hub found
[   10.128695][    T1] hub 30-0:1.0: 8 ports detected
[   10.138441][    T1] vhci_hcd vhci_hcd.11: USB/IP Virtual Host Controller
[   10.140322][    T1] vhci_hcd vhci_hcd.11: new USB bus registered, assigned bus number 31
[   10.142076][    T1] usb usb31: New USB device found, idVendor=1d6b, idProduct=0002, bcdDevice= 6.07
[   10.143281][    T1] usb usb31: New USB device strings: Mfr=3, Product=2, SerialNumber=1
[   10.144624][    T1] usb usb31: Product: USB/IP Virtual Host Controller
[   10.145482][    T1] usb usb31: Manufacturer: Linux 6.7.0-rc2-gbc9807868dfa-dirty vhci_hcd
[   10.146546][    T1] usb usb31: SerialNumber: vhci_hcd.11
[   10.149904][    T1] hub 31-0:1.0: USB hub found
[   10.150697][    T1] hub 31-0:1.0: 8 ports detected
[   10.159247][    T1] vhci_hcd vhci_hcd.11: USB/IP Virtual Host Controller
[   10.160731][    T1] vhci_hcd vhci_hcd.11: new USB bus registered, assigned bus number 32
[   10.162512][    T1] usb usb32: We don't know the algorithms for LPM for this host, disabling LPM.
[   10.164541][    T1] usb usb32: New USB device found, idVendor=1d6b, idProduct=0003, bcdDevice= 6.07
[   10.165691][    T1] usb usb32: New USB device strings: Mfr=3, Product=2, SerialNumber=1
[   10.166699][    T1] usb usb32: Product: USB/IP Virtual Host Controller
[   10.167524][    T1] usb usb32: Manufacturer: Linux 6.7.0-rc2-gbc9807868dfa-dirty vhci_hcd
[   10.168559][    T1] usb usb32: SerialNumber: vhci_hcd.11
[   10.171907][    T1] hub 32-0:1.0: USB hub found
[   10.172639][    T1] hub 32-0:1.0: 8 ports detected
[   10.181731][    T1] vhci_hcd vhci_hcd.12: USB/IP Virtual Host Controller
[   10.183963][    T1] vhci_hcd vhci_hcd.12: new USB bus registered, assigned bus number 33
[   10.185646][    T1] usb usb33: New USB device found, idVendor=1d6b, idProduct=0002, bcdDevice= 6.07
[   10.186809][    T1] usb usb33: New USB device strings: Mfr=3, Product=2, SerialNumber=1
[   10.187800][    T1] usb usb33: Product: USB/IP Virtual Host Controller
[   10.188606][    T1] usb usb33: Manufacturer: Linux 6.7.0-rc2-gbc9807868dfa-dirty vhci_hcd
[   10.190515][    T1] usb usb33: SerialNumber: vhci_hcd.12
[   10.193834][    T1] hub 33-0:1.0: USB hub found
[   10.194706][    T1] hub 33-0:1.0: 8 ports detected
[   10.201136][    T1] vhci_hcd vhci_hcd.12: USB/IP Virtual Host Controller
[   10.202909][    T1] vhci_hcd vhci_hcd.12: new USB bus registered, assigned bus number 34
[   10.204538][    T1] usb usb34: We don't know the algorithms for LPM for this host, disabling LPM.
[   10.206106][    T1] usb usb34: New USB device found, idVendor=1d6b, idProduct=0003, bcdDevice= 6.07
[   10.207421][    T1] usb usb34: New USB device strings: Mfr=3, Product=2, SerialNumber=1
[   10.208341][    T1] usb usb34: Product: USB/IP Virtual Host Controller
[   10.209093][    T1] usb usb34: Manufacturer: Linux 6.7.0-rc2-gbc9807868dfa-dirty vhci_hcd
[   10.210029][    T1] usb usb34: SerialNumber: vhci_hcd.12
[   10.212627][    T1] hub 34-0:1.0: USB hub found
[   10.214050][    T1] hub 34-0:1.0: 8 ports detected
[   10.223420][    T1] vhci_hcd vhci_hcd.13: USB/IP Virtual Host Controller
[   10.225569][    T1] vhci_hcd vhci_hcd.13: new USB bus registered, assigned bus number 35
[   10.227363][    T1] usb usb35: New USB device found, idVendor=1d6b, idProduct=0002, bcdDevice= 6.07
[   10.228609][    T1] usb usb35: New USB device strings: Mfr=3, Product=2, SerialNumber=1
[   10.229668][    T1] usb usb35: Product: USB/IP Virtual Host Controller
[   10.230533][    T1] usb usb35: Manufacturer: Linux 6.7.0-rc2-gbc9807868dfa-dirty vhci_hcd
[   10.231610][    T1] usb usb35: SerialNumber: vhci_hcd.13
[   10.235107][    T1] hub 35-0:1.0: USB hub found
[   10.237080][    T1] hub 35-0:1.0: 8 ports detected
[   10.244849][    T1] vhci_hcd vhci_hcd.13: USB/IP Virtual Host Controller
[   10.246423][    T1] vhci_hcd vhci_hcd.13: new USB bus registered, assigned bus number 36
[   10.248165][    T1] usb usb36: We don't know the algorithms for LPM for this host, disabling LPM.
[   10.249829][    T1] usb usb36: New USB device found, idVendor=1d6b, idProduct=0003, bcdDevice= 6.07
[   10.250968][    T1] usb usb36: New USB device strings: Mfr=3, Product=2, SerialNumber=1
[   10.252016][    T1] usb usb36: Product: USB/IP Virtual Host Controller
[   10.253078][    T1] usb usb36: Manufacturer: Linux 6.7.0-rc2-gbc9807868dfa-dirty vhci_hcd
[   10.254418][    T1] usb usb36: SerialNumber: vhci_hcd.13
[   10.257551][    T1] hub 36-0:1.0: USB hub found
[   10.258305][    T1] hub 36-0:1.0: 8 ports detected
[   10.267502][    T1] vhci_hcd vhci_hcd.14: USB/IP Virtual Host Controller
[   10.269689][    T1] vhci_hcd vhci_hcd.14: new USB bus registered, assigned bus number 37
[   10.271357][    T1] usb usb37: New USB device found, idVendor=1d6b, idProduct=0002, bcdDevice= 6.07
[   10.272479][    T1] usb usb37: New USB device strings: Mfr=3, Product=2, SerialNumber=1
[   10.273801][    T1] usb usb37: Product: USB/IP Virtual Host Controller
[   10.274615][    T1] usb usb37: Manufacturer: Linux 6.7.0-rc2-gbc9807868dfa-dirty vhci_hcd
[   10.275622][    T1] usb usb37: SerialNumber: vhci_hcd.14
[   10.278305][    T1] hub 37-0:1.0: USB hub found
[   10.279510][    T1] hub 37-0:1.0: 8 ports detected
[   10.287596][    T1] vhci_hcd vhci_hcd.14: USB/IP Virtual Host Controller
[   10.289514][    T1] vhci_hcd vhci_hcd.14: new USB bus registered, assigned bus number 38
[   10.290911][    T1] usb usb38: We don't know the algorithms for LPM for this host, disabling LPM.
[   10.292674][    T1] usb usb38: New USB device found, idVendor=1d6b, idProduct=0003, bcdDevice= 6.07
[   10.294224][    T1] usb usb38: New USB device strings: Mfr=3, Product=2, SerialNumber=1
[   10.295323][    T1] usb usb38: Product: USB/IP Virtual Host Controller
[   10.296212][    T1] usb usb38: Manufacturer: Linux 6.7.0-rc2-gbc9807868dfa-dirty vhci_hcd
[   10.297304][    T1] usb usb38: SerialNumber: vhci_hcd.14
[   10.300834][    T1] hub 38-0:1.0: USB hub found
[   10.301658][    T1] hub 38-0:1.0: 8 ports detected
[   10.311624][    T1] vhci_hcd vhci_hcd.15: USB/IP Virtual Host Controller
[   10.313424][    T1] vhci_hcd vhci_hcd.15: new USB bus registered, assigned bus number 39
[   10.315818][    T1] usb usb39: New USB device found, idVendor=1d6b, idProduct=0002, bcdDevice= 6.07
[   10.317087][    T1] usb usb39: New USB device strings: Mfr=3, Product=2, SerialNumber=1
[   10.318100][    T1] usb usb39: Product: USB/IP Virtual Host Controller
[   10.318925][    T1] usb usb39: Manufacturer: Linux 6.7.0-rc2-gbc9807868dfa-dirty vhci_hcd
[   10.319909][    T1] usb usb39: SerialNumber: vhci_hcd.15
[   10.323171][    T1] hub 39-0:1.0: USB hub found
[   10.324311][    T1] hub 39-0:1.0: 8 ports detected
[   10.331491][    T1] vhci_hcd vhci_hcd.15: USB/IP Virtual Host Controller
[   10.333758][    T1] vhci_hcd vhci_hcd.15: new USB bus registered, assigned bus number 40
[   10.335270][    T1] usb usb40: We don't know the algorithms for LPM for this host, disabling LPM.
[   10.337055][    T1] usb usb40: New USB device found, idVendor=1d6b, idProduct=0003, bcdDevice= 6.07
[   10.338258][    T1] usb usb40: New USB device strings: Mfr=3, Product=2, SerialNumber=1
[   10.339322][    T1] usb usb40: Product: USB/IP Virtual Host Controller
[   10.340200][    T1] usb usb40: Manufacturer: Linux 6.7.0-rc2-gbc9807868dfa-dirty vhci_hcd
[   10.341279][    T1] usb usb40: SerialNumber: vhci_hcd.15
[   10.344800][    T1] hub 40-0:1.0: USB hub found
[   10.345603][    T1] hub 40-0:1.0: 8 ports detected
[   10.355186][    T1] usbcore: registered new device driver usbip-host
[   10.362090][    T1] i8042: PNP: PS/2 Controller [PNP0303:KBD,PNP0f13:MOU] at 0x60,0x64 irq 1,12
[   10.368529][    T1] serio: i8042 KBD port at 0x60,0x64 irq 1
[   10.370079][    T1] serio: i8042 AUX port at 0x60,0x64 irq 12
[   10.375368][    T1] mousedev: PS/2 mouse device common for all mice
[   10.377822][    T1] usbcore: registered new interface driver appletouch
[   10.379189][    T1] usbcore: registered new interface driver bcm5974
[   10.380616][    T1] usbcore: registered new interface driver synaptics_usb
[   10.381594][    T1] usbcore: registered new interface driver iforce
[   10.382559][    T1] usbcore: registered new interface driver xpad
[   10.385684][    T8] input: AT Translated Set 2 keyboard as /devices/platform/i8042/serio0/input/input1
[   10.398835][    T1] usbcore: registered new interface driver usb_acecad
[   10.400340][    T1] usbcore: registered new interface driver aiptek
[   10.401703][    T1] usbcore: registered new interface driver hanwang
[   10.403064][    T1] usbcore: registered new interface driver kbtab
[   10.405410][    T1] usbcore: registered new interface driver pegasus_notetaker
[   10.406941][    T1] usbcore: registered new interface driver usbtouchscreen
[   10.408361][    T1] usbcore: registered new interface driver sur40
[   10.409694][    T1] usbcore: registered new interface driver ati_remote2
[   10.410580][    T1] cm109: Keymap for Komunikate KIP1000 phone loaded
[   10.412367][    T1] usbcore: registered new interface driver cm109
[   10.413243][    T1] cm109: CM109 phone driver: 20080805 (C) Alfred E. Heggestad
[   10.415535][    T1] usbcore: registered new interface driver ims_pcu
[   10.416873][    T1] usbcore: registered new interface driver keyspan_remote
[   10.418292][    T1] usbcore: registered new interface driver powermate
[   10.420477][    T1] usbcore: registered new interface driver yealink
[   10.425007][    T1] rtc_cmos 00:05: RTC can wake from S4
[   10.431665][    T1] rtc_cmos 00:05: registered as rtc0
[   10.432422][    T1] rtc_cmos 00:05: alarms up to one day, y3k, 242 bytes nvram, hpet irqs
[   10.435296][    T1] i2c_dev: i2c /dev entries driver
[   10.436917][    T1] usbcore: registered new interface driver i2c-diolan-u2c
[   10.438181][    T1] usbcore: registered new interface driver RobotFuzz Open Source InterFace, OSIF
[   10.439446][    T1] usbcore: registered new interface driver i2c-tiny-usb
[   10.441315][    T1] usbcore: registered new interface driver igorplugusb
[   10.442291][    T1] usbcore: registered new interface driver iguanair
[   10.455821][    T1] usbcore: registered new interface driver imon
[   10.457378][    T1] usbcore: registered new interface driver mceusb
[   10.458816][    T1] usbcore: registered new interface driver redrat3
[   10.460317][    T1] usbcore: registered new interface driver streamzap
[   10.461792][    T1] usbcore: registered new interface driver ttusbir
[   10.463344][    T1] usbcore: registered new interface driver ati_remote
[   10.468532][    T1] b2c2-flexcop: B2C2 FlexcopII/II(b)/III digital TV receiver chip loaded successfully
[   10.470531][    T1] usbcore: registered new interface driver b2c2_flexcop_usb
[   10.472127][    T1] usbcore: registered new interface driver dvb_usb_vp7045
[   10.473952][    T1] usbcore: registered new interface driver dvb_usb_vp702x
[   10.475554][    T1] usbcore: registered new interface driver dvb_usb_gp8psk
[   10.477023][    T1] usbcore: registered new interface driver dvb_usb_dtt200u
[   10.478453][    T1] usbcore: registered new interface driver dvb_usb_a800
[   10.479849][    T1] usbcore: registered new interface driver dvb_usb_dibusb_mb
[   10.481269][    T1] usbcore: registered new interface driver dvb_usb_dibusb_mc
[   10.482669][    T1] usbcore: registered new interface driver dvb_usb_nova_t_usb2
[   10.483971][    T1] usbcore: registered new interface driver dvb_usb_umt_010
[   10.485648][    T1] usbcore: registered new interface driver dvb_usb_m920x
[   10.487025][    T1] usbcore: registered new interface driver dvb_usb_digitv
[   10.488366][    T1] usbcore: registered new interface driver dvb_usb_cxusb
[   10.489809][    T1] usbcore: registered new interface driver dvb_usb_ttusb2
[   10.491638][    T1] usbcore: registered new interface driver dvb_usb_dib0700
[   10.492861][    T1] usbcore: registered new interface driver opera1
[   10.494898][    T1] usbcore: registered new interface driver dvb_usb_af9005
[   10.495849][    T1] failing symbol_get of non-GPLONLY symbol af9005_rc_decode.
[   10.497686][    T1] failing symbol_get of non-GPLONLY symbol af9005_rc_decode.
[   10.498616][    T1] failing symbol_get of non-GPLONLY symbol rc_map_af9005_table.
[   10.499989][    T1] failing symbol_get of non-GPLONLY symbol rc_map_af9005_table.
[   10.500930][    T1] failing symbol_get of non-GPLONLY symbol rc_map_af9005_table_size.
[   10.502408][    T1] failing symbol_get of non-GPLONLY symbol rc_map_af9005_table_size.
[   10.503464][    T1] af9005: af9005_rc_decode function not found, disabling remote
[   10.505718][    T1] usbcore: registered new interface driver pctv452e
[   10.507124][    T1] usbcore: registered new interface driver dw2102
[   10.508359][    T1] usbcore: registered new interface driver dvb_usb_dtv5100
[   10.509703][    T1] usbcore: registered new interface driver cinergyT2
[   10.510956][    T1] usbcore: registered new interface driver dvb_usb_az6027
[   10.512277][    T1] usbcore: registered new interface driver dvb_usb_technisat_usb2
[   10.514100][    T1] usbcore: registered new interface driver dvb_usb_af9015
[   10.515518][    T1] usbcore: registered new interface driver dvb_usb_af9035
[   10.516864][    T1] usbcore: registered new interface driver dvb_usb_anysee
[   10.518299][    T1] usbcore: registered new interface driver dvb_usb_au6610
[   10.519767][    T1] usbcore: registered new interface driver dvb_usb_az6007
[   10.521605][    T1] usbcore: registered new interface driver dvb_usb_ce6230
[   10.523140][    T1] usbcore: registered new interface driver dvb_usb_ec168
[   10.524980][    T1] usbcore: registered new interface driver dvb_usb_lmedm04
[   10.526444][    T1] usbcore: registered new interface driver dvb_usb_gl861
[   10.527838][    T1] usbcore: registered new interface driver dvb_usb_mxl111sf
[   10.529267][    T1] usbcore: registered new interface driver dvb_usb_rtl28xxu
[   10.530692][    T1] usbcore: registered new interface driver dvb_usb_dvbsky
[   10.532107][    T1] usbcore: registered new interface driver zd1301
[   10.533932][    T1] usbcore: registered new interface driver s2255
[   10.535405][    T1] usbcore: registered new interface driver smsusb
[   10.536751][    T1] usbcore: registered new interface driver ttusb
[   10.538164][    T1] usbcore: registered new interface driver ttusb-dec
[   10.539559][    T1] usbcore: registered new interface driver Abilis Systems as10x usb driver
[   10.541244][    T1] usbcore: registered new interface driver airspy
[   10.542087][    T1] gspca_main: v2.14.0 registered
[   10.543296][    T1] usbcore: registered new interface driver benq
[   10.545180][    T1] usbcore: registered new interface driver conex
[   10.546551][    T1] usbcore: registered new interface driver cpia1
[   10.547956][    T1] usbcore: registered new interface driver dtcs033
[   10.549343][    T1] usbcore: registered new interface driver etoms
[   10.550723][    T1] usbcore: registered new interface driver finepix
[   10.552161][    T1] usbcore: registered new interface driver jeilinj
[   10.553953][    T1] usbcore: registered new interface driver jl2005bcd
[   10.555480][    T1] usbcore: registered new interface driver kinect
[   10.557062][    T1] usbcore: registered new interface driver konica
[   10.558420][    T1] usbcore: registered new interface driver mars
[   10.559781][    T1] usbcore: registered new interface driver mr97310a
[   10.561149][    T1] usbcore: registered new interface driver nw80x
[   10.562137][    T1] usbcore: registered new interface driver ov519
[   10.563107][    T1] usbcore: registered new interface driver ov534
[   10.565784][    T1] usbcore: registered new interface driver ov534_9
[   10.567209][    T1] usbcore: registered new interface driver pac207
[   10.568684][    T1] usbcore: registered new interface driver gspca_pac7302
[   10.570174][    T1] usbcore: registered new interface driver pac7311
[   10.571632][    T1] usbcore: registered new interface driver se401
[   10.572996][    T1] usbcore: registered new interface driver sn9c2028
[   10.574898][    T1] usbcore: registered new interface driver gspca_sn9c20x
[   10.576484][    T1] usbcore: registered new interface driver sonixb
[   10.577917][    T1] usbcore: registered new interface driver sonixj
[   10.579296][    T1] usbcore: registered new interface driver spca500
[   10.580750][    T1] usbcore: registered new interface driver spca501
[   10.582129][    T1] usbcore: registered new interface driver spca505
[   10.583983][    T1] usbcore: registered new interface driver spca506
[   10.585494][    T1] usbcore: registered new interface driver spca508
[   10.586901][    T1] usbcore: registered new interface driver spca561
[   10.588299][    T1] usbcore: registered new interface driver spca1528
[   10.589715][    T1] usbcore: registered new interface driver sq905
[   10.591074][    T1] usbcore: registered new interface driver sq905c
[   10.592451][    T1] usbcore: registered new interface driver sq930x
[   10.594364][    T1] usbcore: registered new interface driver sunplus
[   10.595731][    T1] usbcore: registered new interface driver stk014
[   10.597098][    T1] usbcore: registered new interface driver stk1135
[   10.598494][    T1] usbcore: registered new interface driver stv0680
[   10.599643][    T1] usbcore: registered new interface driver t613
[   10.601322][    T1] usbcore: registered new interface driver gspca_topro
[   10.602832][    T1] usbcore: registered new interface driver touptek
[   10.605537][    T1] usbcore: registered new interface driver tv8532
[   10.607074][    T1] usbcore: registered new interface driver vc032x
[   10.608048][    T1] usbcore: registered new interface driver vicam
[   10.609013][    T1] usbcore: registered new interface driver xirlink-cit
[   10.610078][    T1] usbcore: registered new interface driver gspca_zc3xx
[   10.611087][    T1] usbcore: registered new interface driver ALi m5602
[   10.612066][    T1] usbcore: registered new interface driver STV06xx
[   10.613028][    T1] usbcore: registered new interface driver gspca_gl860
[   10.618103][    T1] usbcore: registered new interface driver hackrf
[   10.619493][    T1] usbcore: registered new interface driver msi2500
