c[?7l[2J[0mSeaBIOS (version 1.15.0-1)


iPXE (https://ipxe.org) 00:03.0 CA00 PCI2.10 PnP PMM+7FF8B310+7FECB310 CA00
Press Ctrl-B to configure iPXE (PCI 00:03.0)...                                                                               


Booting from ROM...
c[?7l[2Jearly console in extract_kernel
input_data: 0x000000000a6c5298
input_len: 0x0000000003520ddf
output: 0x0000000001000000
output_len: 0x000000000ade1b28
kernel_total_size: 0x000000000cc26000
needed_size: 0x000000000ce00000
trampoline_32bit: 0x0000000000000000

Decompressing Linux... Parsing ELF... done.
Booting the kernel (entry_offset: 0x0000000000000080).
[    0.000000][    T0] Linux version 6.7.0-rc2-ga7e294fdb620-dirty (jjy@jjy) (gcc (Ubuntu 11.4.0-1ubuntu1~22.04) 11.4.0, GNU ld (GNU Binutils for Ubuntu) 2.38) #36 SMP PREEMPT_DYNAMIC Thu Nov 30 22:54:32 KST 2023
[    0.000000][    T0] Command line: console=ttyS0 root=/dev/sda earlyprintk=serial net.ifnames=0
[    0.000000][    T0] KERNEL supported cpus:
[    0.000000][    T0]   Intel GenuineIntel
[    0.000000][    T0]   AMD AuthenticAMD
[    0.000000][    T0] BIOS-provided physical RAM map:
[    0.000000][    T0] BIOS-e820: [mem 0x0000000000000000-0x000000000009fbff] usable
[    0.000000][    T0] BIOS-e820: [mem 0x000000000009fc00-0x000000000009ffff] reserved
[    0.000000][    T0] BIOS-e820: [mem 0x00000000000f0000-0x00000000000fffff] reserved
[    0.000000][    T0] BIOS-e820: [mem 0x0000000000100000-0x000000007ffdffff] usable
[    0.000000][    T0] BIOS-e820: [mem 0x000000007ffe0000-0x000000007fffffff] reserved
[    0.000000][    T0] BIOS-e820: [mem 0x00000000feffc000-0x00000000feffffff] reserved
[    0.000000][    T0] BIOS-e820: [mem 0x00000000fffc0000-0x00000000ffffffff] reserved
[    0.000000][    T0] printk: legacy bootconsole [earlyser0] enabled
[    0.000000][    T0] ERROR: earlyprintk= earlyser already used
[    0.000000][    T0] ERROR: earlyprintk= earlyser already used
[    0.000000][    T0] ERROR: earlyprintk= earlyser already used
[    0.000000][    T0] **********************************************************
[    0.000000][    T0] **   NOTICE NOTICE NOTICE NOTICE NOTICE NOTICE NOTICE   **
[    0.000000][    T0] **                                                      **
[    0.000000][    T0] ** This system shows unhashed kernel memory addresses   **
[    0.000000][    T0] ** via the console, logs, and other interfaces. This    **
[    0.000000][    T0] ** might reduce the security of your system.            **
[    0.000000][    T0] **                                                      **
[    0.000000][    T0] ** If you see this message and you are not debugging    **
[    0.000000][    T0] ** the kernel, report this immediately to your system   **
[    0.000000][    T0] ** administrator!                                       **
[    0.000000][    T0] **                                                      **
[    0.000000][    T0] **   NOTICE NOTICE NOTICE NOTICE NOTICE NOTICE NOTICE   **
[    0.000000][    T0] **********************************************************
[    0.000000][    T0] Malformed early option 'vsyscall'
[    0.000000][    T0] NX (Execute Disable) protection: active
[    0.000000][    T0] APIC: Static calls initialized
[    0.000000][    T0] SMBIOS 2.8 present.
[    0.000000][    T0] DMI: QEMU Standard PC (i440FX + PIIX, 1996), BIOS 1.15.0-1 04/01/2014
[    0.000000][    T0] Hypervisor detected: KVM
[    0.000000][    T0] kvm-clock: Using msrs 4b564d01 and 4b564d00
[    0.000003][    T0] kvm-clock: using sched offset of 1012654949 cycles
[    0.000528][    T0] clocksource: kvm-clock: mask: 0xffffffffffffffff max_cycles: 0x1cd42e4dffb, max_idle_ns: 881590591483 ns
[    0.002085][    T0] tsc: Detected 1996.800 MHz processor
[    0.003590][    T0] last_pfn = 0x7ffe0 max_arch_pfn = 0x400000000
[    0.004149][    T0] MTRR map: 4 entries (3 fixed + 1 variable; max 19), built from 8 variable MTRRs
[    0.004937][    T0] x86/PAT: Configuration [0-7]: WB  WC  UC- UC  WB  WP  UC- WT  
[    0.009795][    T0] found SMP MP-table at [mem 0x000f5ba0-0x000f5baf]
[    0.010944][    T0] ACPI: Early table checksum verification disabled
[    0.011518][    T0] ACPI: RSDP 0x00000000000F59E0 000014 (v00 BOCHS )
[    0.012099][    T0] ACPI: RSDT 0x000000007FFE1905 000034 (v01 BOCHS  BXPC     00000001 BXPC 00000001)
[    0.012917][    T0] ACPI: FACP 0x000000007FFE17B9 000074 (v01 BOCHS  BXPC     00000001 BXPC 00000001)
[    0.013739][    T0] ACPI: DSDT 0x000000007FFE0040 001779 (v01 BOCHS  BXPC     00000001 BXPC 00000001)
[    0.014563][    T0] ACPI: FACS 0x000000007FFE0000 000040
[    0.015041][    T0] ACPI: APIC 0x000000007FFE182D 000078 (v01 BOCHS  BXPC     00000001 BXPC 00000001)
[    0.015872][    T0] ACPI: HPET 0x000000007FFE18A5 000038 (v01 BOCHS  BXPC     00000001 BXPC 00000001)
[    0.016699][    T0] ACPI: WAET 0x000000007FFE18DD 000028 (v01 BOCHS  BXPC     00000001 BXPC 00000001)
[    0.017523][    T0] ACPI: Reserving FACP table memory at [mem 0x7ffe17b9-0x7ffe182c]
[    0.018220][    T0] ACPI: Reserving DSDT table memory at [mem 0x7ffe0040-0x7ffe17b8]
[    0.018918][    T0] ACPI: Reserving FACS table memory at [mem 0x7ffe0000-0x7ffe003f]
[    0.019633][    T0] ACPI: Reserving APIC table memory at [mem 0x7ffe182d-0x7ffe18a4]
[    0.020332][    T0] ACPI: Reserving HPET table memory at [mem 0x7ffe18a5-0x7ffe18dc]
[    0.021026][    T0] ACPI: Reserving WAET table memory at [mem 0x7ffe18dd-0x7ffe1904]
[    0.022109][    T0] No NUMA configuration found
[    0.022535][    T0] Faking a node at [mem 0x0000000000000000-0x000000007ffdffff]
[    0.023224][    T0] Faking node 0 at [mem 0x0000000000000000-0x000000003fffffff] (1024MB)
[    0.023988][    T0] Faking node 1 at [mem 0x0000000040000000-0x000000007ffdffff] (1023MB)
[    0.024863][    T0] NODE_DATA(0) allocated [mem 0x3fffa000-0x3fffffff]
[    0.028222][    T0] NODE_DATA(1) allocated [mem 0x7ffd9000-0x7ffdefff]
[    0.071444][    T0] Zone ranges:
[    0.071787][    T0]   DMA      [mem 0x0000000000001000-0x0000000000ffffff]
[    0.072361][    T0]   DMA32    [mem 0x0000000001000000-0x000000007ffdffff]
[    0.072935][    T0]   Normal   empty
[    0.073241][    T0]   Device   empty
[    0.073555][    T0] Movable zone start for each node
[    0.073978][    T0] Early memory node ranges
[    0.074347][    T0]   node   0: [mem 0x0000000000001000-0x000000000009efff]
[    0.074983][    T0]   node   0: [mem 0x0000000000100000-0x000000003fffffff]
[    0.075633][    T0]   node   1: [mem 0x0000000040000000-0x000000007ffdffff]
[    0.076263][    T0] Initmem setup node 0 [mem 0x0000000000001000-0x000000003fffffff]
[    0.076986][    T0] Initmem setup node 1 [mem 0x0000000040000000-0x000000007ffdffff]
[    0.077761][    T0] On node 0, zone DMA: 1 pages in unavailable ranges
[    0.077953][    T0] On node 0, zone DMA: 97 pages in unavailable ranges
[    0.112527][    T0] On node 1, zone DMA32: 32 pages in unavailable ranges
[    0.336477][    T0] kasan: KernelAddressSanitizer initialized
[    0.337824][    T0] ACPI: PM-Timer IO Port: 0x608
[    0.338242][    T0] ACPI: LAPIC_NMI (acpi_id[0xff] dfl dfl lint[0x1])
[    0.338840][    T0] IOAPIC[0]: apic_id 0, version 17, address 0xfec00000, GSI 0-23
[    0.339513][    T0] ACPI: INT_SRC_OVR (bus 0 bus_irq 0 global_irq 2 dfl dfl)
[    0.340131][    T0] ACPI: INT_SRC_OVR (bus 0 bus_irq 5 global_irq 5 high level)
[    0.340775][    T0] ACPI: INT_SRC_OVR (bus 0 bus_irq 9 global_irq 9 high level)
[    0.341423][    T0] ACPI: INT_SRC_OVR (bus 0 bus_irq 10 global_irq 10 high level)
[    0.342076][    T0] ACPI: INT_SRC_OVR (bus 0 bus_irq 11 global_irq 11 high level)
[    0.342732][    T0] ACPI: Using ACPI (MADT) for SMP configuration information
[    0.343352][    T0] ACPI: HPET id: 0x8086a201 base: 0xfed00000
[    0.343876][    T0] smpboot: Allowing 1 CPUs, 0 hotplug CPUs
[    0.344410][    T0] kvm-guest: APIC: eoi() replaced with kvm_guest_apic_eoi_write()
[    0.345116][    T0] PM: hibernation: Registered nosave memory: [mem 0x00000000-0x00000fff]
[    0.345836][    T0] PM: hibernation: Registered nosave memory: [mem 0x0009f000-0x0009ffff]
[    0.346559][    T0] PM: hibernation: Registered nosave memory: [mem 0x000a0000-0x000effff]
[    0.347277][    T0] PM: hibernation: Registered nosave memory: [mem 0x000f0000-0x000fffff]
[    0.348007][    T0] [mem 0x80000000-0xfeffbfff] available for PCI devices
[    0.348601][    T0] Booting paravirtualized kernel on KVM
[    0.349079][    T0] clocksource: refined-jiffies: mask: 0xffffffff max_cycles: 0xffffffff, max_idle_ns: 19112604462750000 ns
[    0.372797][    T0] setup_percpu: NR_CPUS:8 nr_cpumask_bits:1 nr_cpu_ids:1 nr_node_ids:2
[    0.373970][    T0] percpu: Embedded 73 pages/cpu s258184 r8192 d32632 u2097152
[    0.374683][    T0] kvm-guest: PV spinlocks disabled, no host support
[    0.375260][    T0] Kernel command line: earlyprintk=serial net.ifnames=0 sysctl.kernel.hung_task_all_cpu_backtrace=1 ima_policy=tcb nf-conntrack-ftp.ports=20000 nf-conntrack-tftp.ports=20000 nf-conntrack-sip.ports=20000 nf-conntrack-irc.ports=20000 nf-conntrack-sane.ports=20000 binder.debug_mask=0 rcupdate.rcu_expedited=1 rcupdate.rcu_cpu_stall_cputime=1 no_hash_pointers page_owner=on sysctl.vm.nr_hugepages=4 sysctl.vm.nr_overcommit_hugepages=4 secretmem.enable=1 sysctl.max_rcu_stall_to_panic=1 msr.allow_writes=off coredump_filter=0xffff root=/dev/sda console=ttyS0 vsyscall=native numa=fake=2 kvm-intel.nested=1 spec_store_bypass_disable=prctl nopcid vivid.n_devs=16 vivid.multiplanar=1,2,1,2,1,2,1,2,1,2,1,2,1,2,1,2 netrom.nr_ndevs=16 rose.rose_ndevs=16 smp.csd_lock_timeout=100000 watchdog_thresh=55 workqueue.watchdog_thresh=140 sysctl.net.core.netdev_unregister_timeout_secs=140 dummy_hcd.num=8 panic_on_warn=1 console=ttyS0 root=/dev/sda earlyprintk=serial net.ifnames=0
[    0.385646][    T0] Unknown kernel command line parameters "spec_store_bypass_disable=prctl", will be passed to user space.
[    0.386779][    T0] Fallback order for Node 0: 0 1 
[    0.386787][    T0] Fallback order for Node 1: 1 0 
[    0.386792][    T0] Built 2 zonelists, mobility grouping on.  Total pages: 515808
[    0.388330][    T0] Policy zone: DMA32
[    0.389539][    T0] mem auto-init: stack:off, heap alloc:on, heap free:off
[    0.390183][    T0] stackdepot: allocating hash table via alloc_large_system_hash
[    0.393973][    T0] stackdepot hash table entries: 1048576 (order: 11, 8388608 bytes, linear)
[    0.606106][    T0] Memory: 1554728K/2096632K available (77824K kernel code, 38182K rwdata, 31716K rodata, 3884K init, 34940K bss, 541648K reserved, 0K cma-reserved)
[    0.608751][    T0] SLUB: HWalign=64, Order=0-3, MinObjects=0, CPUs=1, Nodes=2
[    0.641092][    T0] allocated 37748736 bytes of page_ext
[    0.641602][    T0] Node 0, zone      DMA: page owner found early allocated 0 pages
[    0.645377][    T0] Node 0, zone    DMA32: page owner found early allocated 4704 pages
[    0.647389][    T0] Node 1, zone    DMA32: page owner found early allocated 4611 pages
[    0.648377][    T0] ftrace: allocating 138208 entries in 540 pages
[    0.675237][    T0] ftrace: allocated 540 pages with 4 groups
[    0.676092][    T0] Dynamic Preempt: full
[    0.677046][    T0] Running RCU self tests
[    0.677405][    T0] Running RCU synchronous self tests
[    0.677864][    T0] rcu: Preemptible hierarchical RCU implementation.
[    0.678418][    T0] rcu: 	RCU lockdep checking is enabled.
[    0.678889][    T0] rcu: 	RCU restricting CPUs from NR_CPUS=8 to nr_cpu_ids=1.
[    0.679513][    T0] rcu: 	RCU callback double-/use-after-free debug is enabled.
[    0.680136][    T0] rcu: 	RCU debug extended QS entry/exit.
[    0.680616][    T0] 	All grace periods are expedited (rcu_expedited).
[    0.681169][    T0] 	Trampoline variant of Tasks RCU enabled.
[    0.681663][    T0] 	Rude variant of Tasks RCU enabled.
[    0.682111][    T0] 	Tracing variant of Tasks RCU enabled.
[    0.682578][    T0] rcu: RCU calculated value of scheduler-enlistment delay is 10 jiffies.
[    0.683287][    T0] rcu: Adjusting geometry for rcu_fanout_leaf=16, nr_cpu_ids=1
[    0.683988][    T0] Running RCU synchronous self tests
[    0.730415][    T0] NR_IRQS: 4352, nr_irqs: 256, preallocated irqs: 16
[    0.731507][    T0] rcu: srcu_init: Setting srcu_struct sizes based on contention.
[    0.732262][    T0] kfence: initialized - using 2097152 bytes for 255 objects at 0xffff88807ec00000-0xffff88807ee00000
[    0.737623][    T0] Console: colour VGA+ 80x25
[    0.738068][    T0] printk: legacy console [ttyS0] enabled
[    0.738068][    T0] printk: legacy console [ttyS0] enabled
[    0.739039][    T0] printk: legacy bootconsole [earlyser0] disabled
[    0.739039][    T0] printk: legacy bootconsole [earlyser0] disabled
[    0.740170][    T0] Lock dependency validator: Copyright (c) 2006 Red Hat, Inc., Ingo Molnar
[    0.740915][    T0] ... MAX_LOCKDEP_SUBCLASSES:  8
[    0.741344][    T0] ... MAX_LOCK_DEPTH:          48
[    0.741778][    T0] ... MAX_LOCKDEP_KEYS:        8192
[    0.742229][    T0] ... CLASSHASH_SIZE:          4096
[    0.742678][    T0] ... MAX_LOCKDEP_ENTRIES:     131072
[    0.743143][    T0] ... MAX_LOCKDEP_CHAINS:      262144
[    0.743610][    T0] ... CHAINHASH_SIZE:          131072
[    0.744075][    T0]  memory used by lock dependency info: 20785 kB
[    0.744623][    T0]  memory used for stack traces: 8320 kB
[    0.745110][    T0]  per task-struct memory footprint: 1920 bytes
[    0.745731][    T0] mempolicy: Enabling automatic NUMA balancing. Configure with numa_balancing= or the kernel.numa_balancing sysctl
[    0.746801][    T0] ACPI: Core revision 20230628
[    0.747610][    T0] clocksource: hpet: mask: 0xffffffff max_cycles: 0xffffffff, max_idle_ns: 19112604467 ns
[    0.748697][    T0] APIC: Switch to symmetric I/O mode setup
[    0.749342][    T0] x2apic enabled
[    0.749989][    T0] APIC: Switched APIC routing to: physical x2apic
[    0.751613][    T0] ..TIMER: vector=0x30 apic1=0 pin1=2 apic2=-1 pin2=-1
[    0.752219][    T0] clocksource: tsc-early: mask: 0xffffffffffffffff max_cycles: 0x3990bec8342, max_idle_ns: 881590769617 ns
[    0.753204][    T0] Calibrating delay loop (skipped) preset value.. 3993.60 BogoMIPS (lpj=19968000)
[    0.754154][    T0] Last level iTLB entries: 4KB 0, 2MB 0, 4MB 0
[    0.754677][    T0] Last level dTLB entries: 4KB 0, 2MB 0, 4MB 0, 1GB 0
[    0.755253][    T0] Spectre V1 : Mitigation: usercopy/swapgs barriers and __user pointer sanitization
[    0.756052][    T0] Spectre V2 : Kernel not compiled with retpoline; no mitigation available!
[    0.756055][    T0] Spectre V2 : Vulnerable
[    0.757148][    T0] Spectre V2 : Spectre v2 / SpectreRSB mitigation: Filling RSB on context switch
[    0.757913][    T0] Speculative Store Bypass: Vulnerable
[    0.758380][    T0] MDS: Vulnerable: Clear CPU buffers attempted, no microcode
[    0.763238][    T0] MMIO Stale Data: Unknown: No mitigations
[    0.763748][    T0] x86/fpu: x87 FPU will use FXSAVE
[    0.811944][    T0] Freeing SMP alternatives memory: 124K
[    0.812439][    T0] pid_max: default: 32768 minimum: 301
[    0.813130][    T0] LSM: initializing lsm=lockdown,capability,landlock,yama,safesetid,tomoyo,apparmor,bpf,integrity
[    0.813252][    T0] landlock: Up and running.
[    0.813635][    T0] Yama: becoming mindful.
[    0.814059][    T0] TOMOYO Linux initialized
[    0.814635][    T0] AppArmor: AppArmor initialized
[    0.815068][    T0] LSM support for eBPF active
[    0.818109][    T0] Dentry cache hash table entries: 262144 (order: 9, 2097152 bytes, vmalloc)
[    0.820067][    T0] Inode-cache hash table entries: 131072 (order: 8, 1048576 bytes, vmalloc)
[    0.820888][    T0] Mount-cache hash table entries: 4096 (order: 3, 32768 bytes, vmalloc)
[    0.821652][    T0] Mountpoint-cache hash table entries: 4096 (order: 3, 32768 bytes, vmalloc)
[    0.825500][    T0] Running RCU synchronous self tests
[    0.825953][    T0] Running RCU synchronous self tests
[    0.947006][    T1] smpboot: CPU0: Intel QEMU Virtual CPU version 2.5+ (family: 0xf, model: 0x6b, stepping: 0x1)
[    0.950192][    T1] RCU Tasks: Setting shift to 0 and lim to 1 rcu_task_cb_adjust=1.
[    0.951065][    T1] RCU Tasks Rude: Setting shift to 0 and lim to 1 rcu_task_cb_adjust=1.
[    0.951956][    T1] RCU Tasks Trace: Setting shift to 0 and lim to 1 rcu_task_cb_adjust=1.
[    0.952846][    T1] Running RCU Tasks wait API self tests
[    1.053466][    T1] Running RCU Tasks Rude wait API self tests
[    1.054089][    T1] Running RCU Tasks Trace wait API self tests
[    1.054590][    T1] Performance Events: unsupported Netburst CPU model 107 no PMU driver, software events only.
[    1.055357][    T1] signal: max sigframe size: 1440
[    1.056244][    T1] rcu: Hierarchical SRCU implementation.
[    1.056651][    T1] rcu: 	Max phase no-delay instances is 1000.
[    1.061534][    T1] NMI watchdog: Perf NMI watchdog permanently disabled
[    1.062441][    T1] smp: Bringing up secondary CPUs ...
[    1.063034][    T1] smp: Brought up 2 nodes, 1 CPU
[    1.063344][    T1] smpboot: Max logical packages: 1
[    1.063728][    T1] smpboot: Total of 1 processors activated (3993.60 BogoMIPS)
[    1.066102][    T1] devtmpfs: initialized
[    1.067332][    T1] x86/mm: Memory block size: 128MB
[    1.073277][   T16] Callback from call_rcu_tasks_trace() invoked.
[    1.086815][    T1] Running RCU synchronous self tests
[    1.087245][    T1] Running RCU synchronous self tests
[    1.087780][    T1] clocksource: jiffies: mask: 0xffffffff max_cycles: 0xffffffff, max_idle_ns: 19112604462750000 ns
[    1.088636][    T1] futex hash table entries: 256 (order: 3, 32768 bytes, vmalloc)
[    1.091976][    T1] PM: RTC time: 09:10:42, date: 2023-12-01
[    1.102901][    T1] NET: Registered PF_NETLINK/PF_ROUTE protocol family
[    1.107182][    T1] audit: initializing netlink subsys (disabled)
[    1.108029][   T23] audit: type=2000 audit(1701421842.693:1): state=initialized audit_enabled=0 res=1
[    1.110683][    T1] thermal_sys: Registered thermal governor 'step_wise'
[    1.110688][    T1] thermal_sys: Registered thermal governor 'user_space'
[    1.111315][    T1] cpuidle: using governor menu
[    1.112189][    T1] NET: Registered PF_QIPCRTR protocol family
[    1.116684][    T1] dca service started, version 1.12.1
[    1.117176][    T1] PCI: Using configuration type 1 for base access
[    1.143984][    T1] HugeTLB: registered 2.00 MiB page size, pre-allocated 0 pages
[    1.144572][    T1] HugeTLB: 28 KiB vmemmap can be freed for a 2.00 MiB page
[    1.163970][   T15] Callback from call_rcu_tasks_rude() invoked.
[    1.173235][    T1] cryptd: max_cpu_qlen set to 1000
[    1.184416][    T1] raid6: skipped pq benchmark and selected sse2x4
[    1.184871][    T1] raid6: using intx1 recovery algorithm
[    1.186065][    T1] ACPI: Added _OSI(Module Device)
[    1.186414][    T1] ACPI: Added _OSI(Processor Device)
[    1.186781][    T1] ACPI: Added _OSI(3.0 _SCP Extensions)
[    1.187165][    T1] ACPI: Added _OSI(Processor Aggregator Device)
[    1.280873][    T1] ACPI: 1 ACPI AML tables successfully acquired and loaded
[    1.334488][    T1] ACPI: _OSC evaluation for CPUs failed, trying _PDC
[    1.338817][    T1] ACPI: Interpreter enabled
[    1.339391][    T1] ACPI: PM: (supports S0 S3 S4 S5)
[    1.339785][    T1] ACPI: Using IOAPIC for interrupt routing
[    1.340411][    T1] PCI: Using host bridge windows from ACPI; if necessary, use "pci=nocrs" and report a bug
[    1.341145][    T1] PCI: Using E820 reservations for host bridge windows
[    1.353879][    T1] ACPI: Enabled 2 GPEs in block 00 to 0F
[    1.482587][    T1] ACPI: PCI Root Bridge [PCI0] (domain 0000 [bus 00-ff])
[    1.483128][    T1] acpi PNP0A03:00: _OSC: OS supports [ASPM ClockPM Segments MSI HPX-Type3]
[    1.493212][    T1] acpi PNP0A03:00: _OSC: not requesting OS control; OS requires [ExtendedConfig ASPM ClockPM MSI]
[    1.494288][    T1] acpi PNP0A03:00: fail to add MMCONFIG information, can't access extended configuration space under this bridge
[    1.496920][    T1] PCI host bridge to bus 0000:00
[    1.497298][    T1] pci_bus 0000:00: Unknown NUMA node; performance will be reduced
[    1.497891][    T1] pci_bus 0000:00: root bus resource [io  0x0000-0x0cf7 window]
[    1.498469][    T1] pci_bus 0000:00: root bus resource [io  0x0d00-0xffff window]
[    1.499044][    T1] pci_bus 0000:00: root bus resource [mem 0x000a0000-0x000bffff window]
[    1.499670][    T1] pci_bus 0000:00: root bus resource [mem 0x80000000-0xfebfffff window]
[    1.500301][    T1] pci_bus 0000:00: root bus resource [mem 0x100000000-0x17fffffff window]
[    1.500925][    T1] pci_bus 0000:00: root bus resource [bus 00-ff]
[    1.501538][    T1] pci 0000:00:00.0: [8086:1237] type 00 class 0x060000
[    1.536709][    T1] pci 0000:00:01.0: [8086:7000] type 00 class 0x060100
[    1.539390][    T1] pci 0000:00:01.1: [8086:7010] type 00 class 0x010180
[    1.541210][    T1] pci 0000:00:01.1: reg 0x20: [io  0xc020-0xc02f]
[    1.542243][    T1] pci 0000:00:01.1: legacy IDE quirk: reg 0x10: [io  0x01f0-0x01f7]
[    1.542835][    T1] pci 0000:00:01.1: legacy IDE quirk: reg 0x14: [io  0x03f6]
[    1.553213][    T1] pci 0000:00:01.1: legacy IDE quirk: reg 0x18: [io  0x0170-0x0177]
[    1.553818][    T1] pci 0000:00:01.1: legacy IDE quirk: reg 0x1c: [io  0x0376]
[    1.555007][    T1] pci 0000:00:01.3: [8086:7113] type 00 class 0x068000
[    1.555791][    T1] pci 0000:00:01.3: quirk: [io  0x0600-0x063f] claimed by PIIX4 ACPI
[    1.556351][    T1] pci 0000:00:01.3: quirk: [io  0x0700-0x070f] claimed by PIIX4 SMB
[    1.557495][    T1] pci 0000:00:02.0: [1234:1111] type 00 class 0x030000
[    1.573240][    T1] pci 0000:00:02.0: reg 0x10: [mem 0xfd000000-0xfdffffff pref]
[    1.593902][    T1] pci 0000:00:02.0: reg 0x18: [mem 0xfeb90000-0xfeb90fff]
[    1.596721][    T1] pci 0000:00:02.0: reg 0x30: [mem 0xfeb80000-0xfeb8ffff pref]
[    1.597390][    T1] pci 0000:00:02.0: Video device with shadowed ROM at [mem 0x000c0000-0x000dffff]
[    1.651462][    T1] pci 0000:00:03.0: [1af4:1000] type 00 class 0x020000
[    1.652736][    T1] pci 0000:00:03.0: reg 0x10: [io  0xc000-0xc01f]
[    1.663985][    T1] pci 0000:00:03.0: reg 0x14: [mem 0xfeb91000-0xfeb91fff]
[    1.666433][    T1] pci 0000:00:03.0: reg 0x20: [mem 0xfe000000-0xfe003fff 64bit pref]
[    1.667677][    T1] pci 0000:00:03.0: reg 0x30: [mem 0xfeb00000-0xfeb7ffff pref]
[    1.712914][    T1] ACPI: PCI: Interrupt link LNKA configured for IRQ 10
[    1.725283][    T1] ACPI: PCI: Interrupt link LNKB configured for IRQ 10
[    1.727802][    T1] ACPI: PCI: Interrupt link LNKC configured for IRQ 11
[    1.730213][    T1] ACPI: PCI: Interrupt link LNKD configured for IRQ 11
[    1.731474][    T1] ACPI: PCI: Interrupt link LNKS configured for IRQ 9
[    1.745164][    T1] iommu: Default domain type: Translated
[    1.745571][    T1] iommu: DMA domain TLB invalidation policy: lazy mode
[    1.748367][    T1] SCSI subsystem initialized
[    1.754093][    T1] ACPI: bus type USB registered
[    1.754657][    T1] usbcore: registered new interface driver usbfs
[    1.755250][    T1] usbcore: registered new interface driver hub
[    1.755802][    T1] usbcore: registered new device driver usb
[    1.757195][    T1] mc: Linux media interface: v0.10
[    1.757710][    T1] videodev: Linux video capture interface: v2.00
[    1.758536][    T1] pps_core: LinuxPPS API ver. 1 registered
[    1.758968][    T1] pps_core: Software ver. 5.3.6 - Copyright 2005-2007 Rodolfo Giometti <giometti@linux.it>
[    1.759811][    T1] PTP clock support registered
[    1.773617][    T1] EDAC MC: Ver: 3.0.0
[    1.775904][    T1] Advanced Linux Sound Architecture Driver Initialized.
[    1.778969][    T1] Bluetooth: Core ver 2.22
[    1.779382][    T1] NET: Registered PF_BLUETOOTH protocol family
[    1.779835][    T1] Bluetooth: HCI device and connection manager initialized
[    1.780393][    T1] Bluetooth: HCI socket layer initialized
[    1.780821][    T1] Bluetooth: L2CAP socket layer initialized
[    1.781348][    T1] Bluetooth: SCO socket layer initialized
[    1.781809][    T1] NET: Registered PF_ATMPVC protocol family
[    1.782250][    T1] NET: Registered PF_ATMSVC protocol family
[    1.782869][    T1] NetLabel: Initializing
[    1.793212][    T1] NetLabel:  domain hash size = 128
[    1.793595][    T1] NetLabel:  protocols = UNLABELED CIPSOv4 CALIPSO
[    1.794251][    T1] NetLabel:  unlabeled traffic allowed by default
[    1.795872][    T1] nfc: nfc_init: NFC Core ver 0.1
[    1.796419][    T1] NET: Registered PF_NFC protocol family
[    1.796905][    T1] PCI: Using ACPI for IRQ routing
[    1.797817][    T1] pci 0000:00:02.0: vgaarb: setting as boot VGA device
[    1.798350][    T1] pci 0000:00:02.0: vgaarb: bridge control possible
[    1.798838][    T1] pci 0000:00:02.0: vgaarb: VGA device added: decodes=io+mem,owns=io+mem,locks=none
[    1.799536][    T1] vgaarb: loaded
[    1.802603][    T1] hpet: 3 channels of 0 reserved for per-cpu timers
[    1.803137][    T1] hpet0: at MMIO 0xfed00000, IRQs 2, 8, 0
[    1.813214][    T1] hpet0: 3 comparators, 64-bit 100.000000 MHz counter
[    1.843556][    T1] clocksource: Switched to clocksource kvm-clock
[    1.851520][    T1] VFS: Disk quotas dquot_6.6.0
[    1.851944][    T1] VFS: Dquot-cache hash table entries: 512 (order 0, 4096 bytes)
[    1.852849][    T1] FS-Cache: Loaded
[    1.853716][    T1] CacheFiles: Loaded
[    1.854298][    T1] TOMOYO: 2.6.0
[    1.854556][    T1] Mandatory Access Control activated.
[    1.856876][    T1] AppArmor: AppArmor Filesystem Enabled
[    1.857539][    T1] pnp: PnP ACPI init
[    1.874506][    T1] pnp: PnP ACPI: found 6 devices
[    1.926088][    T1] clocksource: acpi_pm: mask: 0xffffff max_cycles: 0xffffff, max_idle_ns: 2085701024 ns
[    1.927372][    T1] NET: Registered PF_INET protocol family
[    1.931578][    T1] IP idents hash table entries: 32768 (order: 6, 262144 bytes, vmalloc)
[    1.952685][    T1] tcp_listen_portaddr_hash hash table entries: 1024 (order: 4, 73728 bytes, vmalloc)
[    1.953773][    T1] Table-perturb hash table entries: 65536 (order: 6, 262144 bytes, vmalloc)
[    1.954603][    T1] TCP established hash table entries: 16384 (order: 5, 131072 bytes, vmalloc)
[    1.958823][    T1] TCP bind hash table entries: 16384 (order: 9, 2359296 bytes, vmalloc)
[    1.960668][    T1] TCP: Hash tables configured (established 16384 bind 16384)
[    1.971853][    T1] MPTCP token hash table entries: 2048 (order: 5, 180224 bytes, vmalloc)
[    1.972832][    T1] UDP hash table entries: 1024 (order: 5, 163840 bytes, vmalloc)
[    1.973686][    T1] UDP-Lite hash table entries: 1024 (order: 5, 163840 bytes, vmalloc)
[    1.974642][    T1] NET: Registered PF_UNIX/PF_LOCAL protocol family
[    1.976218][    T1] RPC: Registered named UNIX socket transport module.
[    1.976694][    T1] RPC: Registered udp transport module.
[    1.977064][    T1] RPC: Registered tcp transport module.
[    1.977435][    T1] RPC: Registered tcp-with-tls transport module.
[    1.977860][    T1] RPC: Registered tcp NFSv4.1 backchannel transport module.
[    1.981149][    T1] NET: Registered PF_XDP protocol family
[    1.981593][    T1] pci_bus 0000:00: resource 4 [io  0x0000-0x0cf7 window]
[    1.982116][    T1] pci_bus 0000:00: resource 5 [io  0x0d00-0xffff window]
[    1.982673][    T1] pci_bus 0000:00: resource 6 [mem 0x000a0000-0x000bffff window]
[    1.983251][    T1] pci_bus 0000:00: resource 7 [mem 0x80000000-0xfebfffff window]
[    1.983876][    T1] pci_bus 0000:00: resource 8 [mem 0x100000000-0x17fffffff window]
[    1.991686][    T1] pci 0000:00:01.0: PIIX3: Enabling Passive Release
[    1.992142][    T1] pci 0000:00:00.0: Limiting direct PCI/PCI transfers
[    1.992645][    T1] PCI: CLS 0 bytes, default 64
[    1.995419][    T1] ACPI: bus type thunderbolt registered
[    1.998248][    T1] kvm_intel: VMX not supported by CPU 0
[    1.998621][    T1] kvm_amd: CPU 0 isn't AMD or Hygon
[    1.998973][    T1] clocksource: tsc: mask: 0xffffffffffffffff max_cycles: 0x3990bec8342, max_idle_ns: 881590769617 ns
[    2.002518][   T53] kworker/u2:0 (53) used greatest stack depth: 28064 bytes left
[    2.012029][    T1] twofish-x86_64-3way: performance on this CPU would be suboptimal: disabling twofish-x86_64-3way.
[    2.012766][    T1] CPU feature 'AVX registers' is not supported.
[    2.013241][    T1] CPU feature 'AVX registers' is not supported.
[    2.013656][    T1] AVX2 instructions are not detected.
[    2.014012][    T1] des3_ede-x86_64: performance on this CPU would be suboptimal: disabling des3_ede-x86_64.
[    2.014675][    T1] camellia-x86_64: performance on this CPU would be suboptimal: disabling camellia-x86_64.
[    2.015342][    T1] AVX or AES-NI instructions are not detected.
[    2.015749][    T1] AVX2 or AES-NI instructions are not detected.
[    2.016164][    T1] blowfish-x86_64: performance on this CPU would be suboptimal: disabling blowfish-x86_64.
[    2.016826][    T1] CPU feature 'AVX registers' is not supported.
[    2.017242][    T1] CPU feature 'AVX registers' is not supported.
[    2.017664][    T1] PCLMULQDQ-NI instructions are not detected.
[    2.018075][    T1] sm3_avx_x86_64: AVX instruction are not detected.
[    2.018509][    T1] AVX or AES-NI instructions are not detected.
[    2.018920][    T1] AVX2 or AES-NI instructions are not detected.
[    2.019325][    T1] AVX or AES-NI instructions are not detected.
[    2.044367][   T68] kworker/u2:4 (68) used greatest stack depth: 27312 bytes left
[    2.240892][    T1] Initialise system trusted keyrings
[    2.244836][    T1] workingset: timestamp_bits=40 max_order=19 bucket_order=0
[    2.249081][    T1] DLM installed
[    2.250132][    T1] squashfs: version 4.0 (2009/01/31) Phillip Lougher
[    2.253084][    T1] NFS: Registering the id_resolver key type
[    2.253411][    T1] Key type id_resolver registered
[    2.253671][    T1] Key type id_legacy registered
[    2.253951][    T1] nfs4filelayout_init: NFSv4 File Layout Driver Registering...
[    2.254352][    T1] nfs4flexfilelayout_init: NFSv4 Flexfile Layout Driver Registering...
[    2.257251][    T1] Key type cifs.spnego registered
[    2.257574][    T1] Key type cifs.idmap registered
[    2.258518][    T1] ntfs: driver 2.1.32 [Flags: R/W].
[    2.258839][    T1] ntfs3: Max link count 4000
[    2.263097][    T1] ntfs3: Enabled Linux POSIX ACLs support
[    2.263513][    T1] ntfs3: Read-only LZX/Xpress compression included
[    2.264098][    T1] efs: 1.0a - http://aeschi.ch.eu.org/efs/
[    2.264550][    T1] jffs2: version 2.2. (NAND) (SUMMARY)  Â© 2001-2006 Red Hat, Inc.
[    2.266057][    T1] romfs: ROMFS MTD (C) 2007 Red Hat, Inc.
[    2.266518][    T1] QNX4 filesystem 0.2.3 registered.
[    2.266937][    T1] qnx6: QNX6 filesystem 1.0.0 registered.
[    2.268189][    T1] fuse: init (API version 7.39)
[    2.271966][    T1] orangefs_debugfs_init: called with debug mask: :none: :0:
[    2.272985][    T1] orangefs_init: module version upstream loaded
[    2.273660][    T1] JFS: nTxBlock = 8192, nTxLock = 65536
[    2.288509][    T1] SGI XFS with ACLs, security attributes, realtime, quota, no debug enabled
[    2.290518][    T1] 9p: Installing v9fs 9p2000 file system support
[    2.291250][    T1] NILFS version 2 loaded
[    2.291562][    T1] befs: version: 0.9.3
[    2.292098][    T1] ocfs2: Registered cluster interface o2cb
[    2.293590][    T1] ocfs2: Registered cluster interface user
[    2.294187][    T1] OCFS2 User DLM kernel interface loaded
[    2.302668][    T1] gfs2: GFS2 installed
[    2.309217][    T1] ceph: loaded (mds proto 32)
[    2.329348][    T1] NET: Registered PF_ALG protocol family
[    2.329860][    T1] xor: measuring software checksum speed
[    2.330555][    T1]    prefetch64-sse  : 35204 MB/sec
[    2.331376][    T1]    generic_sse     : 33120 MB/sec
[    2.331756][    T1] xor: using function: prefetch64-sse (35204 MB/sec)
[    2.332264][    T1] async_tx: api initialized (async)
[    2.332651][    T1] Key type asymmetric registered
[    2.333026][    T1] Asymmetric key parser 'x509' registered
[    2.333459][    T1] Asymmetric key parser 'pkcs8' registered
[    2.333882][    T1] Key type pkcs7_test registered
[    2.334869][    T1] Block layer SCSI generic (bsg) driver version 0.4 loaded (major 239)
[    2.335805][    T1] io scheduler mq-deadline registered
[    2.336198][    T1] io scheduler kyber registered
[    2.336632][    T1] io scheduler bfq registered
[    2.340398][    T1] input: Power Button as /devices/LNXSYSTM:00/LNXPWRBN:00/input/input0
[    2.341166][   T14] Callback from call_rcu_tasks() invoked.
[    2.373611][    T1] ACPI: button: Power Button [PWRF]
[    2.384008][    T1] ioatdma: Intel(R) QuickData Technology Driver 5.00
[    4.479705][    T1] ACPI: \_SB_.LNKC: Enabled at IRQ 11
[    4.528678][  T173] kworker/u2:2 (173) used greatest stack depth: 27040 bytes left
[    4.878883][    T1] N_HDLC line discipline registered with maxframe=4096
[    4.879509][    T1] Serial: 8250/16550 driver, 4 ports, IRQ sharing enabled
[    4.886481][    T1] 00:04: ttyS0 at I/O 0x3f8 (irq = 4, base_baud = 115200) is a 16550A
[    4.919708][    T1] Non-volatile memory driver v1.3
[    4.920724][    T1] Linux agpgart interface v0.103
[    4.927262][    T1] ACPI: bus type drm_connector registered
[    4.936623][    T1] [drm] Initialized vgem 1.0.0 20120112 for vgem on minor 0
[    4.943783][    T1] [drm] Initialized vkms 1.0.0 20180514 for vkms on minor 1
[    5.016947][    T1] Console: switching to colour frame buffer device 128x48
[    5.034016][    T1] platform vkms: [drm] fb0: vkmsdrmfb frame buffer device
[    5.036433][    T1] usbcore: registered new interface driver udl
[    5.039789][    T1] bochs-drm 0000:00:02.0: vgaarb: deactivate vga console
[    5.047133][    T1] [drm] Found bochs VGA, ID 0xb0c5.
[    5.047676][    T1] [drm] Framebuffer size 16384 kB @ 0xfd000000, mmio @ 0xfeb90000.
[    5.051457][    T1] [drm] Found EDID data blob.
[    5.055118][    T1] [drm] Initialized bochs-drm 1.0.0 20130925 for 0000:00:02.0 on minor 2
[    5.066236][    T1] fbcon: bochs-drmdrmfb (fb1) is primary device
[    5.066250][    T1] fbcon: Remapping primary device, fb1, to tty 1-63
[    5.687413][    T1] bochs-drm 0000:00:02.0: [drm] fb1: bochs-drmdrmfb frame buffer device
[    5.735794][    T1] brd: module loaded
[    5.791756][    T1] loop: module loaded
[    5.866433][    T1] zram: Added device: zram0
[    5.872996][    T1] null_blk: disk nullb0 created
[    5.873410][    T1] null_blk: module loaded
[    5.874249][    T1] Guest personality initialized and is inactive
[    5.875504][    T1] VMCI host device registered (name=vmci, major=10, minor=118)
[    5.876125][    T1] Initialized host personality
[    5.876719][    T1] usbcore: registered new interface driver rtsx_usb
[    5.877514][    T1] usbcore: registered new interface driver viperboard
[    5.878217][    T1] usbcore: registered new interface driver dln2
[    5.878892][    T1] usbcore: registered new interface driver pn533_usb
[    5.887553][    T1] nfcsim 0.2 initialized
[    5.888468][    T1] usbcore: registered new interface driver port100
[    5.889501][    T1] usbcore: registered new interface driver nfcmrvl
[    5.897776][    T1] Loading iSCSI transport class v2.0-870.
[    5.904469][    T1] st: Version 20160209, fixed bufsize 32768, s/g segs 256
[    5.935157][    T1] scsi host0: ata_piix
[    5.938273][    T1] scsi host1: ata_piix
[    5.940043][    T1] ata1: PATA max MWDMA2 cmd 0x1f0 ctl 0x3f6 bmdma 0xc020 irq 14 lpm-pol 0
[    5.940786][    T1] ata2: PATA max MWDMA2 cmd 0x170 ctl 0x376 bmdma 0xc028 irq 15 lpm-pol 0
[    5.947775][    T1] Rounding down aligned max_sectors from 4294967295 to 4294967288
[    5.948798][    T1] db_root: cannot open: /etc/target
[    5.951454][    T1] slram: not enough parameters.
[    5.956372][    T1] ftl_cs: FTL header not found.
[    5.989478][    T1] wireguard: WireGuard 1.0.0 loaded. See www.wireguard.com for information.
[    5.990222][    T1] wireguard: Copyright (C) 2015-2019 Jason A. Donenfeld <Jason@zx2c4.com>. All Rights Reserved.
[    5.992927][    T1] eql: Equalizer2002: Simon Janes (simon@ncm.com) and David S. Miller (davem@redhat.com)
[    6.000804][    T1] MACsec IEEE 802.1AE
[    6.007253][    T1] tun: Universal TUN/TAP device driver, 1.6
[    6.048682][    T1] vcan: Virtual CAN interface driver
[    6.049101][    T1] vxcan: Virtual CAN Tunnel driver
[    6.049481][    T1] slcan: serial line CAN interface driver
[    6.049909][    T1] CAN device driver interface
[    6.050824][    T1] usbcore: registered new interface driver usb_8dev
[    6.052682][    T1] usbcore: registered new interface driver ems_usb
[    6.053726][    T1] usbcore: registered new interface driver gs_usb
[    6.054746][    T1] usbcore: registered new interface driver kvaser_usb
[    6.055749][    T1] usbcore: registered new interface driver mcba_usb
[    6.056765][    T1] usbcore: registered new interface driver peak_usb
[    6.058231][    T1] e100: Intel(R) PRO/100 Network Driver
[    6.058628][    T1] e100: Copyright(c) 1999-2006 Intel Corporation
[    6.059283][    T1] e1000: Intel(R) PRO/1000 Network Driver
[    6.059688][    T1] e1000: Copyright (c) 1999-2006 Intel Corporation.
[    6.061350][    T1] e1000e: Intel(R) PRO/1000 Network Driver
[    6.061758][    T1] e1000e: Copyright(c) 1999 - 2015 Intel Corporation.
[    6.063544][    T1] mkiss: AX.25 Multikiss, Hans Albas PE1AYX
[    6.063966][    T1] AX.25: 6pack driver, Revision: 0.3.0
[    6.064365][    T1] AX.25: bpqether driver version 004
[    6.064766][    T1] PPP generic driver version 2.4.2
[    6.066530][    T1] PPP BSD Compression module registered
[    6.066972][    T1] PPP Deflate Compression module registered
[    6.067431][    T1] PPP MPPE Compression module registered
[    6.067831][    T1] NET: Registered PF_PPPOX protocol family
[    6.068313][    T1] PPTP driver version 0.8.5
[    6.069572][    T1] SLIP: version 0.8.4-NET3.019-NEWTTY (dynamic channels, max=256) (6 bit encapsulation enabled).
[    6.070339][    T1] CSLIP: code copyright 1989 Regents of the University of California.
[    6.070956][    T1] SLIP linefill/keepalive option.
[    6.071909][    T1] hdlc: HDLC support module revision 1.22
[    6.072360][    T1] LAPB Ethernet driver version 0.02
[    6.074157][    T1] usbcore: registered new interface driver ath9k_htc
[    6.075508][    T1] usbcore: registered new interface driver carl9170
[    6.076537][    T1] usbcore: registered new interface driver ath6kl_usb
[    6.077228][    T1] usbcore: registered new interface driver ar5523
[    6.077876][    T1] usbcore: registered new interface driver ath10k_usb
[    6.078467][    T1] usbcore: registered new interface driver rndis_wlan
[    6.079140][    T1] mac80211_hwsim: initializing netlink
[    6.106793][    T1] usbcore: registered new interface driver atusb
[    6.111407][  T975] ata2: found unknown device (class 0)
[    6.112282][  T965] ata1: found unknown device (class 0)
[    6.113132][  T975] ata2.00: ATAPI: QEMU DVD-ROM, 2.5+, max UDMA/100
[    6.114723][  T965] ata1.00: ATA-7: QEMU HARDDISK, 2.5+, max UDMA/100
[    6.115216][  T965] ata1.00: 16777208 sectors, multi 16: LBA48 
[    6.122374][    T1] mac802154_hwsim mac802154_hwsim: Added 2 mac802154 hwsim hardware radios
[    6.123269][    T1] VMware vmxnet3 virtual NIC driver - version 1.7.0.0-k-NAPI
[    6.123993][    T1] usbcore: registered new interface driver catc
[    6.124554][    T1] usbcore: registered new interface driver kaweth
[    6.125029][    T1] pegasus: Pegasus/Pegasus II USB Ethernet driver
[    6.125591][    T1] usbcore: registered new interface driver pegasus
[    6.126164][    T1] usbcore: registered new interface driver rtl8150
[    6.134186][   T26] scsi 0:0:0:0: Direct-Access     ATA      QEMU HARDDISK    2.5+ PQ: 0 ANSI: 5
[    6.137957][    T1] usbcore: registered new device driver r8152-cfgselector
[    6.138607][    T1] usbcore: registered new interface driver r8152
[    6.139091][    T1] hso: drivers/net/usb/hso.c: Option Wireless
[    6.139684][    T1] usbcore: registered new interface driver hso
[    6.140221][    T1] usbcore: registered new interface driver lan78xx
[    6.140790][    T1] usbcore: registered new interface driver asix
[    6.144924][   T33] sd 0:0:0:0: [sda] 16777208 512-byte logical blocks: (8.59 GB/8.00 GiB)
[    6.145671][   T33] sd 0:0:0:0: [sda] Write Protect is off
[    6.146192][   T33] sd 0:0:0:0: [sda] Write cache: enabled, read cache: enabled, doesn't support DPO or FUA
[    6.147034][   T33] sd 0:0:0:0: [sda] Preferred minimum I/O size 512 bytes
[    6.151832][   T26] sd 0:0:0:0: Attached scsi generic sg0 type 0
[    6.154994][    T1] usbcore: registered new interface driver ax88179_178a
[    6.155604][    T1] usbcore: registered new interface driver cdc_ether
[    6.156157][    T1] usbcore: registered new interface driver cdc_eem
[    6.156719][    T1] usbcore: registered new interface driver dm9601
[    6.157255][    T1] usbcore: registered new interface driver sr9700
[    6.157792][    T1] usbcore: registered new interface driver CoreChips
[    6.158366][    T1] usbcore: registered new interface driver smsc75xx
[    6.158916][    T1] usbcore: registered new interface driver smsc95xx
[    6.159501][    T1] usbcore: registered new interface driver gl620a
[    6.160040][    T1] usbcore: registered new interface driver net1080
[    6.160605][    T1] usbcore: registered new interface driver plusb
[    6.163344][   T56] scsi 1:0:0:0: CD-ROM            QEMU     QEMU DVD-ROM     2.5+ PQ: 0 ANSI: 5
[    6.177094][    T1] usbcore: registered new interface driver rndis_host
[    6.178184][   T33] sd 0:0:0:0: [sda] Attached SCSI disk
[    6.179774][    T1] usbcore: registered new interface driver cdc_subset
[    6.180359][    T1] usbcore: registered new interface driver zaurus
[    6.180923][    T1] usbcore: registered new interface driver MOSCHIP usb-ethernet driver
[    6.184036][    T1] usbcore: registered new interface driver int51x1
[    6.185001][    T1] usbcore: registered new interface driver cdc_phonet
[    6.187660][    T1] usbcore: registered new interface driver kalmia
[    6.188666][    T1] usbcore: registered new interface driver ipheth
[    6.189622][    T1] usbcore: registered new interface driver sierra_net
[    6.190638][    T1] usbcore: registered new interface driver cx82310_eth
[    6.195175][    T1] usbcore: registered new interface driver cdc_ncm
[    6.196183][    T1] usbcore: registered new interface driver huawei_cdc_ncm
[    6.197196][    T1] usbcore: registered new interface driver lg-vl600
[    6.198172][    T1] usbcore: registered new interface driver qmi_wwan
[    6.199207][    T1] usbcore: registered new interface driver cdc_mbim
[    6.200184][    T1] usbcore: registered new interface driver ch9200
[    6.201529][    T1] usbcore: registered new interface driver r8153_ecm
[    6.206928][    T1] VFIO - User Level meta-driver version: 0.3
[    6.212214][   T56] sr 1:0:0:0: [sr0] scsi3-mmc drive: 4x/4x cd/rw xa/form2 tray
[    6.212834][   T56] cdrom: Uniform CD-ROM driver Revision: 3.20
[    6.215311][    T1] aoe: AoE v85 initialised.
[    6.226359][    T1] SPI driver max3421-hcd has no spi_device_id for maxim,max3421
[    6.227166][    T1] usbcore: registered new interface driver cdc_acm
[    6.227644][    T1] cdc_acm: USB Abstract Control Model driver for USB modems and ISDN adapters
[    6.228409][    T1] usbcore: registered new interface driver usblp
[    6.228956][    T1] usbcore: registered new interface driver cdc_wdm
[    6.229532][    T1] usbcore: registered new interface driver usbtmc
[    6.247182][    T1] usbcore: registered new interface driver uas
[    6.248170][    T1] usbcore: registered new interface driver usb-storage
[    6.253682][    T1] usbcore: registered new interface driver ums-alauda
[    6.257747][    T1] usbcore: registered new interface driver ums-cypress
[    6.258360][    T1] usbcore: registered new interface driver ums-datafab
[    6.258931][    T1] usbcore: registered new interface driver ums_eneub6250
[    6.259519][    T1] usbcore: registered new interface driver ums-freecom
[    6.260129][    T1] usbcore: registered new interface driver ums-isd200
[    6.260729][    T1] usbcore: registered new interface driver ums-jumpshot
[    6.264868][   T56] sr 1:0:0:0: Attached scsi generic sg1 type 5
[    6.266767][    T1] usbcore: registered new interface driver ums-karma
[    6.267756][    T1] usbcore: registered new interface driver ums-onetouch
[    6.268800][    T1] usbcore: registered new interface driver ums-realtek
[    6.269817][    T1] usbcore: registered new interface driver ums-sddr09
[    6.270805][    T1] usbcore: registered new interface driver ums-sddr55
[    6.272223][    T1] usbcore: registered new interface driver ums-usbat
[    6.273267][    T1] usbcore: registered new interface driver mdc800
[    6.273749][    T1] mdc800: v0.7.5 (30/10/2000):USB Driver for Mustek MDC800 Digital Camera
[    6.274925][    T1] usbcore: registered new interface driver microtekX6
[    6.276540][    T1] usbcore: registered new interface driver usbserial_generic
[    6.277869][    T1] usbserial: USB Serial support registered for generic
[    6.278927][    T1] usbcore: registered new interface driver aircable
[    6.279908][    T1] usbserial: USB Serial support registered for aircable
[    6.280933][    T1] usbcore: registered new interface driver ark3116
[    6.282588][    T1] usbserial: USB Serial support registered for ark3116
[    6.283185][    T1] usbcore: registered new interface driver belkin_sa
[    6.283708][    T1] usbserial: USB Serial support registered for Belkin / Peracom / GoHubs USB Serial Adapter
[    6.284539][    T1] usbcore: registered new interface driver ch341
[    6.285081][    T1] usbserial: USB Serial support registered for ch341-uart
[    6.285702][    T1] usbcore: registered new interface driver cp210x
[    6.286267][    T1] usbserial: USB Serial support registered for cp210x
[    6.286873][    T1] usbcore: registered new interface driver cyberjack
[    6.287425][    T1] usbserial: USB Serial support registered for Reiner SCT Cyberjack USB card reader
[    6.288210][    T1] usbcore: registered new interface driver cypress_m8
[    6.288784][    T1] usbserial: USB Serial support registered for DeLorme Earthmate USB
[    6.289467][    T1] usbserial: USB Serial support registered for HID->COM RS232 Adapter
[    6.290133][    T1] usbserial: USB Serial support registered for Nokia CA-42 V2 Adapter
[    6.290825][    T1] usbcore: registered new interface driver usb_debug
[    6.300567][    T1] usbserial: USB Serial support registered for debug
[    6.301727][    T1] usbserial: USB Serial support registered for xhci_dbc
[    6.302726][    T1] usbcore: registered new interface driver digi_acceleport
[    6.303753][    T1] usbserial: USB Serial support registered for Digi 2 port USB adapter
[    6.304870][    T1] usbserial: USB Serial support registered for Digi 4 port USB adapter
[    6.305996][    T1] usbcore: registered new interface driver io_edgeport
[    6.306998][    T1] usbserial: USB Serial support registered for Edgeport 2 port adapter
[    6.308327][    T1] usbserial: USB Serial support registered for Edgeport 4 port adapter
[    6.309433][    T1] usbserial: USB Serial support registered for Edgeport 8 port adapter
[    6.310538][    T1] usbserial: USB Serial support registered for EPiC device
[    6.311671][    T1] usbcore: registered new interface driver io_ti
[    6.312610][    T1] usbserial: USB Serial support registered for Edgeport TI 1 port adapter
[    6.313689][    T1] usbserial: USB Serial support registered for Edgeport TI 2 port adapter
[    6.314799][    T1] usbcore: registered new interface driver empeg
[    6.315401][    T1] usbserial: USB Serial support registered for empeg
[    6.315966][    T1] usbcore: registered new interface driver f81534a_ctrl
[    6.316536][    T1] usbcore: registered new interface driver f81232
[    6.317105][    T1] usbserial: USB Serial support registered for f81232
[    6.317678][    T1] usbserial: USB Serial support registered for f81534a
[    6.318283][    T1] usbcore: registered new interface driver f81534
[    6.318827][    T1] usbserial: USB Serial support registered for Fintek F81532/F81534
[    6.319525][    T1] usbcore: registered new interface driver ftdi_sio
[    6.320082][    T1] usbserial: USB Serial support registered for FTDI USB Serial Device
[    6.320771][    T1] usbcore: registered new interface driver garmin_gps
[    6.327995][    T1] usbserial: USB Serial support registered for Garmin GPS usb/tty
[    6.329123][    T1] usbcore: registered new interface driver ipaq
[    6.330087][    T1] usbserial: USB Serial support registered for PocketPC PDA
[    6.331684][    T1] usbcore: registered new interface driver ipw
[    6.332773][    T1] usbserial: USB Serial support registered for IPWireless converter
[    6.333879][    T1] usbcore: registered new interface driver ir_usb
[    6.334808][    T1] usbserial: USB Serial support registered for IR Dongle
[    6.335819][    T1] usbcore: registered new interface driver iuu_phoenix
[    6.336765][    T1] usbserial: USB Serial support registered for iuu_phoenix
[    6.337754][    T1] usbcore: registered new interface driver keyspan
[    6.338702][    T1] usbserial: USB Serial support registered for Keyspan - (without firmware)
[    6.339840][    T1] usbserial: USB Serial support registered for Keyspan 1 port adapter
[    6.340942][    T1] usbserial: USB Serial support registered for Keyspan 2 port adapter
[    6.345099][    T1] usbserial: USB Serial support registered for Keyspan 4 port adapter
[    6.346217][    T1] usbcore: registered new interface driver keyspan_pda
[    6.347226][    T1] usbserial: USB Serial support registered for Keyspan PDA
[    6.348268][    T1] usbserial: USB Serial support registered for Keyspan PDA - (prerenumeration)
[    6.349397][    T1] usbcore: registered new interface driver kl5kusb105
[    6.350374][    T1] usbserial: USB Serial support registered for KL5KUSB105D / PalmConnect
[    6.352152][    T1] usbcore: registered new interface driver kobil_sct
[    6.353101][    T1] usbserial: USB Serial support registered for KOBIL USB smart card terminal
[    6.354213][    T1] usbcore: registered new interface driver mct_u232
[    6.355215][    T1] usbserial: USB Serial support registered for MCT U232
[    6.356209][    T1] usbcore: registered new interface driver metro_usb
[    6.357177][    T1] usbserial: USB Serial support registered for Metrologic USB to Serial
[    6.358332][    T1] usbcore: registered new interface driver mos7720
[    6.359297][    T1] usbserial: USB Serial support registered for Moschip 2 port adapter
[    6.360103][    T1] usbcore: registered new interface driver mos7840
[    6.360681][    T1] usbserial: USB Serial support registered for Moschip 7840/7820 USB Serial Driver
[    6.363101][    T1] usbcore: registered new interface driver mxuport
[    6.364060][    T1] usbserial: USB Serial support registered for MOXA UPort
[    6.365092][    T1] usbcore: registered new interface driver navman
[    6.366087][    T1] usbserial: USB Serial support registered for navman
[    6.367104][    T1] usbcore: registered new interface driver omninet
[    6.368028][    T1] usbserial: USB Serial support registered for ZyXEL - omni.net usb
[    6.369116][    T1] usbcore: registered new interface driver opticon
[    6.370075][    T1] usbserial: USB Serial support registered for opticon
[    6.370768][    T1] usbcore: registered new interface driver option
[    6.372092][    T1] usbserial: USB Serial support registered for GSM modem (1-port)
[    6.372716][    T1] usbcore: registered new interface driver oti6858
[    6.373250][    T1] usbserial: USB Serial support registered for oti6858
[    6.373845][    T1] usbcore: registered new interface driver pl2303
[    6.374364][    T1] usbserial: USB Serial support registered for pl2303
[    6.374940][    T1] usbcore: registered new interface driver qcaux
[    6.375458][    T1] usbserial: USB Serial support registered for qcaux
[    6.376029][    T1] usbcore: registered new interface driver qcserial
[    6.376569][    T1] usbserial: USB Serial support registered for Qualcomm USB modem
[    6.377251][    T1] usbcore: registered new interface driver quatech2
[    6.377800][    T1] usbserial: USB Serial support registered for Quatech 2nd gen USB to Serial Driver
[    6.378600][    T1] usbcore: registered new interface driver safe_serial
[    6.379182][    T1] usbserial: USB Serial support registered for safe_serial
[    6.379811][    T1] usbcore: registered new interface driver sierra
[    6.380364][    T1] usbserial: USB Serial support registered for Sierra USB modem
[    6.381014][    T1] usbcore: registered new interface driver usb_serial_simple
[    6.391569][    T1] usbserial: USB Serial support registered for carelink
[    6.392608][    T1] usbserial: USB Serial support registered for flashloader
[    6.393661][    T1] usbserial: USB Serial support registered for funsoft
[    6.394670][    T1] usbserial: USB Serial support registered for google
[    6.395634][    T1] usbserial: USB Serial support registered for hp4x
[    6.396630][    T1] usbserial: USB Serial support registered for kaufmann
[    6.397655][    T1] usbserial: USB Serial support registered for libtransistor
[    6.398740][    T1] usbserial: USB Serial support registered for moto_modem
[    6.399759][    T1] usbserial: USB Serial support registered for motorola_tetra
[    6.400770][    T1] usbserial: USB Serial support registered for nokia
[    6.403402][    T1] usbserial: USB Serial support registered for novatel_gps
[    6.404496][    T1] usbserial: USB Serial support registered for siemens_mpi
[    6.405481][    T1] usbserial: USB Serial support registered for suunto
[    6.406450][    T1] usbserial: USB Serial support registered for vivopay
[    6.407438][    T1] usbserial: USB Serial support registered for zio
[    6.408398][    T1] usbcore: registered new interface driver spcp8x5
[    6.409298][    T1] usbserial: USB Serial support registered for SPCP8x5
[    6.410267][    T1] usbcore: registered new interface driver ssu100
[    6.411914][    T1] usbserial: USB Serial support registered for Quatech SSU-100 USB to Serial Driver
[    6.413102][    T1] usbcore: registered new interface driver symbolserial
[    6.414100][    T1] usbserial: USB Serial support registered for symbol
[    6.415128][    T1] usbcore: registered new interface driver ti_usb_3410_5052
[    6.416156][    T1] usbserial: USB Serial support registered for TI USB 3410 1 port adapter
[    6.417287][    T1] usbserial: USB Serial support registered for TI USB 5052 2 port adapter
[    6.418413][    T1] usbcore: registered new interface driver upd78f0730
[    6.419412][    T1] usbserial: USB Serial support registered for upd78f0730
[    6.422738][    T1] usbcore: registered new interface driver visor
[    6.423715][    T1] usbserial: USB Serial support registered for Handspring Visor / Palm OS
[    6.424775][    T1] usbserial: USB Serial support registered for Sony Clie 5.0
[    6.425787][    T1] usbserial: USB Serial support registered for Sony Clie 3.5
[    6.426487][    T1] usbcore: registered new interface driver wishbone_serial
[    6.427107][    T1] usbserial: USB Serial support registered for wishbone_serial
[    6.427750][    T1] usbcore: registered new interface driver whiteheat
[    6.428304][    T1] usbserial: USB Serial support registered for Connect Tech - WhiteHEAT - (prerenumeration)
[    6.429115][    T1] usbserial: USB Serial support registered for Connect Tech - WhiteHEAT
[    6.429802][    T1] usbcore: registered new interface driver xr_serial
[    6.430344][    T1] usbserial: USB Serial support registered for xr_serial
[    6.430945][    T1] usbcore: registered new interface driver xsens_mt
[    6.436063][    T1] usbserial: USB Serial support registered for xsens_mt
[    6.437130][    T1] usbcore: registered new interface driver adutux
[    6.438124][    T1] usbcore: registered new interface driver appledisplay
[    6.439393][    T1] usbcore: registered new interface driver cypress_cy7c63
[    6.440420][    T1] usbcore: registered new interface driver cytherm
[    6.441901][    T1] usbcore: registered new interface driver emi26 - firmware loader
[    6.442958][    T1] usbcore: registered new interface driver emi62 - firmware loader
[    6.444012][    T1] usbcore: registered new interface driver idmouse
[    6.444973][    T1] usbcore: registered new interface driver iowarrior
[    6.445971][    T1] usbcore: registered new interface driver isight_firmware
[    6.446997][    T1] usbcore: registered new interface driver usblcd
[    6.447956][    T1] usbcore: registered new interface driver ldusb
[    6.448923][    T1] usbcore: registered new interface driver legousbtower
[    6.449968][    T1] usbcore: registered new interface driver usbtest
[    6.451004][    T1] usbcore: registered new interface driver usb_ehset_test
[    6.453570][    T1] usbcore: registered new interface driver trancevibrator
[    6.454636][    T1] usbcore: registered new interface driver uss720
[    6.455114][    T1] uss720: USB Parport Cable driver for Cables using the Lucent Technologies USS720 Chip
[    6.455812][    T1] uss720: NOTE: this is a special purpose driver to allow nonstandard
[    6.456396][    T1] uss720: protocols (eg. bitbang) over USS720 usb to parallel cables
[    6.456971][    T1] uss720: If you just want to connect to a printer, use usblp instead
[    6.459943][    T1] usbcore: registered new interface driver usbsevseg
[    6.461018][    T1] usbcore: registered new interface driver yurex
[    6.463956][    T1] usbcore: registered new interface driver chaoskey
[    6.464967][    T1] usbcore: registered new interface driver sisusb
[    6.465929][    T1] usbcore: registered new interface driver lvs
[    6.466892][    T1] usbcore: registered new interface driver cxacru
[    6.467901][    T1] usbcore: registered new interface driver speedtch
[    6.468920][    T1] usbcore: registered new interface driver ueagle-atm
[    6.469431][    T1] xusbatm: malformed module parameters
[    6.470936][    T1] dummy_hcd dummy_hcd.0: USB Host+Gadget Emulator, driver 02 May 2005
[    6.474966][    T1] dummy_hcd dummy_hcd.0: Dummy host controller
[    6.477047][    T1] dummy_hcd dummy_hcd.0: new USB bus registered, assigned bus number 1
[    6.478718][    T1] usb usb1: New USB device found, idVendor=1d6b, idProduct=0002, bcdDevice= 6.07
[    6.479406][    T1] usb usb1: New USB device strings: Mfr=3, Product=2, SerialNumber=1
[    6.479968][    T1] usb usb1: Product: Dummy host controller
[    6.480384][    T1] usb usb1: Manufacturer: Linux 6.7.0-rc2-ga7e294fdb620-dirty dummy_hcd
[    6.480967][    T1] usb usb1: SerialNumber: dummy_hcd.0
[    6.486284][    T1] hub 1-0:1.0: USB hub found
[    6.486902][    T1] hub 1-0:1.0: 1 port detected
[    6.492101][    T1] dummy_hcd dummy_hcd.1: USB Host+Gadget Emulator, driver 02 May 2005
[    6.492723][    T1] dummy_hcd dummy_hcd.1: Dummy host controller
[    6.493739][    T1] dummy_hcd dummy_hcd.1: new USB bus registered, assigned bus number 2
[    6.495246][    T1] usb usb2: New USB device found, idVendor=1d6b, idProduct=0002, bcdDevice= 6.07
[    6.495914][    T1] usb usb2: New USB device strings: Mfr=3, Product=2, SerialNumber=1
[    6.496479][    T1] usb usb2: Product: Dummy host controller
[    6.496887][    T1] usb usb2: Manufacturer: Linux 6.7.0-rc2-ga7e294fdb620-dirty dummy_hcd
[    6.497468][    T1] usb usb2: SerialNumber: dummy_hcd.1
[    6.500024][    T1] hub 2-0:1.0: USB hub found
[    6.500834][    T1] hub 2-0:1.0: 1 port detected
[    6.504726][    T1] dummy_hcd dummy_hcd.2: USB Host+Gadget Emulator, driver 02 May 2005
[    6.505375][    T1] dummy_hcd dummy_hcd.2: Dummy host controller
[    6.506399][    T1] dummy_hcd dummy_hcd.2: new USB bus registered, assigned bus number 3
[    6.507924][    T1] usb usb3: New USB device found, idVendor=1d6b, idProduct=0002, bcdDevice= 6.07
[    6.508594][    T1] usb usb3: New USB device strings: Mfr=3, Product=2, SerialNumber=1
[    6.509190][    T1] usb usb3: Product: Dummy host controller
[    6.509624][    T1] usb usb3: Manufacturer: Linux 6.7.0-rc2-ga7e294fdb620-dirty dummy_hcd
[    6.510239][    T1] usb usb3: SerialNumber: dummy_hcd.2
[    6.515288][    T1] hub 3-0:1.0: USB hub found
[    6.516069][    T1] hub 3-0:1.0: 1 port detected
[    6.519542][    T1] dummy_hcd dummy_hcd.3: USB Host+Gadget Emulator, driver 02 May 2005
[    6.520164][    T1] dummy_hcd dummy_hcd.3: Dummy host controller
[    6.521868][    T1] dummy_hcd dummy_hcd.3: new USB bus registered, assigned bus number 4
[    6.523532][    T1] usb usb4: New USB device found, idVendor=1d6b, idProduct=0002, bcdDevice= 6.07
[    6.524221][    T1] usb usb4: New USB device strings: Mfr=3, Product=2, SerialNumber=1
[    6.524796][    T1] usb usb4: Product: Dummy host controller
[    6.525222][    T1] usb usb4: Manufacturer: Linux 6.7.0-rc2-ga7e294fdb620-dirty dummy_hcd
[    6.525837][    T1] usb usb4: SerialNumber: dummy_hcd.3
[    6.528730][    T1] hub 4-0:1.0: USB hub found
[    6.529196][    T1] hub 4-0:1.0: 1 port detected
[    6.533176][    T1] dummy_hcd dummy_hcd.4: USB Host+Gadget Emulator, driver 02 May 2005
[    6.533808][    T1] dummy_hcd dummy_hcd.4: Dummy host controller
[    6.535086][    T1] dummy_hcd dummy_hcd.4: new USB bus registered, assigned bus number 5
[    6.536670][    T1] usb usb5: New USB device found, idVendor=1d6b, idProduct=0002, bcdDevice= 6.07
[    6.537342][    T1] usb usb5: New USB device strings: Mfr=3, Product=2, SerialNumber=1
[    6.537933][    T1] usb usb5: Product: Dummy host controller
[    6.538369][    T1] usb usb5: Manufacturer: Linux 6.7.0-rc2-ga7e294fdb620-dirty dummy_hcd
[    6.539000][    T1] usb usb5: SerialNumber: dummy_hcd.4
[    6.542286][    T1] hub 5-0:1.0: USB hub found
[    6.542762][    T1] hub 5-0:1.0: 1 port detected
[    6.546537][    T1] dummy_hcd dummy_hcd.5: USB Host+Gadget Emulator, driver 02 May 2005
[    6.547179][    T1] dummy_hcd dummy_hcd.5: Dummy host controller
[    6.548197][    T1] dummy_hcd dummy_hcd.5: new USB bus registered, assigned bus number 6
[    6.549808][    T1] usb usb6: New USB device found, idVendor=1d6b, idProduct=0002, bcdDevice= 6.07
[    6.550454][    T1] usb usb6: New USB device strings: Mfr=3, Product=2, SerialNumber=1
[    6.551026][    T1] usb usb6: Product: Dummy host controller
[    6.551918][    T1] usb usb6: Manufacturer: Linux 6.7.0-rc2-ga7e294fdb620-dirty dummy_hcd
[    6.552523][    T1] usb usb6: SerialNumber: dummy_hcd.5
[    6.555448][    T1] hub 6-0:1.0: USB hub found
[    6.555953][    T1] hub 6-0:1.0: 1 port detected
[    6.559530][    T1] dummy_hcd dummy_hcd.6: USB Host+Gadget Emulator, driver 02 May 2005
[    6.560177][    T1] dummy_hcd dummy_hcd.6: Dummy host controller
[    6.562100][    T1] dummy_hcd dummy_hcd.6: new USB bus registered, assigned bus number 7
[    6.563714][    T1] usb usb7: New USB device found, idVendor=1d6b, idProduct=0002, bcdDevice= 6.07
[    6.564368][    T1] usb usb7: New USB device strings: Mfr=3, Product=2, SerialNumber=1
[    6.564961][    T1] usb usb7: Product: Dummy host controller
[    6.565372][    T1] usb usb7: Manufacturer: Linux 6.7.0-rc2-ga7e294fdb620-dirty dummy_hcd
[    6.565987][    T1] usb usb7: SerialNumber: dummy_hcd.6
[    6.570924][    T1] hub 7-0:1.0: USB hub found
[    6.571821][    T1] hub 7-0:1.0: 1 port detected
[    6.574743][    T1] dummy_hcd dummy_hcd.7: USB Host+Gadget Emulator, driver 02 May 2005
[    6.575394][    T1] dummy_hcd dummy_hcd.7: Dummy host controller
[    6.577935][    T1] dummy_hcd dummy_hcd.7: new USB bus registered, assigned bus number 8
[    6.579153][    T1] usb usb8: New USB device found, idVendor=1d6b, idProduct=0002, bcdDevice= 6.07
[    6.579845][    T1] usb usb8: New USB device strings: Mfr=3, Product=2, SerialNumber=1
[    6.580445][    T1] usb usb8: Product: Dummy host controller
[    6.580877][    T1] usb usb8: Manufacturer: Linux 6.7.0-rc2-ga7e294fdb620-dirty dummy_hcd
[    6.581821][    T1] usb usb8: SerialNumber: dummy_hcd.7
[    6.584673][    T1] hub 8-0:1.0: USB hub found
[    6.585121][    T1] hub 8-0:1.0: 1 port detected
[    6.614038][    T1] gadgetfs: USB Gadget filesystem, version 24 Aug 2004
[    6.622741][    T1] vhci_hcd vhci_hcd.0: USB/IP Virtual Host Controller
[    6.624238][    T1] vhci_hcd vhci_hcd.0: new USB bus registered, assigned bus number 9
[    6.625168][    T1] vhci_hcd: created sysfs vhci_hcd.0
[    6.626216][    T1] usb usb9: New USB device found, idVendor=1d6b, idProduct=0002, bcdDevice= 6.07
[    6.626880][    T1] usb usb9: New USB device strings: Mfr=3, Product=2, SerialNumber=1
[    6.627494][    T1] usb usb9: Product: USB/IP Virtual Host Controller
[    6.627981][    T1] usb usb9: Manufacturer: Linux 6.7.0-rc2-ga7e294fdb620-dirty vhci_hcd
[    6.628600][    T1] usb usb9: SerialNumber: vhci_hcd.0
[    6.631874][    T1] hub 9-0:1.0: USB hub found
[    6.632415][    T1] hub 9-0:1.0: 8 ports detected
[    6.638862][    T1] vhci_hcd vhci_hcd.0: USB/IP Virtual Host Controller
[    6.639886][    T1] vhci_hcd vhci_hcd.0: new USB bus registered, assigned bus number 10
[    6.644393][    T1] usb usb10: We don't know the algorithms for LPM for this host, disabling LPM.
[    6.645686][    T1] usb usb10: New USB device found, idVendor=1d6b, idProduct=0003, bcdDevice= 6.07
[    6.646375][    T1] usb usb10: New USB device strings: Mfr=3, Product=2, SerialNumber=1
[    6.646993][    T1] usb usb10: Product: USB/IP Virtual Host Controller
[    6.647482][    T1] usb usb10: Manufacturer: Linux 6.7.0-rc2-ga7e294fdb620-dirty vhci_hcd
[    6.648091][    T1] usb usb10: SerialNumber: vhci_hcd.0
[    6.652033][    T1] hub 10-0:1.0: USB hub found
[    6.652533][    T1] hub 10-0:1.0: 8 ports detected
[    6.659951][    T1] vhci_hcd vhci_hcd.1: USB/IP Virtual Host Controller
[    6.662423][    T1] vhci_hcd vhci_hcd.1: new USB bus registered, assigned bus number 11
[    6.663621][    T1] usb usb11: New USB device found, idVendor=1d6b, idProduct=0002, bcdDevice= 6.07
[    6.664317][    T1] usb usb11: New USB device strings: Mfr=3, Product=2, SerialNumber=1
[    6.664933][    T1] usb usb11: Product: USB/IP Virtual Host Controller
[    6.665438][    T1] usb usb11: Manufacturer: Linux 6.7.0-rc2-ga7e294fdb620-dirty vhci_hcd
[    6.666066][    T1] usb usb11: SerialNumber: vhci_hcd.1
[    6.669000][    T1] hub 11-0:1.0: USB hub found
[    6.669479][    T1] hub 11-0:1.0: 8 ports detected
[    6.675739][    T1] vhci_hcd vhci_hcd.1: USB/IP Virtual Host Controller
[    6.676779][    T1] vhci_hcd vhci_hcd.1: new USB bus registered, assigned bus number 12
[    6.677953][    T1] usb usb12: We don't know the algorithms for LPM for this host, disabling LPM.
[    6.679095][    T1] usb usb12: New USB device found, idVendor=1d6b, idProduct=0003, bcdDevice= 6.07
[    6.679760][    T1] usb usb12: New USB device strings: Mfr=3, Product=2, SerialNumber=1
[    6.680373][    T1] usb usb12: Product: USB/IP Virtual Host Controller
[    6.680896][    T1] usb usb12: Manufacturer: Linux 6.7.0-rc2-ga7e294fdb620-dirty vhci_hcd
[    6.682019][    T1] usb usb12: SerialNumber: vhci_hcd.1
[    6.684646][    T1] hub 12-0:1.0: USB hub found
[    6.685486][    T1] hub 12-0:1.0: 8 ports detected
[    6.693165][    T1] vhci_hcd vhci_hcd.2: USB/IP Virtual Host Controller
[    6.695448][    T1] vhci_hcd vhci_hcd.2: new USB bus registered, assigned bus number 13
[    6.696623][    T1] usb usb13: New USB device found, idVendor=1d6b, idProduct=0002, bcdDevice= 6.07
[    6.697284][    T1] usb usb13: New USB device strings: Mfr=3, Product=2, SerialNumber=1
[    6.697867][    T1] usb usb13: Product: USB/IP Virtual Host Controller
[    6.698364][    T1] usb usb13: Manufacturer: Linux 6.7.0-rc2-ga7e294fdb620-dirty vhci_hcd
[    6.698992][    T1] usb usb13: SerialNumber: vhci_hcd.2
[    6.702254][    T1] hub 13-0:1.0: USB hub found
[    6.702753][    T1] hub 13-0:1.0: 8 ports detected
[    6.708990][    T1] vhci_hcd vhci_hcd.2: USB/IP Virtual Host Controller
[    6.710364][    T1] vhci_hcd vhci_hcd.2: new USB bus registered, assigned bus number 14
[    6.711806][    T1] usb usb14: We don't know the algorithms for LPM for this host, disabling LPM.
[    6.712934][    T1] usb usb14: New USB device found, idVendor=1d6b, idProduct=0003, bcdDevice= 6.07
[    6.713609][    T1] usb usb14: New USB device strings: Mfr=3, Product=2, SerialNumber=1
[    6.714203][    T1] usb usb14: Product: USB/IP Virtual Host Controller
[    6.714694][    T1] usb usb14: Manufacturer: Linux 6.7.0-rc2-ga7e294fdb620-dirty vhci_hcd
[    6.715311][    T1] usb usb14: SerialNumber: vhci_hcd.2
[    6.717829][    T1] hub 14-0:1.0: USB hub found
[    6.718765][    T1] hub 14-0:1.0: 8 ports detected
[    6.728238][    T1] vhci_hcd vhci_hcd.3: USB/IP Virtual Host Controller
[    6.730508][    T1] vhci_hcd vhci_hcd.3: new USB bus registered, assigned bus number 15
[    6.731758][    T1] usb usb15: New USB device found, idVendor=1d6b, idProduct=0002, bcdDevice= 6.07
[    6.732418][    T1] usb usb15: New USB device strings: Mfr=3, Product=2, SerialNumber=1
[    6.733002][    T1] usb usb15: Product: USB/IP Virtual Host Controller
[    6.733497][    T1] usb usb15: Manufacturer: Linux 6.7.0-rc2-ga7e294fdb620-dirty vhci_hcd
[    6.734121][    T1] usb usb15: SerialNumber: vhci_hcd.3
[    6.737215][    T1] hub 15-0:1.0: USB hub found
[    6.737707][    T1] hub 15-0:1.0: 8 ports detected
[    6.744421][    T1] vhci_hcd vhci_hcd.3: USB/IP Virtual Host Controller
[    6.746266][    T1] vhci_hcd vhci_hcd.3: new USB bus registered, assigned bus number 16
[    6.747124][    T1] usb usb16: We don't know the algorithms for LPM for this host, disabling LPM.
[    6.748258][    T1] usb usb16: New USB device found, idVendor=1d6b, idProduct=0003, bcdDevice= 6.07
[    6.748919][    T1] usb usb16: New USB device strings: Mfr=3, Product=2, SerialNumber=1
[    6.749508][    T1] usb usb16: Product: USB/IP Virtual Host Controller
[    6.749995][    T1] usb usb16: Manufacturer: Linux 6.7.0-rc2-ga7e294fdb620-dirty vhci_hcd
[    6.750614][    T1] usb usb16: SerialNumber: vhci_hcd.3
[    6.753517][    T1] hub 16-0:1.0: USB hub found
[    6.754453][    T1] hub 16-0:1.0: 8 ports detected
[    6.762313][    T1] vhci_hcd vhci_hcd.4: USB/IP Virtual Host Controller
[    6.764581][    T1] vhci_hcd vhci_hcd.4: new USB bus registered, assigned bus number 17
[    6.765740][    T1] usb usb17: New USB device found, idVendor=1d6b, idProduct=0002, bcdDevice= 6.07
[    6.766408][    T1] usb usb17: New USB device strings: Mfr=3, Product=2, SerialNumber=1
[    6.767010][    T1] usb usb17: Product: USB/IP Virtual Host Controller
[    6.767480][    T1] usb usb17: Manufacturer: Linux 6.7.0-rc2-ga7e294fdb620-dirty vhci_hcd
[    6.768096][    T1] usb usb17: SerialNumber: vhci_hcd.4
[    6.771571][    T1] hub 17-0:1.0: USB hub found
[    6.772259][    T1] hub 17-0:1.0: 8 ports detected
[    6.778315][    T1] vhci_hcd vhci_hcd.4: USB/IP Virtual Host Controller
[    6.779829][    T1] vhci_hcd vhci_hcd.4: new USB bus registered, assigned bus number 18
[    6.781011][    T1] usb usb18: We don't know the algorithms for LPM for this host, disabling LPM.
[    6.782508][    T1] usb usb18: New USB device found, idVendor=1d6b, idProduct=0003, bcdDevice= 6.07
[    6.783197][    T1] usb usb18: New USB device strings: Mfr=3, Product=2, SerialNumber=1
[    6.783783][    T1] usb usb18: Product: USB/IP Virtual Host Controller
[    6.784257][    T1] usb usb18: Manufacturer: Linux 6.7.0-rc2-ga7e294fdb620-dirty vhci_hcd
[    6.784877][    T1] usb usb18: SerialNumber: vhci_hcd.4
[    6.787560][    T1] hub 18-0:1.0: USB hub found
[    6.788385][    T1] hub 18-0:1.0: 8 ports detected
[    6.796641][    T1] vhci_hcd vhci_hcd.5: USB/IP Virtual Host Controller
[    6.797986][    T1] vhci_hcd vhci_hcd.5: new USB bus registered, assigned bus number 19
[    6.799623][    T1] usb usb19: New USB device found, idVendor=1d6b, idProduct=0002, bcdDevice= 6.07
[    6.800270][    T1] usb usb19: New USB device strings: Mfr=3, Product=2, SerialNumber=1
[    6.800868][    T1] usb usb19: Product: USB/IP Virtual Host Controller
[    6.801600][    T1] usb usb19: Manufacturer: Linux 6.7.0-rc2-ga7e294fdb620-dirty vhci_hcd
[    6.802192][    T1] usb usb19: SerialNumber: vhci_hcd.5
[    6.807292][    T1] hub 19-0:1.0: USB hub found
[    6.807781][    T1] hub 19-0:1.0: 8 ports detected
[    6.814184][    T1] vhci_hcd vhci_hcd.5: USB/IP Virtual Host Controller
[    6.816013][    T1] vhci_hcd vhci_hcd.5: new USB bus registered, assigned bus number 20
[    6.816835][    T1] usb usb20: We don't know the algorithms for LPM for this host, disabling LPM.
[    6.817990][    T1] usb usb20: New USB device found, idVendor=1d6b, idProduct=0003, bcdDevice= 6.07
[    6.818646][    T1] usb usb20: New USB device strings: Mfr=3, Product=2, SerialNumber=1
[    6.819214][    T1] usb usb20: Product: USB/IP Virtual Host Controller
[    6.819688][    T1] usb usb20: Manufacturer: Linux 6.7.0-rc2-ga7e294fdb620-dirty vhci_hcd
[    6.820284][    T1] usb usb20: SerialNumber: vhci_hcd.5
[    6.823383][    T1] hub 20-0:1.0: USB hub found
[    6.823866][    T1] hub 20-0:1.0: 8 ports detected
[    6.832402][    T1] vhci_hcd vhci_hcd.6: USB/IP Virtual Host Controller
[    6.833682][    T1] vhci_hcd vhci_hcd.6: new USB bus registered, assigned bus number 21
[    6.835236][    T1] usb usb21: New USB device found, idVendor=1d6b, idProduct=0002, bcdDevice= 6.07
[    6.835900][    T1] usb usb21: New USB device strings: Mfr=3, Product=2, SerialNumber=1
[    6.836502][    T1] usb usb21: Product: USB/IP Virtual Host Controller
[    6.836988][    T1] usb usb21: Manufacturer: Linux 6.7.0-rc2-ga7e294fdb620-dirty vhci_hcd
[    6.837593][    T1] usb usb21: SerialNumber: vhci_hcd.6
[    6.840564][    T1] hub 21-0:1.0: USB hub found
[    6.841633][    T1] hub 21-0:1.0: 8 ports detected
[    6.847921][    T1] vhci_hcd vhci_hcd.6: USB/IP Virtual Host Controller
[    6.849042][    T1] vhci_hcd vhci_hcd.6: new USB bus registered, assigned bus number 22
[    6.850313][    T1] usb usb22: We don't know the algorithms for LPM for this host, disabling LPM.
[    6.851800][    T1] usb usb22: New USB device found, idVendor=1d6b, idProduct=0003, bcdDevice= 6.07
[    6.852444][    T1] usb usb22: New USB device strings: Mfr=3, Product=2, SerialNumber=1
[    6.853038][    T1] usb usb22: Product: USB/IP Virtual Host Controller
[    6.853502][    T1] usb usb22: Manufacturer: Linux 6.7.0-rc2-ga7e294fdb620-dirty vhci_hcd
[    6.854101][    T1] usb usb22: SerialNumber: vhci_hcd.6
[    6.856657][    T1] hub 22-0:1.0: USB hub found
[    6.857458][    T1] hub 22-0:1.0: 8 ports detected
[    6.863196][    T1] vhci_hcd vhci_hcd.7: USB/IP Virtual Host Controller
[    6.867725][    T1] vhci_hcd vhci_hcd.7: new USB bus registered, assigned bus number 23
[    6.868941][    T1] usb usb23: New USB device found, idVendor=1d6b, idProduct=0002, bcdDevice= 6.07
[    6.869632][    T1] usb usb23: New USB device strings: Mfr=3, Product=2, SerialNumber=1
[    6.870242][    T1] usb usb23: Product: USB/IP Virtual Host Controller
[    6.870745][    T1] usb usb23: Manufacturer: Linux 6.7.0-rc2-ga7e294fdb620-dirty vhci_hcd
[    6.871636][    T1] usb usb23: SerialNumber: vhci_hcd.7
[    6.874566][    T1] hub 23-0:1.0: USB hub found
[    6.875072][    T1] hub 23-0:1.0: 8 ports detected
[    6.882371][    T1] vhci_hcd vhci_hcd.7: USB/IP Virtual Host Controller
[    6.883785][    T1] vhci_hcd vhci_hcd.7: new USB bus registered, assigned bus number 24
[    6.884967][    T1] usb usb24: We don't know the algorithms for LPM for this host, disabling LPM.
[    6.886070][    T1] usb usb24: New USB device found, idVendor=1d6b, idProduct=0003, bcdDevice= 6.07
[    6.886742][    T1] usb usb24: New USB device strings: Mfr=3, Product=2, SerialNumber=1
[    6.887318][    T1] usb usb24: Product: USB/IP Virtual Host Controller
[    6.887788][    T1] usb usb24: Manufacturer: Linux 6.7.0-rc2-ga7e294fdb620-dirty vhci_hcd
[    6.888391][    T1] usb usb24: SerialNumber: vhci_hcd.7
[    6.891152][    T1] hub 24-0:1.0: USB hub found
[    6.891825][    T1] hub 24-0:1.0: 8 ports detected
[    6.899343][    T1] vhci_hcd vhci_hcd.8: USB/IP Virtual Host Controller
[    6.901765][    T1] vhci_hcd vhci_hcd.8: new USB bus registered, assigned bus number 25
[    6.902938][    T1] usb usb25: New USB device found, idVendor=1d6b, idProduct=0002, bcdDevice= 6.07
[    6.903631][    T1] usb usb25: New USB device strings: Mfr=3, Product=2, SerialNumber=1
[    6.904240][    T1] usb usb25: Product: USB/IP Virtual Host Controller
[    6.904746][    T1] usb usb25: Manufacturer: Linux 6.7.0-rc2-ga7e294fdb620-dirty vhci_hcd
[    6.905371][    T1] usb usb25: SerialNumber: vhci_hcd.8
[    6.908347][    T1] hub 25-0:1.0: USB hub found
[    6.908836][    T1] hub 25-0:1.0: 8 ports detected
[    6.915150][    T1] vhci_hcd vhci_hcd.8: USB/IP Virtual Host Controller
[    6.916508][    T1] vhci_hcd vhci_hcd.8: new USB bus registered, assigned bus number 26
[    6.917763][    T1] usb usb26: We don't know the algorithms for LPM for this host, disabling LPM.
[    6.918862][    T1] usb usb26: New USB device found, idVendor=1d6b, idProduct=0003, bcdDevice= 6.07
[    6.919539][    T1] usb usb26: New USB device strings: Mfr=3, Product=2, SerialNumber=1
[    6.920096][    T1] usb usb26: Product: USB/IP Virtual Host Controller
[    6.920575][    T1] usb usb26: Manufacturer: Linux 6.7.0-rc2-ga7e294fdb620-dirty vhci_hcd
[    6.921526][    T1] usb usb26: SerialNumber: vhci_hcd.8
[    6.923961][    T1] hub 26-0:1.0: USB hub found
[    6.924852][    T1] hub 26-0:1.0: 8 ports detected
[    6.932834][    T1] vhci_hcd vhci_hcd.9: USB/IP Virtual Host Controller
[    6.934151][    T1] vhci_hcd vhci_hcd.9: new USB bus registered, assigned bus number 27
[    6.935841][    T1] usb usb27: New USB device found, idVendor=1d6b, idProduct=0002, bcdDevice= 6.07
[    6.936521][    T1] usb usb27: New USB device strings: Mfr=3, Product=2, SerialNumber=1
[    6.937107][    T1] usb usb27: Product: USB/IP Virtual Host Controller
[    6.937569][    T1] usb usb27: Manufacturer: Linux 6.7.0-rc2-ga7e294fdb620-dirty vhci_hcd
[    6.938179][    T1] usb usb27: SerialNumber: vhci_hcd.9
[    6.941424][    T1] hub 27-0:1.0: USB hub found
[    6.942089][    T1] hub 27-0:1.0: 8 ports detected
[    6.948027][    T1] vhci_hcd vhci_hcd.9: USB/IP Virtual Host Controller
[    6.949442][    T1] vhci_hcd vhci_hcd.9: new USB bus registered, assigned bus number 28
[    6.950632][    T1] usb usb28: We don't know the algorithms for LPM for this host, disabling LPM.
[    6.952147][    T1] usb usb28: New USB device found, idVendor=1d6b, idProduct=0003, bcdDevice= 6.07
[    6.952789][    T1] usb usb28: New USB device strings: Mfr=3, Product=2, SerialNumber=1
[    6.953378][    T1] usb usb28: Product: USB/IP Virtual Host Controller
[    6.953838][    T1] usb usb28: Manufacturer: Linux 6.7.0-rc2-ga7e294fdb620-dirty vhci_hcd
[    6.954434][    T1] usb usb28: SerialNumber: vhci_hcd.9
[    6.956995][    T1] hub 28-0:1.0: USB hub found
[    6.957811][    T1] hub 28-0:1.0: 8 ports detected
[    6.966519][    T1] vhci_hcd vhci_hcd.10: USB/IP Virtual Host Controller
[    6.967667][    T1] vhci_hcd vhci_hcd.10: new USB bus registered, assigned bus number 29
[    6.969231][    T1] usb usb29: New USB device found, idVendor=1d6b, idProduct=0002, bcdDevice= 6.07
[    6.969923][    T1] usb usb29: New USB device strings: Mfr=3, Product=2, SerialNumber=1
[    6.970578][    T1] usb usb29: Product: USB/IP Virtual Host Controller
[    6.971406][    T1] usb usb29: Manufacturer: Linux 6.7.0-rc2-ga7e294fdb620-dirty vhci_hcd
[    6.972028][    T1] usb usb29: SerialNumber: vhci_hcd.10
[    6.974618][    T1] hub 29-0:1.0: USB hub found
[    6.975628][    T1] hub 29-0:1.0: 8 ports detected
[    6.981737][    T1] vhci_hcd vhci_hcd.10: USB/IP Virtual Host Controller
[    6.983613][    T1] vhci_hcd vhci_hcd.10: new USB bus registered, assigned bus number 30
[    6.984411][    T1] usb usb30: We don't know the algorithms for LPM for this host, disabling LPM.
[    6.985524][    T1] usb usb30: New USB device found, idVendor=1d6b, idProduct=0003, bcdDevice= 6.07
[    6.986187][    T1] usb usb30: New USB device strings: Mfr=3, Product=2, SerialNumber=1
[    6.986753][    T1] usb usb30: Product: USB/IP Virtual Host Controller
[    6.987234][    T1] usb usb30: Manufacturer: Linux 6.7.0-rc2-ga7e294fdb620-dirty vhci_hcd
[    6.987826][    T1] usb usb30: SerialNumber: vhci_hcd.10
[    6.990278][    T1] hub 30-0:1.0: USB hub found
[    6.991765][    T1] hub 30-0:1.0: 8 ports detected
[    7.000302][    T1] vhci_hcd vhci_hcd.11: USB/IP Virtual Host Controller
[    7.002115][    T1] vhci_hcd vhci_hcd.11: new USB bus registered, assigned bus number 31
[    7.003333][    T1] usb usb31: New USB device found, idVendor=1d6b, idProduct=0002, bcdDevice= 6.07
[    7.004024][    T1] usb usb31: New USB device strings: Mfr=3, Product=2, SerialNumber=1
[    7.004634][    T1] usb usb31: Product: USB/IP Virtual Host Controller
[    7.005134][    T1] usb usb31: Manufacturer: Linux 6.7.0-rc2-ga7e294fdb620-dirty vhci_hcd
[    7.005766][    T1] usb usb31: SerialNumber: vhci_hcd.11
[    7.008217][    T1] hub 31-0:1.0: USB hub found
[    7.009126][    T1] hub 31-0:1.0: 8 ports detected
[    7.015711][    T1] vhci_hcd vhci_hcd.11: USB/IP Virtual Host Controller
[    7.017080][    T1] vhci_hcd vhci_hcd.11: new USB bus registered, assigned bus number 32
[    7.017902][    T1] usb usb32: We don't know the algorithms for LPM for this host, disabling LPM.
[    7.018994][    T1] usb usb32: New USB device found, idVendor=1d6b, idProduct=0003, bcdDevice= 6.07
[    7.019650][    T1] usb usb32: New USB device strings: Mfr=3, Product=2, SerialNumber=1
[    7.020221][    T1] usb usb32: Product: USB/IP Virtual Host Controller
[    7.020705][    T1] usb usb32: Manufacturer: Linux 6.7.0-rc2-ga7e294fdb620-dirty vhci_hcd
[    7.021606][    T1] usb usb32: SerialNumber: vhci_hcd.11
[    7.024482][    T1] hub 32-0:1.0: USB hub found
[    7.024944][    T1] hub 32-0:1.0: 8 ports detected
[    7.032753][    T1] vhci_hcd vhci_hcd.12: USB/IP Virtual Host Controller
[    7.035142][    T1] vhci_hcd vhci_hcd.12: new USB bus registered, assigned bus number 33
[    7.036346][    T1] usb usb33: New USB device found, idVendor=1d6b, idProduct=0002, bcdDevice= 6.07
[    7.037006][    T1] usb usb33: New USB device strings: Mfr=3, Product=2, SerialNumber=1
[    7.037613][    T1] usb usb33: Product: USB/IP Virtual Host Controller
[    7.038110][    T1] usb usb33: Manufacturer: Linux 6.7.0-rc2-ga7e294fdb620-dirty vhci_hcd
[    7.038724][    T1] usb usb33: SerialNumber: vhci_hcd.12
[    7.041725][    T1] hub 33-0:1.0: USB hub found
[    7.042583][    T1] hub 33-0:1.0: 8 ports detected
[    7.048551][    T1] vhci_hcd vhci_hcd.12: USB/IP Virtual Host Controller
[    7.050265][    T1] vhci_hcd vhci_hcd.12: new USB bus registered, assigned bus number 34
[    7.051576][    T1] usb usb34: We don't know the algorithms for LPM for this host, disabling LPM.
[    7.052672][    T1] usb usb34: New USB device found, idVendor=1d6b, idProduct=0003, bcdDevice= 6.07
[    7.053326][    T1] usb usb34: New USB device strings: Mfr=3, Product=2, SerialNumber=1
[    7.053916][    T1] usb usb34: Product: USB/IP Virtual Host Controller
[    7.054387][    T1] usb usb34: Manufacturer: Linux 6.7.0-rc2-ga7e294fdb620-dirty vhci_hcd
[    7.054999][    T1] usb usb34: SerialNumber: vhci_hcd.12
[    7.057901][    T1] hub 34-0:1.0: USB hub found
[    7.058384][    T1] hub 34-0:1.0: 8 ports detected
[    7.066463][    T1] vhci_hcd vhci_hcd.13: USB/IP Virtual Host Controller
[    7.067752][    T1] vhci_hcd vhci_hcd.13: new USB bus registered, assigned bus number 35
[    7.069368][    T1] usb usb35: New USB device found, idVendor=1d6b, idProduct=0002, bcdDevice= 6.07
[    7.070068][    T1] usb usb35: New USB device strings: Mfr=3, Product=2, SerialNumber=1
[    7.070669][    T1] usb usb35: Product: USB/IP Virtual Host Controller
[    7.071471][    T1] usb usb35: Manufacturer: Linux 6.7.0-rc2-ga7e294fdb620-dirty vhci_hcd
[    7.072068][    T1] usb usb35: SerialNumber: vhci_hcd.13
[    7.074983][    T1] hub 35-0:1.0: USB hub found
[    7.075460][    T1] hub 35-0:1.0: 8 ports detected
[    7.080412][    T1] vhci_hcd vhci_hcd.13: USB/IP Virtual Host Controller
[    7.081558][    T1] vhci_hcd vhci_hcd.13: new USB bus registered, assigned bus number 36
[    7.082111][    T1] usb usb36: We don't know the algorithms for LPM for this host, disabling LPM.
[    7.082854][    T1] usb usb36: New USB device found, idVendor=1d6b, idProduct=0003, bcdDevice= 6.07
[    7.083316][    T1] usb usb36: New USB device strings: Mfr=3, Product=2, SerialNumber=1
[    7.083714][    T1] usb usb36: Product: USB/IP Virtual Host Controller
[    7.084046][    T1] usb usb36: Manufacturer: Linux 6.7.0-rc2-ga7e294fdb620-dirty vhci_hcd
[    7.084456][    T1] usb usb36: SerialNumber: vhci_hcd.13
[    7.086216][    T1] hub 36-0:1.0: USB hub found
[    7.086868][    T1] hub 36-0:1.0: 8 ports detected
[    7.094713][    T1] vhci_hcd vhci_hcd.14: USB/IP Virtual Host Controller
[    7.098963][    T1] vhci_hcd vhci_hcd.14: new USB bus registered, assigned bus number 37
[    7.100125][    T1] usb usb37: New USB device found, idVendor=1d6b, idProduct=0002, bcdDevice= 6.07
[    7.100767][    T1] usb usb37: New USB device strings: Mfr=3, Product=2, SerialNumber=1
[    7.101710][    T1] usb usb37: Product: USB/IP Virtual Host Controller
[    7.102198][    T1] usb usb37: Manufacturer: Linux 6.7.0-rc2-ga7e294fdb620-dirty vhci_hcd
[    7.102786][    T1] usb usb37: SerialNumber: vhci_hcd.14
[    7.105755][    T1] hub 37-0:1.0: USB hub found
[    7.106240][    T1] hub 37-0:1.0: 8 ports detected
[    7.112863][    T1] vhci_hcd vhci_hcd.14: USB/IP Virtual Host Controller
[    7.114333][    T1] vhci_hcd vhci_hcd.14: new USB bus registered, assigned bus number 38
[    7.115546][    T1] usb usb38: We don't know the algorithms for LPM for this host, disabling LPM.
[    7.116686][    T1] usb usb38: New USB device found, idVendor=1d6b, idProduct=0003, bcdDevice= 6.07
[    7.117351][    T1] usb usb38: New USB device strings: Mfr=3, Product=2, SerialNumber=1
[    7.117914][    T1] usb usb38: Product: USB/IP Virtual Host Controller
[    7.118372][    T1] usb usb38: Manufacturer: Linux 6.7.0-rc2-ga7e294fdb620-dirty vhci_hcd
[    7.118975][    T1] usb usb38: SerialNumber: vhci_hcd.14
[    7.121651][    T1] hub 38-0:1.0: USB hub found
[    7.122620][    T1] hub 38-0:1.0: 8 ports detected
[    7.130622][    T1] vhci_hcd vhci_hcd.15: USB/IP Virtual Host Controller
[    7.132230][    T1] vhci_hcd vhci_hcd.15: new USB bus registered, assigned bus number 39
[    7.133819][    T1] usb usb39: New USB device found, idVendor=1d6b, idProduct=0002, bcdDevice= 6.07
[    7.134487][    T1] usb usb39: New USB device strings: Mfr=3, Product=2, SerialNumber=1
[    7.134943][    T1] usb usb39: Product: USB/IP Virtual Host Controller
[    7.135275][    T1] usb usb39: Manufacturer: Linux 6.7.0-rc2-ga7e294fdb620-dirty vhci_hcd
[    7.135687][    T1] usb usb39: SerialNumber: vhci_hcd.15
[    7.137530][    T1] hub 39-0:1.0: USB hub found
[    7.137851][    T1] hub 39-0:1.0: 8 ports detected
[    7.142131][    T1] vhci_hcd vhci_hcd.15: USB/IP Virtual Host Controller
[    7.143064][    T1] vhci_hcd vhci_hcd.15: new USB bus registered, assigned bus number 40
[    7.143624][    T1] usb usb40: We don't know the algorithms for LPM for this host, disabling LPM.
[    7.144363][    T1] usb usb40: New USB device found, idVendor=1d6b, idProduct=0003, bcdDevice= 6.07
[    7.144934][    T1] usb usb40: New USB device strings: Mfr=3, Product=2, SerialNumber=1
[    7.145396][    T1] usb usb40: Product: USB/IP Virtual Host Controller
[    7.145727][    T1] usb usb40: Manufacturer: Linux 6.7.0-rc2-ga7e294fdb620-dirty vhci_hcd
[    7.146138][    T1] usb usb40: SerialNumber: vhci_hcd.15
[    7.148221][    T1] hub 40-0:1.0: USB hub found
[    7.148547][    T1] hub 40-0:1.0: 8 ports detected
[    7.153644][    T1] usbcore: registered new device driver usbip-host
[    7.158900][    T1] i8042: PNP: PS/2 Controller [PNP0303:KBD,PNP0f13:MOU] at 0x60,0x64 irq 1,12
[    7.160760][    T1] serio: i8042 KBD port at 0x60,0x64 irq 1
[    7.167055][    T1] serio: i8042 AUX port at 0x60,0x64 irq 12
[    7.171760][    T1] mousedev: PS/2 mouse device common for all mice
[    7.174729][    T1] usbcore: registered new interface driver appletouch
[    7.175420][    T1] usbcore: registered new interface driver bcm5974
[    7.176244][    T1] usbcore: registered new interface driver synaptics_usb
[    7.176914][    T1] usbcore: registered new interface driver iforce
[    7.177595][    T1] usbcore: registered new interface driver xpad
[    7.178205][    T1] usbcore: registered new interface driver usb_acecad
[    7.178857][    T1] usbcore: registered new interface driver aiptek
[    7.179474][    T1] usbcore: registered new interface driver hanwang
[    7.180109][    T1] usbcore: registered new interface driver kbtab
[    7.180728][    T1] usbcore: registered new interface driver pegasus_notetaker
[    7.184593][    T9] input: AT Translated Set 2 keyboard as /devices/platform/i8042/serio0/input/input1
[    7.199390][    T1] usbcore: registered new interface driver usbtouchscreen
[    7.200571][    T1] usbcore: registered new interface driver sur40
[    7.201798][    T1] usbcore: registered new interface driver ati_remote2
[    7.202307][    T1] cm109: Keymap for Komunikate KIP1000 phone loaded
[    7.203489][    T1] usbcore: registered new interface driver cm109
[    7.203966][    T1] cm109: CM109 phone driver: 20080805 (C) Alfred E. Heggestad
[    7.205122][    T1] usbcore: registered new interface driver ims_pcu
[    7.206319][    T1] usbcore: registered new interface driver keyspan_remote
[    7.207436][    T1] usbcore: registered new interface driver powermate
[    7.209480][    T1] usbcore: registered new interface driver yealink
[    7.214465][    T1] rtc_cmos 00:05: RTC can wake from S4
[    7.224399][    T1] rtc_cmos 00:05: registered as rtc0
[    7.224852][    T1] rtc_cmos 00:05: alarms up to one day, y3k, 242 bytes nvram, hpet irqs
[    7.227498][    T1] i2c_dev: i2c /dev entries driver
[    7.229459][    T1] usbcore: registered new interface driver i2c-diolan-u2c
[    7.230372][    T1] usbcore: registered new interface driver RobotFuzz Open Source InterFace, OSIF
[    7.232606][    T1] usbcore: registered new interface driver i2c-tiny-usb
[    7.236380][    T1] usbcore: registered new interface driver igorplugusb
[    7.237011][    T1] usbcore: registered new interface driver iguanair
[    7.237658][    T1] usbcore: registered new interface driver imon
[    7.238280][    T1] usbcore: registered new interface driver mceusb
[    7.238910][    T1] usbcore: registered new interface driver redrat3
[    7.239542][    T1] usbcore: registered new interface driver streamzap
[    7.240181][    T1] usbcore: registered new interface driver ttusbir
[    7.240818][    T1] usbcore: registered new interface driver ati_remote
[    7.250913][    T1] b2c2-flexcop: B2C2 FlexcopII/II(b)/III digital TV receiver chip loaded successfully
[    7.253281][    T1] usbcore: registered new interface driver b2c2_flexcop_usb
[    7.254439][    T1] usbcore: registered new interface driver dvb_usb_vp7045
[    7.255523][    T1] usbcore: registered new interface driver dvb_usb_vp702x
[    7.256650][    T1] usbcore: registered new interface driver dvb_usb_gp8psk
[    7.257770][    T1] usbcore: registered new interface driver dvb_usb_dtt200u
[    7.258905][    T1] usbcore: registered new interface driver dvb_usb_a800
[    7.259991][    T1] usbcore: registered new interface driver dvb_usb_dibusb_mb
[    7.260826][    T1] usbcore: registered new interface driver dvb_usb_dibusb_mc
[    7.264687][    T1] usbcore: registered new interface driver dvb_usb_nova_t_usb2
[    7.265407][    T1] usbcore: registered new interface driver dvb_usb_umt_010
[    7.266067][    T1] usbcore: registered new interface driver dvb_usb_m920x
[    7.266712][    T1] usbcore: registered new interface driver dvb_usb_digitv
[    7.267381][    T1] usbcore: registered new interface driver dvb_usb_cxusb
[    7.268032][    T1] usbcore: registered new interface driver dvb_usb_ttusb2
[    7.268709][    T1] usbcore: registered new interface driver dvb_usb_dib0700
[    7.269383][    T1] usbcore: registered new interface driver opera1
[    7.270040][    T1] usbcore: registered new interface driver dvb_usb_af9005
[    7.270547][    T1] failing symbol_get of non-GPLONLY symbol af9005_rc_decode.
[    7.276225][    T1] failing symbol_get of non-GPLONLY symbol af9005_rc_decode.
[    7.276770][    T1] failing symbol_get of non-GPLONLY symbol rc_map_af9005_table.
[    7.277873][    T1] failing symbol_get of non-GPLONLY symbol rc_map_af9005_table.
[    7.278433][    T1] failing symbol_get of non-GPLONLY symbol rc_map_af9005_table_size.
[    7.279576][    T1] failing symbol_get of non-GPLONLY symbol rc_map_af9005_table_size.
[    7.280148][    T1] af9005: af9005_rc_decode function not found, disabling remote
[    7.281459][    T1] usbcore: registered new interface driver pctv452e
[    7.282579][    T1] usbcore: registered new interface driver dw2102
[    7.283666][    T1] usbcore: registered new interface driver dvb_usb_dtv5100
[    7.284784][    T1] usbcore: registered new interface driver cinergyT2
[    7.285875][    T1] usbcore: registered new interface driver dvb_usb_az6027
[    7.286968][    T1] usbcore: registered new interface driver dvb_usb_technisat_usb2
[    7.288102][    T1] usbcore: registered new interface driver dvb_usb_af9015
[    7.289197][    T1] usbcore: registered new interface driver dvb_usb_af9035
[    7.290279][    T1] usbcore: registered new interface driver dvb_usb_anysee
[    7.291515][    T1] usbcore: registered new interface driver dvb_usb_au6610
[    7.292609][    T1] usbcore: registered new interface driver dvb_usb_az6007
[    7.293702][    T1] usbcore: registered new interface driver dvb_usb_ce6230
[    7.294862][    T1] usbcore: registered new interface driver dvb_usb_ec168
[    7.295619][    T1] usbcore: registered new interface driver dvb_usb_lmedm04
[    7.297051][    T1] usbcore: registered new interface driver dvb_usb_gl861
[    7.298186][    T1] usbcore: registered new interface driver dvb_usb_mxl111sf
[    7.298997][    T1] usbcore: registered new interface driver dvb_usb_rtl28xxu
[    7.299641][    T1] usbcore: registered new interface driver dvb_usb_dvbsky
[    7.300285][    T1] usbcore: registered new interface driver zd1301
[    7.300912][    T1] usbcore: registered new interface driver s2255
[    7.305113][    T1] usbcore: registered new interface driver smsusb
[    7.306213][    T1] usbcore: registered new interface driver ttusb
[    7.307310][    T1] usbcore: registered new interface driver ttusb-dec
[    7.308347][    T1] usbcore: registered new interface driver Abilis Systems as10x usb driver
[    7.309607][    T1] usbcore: registered new interface driver airspy
[    7.310098][    T1] gspca_main: v2.14.0 registered
[    7.312865][    T1] usbcore: registered new interface driver benq
[    7.314018][    T1] usbcore: registered new interface driver conex
[    7.315075][    T1] usbcore: registered new interface driver cpia1
[    7.316133][    T1] usbcore: registered new interface driver dtcs033
[    7.317178][    T1] usbcore: registered new interface driver etoms
[    7.318242][    T1] usbcore: registered new interface driver finepix
[    7.319313][    T1] usbcore: registered new interface driver jeilinj
[    7.320364][    T1] usbcore: registered new interface driver jl2005bcd
[    7.321622][    T1] usbcore: registered new interface driver kinect
[    7.322708][    T1] usbcore: registered new interface driver konica
[    7.323769][    T1] usbcore: registered new interface driver mars
[    7.324831][    T1] usbcore: registered new interface driver mr97310a
[    7.325916][    T1] usbcore: registered new interface driver nw80x
[    7.326989][    T1] usbcore: registered new interface driver ov519
[    7.328030][    T1] usbcore: registered new interface driver ov534
[    7.329022][    T1] usbcore: registered new interface driver ov534_9
[    7.330040][    T1] usbcore: registered new interface driver pac207
[    7.331107][    T1] usbcore: registered new interface driver gspca_pac7302
[    7.331748][    T1] usbcore: registered new interface driver pac7311
[    7.332352][    T1] usbcore: registered new interface driver se401
[    7.332940][    T1] usbcore: registered new interface driver sn9c2028
[    7.333563][    T1] usbcore: registered new interface driver gspca_sn9c20x
[    7.334205][    T1] usbcore: registered new interface driver sonixb
[    7.334843][    T1] usbcore: registered new interface driver sonixj
[    7.335426][    T1] usbcore: registered new interface driver spca500
[    7.336021][    T1] usbcore: registered new interface driver spca501
[    7.336657][    T1] usbcore: registered new interface driver spca505
[    7.337303][    T1] usbcore: registered new interface driver spca506
[    7.337944][    T1] usbcore: registered new interface driver spca508
[    7.338599][    T1] usbcore: registered new interface driver spca561
[    7.339244][    T1] usbcore: registered new interface driver spca1528
[    7.339869][    T1] usbcore: registered new interface driver sq905
[    7.340494][    T1] usbcore: registered new interface driver sq905c
[    7.349735][    T1] usbcore: registered new interface driver sq930x
[    7.350859][    T1] usbcore: registered new interface driver sunplus
[    7.352112][    T1] usbcore: registered new interface driver stk014
[    7.353153][    T1] usbcore: registered new interface driver stk1135
[    7.354161][    T1] usbcore: registered new interface driver stv0680
[    7.355234][    T1] usbcore: registered new interface driver t613
[    7.356063][    T1] usbcore: registered new interface driver gspca_topro
[    7.356845][    T1] usbcore: registered new interface driver touptek
[    7.357501][    T1] usbcore: registered new interface driver tv8532
[    7.358135][    T1] usbcore: registered new interface driver vc032x
[    7.358805][    T1] usbcore: registered new interface driver vicam
[    7.359464][    T1] usbcore: registered new interface driver xirlink-cit
