c[?7l[2J[0mSeaBIOS (version 1.15.0-1)


iPXE (https://ipxe.org) 00:03.0 CA00 PCI2.10 PnP PMM+7FF8B310+7FECB310 CA00
Press Ctrl-B to configure iPXE (PCI 00:03.0)...                                                                               


Booting from ROM...
c[?7l[2Jearly console in extract_kernel
input_data: 0x000000000a6c5298
input_len: 0x0000000003520ddf
output: 0x0000000001000000
output_len: 0x000000000ade1b28
kernel_total_size: 0x000000000cc26000
needed_size: 0x000000000ce00000
trampoline_32bit: 0x0000000000000000

Decompressing Linux... Parsing ELF... done.
Booting the kernel (entry_offset: 0x0000000000000080).
[    0.000000][    T0] Linux version 6.7.0-rc2-ga7e294fdb620-dirty (jjy@jjy) (gcc (Ubuntu 11.4.0-1ubuntu1~22.04) 11.4.0, GNU ld (GNU Binutils for Ubuntu) 2.38) #36 SMP PREEMPT_DYNAMIC Thu Nov 30 22:54:32 KST 2023
[    0.000000][    T0] Command line: console=ttyS0 root=/dev/sda earlyprintk=serial net.ifnames=0
[    0.000000][    T0] KERNEL supported cpus:
[    0.000000][    T0]   Intel GenuineIntel
[    0.000000][    T0]   AMD AuthenticAMD
[    0.000000][    T0] BIOS-provided physical RAM map:
[    0.000000][    T0] BIOS-e820: [mem 0x0000000000000000-0x000000000009fbff] usable
[    0.000000][    T0] BIOS-e820: [mem 0x000000000009fc00-0x000000000009ffff] reserved
[    0.000000][    T0] BIOS-e820: [mem 0x00000000000f0000-0x00000000000fffff] reserved
[    0.000000][    T0] BIOS-e820: [mem 0x0000000000100000-0x000000007ffdffff] usable
[    0.000000][    T0] BIOS-e820: [mem 0x000000007ffe0000-0x000000007fffffff] reserved
[    0.000000][    T0] BIOS-e820: [mem 0x00000000feffc000-0x00000000feffffff] reserved
[    0.000000][    T0] BIOS-e820: [mem 0x00000000fffc0000-0x00000000ffffffff] reserved
[    0.000000][    T0] printk: legacy bootconsole [earlyser0] enabled
[    0.000000][    T0] ERROR: earlyprintk= earlyser already used
[    0.000000][    T0] ERROR: earlyprintk= earlyser already used
[    0.000000][    T0] ERROR: earlyprintk= earlyser already used
[    0.000000][    T0] **********************************************************
[    0.000000][    T0] **   NOTICE NOTICE NOTICE NOTICE NOTICE NOTICE NOTICE   **
[    0.000000][    T0] **                                                      **
[    0.000000][    T0] ** This system shows unhashed kernel memory addresses   **
[    0.000000][    T0] ** via the console, logs, and other interfaces. This    **
[    0.000000][    T0] ** might reduce the security of your system.            **
[    0.000000][    T0] **                                                      **
[    0.000000][    T0] ** If you see this message and you are not debugging    **
[    0.000000][    T0] ** the kernel, report this immediately to your system   **
[    0.000000][    T0] ** administrator!                                       **
[    0.000000][    T0] **                                                      **
[    0.000000][    T0] **   NOTICE NOTICE NOTICE NOTICE NOTICE NOTICE NOTICE   **
[    0.000000][    T0] **********************************************************
[    0.000000][    T0] Malformed early option 'vsyscall'
[    0.000000][    T0] NX (Execute Disable) protection: active
[    0.000000][    T0] APIC: Static calls initialized
[    0.000000][    T0] SMBIOS 2.8 present.
[    0.000000][    T0] DMI: QEMU Standard PC (i440FX + PIIX, 1996), BIOS 1.15.0-1 04/01/2014
[    0.000000][    T0] Hypervisor detected: KVM
[    0.000000][    T0] kvm-clock: Using msrs 4b564d01 and 4b564d00
[    0.000006][    T0] kvm-clock: using sched offset of 959979936 cycles
[    0.000494][    T0] clocksource: kvm-clock: mask: 0xffffffffffffffff max_cycles: 0x1cd42e4dffb, max_idle_ns: 881590591483 ns
[    0.002042][    T0] tsc: Detected 1996.800 MHz processor
[    0.003647][    T0] last_pfn = 0x7ffe0 max_arch_pfn = 0x400000000
[    0.004228][    T0] MTRR map: 4 entries (3 fixed + 1 variable; max 19), built from 8 variable MTRRs
[    0.004998][    T0] x86/PAT: Configuration [0-7]: WB  WC  UC- UC  WB  WP  UC- WT  
[    0.009995][    T0] found SMP MP-table at [mem 0x000f5ba0-0x000f5baf]
[    0.011288][    T0] ACPI: Early table checksum verification disabled
[    0.011844][    T0] ACPI: RSDP 0x00000000000F59E0 000014 (v00 BOCHS )
[    0.012385][    T0] ACPI: RSDT 0x000000007FFE1905 000034 (v01 BOCHS  BXPC     00000001 BXPC 00000001)
[    0.013163][    T0] ACPI: FACP 0x000000007FFE17B9 000074 (v01 BOCHS  BXPC     00000001 BXPC 00000001)
[    0.013924][    T0] ACPI: DSDT 0x000000007FFE0040 001779 (v01 BOCHS  BXPC     00000001 BXPC 00000001)
[    0.014660][    T0] ACPI: FACS 0x000000007FFE0000 000040
[    0.015109][    T0] ACPI: APIC 0x000000007FFE182D 000078 (v01 BOCHS  BXPC     00000001 BXPC 00000001)
[    0.015848][    T0] ACPI: HPET 0x000000007FFE18A5 000038 (v01 BOCHS  BXPC     00000001 BXPC 00000001)
[    0.016597][    T0] ACPI: WAET 0x000000007FFE18DD 000028 (v01 BOCHS  BXPC     00000001 BXPC 00000001)
[    0.017365][    T0] ACPI: Reserving FACP table memory at [mem 0x7ffe17b9-0x7ffe182c]
[    0.017981][    T0] ACPI: Reserving DSDT table memory at [mem 0x7ffe0040-0x7ffe17b8]
[    0.018588][    T0] ACPI: Reserving FACS table memory at [mem 0x7ffe0000-0x7ffe003f]
[    0.019278][    T0] ACPI: Reserving APIC table memory at [mem 0x7ffe182d-0x7ffe18a4]
[    0.020108][    T0] ACPI: Reserving HPET table memory at [mem 0x7ffe18a5-0x7ffe18dc]
[    0.020945][    T0] ACPI: Reserving WAET table memory at [mem 0x7ffe18dd-0x7ffe1904]
[    0.022160][    T0] No NUMA configuration found
[    0.022669][    T0] Faking a node at [mem 0x0000000000000000-0x000000007ffdffff]
[    0.023446][    T0] Faking node 0 at [mem 0x0000000000000000-0x000000003fffffff] (1024MB)
[    0.024270][    T0] Faking node 1 at [mem 0x0000000040000000-0x000000007ffdffff] (1023MB)
[    0.025226][    T0] NODE_DATA(0) allocated [mem 0x3fffa000-0x3fffffff]
[    0.026483][    T0] NODE_DATA(1) allocated [mem 0x7ffd9000-0x7ffdefff]
[    0.037362][    T0] Zone ranges:
[    0.037746][    T0]   DMA      [mem 0x0000000000001000-0x0000000000ffffff]
[    0.038430][    T0]   DMA32    [mem 0x0000000001000000-0x000000007ffdffff]
[    0.039110][    T0]   Normal   empty
[    0.039500][    T0]   Device   empty
[    0.039859][    T0] Movable zone start for each node
[    0.040339][    T0] Early memory node ranges
[    0.040776][    T0]   node   0: [mem 0x0000000000001000-0x000000000009efff]
[    0.041483][    T0]   node   0: [mem 0x0000000000100000-0x000000003fffffff]
[    0.042193][    T0]   node   1: [mem 0x0000000040000000-0x000000007ffdffff]
[    0.042924][    T0] Initmem setup node 0 [mem 0x0000000000001000-0x000000003fffffff]
[    0.043712][    T0] Initmem setup node 1 [mem 0x0000000040000000-0x000000007ffdffff]
[    0.044499][    T0] On node 0, zone DMA: 1 pages in unavailable ranges
[    0.044628][    T0] On node 0, zone DMA: 97 pages in unavailable ranges
[    0.061064][    T0] On node 1, zone DMA32: 32 pages in unavailable ranges
[    0.244197][    T0] kasan: KernelAddressSanitizer initialized
[    0.245927][    T0] ACPI: PM-Timer IO Port: 0x608
[    0.246373][    T0] ACPI: LAPIC_NMI (acpi_id[0xff] dfl dfl lint[0x1])
[    0.247168][    T0] IOAPIC[0]: apic_id 0, version 17, address 0xfec00000, GSI 0-23
[    0.247895][    T0] ACPI: INT_SRC_OVR (bus 0 bus_irq 0 global_irq 2 dfl dfl)
[    0.248569][    T0] ACPI: INT_SRC_OVR (bus 0 bus_irq 5 global_irq 5 high level)
[    0.249301][    T0] ACPI: INT_SRC_OVR (bus 0 bus_irq 9 global_irq 9 high level)
[    0.249915][    T0] ACPI: INT_SRC_OVR (bus 0 bus_irq 10 global_irq 10 high level)
[    0.250645][    T0] ACPI: INT_SRC_OVR (bus 0 bus_irq 11 global_irq 11 high level)
[    0.251459][    T0] ACPI: Using ACPI (MADT) for SMP configuration information
[    0.252196][    T0] ACPI: HPET id: 0x8086a201 base: 0xfed00000
[    0.252962][    T0] smpboot: Allowing 1 CPUs, 0 hotplug CPUs
[    0.253598][    T0] kvm-guest: APIC: eoi() replaced with kvm_guest_apic_eoi_write()
[    0.254373][    T0] PM: hibernation: Registered nosave memory: [mem 0x00000000-0x00000fff]
[    0.255285][    T0] PM: hibernation: Registered nosave memory: [mem 0x0009f000-0x0009ffff]
[    0.256147][    T0] PM: hibernation: Registered nosave memory: [mem 0x000a0000-0x000effff]
[    0.257092][    T0] PM: hibernation: Registered nosave memory: [mem 0x000f0000-0x000fffff]
[    0.257938][    T0] [mem 0x80000000-0xfeffbfff] available for PCI devices
[    0.258675][    T0] Booting paravirtualized kernel on KVM
[    0.259271][    T0] clocksource: refined-jiffies: mask: 0xffffffff max_cycles: 0xffffffff, max_idle_ns: 19112604462750000 ns
[    0.285569][    T0] setup_percpu: NR_CPUS:8 nr_cpumask_bits:1 nr_cpu_ids:1 nr_node_ids:2
[    0.287462][    T0] percpu: Embedded 73 pages/cpu s258184 r8192 d32632 u2097152
[    0.288327][    T0] kvm-guest: PV spinlocks disabled, no host support
[    0.288974][    T0] Kernel command line: earlyprintk=serial net.ifnames=0 sysctl.kernel.hung_task_all_cpu_backtrace=1 ima_policy=tcb nf-conntrack-ftp.ports=20000 nf-conntrack-tftp.ports=20000 nf-conntrack-sip.ports=20000 nf-conntrack-irc.ports=20000 nf-conntrack-sane.ports=20000 binder.debug_mask=0 rcupdate.rcu_expedited=1 rcupdate.rcu_cpu_stall_cputime=1 no_hash_pointers page_owner=on sysctl.vm.nr_hugepages=4 sysctl.vm.nr_overcommit_hugepages=4 secretmem.enable=1 sysctl.max_rcu_stall_to_panic=1 msr.allow_writes=off coredump_filter=0xffff root=/dev/sda console=ttyS0 vsyscall=native numa=fake=2 kvm-intel.nested=1 spec_store_bypass_disable=prctl nopcid vivid.n_devs=16 vivid.multiplanar=1,2,1,2,1,2,1,2,1,2,1,2,1,2,1,2 netrom.nr_ndevs=16 rose.rose_ndevs=16 smp.csd_lock_timeout=100000 watchdog_thresh=55 workqueue.watchdog_thresh=140 sysctl.net.core.netdev_unregister_timeout_secs=140 dummy_hcd.num=8 panic_on_warn=1 console=ttyS0 root=/dev/sda earlyprintk=serial net.ifnames=0
[    0.299992][    T0] Unknown kernel command line parameters "spec_store_bypass_disable=prctl", will be passed to user space.
[    0.301195][    T0] Fallback order for Node 0: 0 1 
[    0.301211][    T0] Fallback order for Node 1: 1 0 
[    0.301217][    T0] Built 2 zonelists, mobility grouping on.  Total pages: 515808
[    0.302825][    T0] Policy zone: DMA32
[    0.304103][    T0] mem auto-init: stack:off, heap alloc:on, heap free:off
[    0.304673][    T0] stackdepot: allocating hash table via alloc_large_system_hash
[    0.307454][    T0] stackdepot hash table entries: 1048576 (order: 11, 8388608 bytes, linear)
[    0.539164][    T0] Memory: 1554728K/2096632K available (77824K kernel code, 38182K rwdata, 31716K rodata, 3884K init, 34940K bss, 541648K reserved, 0K cma-reserved)
[    0.541195][    T0] SLUB: HWalign=64, Order=0-3, MinObjects=0, CPUs=1, Nodes=2
[    0.563504][    T0] allocated 37748736 bytes of page_ext
[    0.563972][    T0] Node 0, zone      DMA: page owner found early allocated 0 pages
[    0.567619][    T0] Node 0, zone    DMA32: page owner found early allocated 4704 pages
[    0.569598][    T0] Node 1, zone    DMA32: page owner found early allocated 4611 pages
[    0.570469][    T0] ftrace: allocating 138208 entries in 540 pages
[    0.612429][    T0] ftrace: allocated 540 pages with 4 groups
[    0.613325][    T0] Dynamic Preempt: full
[    0.614158][    T0] Running RCU self tests
[    0.614486][    T0] Running RCU synchronous self tests
[    0.614895][    T0] rcu: Preemptible hierarchical RCU implementation.
[    0.615380][    T0] rcu: 	RCU lockdep checking is enabled.
[    0.615804][    T0] rcu: 	RCU restricting CPUs from NR_CPUS=8 to nr_cpu_ids=1.
[    0.616355][    T0] rcu: 	RCU callback double-/use-after-free debug is enabled.
[    0.616899][    T0] rcu: 	RCU debug extended QS entry/exit.
[    0.617327][    T0] 	All grace periods are expedited (rcu_expedited).
[    0.617807][    T0] 	Trampoline variant of Tasks RCU enabled.
[    0.618242][    T0] 	Rude variant of Tasks RCU enabled.
[    0.618655][    T0] 	Tracing variant of Tasks RCU enabled.
[    0.619095][    T0] rcu: RCU calculated value of scheduler-enlistment delay is 10 jiffies.
[    0.619723][    T0] rcu: Adjusting geometry for rcu_fanout_leaf=16, nr_cpu_ids=1
[    0.620398][    T0] Running RCU synchronous self tests
[    0.666053][    T0] NR_IRQS: 4352, nr_irqs: 256, preallocated irqs: 16
[    0.667219][    T0] rcu: srcu_init: Setting srcu_struct sizes based on contention.
[    0.668026][    T0] kfence: initialized - using 2097152 bytes for 255 objects at 0xffff88807ec00000-0xffff88807ee00000
[    0.673178][    T0] Console: colour VGA+ 80x25
[    0.673607][    T0] printk: legacy console [ttyS0] enabled
[    0.673607][    T0] printk: legacy console [ttyS0] enabled
[    0.674448][    T0] printk: legacy bootconsole [earlyser0] disabled
[    0.674448][    T0] printk: legacy bootconsole [earlyser0] disabled
[    0.675444][    T0] Lock dependency validator: Copyright (c) 2006 Red Hat, Inc., Ingo Molnar
[    0.676084][    T0] ... MAX_LOCKDEP_SUBCLASSES:  8
[    0.676456][    T0] ... MAX_LOCK_DEPTH:          48
[    0.676827][    T0] ... MAX_LOCKDEP_KEYS:        8192
[    0.677217][    T0] ... CLASSHASH_SIZE:          4096
[    0.677641][    T0] ... MAX_LOCKDEP_ENTRIES:     131072
[    0.678097][    T0] ... MAX_LOCKDEP_CHAINS:      262144
[    0.678508][    T0] ... CHAINHASH_SIZE:          131072
[    0.678985][    T0]  memory used by lock dependency info: 20785 kB
[    0.679495][    T0]  memory used for stack traces: 8320 kB
[    0.679917][    T0]  per task-struct memory footprint: 1920 bytes
[    0.680535][    T0] mempolicy: Enabling automatic NUMA balancing. Configure with numa_balancing= or the kernel.numa_balancing sysctl
[    0.681502][    T0] ACPI: Core revision 20230628
[    0.682333][    T0] clocksource: hpet: mask: 0xffffffff max_cycles: 0xffffffff, max_idle_ns: 19112604467 ns
[    0.683387][    T0] APIC: Switch to symmetric I/O mode setup
[    0.684014][    T0] x2apic enabled
[    0.684712][    T0] APIC: Switched APIC routing to: physical x2apic
[    0.686391][    T0] ..TIMER: vector=0x30 apic1=0 pin1=2 apic2=-1 pin2=-1
[    0.686941][    T0] clocksource: tsc-early: mask: 0xffffffffffffffff max_cycles: 0x3990bec8342, max_idle_ns: 881590769617 ns
[    0.687823][    T0] Calibrating delay loop (skipped) preset value.. 3993.60 BogoMIPS (lpj=19968000)
[    0.688750][    T0] Last level iTLB entries: 4KB 0, 2MB 0, 4MB 0
[    0.689309][    T0] Last level dTLB entries: 4KB 0, 2MB 0, 4MB 0, 1GB 0
[    0.689835][    T0] Spectre V1 : Mitigation: usercopy/swapgs barriers and __user pointer sanitization
[    0.690521][    T0] Spectre V2 : Kernel not compiled with retpoline; no mitigation available!
[    0.690524][    T0] Spectre V2 : Vulnerable
[    0.691465][    T0] Spectre V2 : Spectre v2 / SpectreRSB mitigation: Filling RSB on context switch
[    0.692132][    T0] Speculative Store Bypass: Vulnerable
[    0.692571][    T0] MDS: Vulnerable: Clear CPU buffers attempted, no microcode
[    0.693128][    T0] MMIO Stale Data: Unknown: No mitigations
[    0.697892][    T0] x86/fpu: x87 FPU will use FXSAVE
[    0.742061][    T0] Freeing SMP alternatives memory: 124K
[    0.742421][    T0] pid_max: default: 32768 minimum: 301
[    0.742978][    T0] LSM: initializing lsm=lockdown,capability,landlock,yama,safesetid,tomoyo,apparmor,bpf,integrity
[    0.743695][    T0] landlock: Up and running.
[    0.743969][    T0] Yama: becoming mindful.
[    0.744285][    T0] TOMOYO Linux initialized
[    0.744716][    T0] AppArmor: AppArmor initialized
[    0.745024][    T0] LSM support for eBPF active
[    0.747774][    T0] Dentry cache hash table entries: 262144 (order: 9, 2097152 bytes, vmalloc)
[    0.748889][    T0] Inode-cache hash table entries: 131072 (order: 8, 1048576 bytes, vmalloc)
[    0.749497][    T0] Mount-cache hash table entries: 4096 (order: 3, 32768 bytes, vmalloc)
[    0.750042][    T0] Mountpoint-cache hash table entries: 4096 (order: 3, 32768 bytes, vmalloc)
[    0.752359][    T0] Running RCU synchronous self tests
[    0.752684][    T0] Running RCU synchronous self tests
[    0.874035][    T1] smpboot: CPU0: Intel QEMU Virtual CPU version 2.5+ (family: 0xf, model: 0x6b, stepping: 0x1)
[    0.875994][    T1] RCU Tasks: Setting shift to 0 and lim to 1 rcu_task_cb_adjust=1.
[    0.876501][    T1] RCU Tasks Rude: Setting shift to 0 and lim to 1 rcu_task_cb_adjust=1.
[    0.877017][    T1] RCU Tasks Trace: Setting shift to 0 and lim to 1 rcu_task_cb_adjust=1.
[    0.877546][    T1] Running RCU Tasks wait API self tests
[    0.978074][    T1] Running RCU Tasks Rude wait API self tests
[    0.978832][    T1] Running RCU Tasks Trace wait API self tests
[    0.979391][    T1] Performance Events: unsupported Netburst CPU model 107 no PMU driver, software events only.
[    0.980229][    T1] signal: max sigframe size: 1440
[    0.981011][    T1] rcu: Hierarchical SRCU implementation.
[    0.981460][    T1] rcu: 	Max phase no-delay instances is 1000.
[    0.985667][    T1] NMI watchdog: Perf NMI watchdog permanently disabled
[    0.986515][    T1] smp: Bringing up secondary CPUs ...
[    0.987121][    T1] smp: Brought up 2 nodes, 1 CPU
[    0.987528][    T1] smpboot: Max logical packages: 1
[    0.987947][    T1] smpboot: Total of 1 processors activated (3993.60 BogoMIPS)
[    0.990062][    T1] devtmpfs: initialized
[    0.991181][    T1] x86/mm: Memory block size: 128MB
[    0.997877][   T16] Callback from call_rcu_tasks_trace() invoked.
[    1.009527][    T1] Running RCU synchronous self tests
[    1.009980][    T1] Running RCU synchronous self tests
[    1.010537][    T1] clocksource: jiffies: mask: 0xffffffff max_cycles: 0xffffffff, max_idle_ns: 19112604462750000 ns
[    1.011459][    T1] futex hash table entries: 256 (order: 3, 32768 bytes, vmalloc)
[    1.014618][    T1] PM: RTC time: 09:10:41, date: 2023-12-01
[    1.024299][    T1] NET: Registered PF_NETLINK/PF_ROUTE protocol family
[    1.028373][    T1] audit: initializing netlink subsys (disabled)
[    1.029346][   T23] audit: type=2000 audit(1701421842.554:1): state=initialized audit_enabled=0 res=1
[    1.031858][    T1] thermal_sys: Registered thermal governor 'step_wise'
[    1.031862][    T1] thermal_sys: Registered thermal governor 'user_space'
[    1.032547][    T1] cpuidle: using governor menu
[    1.033517][    T1] NET: Registered PF_QIPCRTR protocol family
[    1.037336][    T1] dca service started, version 1.12.1
[    1.037912][    T1] PCI: Using configuration type 1 for base access
[    1.067931][    T1] HugeTLB: registered 2.00 MiB page size, pre-allocated 0 pages
[    1.068553][    T1] HugeTLB: 28 KiB vmemmap can be freed for a 2.00 MiB page
[    1.079115][    T1] cryptd: max_cpu_qlen set to 1000
[    1.088658][   T15] Callback from call_rcu_tasks_rude() invoked.
[    1.098583][    T1] raid6: skipped pq benchmark and selected sse2x4
[    1.099105][    T1] raid6: using intx1 recovery algorithm
[    1.100297][    T1] ACPI: Added _OSI(Module Device)
[    1.100705][    T1] ACPI: Added _OSI(Processor Device)
[    1.101128][    T1] ACPI: Added _OSI(3.0 _SCP Extensions)
[    1.101572][    T1] ACPI: Added _OSI(Processor Aggregator Device)
[    1.193300][    T1] ACPI: 1 ACPI AML tables successfully acquired and loaded
[    1.229043][    T1] ACPI: _OSC evaluation for CPUs failed, trying _PDC
[    1.233018][    T1] ACPI: Interpreter enabled
[    1.233580][    T1] ACPI: PM: (supports S0 S3 S4 S5)
[    1.234004][    T1] ACPI: Using IOAPIC for interrupt routing
[    1.234614][    T1] PCI: Using host bridge windows from ACPI; if necessary, use "pci=nocrs" and report a bug
[    1.235409][    T1] PCI: Using E820 reservations for host bridge windows
[    1.237814][    T1] ACPI: Enabled 2 GPEs in block 00 to 0F
[    1.361844][    T1] ACPI: PCI Root Bridge [PCI0] (domain 0000 [bus 00-ff])
[    1.362476][    T1] acpi PNP0A03:00: _OSC: OS supports [ASPM ClockPM Segments MSI HPX-Type3]
[    1.363149][    T1] acpi PNP0A03:00: _OSC: not requesting OS control; OS requires [ExtendedConfig ASPM ClockPM MSI]
[    1.364290][    T1] acpi PNP0A03:00: fail to add MMCONFIG information, can't access extended configuration space under this bridge
[    1.366743][    T1] PCI host bridge to bus 0000:00
[    1.367142][    T1] pci_bus 0000:00: Unknown NUMA node; performance will be reduced
[    1.367773][    T1] pci_bus 0000:00: root bus resource [io  0x0000-0x0cf7 window]
[    1.377832][    T1] pci_bus 0000:00: root bus resource [io  0x0d00-0xffff window]
[    1.378455][    T1] pci_bus 0000:00: root bus resource [mem 0x000a0000-0x000bffff window]
[    1.379126][    T1] pci_bus 0000:00: root bus resource [mem 0x80000000-0xfebfffff window]
[    1.379796][    T1] pci_bus 0000:00: root bus resource [mem 0x100000000-0x17fffffff window]
[    1.380478][    T1] pci_bus 0000:00: root bus resource [bus 00-ff]
[    1.381291][    T1] pci 0000:00:00.0: [8086:1237] type 00 class 0x060000
[    1.419262][    T1] pci 0000:00:01.0: [8086:7000] type 00 class 0x060100
[    1.421779][    T1] pci 0000:00:01.1: [8086:7010] type 00 class 0x010180
[    1.423594][    T1] pci 0000:00:01.1: reg 0x20: [io  0xc020-0xc02f]
[    1.424676][    T1] pci 0000:00:01.1: legacy IDE quirk: reg 0x10: [io  0x01f0-0x01f7]
[    1.425313][    T1] pci 0000:00:01.1: legacy IDE quirk: reg 0x14: [io  0x03f6]
[    1.425902][    T1] pci 0000:00:01.1: legacy IDE quirk: reg 0x18: [io  0x0170-0x0177]
[    1.426534][    T1] pci 0000:00:01.1: legacy IDE quirk: reg 0x1c: [io  0x0376]
[    1.427744][    T1] pci 0000:00:01.3: [8086:7113] type 00 class 0x068000
[    1.438188][    T1] pci 0000:00:01.3: quirk: [io  0x0600-0x063f] claimed by PIIX4 ACPI
[    1.438838][    T1] pci 0000:00:01.3: quirk: [io  0x0700-0x070f] claimed by PIIX4 SMB
[    1.440075][    T1] pci 0000:00:02.0: [1234:1111] type 00 class 0x030000
[    1.443445][    T1] pci 0000:00:02.0: reg 0x10: [mem 0xfd000000-0xfdffffff pref]
[    1.444907][    T1] pci 0000:00:02.0: reg 0x18: [mem 0xfeb90000-0xfeb90fff]
[    1.458030][    T1] pci 0000:00:02.0: reg 0x30: [mem 0xfeb80000-0xfeb8ffff pref]
[    1.458738][    T1] pci 0000:00:02.0: Video device with shadowed ROM at [mem 0x000c0000-0x000dffff]
[    1.497972][    T1] pci 0000:00:03.0: [1af4:1000] type 00 class 0x020000
[    1.499090][    T1] pci 0000:00:03.0: reg 0x10: [io  0xc000-0xc01f]
[    1.500058][    T1] pci 0000:00:03.0: reg 0x14: [mem 0xfeb91000-0xfeb91fff]
[    1.502271][    T1] pci 0000:00:03.0: reg 0x20: [mem 0xfe000000-0xfe003fff 64bit pref]
[    1.503616][    T1] pci 0000:00:03.0: reg 0x30: [mem 0xfeb00000-0xfeb7ffff pref]
[    1.563022][    T1] ACPI: PCI: Interrupt link LNKA configured for IRQ 10
[    1.565719][    T1] ACPI: PCI: Interrupt link LNKB configured for IRQ 10
[    1.578346][    T1] ACPI: PCI: Interrupt link LNKC configured for IRQ 11
[    1.581156][    T1] ACPI: PCI: Interrupt link LNKD configured for IRQ 11
[    1.582399][    T1] ACPI: PCI: Interrupt link LNKS configured for IRQ 9
[    1.597857][    T1] iommu: Default domain type: Translated
[    1.598304][    T1] iommu: DMA domain TLB invalidation policy: lazy mode
[    1.601480][    T1] SCSI subsystem initialized
[    1.602827][    T1] ACPI: bus type USB registered
[    1.603416][    T1] usbcore: registered new interface driver usbfs
[    1.603974][    T1] usbcore: registered new interface driver hub
[    1.604493][    T1] usbcore: registered new device driver usb
[    1.605826][    T1] mc: Linux media interface: v0.10
[    1.606301][    T1] videodev: Linux video capture interface: v2.00
[    1.607078][    T1] pps_core: LinuxPPS API ver. 1 registered
[    1.607482][    T1] pps_core: Software ver. 5.3.6 - Copyright 2005-2007 Rodolfo Giometti <giometti@linux.it>
[    1.617909][    T1] PTP clock support registered
[    1.618947][    T1] EDAC MC: Ver: 3.0.0
[    1.621078][    T1] Advanced Linux Sound Architecture Driver Initialized.
[    1.623936][    T1] Bluetooth: Core ver 2.22
[    1.624342][    T1] NET: Registered PF_BLUETOOTH protocol family
[    1.624785][    T1] Bluetooth: HCI device and connection manager initialized
[    1.625338][    T1] Bluetooth: HCI socket layer initialized
[    1.625772][    T1] Bluetooth: L2CAP socket layer initialized
[    1.626244][    T1] Bluetooth: SCO socket layer initialized
[    1.626678][    T1] NET: Registered PF_ATMPVC protocol family
[    1.627081][    T1] NET: Registered PF_ATMSVC protocol family
[    1.627666][    T1] NetLabel: Initializing
[    1.637829][    T1] NetLabel:  domain hash size = 128
[    1.638269][    T1] NetLabel:  protocols = UNLABELED CIPSOv4 CALIPSO
[    1.638956][    T1] NetLabel:  unlabeled traffic allowed by default
[    1.640406][    T1] nfc: nfc_init: NFC Core ver 0.1
[    1.640907][    T1] NET: Registered PF_NFC protocol family
[    1.641356][    T1] PCI: Using ACPI for IRQ routing
[    1.642121][    T1] pci 0000:00:02.0: vgaarb: setting as boot VGA device
[    1.642601][    T1] pci 0000:00:02.0: vgaarb: bridge control possible
[    1.643084][    T1] pci 0000:00:02.0: vgaarb: VGA device added: decodes=io+mem,owns=io+mem,locks=none
[    1.644261][    T1] vgaarb: loaded
[    1.647413][    T1] hpet: 3 channels of 0 reserved for per-cpu timers
[    1.657847][    T1] hpet0: at MMIO 0xfed00000, IRQs 2, 8, 0
[    1.658299][    T1] hpet0: 3 comparators, 64-bit 100.000000 MHz counter
[    1.667806][    T1] clocksource: Switched to clocksource kvm-clock
[    1.667806][    T1] VFS: Disk quotas dquot_6.6.0
[    1.667806][    T1] VFS: Dquot-cache hash table entries: 512 (order 0, 4096 bytes)
[    1.667806][    T1] FS-Cache: Loaded
[    1.667806][    T1] CacheFiles: Loaded
[    1.667927][    T1] TOMOYO: 2.6.0
[    1.668181][    T1] Mandatory Access Control activated.
[    1.670488][    T1] AppArmor: AppArmor Filesystem Enabled
[    1.671145][    T1] pnp: PnP ACPI init
[    1.685890][    T1] pnp: PnP ACPI: found 6 devices
[    1.701914][   T44] kwatchdog (44) used greatest stack depth: 29856 bytes left
[    1.742464][    T1] clocksource: acpi_pm: mask: 0xffffff max_cycles: 0xffffff, max_idle_ns: 2085701024 ns
[    1.743695][    T1] NET: Registered PF_INET protocol family
[    1.744709][    T1] IP idents hash table entries: 32768 (order: 6, 262144 bytes, vmalloc)
[    1.760414][    T1] tcp_listen_portaddr_hash hash table entries: 1024 (order: 4, 73728 bytes, vmalloc)
[    1.761619][    T1] Table-perturb hash table entries: 65536 (order: 6, 262144 bytes, vmalloc)
[    1.762527][    T1] TCP established hash table entries: 16384 (order: 5, 131072 bytes, vmalloc)
[    1.767144][    T1] TCP bind hash table entries: 16384 (order: 9, 2359296 bytes, vmalloc)
[    1.768953][    T1] TCP: Hash tables configured (established 16384 bind 16384)
[    1.780420][    T1] MPTCP token hash table entries: 2048 (order: 5, 180224 bytes, vmalloc)
[    1.781485][    T1] UDP hash table entries: 1024 (order: 5, 163840 bytes, vmalloc)
[    1.782426][    T1] UDP-Lite hash table entries: 1024 (order: 5, 163840 bytes, vmalloc)
[    1.783493][    T1] NET: Registered PF_UNIX/PF_LOCAL protocol family
[    1.791121][    T1] RPC: Registered named UNIX socket transport module.
[    1.791609][    T1] RPC: Registered udp transport module.
[    1.791987][    T1] RPC: Registered tcp transport module.
[    1.792370][    T1] RPC: Registered tcp-with-tls transport module.
[    1.792801][    T1] RPC: Registered tcp NFSv4.1 backchannel transport module.
[    1.800237][    T1] NET: Registered PF_XDP protocol family
[    1.800655][    T1] pci_bus 0000:00: resource 4 [io  0x0000-0x0cf7 window]
[    1.801162][    T1] pci_bus 0000:00: resource 5 [io  0x0d00-0xffff window]
[    1.801672][    T1] pci_bus 0000:00: resource 6 [mem 0x000a0000-0x000bffff window]
[    1.802223][    T1] pci_bus 0000:00: resource 7 [mem 0x80000000-0xfebfffff window]
[    1.802764][    T1] pci_bus 0000:00: resource 8 [mem 0x100000000-0x17fffffff window]
[    1.803894][    T1] pci 0000:00:01.0: PIIX3: Enabling Passive Release
[    1.804360][    T1] pci 0000:00:00.0: Limiting direct PCI/PCI transfers
[    1.804880][    T1] PCI: CLS 0 bytes, default 64
[    1.810114][    T1] ACPI: bus type thunderbolt registered
[    1.812095][   T54] kworker/u2:2 (54) used greatest stack depth: 27536 bytes left
[    1.814913][    T1] kvm_intel: VMX not supported by CPU 0
[    1.815302][    T1] kvm_amd: CPU 0 isn't AMD or Hygon
[    1.815669][    T1] clocksource: tsc: mask: 0xffffffffffffffff max_cycles: 0x3990bec8342, max_idle_ns: 881590769617 ns
[    1.832496][    T1] twofish-x86_64-3way: performance on this CPU would be suboptimal: disabling twofish-x86_64-3way.
[    1.833247][    T1] CPU feature 'AVX registers' is not supported.
[    1.833733][    T1] CPU feature 'AVX registers' is not supported.
[    1.902444][    T1] AVX2 instructions are not detected.
[    1.902866][    T1] des3_ede-x86_64: performance on this CPU would be suboptimal: disabling des3_ede-x86_64.
[    1.903603][    T1] camellia-x86_64: performance on this CPU would be suboptimal: disabling camellia-x86_64.
[    1.904336][    T1] AVX or AES-NI instructions are not detected.
[    1.904797][    T1] AVX2 or AES-NI instructions are not detected.
[    1.905277][    T1] blowfish-x86_64: performance on this CPU would be suboptimal: disabling blowfish-x86_64.
[    1.906049][    T1] CPU feature 'AVX registers' is not supported.
[    1.906513][    T1] CPU feature 'AVX registers' is not supported.
[    1.906983][    T1] PCLMULQDQ-NI instructions are not detected.
[    1.907453][    T1] sm3_avx_x86_64: AVX instruction are not detected.
[    1.907941][    T1] AVX or AES-NI instructions are not detected.
[    1.908438][    T1] AVX2 or AES-NI instructions are not detected.
[    1.908897][    T1] AVX or AES-NI instructions are not detected.
[    1.933401][   T66] kworker/u2:2 (66) used greatest stack depth: 27312 bytes left
[    2.197556][    T1] Initialise system trusted keyrings
[    2.201428][    T1] workingset: timestamp_bits=40 max_order=19 bucket_order=0
[    2.207703][    T1] DLM installed
[    2.209247][    T1] squashfs: version 4.0 (2009/01/31) Phillip Lougher
[    2.213810][    T1] NFS: Registering the id_resolver key type
[    2.214271][    T1] Key type id_resolver registered
[    2.214628][    T1] Key type id_legacy registered
[    2.215029][    T1] nfs4filelayout_init: NFSv4 File Layout Driver Registering...
[    2.215596][    T1] nfs4flexfilelayout_init: NFSv4 Flexfile Layout Driver Registering...
[    2.219180][    T1] Key type cifs.spnego registered
[    2.219632][    T1] Key type cifs.idmap registered
[    2.221839][    T1] ntfs: driver 2.1.32 [Flags: R/W].
[    2.222298][    T1] ntfs3: Max link count 4000
[    2.222608][    T1] ntfs3: Enabled Linux POSIX ACLs support
[    2.222995][    T1] ntfs3: Read-only LZX/Xpress compression included
[    2.223527][    T1] efs: 1.0a - http://aeschi.ch.eu.org/efs/
[    2.223949][    T1] jffs2: version 2.2. (NAND) (SUMMARY)  Â© 2001-2006 Red Hat, Inc.
[    2.225389][    T1] romfs: ROMFS MTD (C) 2007 Red Hat, Inc.
[    2.225833][    T1] QNX4 filesystem 0.2.3 registered.
[    2.226216][    T1] qnx6: QNX6 filesystem 1.0.0 registered.
[    2.227047][    T1] fuse: init (API version 7.39)
[    2.229878][    T1] orangefs_debugfs_init: called with debug mask: :none: :0:
[    2.231250][    T1] orangefs_init: module version upstream loaded
[    2.231920][    T1] JFS: nTxBlock = 8192, nTxLock = 65536
[    2.246273][    T1] SGI XFS with ACLs, security attributes, realtime, quota, no debug enabled
[    2.248155][    T1] 9p: Installing v9fs 9p2000 file system support
[    2.248762][    T1] NILFS version 2 loaded
[    2.249051][    T1] befs: version: 0.9.3
[    2.249575][    T1] ocfs2: Registered cluster interface o2cb
[    2.250648][    T1] ocfs2: Registered cluster interface user
[    2.251891][    T1] OCFS2 User DLM kernel interface loaded
[    2.260278][    T1] gfs2: GFS2 installed
[    2.266398][    T1] ceph: loaded (mds proto 32)
[    2.280239][   T14] Callback from call_rcu_tasks() invoked.
[    2.287708][    T1] NET: Registered PF_ALG protocol family
[    2.288342][    T1] xor: measuring software checksum speed
[    2.289034][    T1]    prefetch64-sse  : 35753 MB/sec
[    2.289711][    T1]    generic_sse     : 33699 MB/sec
[    2.290272][    T1] xor: using function: prefetch64-sse (35753 MB/sec)
[    2.290801][    T1] async_tx: api initialized (async)
[    2.291192][    T1] Key type asymmetric registered
[    2.291575][    T1] Asymmetric key parser 'x509' registered
[    2.292014][    T1] Asymmetric key parser 'pkcs8' registered
[    2.292441][    T1] Key type pkcs7_test registered
[    2.293502][    T1] Block layer SCSI generic (bsg) driver version 0.4 loaded (major 239)
[    2.294491][    T1] io scheduler mq-deadline registered
[    2.294888][    T1] io scheduler kyber registered
[    2.295335][    T1] io scheduler bfq registered
[    2.309189][    T1] input: Power Button as /devices/LNXSYSTM:00/LNXPWRBN:00/input/input0
[    2.331480][    T1] ACPI: button: Power Button [PWRF]
[    2.337380][    T1] ioatdma: Intel(R) QuickData Technology Driver 5.00
[    2.342168][  T149] kworker/u2:0 (149) used greatest stack depth: 27040 bytes left
[    4.438777][    T1] ACPI: \_SB_.LNKC: Enabled at IRQ 11
[    4.842939][    T1] N_HDLC line discipline registered with maxframe=4096
[    4.843509][    T1] Serial: 8250/16550 driver, 4 ports, IRQ sharing enabled
[    4.848401][    T1] 00:04: ttyS0 at I/O 0x3f8 (irq = 4, base_baud = 115200) is a 16550A
[    4.886748][    T1] Non-volatile memory driver v1.3
[    4.887791][    T1] Linux agpgart interface v0.103
[    4.893515][    T1] ACPI: bus type drm_connector registered
[    4.903056][    T1] [drm] Initialized vgem 1.0.0 20120112 for vgem on minor 0
[    4.910611][    T1] [drm] Initialized vkms 1.0.0 20180514 for vkms on minor 1
[    4.976147][    T1] Console: switching to colour frame buffer device 128x48
[    4.993311][    T1] platform vkms: [drm] fb0: vkmsdrmfb frame buffer device
[    4.996809][    T1] usbcore: registered new interface driver udl
[    5.001108][    T1] bochs-drm 0000:00:02.0: vgaarb: deactivate vga console
[    5.008185][    T1] [drm] Found bochs VGA, ID 0xb0c5.
[    5.008636][    T1] [drm] Framebuffer size 16384 kB @ 0xfd000000, mmio @ 0xfeb90000.
[    5.011376][    T1] [drm] Found EDID data blob.
[    5.015963][    T1] [drm] Initialized bochs-drm 1.0.0 20130925 for 0000:00:02.0 on minor 2
[    5.026316][    T1] fbcon: bochs-drmdrmfb (fb1) is primary device
[    5.026333][    T1] fbcon: Remapping primary device, fb1, to tty 1-63
[    5.624162][    T1] bochs-drm 0000:00:02.0: [drm] fb1: bochs-drmdrmfb frame buffer device
[    5.673237][    T1] brd: module loaded
[    5.731250][    T1] loop: module loaded
[    5.806874][    T1] zram: Added device: zram0
[    5.813504][    T1] null_blk: disk nullb0 created
[    5.813931][    T1] null_blk: module loaded
[    5.814763][    T1] Guest personality initialized and is inactive
[    5.816027][    T1] VMCI host device registered (name=vmci, major=10, minor=118)
[    5.816643][    T1] Initialized host personality
[    5.817589][    T1] usbcore: registered new interface driver rtsx_usb
[    5.818899][    T1] usbcore: registered new interface driver viperboard
[    5.819601][    T1] usbcore: registered new interface driver dln2
[    5.823047][    T1] usbcore: registered new interface driver pn533_usb
[    5.827679][    T1] nfcsim 0.2 initialized
[    5.828539][    T1] usbcore: registered new interface driver port100
[    5.829594][    T1] usbcore: registered new interface driver nfcmrvl
[    5.834568][    T1] Loading iSCSI transport class v2.0-870.
[    5.847391][    T1] st: Version 20160209, fixed bufsize 32768, s/g segs 256
[    5.876529][    T1] scsi host0: ata_piix
[    5.879666][    T1] scsi host1: ata_piix
[    5.883129][    T1] ata1: PATA max MWDMA2 cmd 0x1f0 ctl 0x3f6 bmdma 0xc020 irq 14 lpm-pol 0
[    5.883832][    T1] ata2: PATA max MWDMA2 cmd 0x170 ctl 0x376 bmdma 0xc028 irq 15 lpm-pol 0
[    5.889304][    T1] Rounding down aligned max_sectors from 4294967295 to 4294967288
[    5.890393][    T1] db_root: cannot open: /etc/target
[    5.893008][    T1] slram: not enough parameters.
[    5.898015][    T1] ftl_cs: FTL header not found.
[    5.929410][    T1] wireguard: WireGuard 1.0.0 loaded. See www.wireguard.com for information.
[    5.931761][    T1] wireguard: Copyright (C) 2015-2019 Jason A. Donenfeld <Jason@zx2c4.com>. All Rights Reserved.
[    5.932610][    T1] eql: Equalizer2002: Simon Janes (simon@ncm.com) and David S. Miller (davem@redhat.com)
[    5.941850][    T1] MACsec IEEE 802.1AE
[    5.945683][    T1] tun: Universal TUN/TAP device driver, 1.6
[    5.971199][    T1] vcan: Virtual CAN interface driver
[    5.971648][    T1] vxcan: Virtual CAN Tunnel driver
[    5.972061][    T1] slcan: serial line CAN interface driver
[    5.972523][    T1] CAN device driver interface
[    5.973495][    T1] usbcore: registered new interface driver usb_8dev
[    5.974532][    T1] usbcore: registered new interface driver ems_usb
[    5.975257][    T1] usbcore: registered new interface driver gs_usb
[    5.975905][    T1] usbcore: registered new interface driver kvaser_usb
[    5.976522][    T1] usbcore: registered new interface driver mcba_usb
[    5.977141][    T1] usbcore: registered new interface driver peak_usb
[    5.977840][    T1] e100: Intel(R) PRO/100 Network Driver
[    5.978292][    T1] e100: Copyright(c) 1999-2006 Intel Corporation
[    5.978889][    T1] e1000: Intel(R) PRO/1000 Network Driver
[    5.979353][    T1] e1000: Copyright (c) 1999-2006 Intel Corporation.
[    5.986671][    T1] e1000e: Intel(R) PRO/1000 Network Driver
[    5.987163][    T1] e1000e: Copyright(c) 1999 - 2015 Intel Corporation.
[    5.988877][    T1] mkiss: AX.25 Multikiss, Hans Albas PE1AYX
[    5.989362][    T1] AX.25: 6pack driver, Revision: 0.3.0
[    5.989854][    T1] AX.25: bpqether driver version 004
[    5.991732][    T1] PPP generic driver version 2.4.2
[    5.993389][    T1] PPP BSD Compression module registered
[    5.993861][    T1] PPP Deflate Compression module registered
[    5.994355][    T1] PPP MPPE Compression module registered
[    5.994813][    T1] NET: Registered PF_PPPOX protocol family
[    5.995321][    T1] PPTP driver version 0.8.5
[    5.996490][    T1] SLIP: version 0.8.4-NET3.019-NEWTTY (dynamic channels, max=256) (6 bit encapsulation enabled).
[    5.997335][    T1] CSLIP: code copyright 1989 Regents of the University of California.
[    5.997995][    T1] SLIP linefill/keepalive option.
[    5.998408][    T1] hdlc: HDLC support module revision 1.22
[    5.998884][    T1] LAPB Ethernet driver version 0.02
[    6.000937][    T1] usbcore: registered new interface driver ath9k_htc
[    6.001976][    T1] usbcore: registered new interface driver carl9170
[    6.002986][    T1] usbcore: registered new interface driver ath6kl_usb
[    6.003979][    T1] usbcore: registered new interface driver ar5523
[    6.005438][    T1] usbcore: registered new interface driver ath10k_usb
[    6.006194][    T1] usbcore: registered new interface driver rndis_wlan
[    6.006923][    T1] mac80211_hwsim: initializing netlink
[    6.028923][    T1] usbcore: registered new interface driver atusb
[    6.039223][    T1] mac802154_hwsim mac802154_hwsim: Added 2 mac802154 hwsim hardware radios
[    6.041296][    T1] VMware vmxnet3 virtual NIC driver - version 1.7.0.0-k-NAPI
[    6.042098][    T1] usbcore: registered new interface driver catc
[    6.042677][    T1] usbcore: registered new interface driver kaweth
[    6.043198][    T1] pegasus: Pegasus/Pegasus II USB Ethernet driver
[    6.043807][    T1] usbcore: registered new interface driver pegasus
[    6.044408][    T1] usbcore: registered new interface driver rtl8150
[    6.045002][    T1] usbcore: registered new device driver r8152-cfgselector
[    6.045675][    T1] usbcore: registered new interface driver r8152
[    6.046193][    T1] hso: drivers/net/usb/hso.c: Option Wireless
[    6.046812][    T1] usbcore: registered new interface driver hso
[    6.047392][    T1] usbcore: registered new interface driver lan78xx
[    6.047999][    T1] usbcore: registered new interface driver asix
[    6.048595][    T1] usbcore: registered new interface driver ax88179_178a
[    6.049230][    T1] usbcore: registered new interface driver cdc_ether
[    6.049860][    T1] usbcore: registered new interface driver cdc_eem
[    6.053917][  T976] ata2: found unknown device (class 0)
[    6.059902][  T964] ata1: found unknown device (class 0)
[    6.060960][  T976] ata2.00: ATAPI: QEMU DVD-ROM, 2.5+, max UDMA/100
[    6.062018][  T964] ata1.00: ATA-7: QEMU HARDDISK, 2.5+, max UDMA/100
[    6.062564][  T964] ata1.00: 16777208 sectors, multi 16: LBA48 
[    6.065242][  T130] scsi 0:0:0:0: Direct-Access     ATA      QEMU HARDDISK    2.5+ PQ: 0 ANSI: 5
[    6.068326][    T1] usbcore: registered new interface driver dm9601
[    6.070485][    T1] usbcore: registered new interface driver sr9700
[    6.073302][   T26] sd 0:0:0:0: [sda] 16777208 512-byte logical blocks: (8.59 GB/8.00 GiB)
[    6.074096][   T26] sd 0:0:0:0: [sda] Write Protect is off
[    6.074655][   T26] sd 0:0:0:0: [sda] Write cache: enabled, read cache: enabled, doesn't support DPO or FUA
[    6.075624][   T26] sd 0:0:0:0: [sda] Preferred minimum I/O size 512 bytes
[    6.078281][    T1] usbcore: registered new interface driver CoreChips
[    6.078927][    T1] usbcore: registered new interface driver smsc75xx
[    6.079547][    T1] usbcore: registered new interface driver smsc95xx
[    6.081926][  T130] sd 0:0:0:0: Attached scsi generic sg0 type 0
[    6.085091][   T12] scsi 1:0:0:0: CD-ROM            QEMU     QEMU DVD-ROM     2.5+ PQ: 0 ANSI: 5
[    6.086205][    T1] usbcore: registered new interface driver gl620a
[    6.086809][    T1] usbcore: registered new interface driver net1080
[    6.087420][    T1] usbcore: registered new interface driver plusb
[    6.088015][    T1] usbcore: registered new interface driver rndis_host
[    6.088631][    T1] usbcore: registered new interface driver cdc_subset
[    6.089256][    T1] usbcore: registered new interface driver zaurus
[    6.089898][    T1] usbcore: registered new interface driver MOSCHIP usb-ethernet driver
[    6.099917][    T1] usbcore: registered new interface driver int51x1
[    6.102746][    T1] usbcore: registered new interface driver cdc_phonet
[    6.104184][    T1] usbcore: registered new interface driver kalmia
[    6.106140][   T26] sd 0:0:0:0: [sda] Attached SCSI disk
[    6.108744][    T1] usbcore: registered new interface driver ipheth
[    6.109827][    T1] usbcore: registered new interface driver sierra_net
[    6.114754][    T1] usbcore: registered new interface driver cx82310_eth
[    6.115819][    T1] usbcore: registered new interface driver cdc_ncm
[    6.116855][    T1] usbcore: registered new interface driver huawei_cdc_ncm
[    6.117965][    T1] usbcore: registered new interface driver lg-vl600
[    6.119035][    T1] usbcore: registered new interface driver qmi_wwan
[    6.120268][    T1] usbcore: registered new interface driver cdc_mbim
[    6.122668][   T12] sr 1:0:0:0: [sr0] scsi3-mmc drive: 4x/4x cd/rw xa/form2 tray
[    6.123387][   T12] cdrom: Uniform CD-ROM driver Revision: 3.20
[    6.124267][    T1] usbcore: registered new interface driver ch9200
[    6.125415][    T1] usbcore: registered new interface driver r8153_ecm
[    6.130698][    T1] VFIO - User Level meta-driver version: 0.3
[    6.136593][    T1] aoe: AoE v85 initialised.
[    6.147717][    T1] SPI driver max3421-hcd has no spi_device_id for maxim,max3421
[    6.148654][    T1] usbcore: registered new interface driver cdc_acm
[    6.149217][    T1] cdc_acm: USB Abstract Control Model driver for USB modems and ISDN adapters
[    6.163962][    T1] usbcore: registered new interface driver usblp
[    6.165302][    T1] usbcore: registered new interface driver cdc_wdm
[    6.169669][    T1] usbcore: registered new interface driver usbtmc
[    6.173453][   T12] sr 1:0:0:0: Attached scsi generic sg1 type 5
[    6.174706][    T1] usbcore: registered new interface driver uas
[    6.178157][    T1] usbcore: registered new interface driver usb-storage
[    6.178931][    T1] usbcore: registered new interface driver ums-alauda
[    6.179605][    T1] usbcore: registered new interface driver ums-cypress
[    6.181897][    T1] usbcore: registered new interface driver ums-datafab
[    6.182965][    T1] usbcore: registered new interface driver ums_eneub6250
[    6.184016][    T1] usbcore: registered new interface driver ums-freecom
[    6.185069][    T1] usbcore: registered new interface driver ums-isd200
[    6.186143][    T1] usbcore: registered new interface driver ums-jumpshot
[    6.187206][    T1] usbcore: registered new interface driver ums-karma
[    6.188221][    T1] usbcore: registered new interface driver ums-onetouch
[    6.189264][    T1] usbcore: registered new interface driver ums-realtek
[    6.190297][    T1] usbcore: registered new interface driver ums-sddr09
[    6.191719][    T1] usbcore: registered new interface driver ums-sddr55
[    6.192755][    T1] usbcore: registered new interface driver ums-usbat
[    6.193853][    T1] usbcore: registered new interface driver mdc800
[    6.194409][    T1] mdc800: v0.7.5 (30/10/2000):USB Driver for Mustek MDC800 Digital Camera
[    6.195647][    T1] usbcore: registered new interface driver microtekX6
[    6.196972][    T1] usbcore: registered new interface driver usbserial_generic
[    6.198643][    T1] usbserial: USB Serial support registered for generic
[    6.199766][    T1] usbcore: registered new interface driver aircable
[    6.201822][    T1] usbserial: USB Serial support registered for aircable
[    6.202899][    T1] usbcore: registered new interface driver ark3116
[    6.203740][    T1] usbserial: USB Serial support registered for ark3116
[    6.205090][    T1] usbcore: registered new interface driver belkin_sa
[    6.205846][    T1] usbserial: USB Serial support registered for Belkin / Peracom / GoHubs USB Serial Adapter
[    6.207497][    T1] usbcore: registered new interface driver ch341
[    6.208499][    T1] usbserial: USB Serial support registered for ch341-uart
[    6.209598][    T1] usbcore: registered new interface driver cp210x
[    6.210694][    T1] usbserial: USB Serial support registered for cp210x
[    6.211463][    T1] usbcore: registered new interface driver cyberjack
[    6.212925][    T1] usbserial: USB Serial support registered for Reiner SCT Cyberjack USB card reader
[    6.214250][    T1] usbcore: registered new interface driver cypress_m8
[    6.215311][    T1] usbserial: USB Serial support registered for DeLorme Earthmate USB
[    6.216157][    T1] usbserial: USB Serial support registered for HID->COM RS232 Adapter
[    6.217573][    T1] usbserial: USB Serial support registered for Nokia CA-42 V2 Adapter
[    6.218789][    T1] usbcore: registered new interface driver usb_debug
[    6.221725][    T1] usbserial: USB Serial support registered for debug
[    6.222470][    T1] usbserial: USB Serial support registered for xhci_dbc
[    6.223843][    T1] usbcore: registered new interface driver digi_acceleport
[    6.224928][    T1] usbserial: USB Serial support registered for Digi 2 port USB adapter
[    6.225811][    T1] usbserial: USB Serial support registered for Digi 4 port USB adapter
[    6.227303][    T1] usbcore: registered new interface driver io_edgeport
[    6.228355][    T1] usbserial: USB Serial support registered for Edgeport 2 port adapter
[    6.229540][    T1] usbserial: USB Serial support registered for Edgeport 4 port adapter
[    6.231923][    T1] usbserial: USB Serial support registered for Edgeport 8 port adapter
[    6.233366][    T1] usbserial: USB Serial support registered for EPiC device
[    6.234445][    T1] usbcore: registered new interface driver io_ti
[    6.235457][    T1] usbserial: USB Serial support registered for Edgeport TI 1 port adapter
[    6.236781][    T1] usbserial: USB Serial support registered for Edgeport TI 2 port adapter
[    6.237598][    T1] usbcore: registered new interface driver empeg
[    6.238209][    T1] usbserial: USB Serial support registered for empeg
[    6.238885][    T1] usbcore: registered new interface driver f81534a_ctrl
[    6.239596][    T1] usbcore: registered new interface driver f81232
[    6.242392][    T1] usbserial: USB Serial support registered for f81232
[    6.243467][    T1] usbserial: USB Serial support registered for f81534a
[    6.244535][    T1] usbcore: registered new interface driver f81534
[    6.245560][    T1] usbserial: USB Serial support registered for Fintek F81532/F81534
[    6.246730][    T1] usbcore: registered new interface driver ftdi_sio
[    6.247755][    T1] usbserial: USB Serial support registered for FTDI USB Serial Device
[    6.248942][    T1] usbcore: registered new interface driver garmin_gps
[    6.249707][    T1] usbserial: USB Serial support registered for Garmin GPS usb/tty
[    6.251428][    T1] usbcore: registered new interface driver ipaq
[    6.252432][    T1] usbserial: USB Serial support registered for PocketPC PDA
[    6.253248][    T1] usbcore: registered new interface driver ipw
[    6.254851][    T1] usbserial: USB Serial support registered for IPWireless converter
[    6.255994][    T1] usbcore: registered new interface driver ir_usb
[    6.257002][    T1] usbserial: USB Serial support registered for IR Dongle
[    6.257711][    T1] usbcore: registered new interface driver iuu_phoenix
[    6.258378][    T1] usbserial: USB Serial support registered for iuu_phoenix
[    6.259064][    T1] usbcore: registered new interface driver keyspan
[    6.259677][    T1] usbserial: USB Serial support registered for Keyspan - (without firmware)
[    6.265287][    T1] usbserial: USB Serial support registered for Keyspan 1 port adapter
[    6.266476][    T1] usbserial: USB Serial support registered for Keyspan 2 port adapter
[    6.267627][    T1] usbserial: USB Serial support registered for Keyspan 4 port adapter
[    6.268783][    T1] usbcore: registered new interface driver keyspan_pda
[    6.269848][    T1] usbserial: USB Serial support registered for Keyspan PDA
[    6.271741][    T1] usbserial: USB Serial support registered for Keyspan PDA - (prerenumeration)
[    6.272701][    T1] usbcore: registered new interface driver kl5kusb105
[    6.273364][    T1] usbserial: USB Serial support registered for KL5KUSB105D / PalmConnect
[    6.274175][    T1] usbcore: registered new interface driver kobil_sct
[    6.274820][    T1] usbserial: USB Serial support registered for KOBIL USB smart card terminal
[    6.275643][    T1] usbcore: registered new interface driver mct_u232
[    6.276275][    T1] usbserial: USB Serial support registered for MCT U232
[    6.276951][    T1] usbcore: registered new interface driver metro_usb
[    6.277593][    T1] usbserial: USB Serial support registered for Metrologic USB to Serial
[    6.278383][    T1] usbcore: registered new interface driver mos7720
[    6.278999][    T1] usbserial: USB Serial support registered for Moschip 2 port adapter
[    6.279779][    T1] usbcore: registered new interface driver mos7840
[    6.286164][    T1] usbserial: USB Serial support registered for Moschip 7840/7820 USB Serial Driver
[    6.287486][    T1] usbcore: registered new interface driver mxuport
[    6.288494][    T1] usbserial: USB Serial support registered for MOXA UPort
[    6.289636][    T1] usbcore: registered new interface driver navman
[    6.290909][    T1] usbserial: USB Serial support registered for navman
[    6.291947][    T1] usbcore: registered new interface driver omninet
[    6.292945][    T1] usbserial: USB Serial support registered for ZyXEL - omni.net usb
[    6.294138][    T1] usbcore: registered new interface driver opticon
[    6.295173][    T1] usbserial: USB Serial support registered for opticon
[    6.296213][    T1] usbcore: registered new interface driver option
[    6.297222][    T1] usbserial: USB Serial support registered for GSM modem (1-port)
[    6.298392][    T1] usbcore: registered new interface driver oti6858
[    6.299422][    T1] usbserial: USB Serial support registered for oti6858
[    6.301663][    T1] usbcore: registered new interface driver pl2303
[    6.304452][    T1] usbserial: USB Serial support registered for pl2303
[    6.305569][    T1] usbcore: registered new interface driver qcaux
[    6.306647][    T1] usbserial: USB Serial support registered for qcaux
[    6.307678][    T1] usbcore: registered new interface driver qcserial
[    6.308704][    T1] usbserial: USB Serial support registered for Qualcomm USB modem
[    6.309587][    T1] usbcore: registered new interface driver quatech2
[    6.311597][    T1] usbserial: USB Serial support registered for Quatech 2nd gen USB to Serial Driver
[    6.312491][    T1] usbcore: registered new interface driver safe_serial
[    6.313137][    T1] usbserial: USB Serial support registered for safe_serial
[    6.313843][    T1] usbcore: registered new interface driver sierra
[    6.314464][    T1] usbserial: USB Serial support registered for Sierra USB modem
[    6.315197][    T1] usbcore: registered new interface driver usb_serial_simple
[    6.315887][    T1] usbserial: USB Serial support registered for carelink
[    6.316554][    T1] usbserial: USB Serial support registered for flashloader
[    6.317251][    T1] usbserial: USB Serial support registered for funsoft
[    6.317906][    T1] usbserial: USB Serial support registered for google
[    6.318541][    T1] usbserial: USB Serial support registered for hp4x
[    6.319163][    T1] usbserial: USB Serial support registered for kaufmann
[    6.319832][    T1] usbserial: USB Serial support registered for libtransistor
[    6.326672][    T1] usbserial: USB Serial support registered for moto_modem
[    6.327767][    T1] usbserial: USB Serial support registered for motorola_tetra
[    6.328881][    T1] usbserial: USB Serial support registered for nokia
[    6.329941][    T1] usbserial: USB Serial support registered for novatel_gps
[    6.331080][    T1] usbserial: USB Serial support registered for siemens_mpi
[    6.332162][    T1] usbserial: USB Serial support registered for suunto
[    6.333207][    T1] usbserial: USB Serial support registered for vivopay
[    6.334280][    T1] usbserial: USB Serial support registered for zio
[    6.335301][    T1] usbcore: registered new interface driver spcp8x5
[    6.336314][    T1] usbserial: USB Serial support registered for SPCP8x5
[    6.337386][    T1] usbcore: registered new interface driver ssu100
[    6.338421][    T1] usbserial: USB Serial support registered for Quatech SSU-100 USB to Serial Driver
[    6.339724][    T1] usbcore: registered new interface driver symbolserial
[    6.340905][    T1] usbserial: USB Serial support registered for symbol
[    6.341980][    T1] usbcore: registered new interface driver ti_usb_3410_5052
[    6.343065][    T1] usbserial: USB Serial support registered for TI USB 3410 1 port adapter
[    6.344249][    T1] usbserial: USB Serial support registered for TI USB 5052 2 port adapter
[    6.345453][    T1] usbcore: registered new interface driver upd78f0730
[    6.346512][    T1] usbserial: USB Serial support registered for upd78f0730
[    6.347872][    T1] usbcore: registered new interface driver visor
[    6.348876][    T1] usbserial: USB Serial support registered for Handspring Visor / Palm OS
[    6.352298][    T1] usbserial: USB Serial support registered for Sony Clie 5.0
[    6.355172][    T1] usbserial: USB Serial support registered for Sony Clie 3.5
[    6.356321][    T1] usbcore: registered new interface driver wishbone_serial
[    6.357440][    T1] usbserial: USB Serial support registered for wishbone_serial
[    6.358549][    T1] usbcore: registered new interface driver whiteheat
[    6.359616][    T1] usbserial: USB Serial support registered for Connect Tech - WhiteHEAT - (prerenumeration)
[    6.361177][    T1] usbserial: USB Serial support registered for Connect Tech - WhiteHEAT
[    6.362373][    T1] usbcore: registered new interface driver xr_serial
[    6.363402][    T1] usbserial: USB Serial support registered for xr_serial
[    6.364505][    T1] usbcore: registered new interface driver xsens_mt
[    6.365552][    T1] usbserial: USB Serial support registered for xsens_mt
[    6.366623][    T1] usbcore: registered new interface driver adutux
[    6.367652][    T1] usbcore: registered new interface driver appledisplay
[    6.368438][    T1] usbcore: registered new interface driver cypress_cy7c63
[    6.369154][    T1] usbcore: registered new interface driver cytherm
[    6.369795][    T1] usbcore: registered new interface driver emi26 - firmware loader
[    6.372979][    T1] usbcore: registered new interface driver emi62 - firmware loader
[    6.374159][    T1] usbcore: registered new interface driver idmouse
[    6.375216][    T1] usbcore: registered new interface driver iowarrior
[    6.376293][    T1] usbcore: registered new interface driver isight_firmware
[    6.377363][    T1] usbcore: registered new interface driver usblcd
[    6.378404][    T1] usbcore: registered new interface driver ldusb
[    6.379454][    T1] usbcore: registered new interface driver legousbtower
[    6.380603][    T1] usbcore: registered new interface driver usbtest
[    6.381635][    T1] usbcore: registered new interface driver usb_ehset_test
[    6.382754][    T1] usbcore: registered new interface driver trancevibrator
[    6.383887][    T1] usbcore: registered new interface driver uss720
[    6.384444][    T1] uss720: USB Parport Cable driver for Cables using the Lucent Technologies USS720 Chip
[    6.385275][    T1] uss720: NOTE: this is a special purpose driver to allow nonstandard
[    6.385979][    T1] uss720: protocols (eg. bitbang) over USS720 usb to parallel cables
[    6.386669][    T1] uss720: If you just want to connect to a printer, use usblp instead
[    6.387974][    T1] usbcore: registered new interface driver usbsevseg
[    6.389065][    T1] usbcore: registered new interface driver yurex
[    6.393895][    T1] usbcore: registered new interface driver chaoskey
[    6.394955][    T1] usbcore: registered new interface driver sisusb
[    6.395971][    T1] usbcore: registered new interface driver lvs
[    6.396961][    T1] usbcore: registered new interface driver cxacru
[    6.398039][    T1] usbcore: registered new interface driver speedtch
[    6.399154][    T1] usbcore: registered new interface driver ueagle-atm
[    6.399751][    T1] xusbatm: malformed module parameters
[    6.405446][    T1] dummy_hcd dummy_hcd.0: USB Host+Gadget Emulator, driver 02 May 2005
[    6.406212][    T1] dummy_hcd dummy_hcd.0: Dummy host controller
[    6.408377][    T1] dummy_hcd dummy_hcd.0: new USB bus registered, assigned bus number 1
[    6.410082][    T1] usb usb1: New USB device found, idVendor=1d6b, idProduct=0002, bcdDevice= 6.07
[    6.410899][    T1] usb usb1: New USB device strings: Mfr=3, Product=2, SerialNumber=1
[    6.411590][    T1] usb usb1: Product: Dummy host controller
[    6.412088][    T1] usb usb1: Manufacturer: Linux 6.7.0-rc2-ga7e294fdb620-dirty dummy_hcd
[    6.412800][    T1] usb usb1: SerialNumber: dummy_hcd.0
[    6.416730][    T1] hub 1-0:1.0: USB hub found
[    6.417584][    T1] hub 1-0:1.0: 1 port detected
[    6.422828][    T1] dummy_hcd dummy_hcd.1: USB Host+Gadget Emulator, driver 02 May 2005
[    6.423569][    T1] dummy_hcd dummy_hcd.1: Dummy host controller
[    6.425005][    T1] dummy_hcd dummy_hcd.1: new USB bus registered, assigned bus number 2
[    6.426418][    T1] usb usb2: New USB device found, idVendor=1d6b, idProduct=0002, bcdDevice= 6.07
[    6.427209][    T1] usb usb2: New USB device strings: Mfr=3, Product=2, SerialNumber=1
[    6.427902][    T1] usb usb2: Product: Dummy host controller
[    6.428402][    T1] usb usb2: Manufacturer: Linux 6.7.0-rc2-ga7e294fdb620-dirty dummy_hcd
[    6.429117][    T1] usb usb2: SerialNumber: dummy_hcd.1
[    6.432680][    T1] hub 2-0:1.0: USB hub found
[    6.433231][    T1] hub 2-0:1.0: 1 port detected
[    6.436122][    T1] dummy_hcd dummy_hcd.2: USB Host+Gadget Emulator, driver 02 May 2005
[    6.436858][    T1] dummy_hcd dummy_hcd.2: Dummy host controller
[    6.439159][    T1] dummy_hcd dummy_hcd.2: new USB bus registered, assigned bus number 3
[    6.443016][    T1] usb usb3: New USB device found, idVendor=1d6b, idProduct=0002, bcdDevice= 6.07
[    6.443807][    T1] usb usb3: New USB device strings: Mfr=3, Product=2, SerialNumber=1
[    6.444497][    T1] usb usb3: Product: Dummy host controller
[    6.444994][    T1] usb usb3: Manufacturer: Linux 6.7.0-rc2-ga7e294fdb620-dirty dummy_hcd
[    6.445704][    T1] usb usb3: SerialNumber: dummy_hcd.2
[    6.448521][    T1] hub 3-0:1.0: USB hub found
[    6.449053][    T1] hub 3-0:1.0: 1 port detected
[    6.452280][    T1] dummy_hcd dummy_hcd.3: USB Host+Gadget Emulator, driver 02 May 2005
[    6.453018][    T1] dummy_hcd dummy_hcd.3: Dummy host controller
[    6.455062][    T1] dummy_hcd dummy_hcd.3: new USB bus registered, assigned bus number 4
[    6.456388][    T1] usb usb4: New USB device found, idVendor=1d6b, idProduct=0002, bcdDevice= 6.07
[    6.457174][    T1] usb usb4: New USB device strings: Mfr=3, Product=2, SerialNumber=1
[    6.457871][    T1] usb usb4: Product: Dummy host controller
[    6.458366][    T1] usb usb4: Manufacturer: Linux 6.7.0-rc2-ga7e294fdb620-dirty dummy_hcd
[    6.459078][    T1] usb usb4: SerialNumber: dummy_hcd.3
[    6.461959][    T1] hub 4-0:1.0: USB hub found
[    6.462494][    T1] hub 4-0:1.0: 1 port detected
[    6.466250][    T1] dummy_hcd dummy_hcd.4: USB Host+Gadget Emulator, driver 02 May 2005
[    6.466983][    T1] dummy_hcd dummy_hcd.4: Dummy host controller
[    6.468400][    T1] dummy_hcd dummy_hcd.4: new USB bus registered, assigned bus number 5
[    6.469684][    T1] usb usb5: New USB device found, idVendor=1d6b, idProduct=0002, bcdDevice= 6.07
[    6.470756][    T1] usb usb5: New USB device strings: Mfr=3, Product=2, SerialNumber=1
[    6.471452][    T1] usb usb5: Product: Dummy host controller
[    6.471947][    T1] usb usb5: Manufacturer: Linux 6.7.0-rc2-ga7e294fdb620-dirty dummy_hcd
[    6.472657][    T1] usb usb5: SerialNumber: dummy_hcd.4
[    6.475538][    T1] hub 5-0:1.0: USB hub found
[    6.476064][    T1] hub 5-0:1.0: 1 port detected
[    6.479641][    T1] dummy_hcd dummy_hcd.5: USB Host+Gadget Emulator, driver 02 May 2005
[    6.480694][    T1] dummy_hcd dummy_hcd.5: Dummy host controller
[    6.482109][    T1] dummy_hcd dummy_hcd.5: new USB bus registered, assigned bus number 6
[    6.483378][    T1] usb usb6: New USB device found, idVendor=1d6b, idProduct=0002, bcdDevice= 6.07
[    6.484164][    T1] usb usb6: New USB device strings: Mfr=3, Product=2, SerialNumber=1
[    6.484853][    T1] usb usb6: Product: Dummy host controller
[    6.485351][    T1] usb usb6: Manufacturer: Linux 6.7.0-rc2-ga7e294fdb620-dirty dummy_hcd
[    6.486090][    T1] usb usb6: SerialNumber: dummy_hcd.5
[    6.488617][    T1] hub 6-0:1.0: USB hub found
[    6.489467][    T1] hub 6-0:1.0: 1 port detected
[    6.493325][    T1] dummy_hcd dummy_hcd.6: USB Host+Gadget Emulator, driver 02 May 2005
[    6.494069][    T1] dummy_hcd dummy_hcd.6: Dummy host controller
[    6.495420][    T1] dummy_hcd dummy_hcd.6: new USB bus registered, assigned bus number 7
[    6.497160][    T1] usb usb7: New USB device found, idVendor=1d6b, idProduct=0002, bcdDevice= 6.07
[    6.497958][    T1] usb usb7: New USB device strings: Mfr=3, Product=2, SerialNumber=1
[    6.498647][    T1] usb usb7: Product: Dummy host controller
[    6.499144][    T1] usb usb7: Manufacturer: Linux 6.7.0-rc2-ga7e294fdb620-dirty dummy_hcd
[    6.499857][    T1] usb usb7: SerialNumber: dummy_hcd.6
[    6.504777][    T1] hub 7-0:1.0: USB hub found
[    6.505305][    T1] hub 7-0:1.0: 1 port detected
[    6.508436][    T1] dummy_hcd dummy_hcd.7: USB Host+Gadget Emulator, driver 02 May 2005
[    6.509175][    T1] dummy_hcd dummy_hcd.7: Dummy host controller
[    6.511758][    T1] dummy_hcd dummy_hcd.7: new USB bus registered, assigned bus number 8
[    6.513014][    T1] usb usb8: New USB device found, idVendor=1d6b, idProduct=0002, bcdDevice= 6.07
[    6.513808][    T1] usb usb8: New USB device strings: Mfr=3, Product=2, SerialNumber=1
[    6.514497][    T1] usb usb8: Product: Dummy host controller
[    6.514993][    T1] usb usb8: Manufacturer: Linux 6.7.0-rc2-ga7e294fdb620-dirty dummy_hcd
[    6.515703][    T1] usb usb8: SerialNumber: dummy_hcd.7
[    6.518541][    T1] hub 8-0:1.0: USB hub found
[    6.519070][    T1] hub 8-0:1.0: 1 port detected
[    6.535857][    T1] gadgetfs: USB Gadget filesystem, version 24 Aug 2004
[    6.554844][    T1] vhci_hcd vhci_hcd.0: USB/IP Virtual Host Controller
[    6.556418][    T1] vhci_hcd vhci_hcd.0: new USB bus registered, assigned bus number 9
[    6.557451][    T1] vhci_hcd: created sysfs vhci_hcd.0
[    6.558500][    T1] usb usb9: New USB device found, idVendor=1d6b, idProduct=0002, bcdDevice= 6.07
[    6.559287][    T1] usb usb9: New USB device strings: Mfr=3, Product=2, SerialNumber=1
[    6.559988][    T1] usb usb9: Product: USB/IP Virtual Host Controller
[    6.560850][    T1] usb usb9: Manufacturer: Linux 6.7.0-rc2-ga7e294fdb620-dirty vhci_hcd
[    6.561553][    T1] usb usb9: SerialNumber: vhci_hcd.0
[    6.564433][    T1] hub 9-0:1.0: USB hub found
[    6.565064][    T1] hub 9-0:1.0: 8 ports detected
[    6.573082][    T1] vhci_hcd vhci_hcd.0: USB/IP Virtual Host Controller
[    6.574547][    T1] vhci_hcd vhci_hcd.0: new USB bus registered, assigned bus number 10
[    6.575497][    T1] usb usb10: We don't know the algorithms for LPM for this host, disabling LPM.
[    6.576742][    T1] usb usb10: New USB device found, idVendor=1d6b, idProduct=0003, bcdDevice= 6.07
[    6.577542][    T1] usb usb10: New USB device strings: Mfr=3, Product=2, SerialNumber=1
[    6.578246][    T1] usb usb10: Product: USB/IP Virtual Host Controller
[    6.578817][    T1] usb usb10: Manufacturer: Linux 6.7.0-rc2-ga7e294fdb620-dirty vhci_hcd
[    6.579527][    T1] usb usb10: SerialNumber: vhci_hcd.0
[    6.585738][    T1] hub 10-0:1.0: USB hub found
[    6.586296][    T1] hub 10-0:1.0: 8 ports detected
[    6.594139][    T1] vhci_hcd vhci_hcd.1: USB/IP Virtual Host Controller
[    6.596348][    T1] vhci_hcd vhci_hcd.1: new USB bus registered, assigned bus number 11
[    6.597609][    T1] usb usb11: New USB device found, idVendor=1d6b, idProduct=0002, bcdDevice= 6.07
[    6.598453][    T1] usb usb11: New USB device strings: Mfr=3, Product=2, SerialNumber=1
[    6.599149][    T1] usb usb11: Product: USB/IP Virtual Host Controller
[    6.599719][    T1] usb usb11: Manufacturer: Linux 6.7.0-rc2-ga7e294fdb620-dirty vhci_hcd
[    6.600672][    T1] usb usb11: SerialNumber: vhci_hcd.1
[    6.603486][    T1] hub 11-0:1.0: USB hub found
[    6.604020][    T1] hub 11-0:1.0: 8 ports detected
[    6.609947][    T1] vhci_hcd vhci_hcd.1: USB/IP Virtual Host Controller
[    6.611692][    T1] vhci_hcd vhci_hcd.1: new USB bus registered, assigned bus number 12
[    6.612614][    T1] usb usb12: We don't know the algorithms for LPM for this host, disabling LPM.
[    6.613906][    T1] usb usb12: New USB device found, idVendor=1d6b, idProduct=0003, bcdDevice= 6.07
[    6.614697][    T1] usb usb12: New USB device strings: Mfr=3, Product=2, SerialNumber=1
[    6.615393][    T1] usb usb12: Product: USB/IP Virtual Host Controller
[    6.615963][    T1] usb usb12: Manufacturer: Linux 6.7.0-rc2-ga7e294fdb620-dirty vhci_hcd
[    6.616671][    T1] usb usb12: SerialNumber: vhci_hcd.1
[    6.619219][    T1] hub 12-0:1.0: USB hub found
[    6.620313][    T1] hub 12-0:1.0: 8 ports detected
[    6.628022][    T1] vhci_hcd vhci_hcd.2: USB/IP Virtual Host Controller
[    6.629473][    T1] vhci_hcd vhci_hcd.2: new USB bus registered, assigned bus number 13
[    6.631345][    T1] usb usb13: New USB device found, idVendor=1d6b, idProduct=0002, bcdDevice= 6.07
[    6.632140][    T1] usb usb13: New USB device strings: Mfr=3, Product=2, SerialNumber=1
[    6.632838][    T1] usb usb13: Product: USB/IP Virtual Host Controller
[    6.633410][    T1] usb usb13: Manufacturer: Linux 6.7.0-rc2-ga7e294fdb620-dirty vhci_hcd
[    6.634125][    T1] usb usb13: SerialNumber: vhci_hcd.2
[    6.636862][    T1] hub 13-0:1.0: USB hub found
[    6.637395][    T1] hub 13-0:1.0: 8 ports detected
[    6.643403][    T1] vhci_hcd vhci_hcd.2: USB/IP Virtual Host Controller
[    6.645495][    T1] vhci_hcd vhci_hcd.2: new USB bus registered, assigned bus number 14
[    6.646429][    T1] usb usb14: We don't know the algorithms for LPM for this host, disabling LPM.
[    6.647656][    T1] usb usb14: New USB device found, idVendor=1d6b, idProduct=0003, bcdDevice= 6.07
[    6.648448][    T1] usb usb14: New USB device strings: Mfr=3, Product=2, SerialNumber=1
[    6.649158][    T1] usb usb14: Product: USB/IP Virtual Host Controller
[    6.649727][    T1] usb usb14: Manufacturer: Linux 6.7.0-rc2-ga7e294fdb620-dirty vhci_hcd
[    6.650741][    T1] usb usb14: SerialNumber: vhci_hcd.2
[    6.653554][    T1] hub 14-0:1.0: USB hub found
[    6.654094][    T1] hub 14-0:1.0: 8 ports detected
[    6.660757][    T1] vhci_hcd vhci_hcd.3: USB/IP Virtual Host Controller
[    6.664870][    T1] vhci_hcd vhci_hcd.3: new USB bus registered, assigned bus number 15
[    6.667089][    T1] usb usb15: New USB device found, idVendor=1d6b, idProduct=0002, bcdDevice= 6.07
[    6.667900][    T1] usb usb15: New USB device strings: Mfr=3, Product=2, SerialNumber=1
[    6.668599][    T1] usb usb15: Product: USB/IP Virtual Host Controller
[    6.669177][    T1] usb usb15: Manufacturer: Linux 6.7.0-rc2-ga7e294fdb620-dirty vhci_hcd
[    6.669895][    T1] usb usb15: SerialNumber: vhci_hcd.3
[    6.673013][    T1] hub 15-0:1.0: USB hub found
[    6.673622][    T1] hub 15-0:1.0: 8 ports detected
[    6.679155][    T1] vhci_hcd vhci_hcd.3: USB/IP Virtual Host Controller
[    6.681531][    T1] vhci_hcd vhci_hcd.3: new USB bus registered, assigned bus number 16
[    6.682456][    T1] usb usb16: We don't know the algorithms for LPM for this host, disabling LPM.
[    6.683697][    T1] usb usb16: New USB device found, idVendor=1d6b, idProduct=0003, bcdDevice= 6.07
[    6.684498][    T1] usb usb16: New USB device strings: Mfr=3, Product=2, SerialNumber=1
[    6.685195][    T1] usb usb16: Product: USB/IP Virtual Host Controller
[    6.685773][    T1] usb usb16: Manufacturer: Linux 6.7.0-rc2-ga7e294fdb620-dirty vhci_hcd
[    6.686485][    T1] usb usb16: SerialNumber: vhci_hcd.3
[    6.689305][    T1] hub 16-0:1.0: USB hub found
[    6.689860][    T1] hub 16-0:1.0: 8 ports detected
[    6.698247][    T1] vhci_hcd vhci_hcd.4: USB/IP Virtual Host Controller
[    6.699704][    T1] vhci_hcd vhci_hcd.4: new USB bus registered, assigned bus number 17
[    6.701269][    T1] usb usb17: New USB device found, idVendor=1d6b, idProduct=0002, bcdDevice= 6.07
[    6.702071][    T1] usb usb17: New USB device strings: Mfr=3, Product=2, SerialNumber=1
[    6.702772][    T1] usb usb17: Product: USB/IP Virtual Host Controller
[    6.703350][    T1] usb usb17: Manufacturer: Linux 6.7.0-rc2-ga7e294fdb620-dirty vhci_hcd
[    6.704066][    T1] usb usb17: SerialNumber: vhci_hcd.4
[    6.706549][    T1] hub 17-0:1.0: USB hub found
[    6.707518][    T1] hub 17-0:1.0: 8 ports detected
[    6.713940][    T1] vhci_hcd vhci_hcd.4: USB/IP Virtual Host Controller
[    6.715386][    T1] vhci_hcd vhci_hcd.4: new USB bus registered, assigned bus number 18
[    6.716312][    T1] usb usb18: We don't know the algorithms for LPM for this host, disabling LPM.
[    6.717553][    T1] usb usb18: New USB device found, idVendor=1d6b, idProduct=0003, bcdDevice= 6.07
[    6.718349][    T1] usb usb18: New USB device strings: Mfr=3, Product=2, SerialNumber=1
[    6.719045][    T1] usb usb18: Product: USB/IP Virtual Host Controller
[    6.719614][    T1] usb usb18: Manufacturer: Linux 6.7.0-rc2-ga7e294fdb620-dirty vhci_hcd
[    6.720602][    T1] usb usb18: SerialNumber: vhci_hcd.4
[    6.723021][    T1] hub 18-0:1.0: USB hub found
[    6.724011][    T1] hub 18-0:1.0: 8 ports detected
[    6.731757][    T1] vhci_hcd vhci_hcd.5: USB/IP Virtual Host Controller
[    6.734096][    T1] vhci_hcd vhci_hcd.5: new USB bus registered, assigned bus number 19
[    6.735351][    T1] usb usb19: New USB device found, idVendor=1d6b, idProduct=0002, bcdDevice= 6.07
[    6.736143][    T1] usb usb19: New USB device strings: Mfr=3, Product=2, SerialNumber=1
[    6.736843][    T1] usb usb19: Product: USB/IP Virtual Host Controller
[    6.737417][    T1] usb usb19: Manufacturer: Linux 6.7.0-rc2-ga7e294fdb620-dirty vhci_hcd
[    6.738135][    T1] usb usb19: SerialNumber: vhci_hcd.5
[    6.743362][    T1] hub 19-0:1.0: USB hub found
[    6.743906][    T1] hub 19-0:1.0: 8 ports detected
[    6.750583][    T1] vhci_hcd vhci_hcd.5: USB/IP Virtual Host Controller
[    6.752007][    T1] vhci_hcd vhci_hcd.5: new USB bus registered, assigned bus number 20
[    6.752938][    T1] usb usb20: We don't know the algorithms for LPM for this host, disabling LPM.
[    6.754172][    T1] usb usb20: New USB device found, idVendor=1d6b, idProduct=0003, bcdDevice= 6.07
[    6.754964][    T1] usb usb20: New USB device strings: Mfr=3, Product=2, SerialNumber=1
[    6.755663][    T1] usb usb20: Product: USB/IP Virtual Host Controller
[    6.756253][    T1] usb usb20: Manufacturer: Linux 6.7.0-rc2-ga7e294fdb620-dirty vhci_hcd
[    6.756966][    T1] usb usb20: SerialNumber: vhci_hcd.5
[    6.759373][    T1] hub 20-0:1.0: USB hub found
[    6.760764][    T1] hub 20-0:1.0: 8 ports detected
[    6.768013][    T1] vhci_hcd vhci_hcd.6: USB/IP Virtual Host Controller
[    6.770273][    T1] vhci_hcd vhci_hcd.6: new USB bus registered, assigned bus number 21
[    6.771521][    T1] usb usb21: New USB device found, idVendor=1d6b, idProduct=0002, bcdDevice= 6.07
[    6.772313][    T1] usb usb21: New USB device strings: Mfr=3, Product=2, SerialNumber=1
[    6.773026][    T1] usb usb21: Product: USB/IP Virtual Host Controller
[    6.773600][    T1] usb usb21: Manufacturer: Linux 6.7.0-rc2-ga7e294fdb620-dirty vhci_hcd
[    6.774319][    T1] usb usb21: SerialNumber: vhci_hcd.6
[    6.777704][    T1] hub 21-0:1.0: USB hub found
[    6.778257][    T1] hub 21-0:1.0: 8 ports detected
[    6.784783][    T1] vhci_hcd vhci_hcd.6: USB/IP Virtual Host Controller
[    6.786229][    T1] vhci_hcd vhci_hcd.6: new USB bus registered, assigned bus number 22
[    6.787159][    T1] usb usb22: We don't know the algorithms for LPM for this host, disabling LPM.
[    6.788405][    T1] usb usb22: New USB device found, idVendor=1d6b, idProduct=0003, bcdDevice= 6.07
[    6.789197][    T1] usb usb22: New USB device strings: Mfr=3, Product=2, SerialNumber=1
[    6.789925][    T1] usb usb22: Product: USB/IP Virtual Host Controller
[    6.790810][    T1] usb usb22: Manufacturer: Linux 6.7.0-rc2-ga7e294fdb620-dirty vhci_hcd
[    6.791527][    T1] usb usb22: SerialNumber: vhci_hcd.6
[    6.794380][    T1] hub 22-0:1.0: USB hub found
[    6.794911][    T1] hub 22-0:1.0: 8 ports detected
[    6.802348][    T1] vhci_hcd vhci_hcd.7: USB/IP Virtual Host Controller
[    6.805297][    T1] vhci_hcd vhci_hcd.7: new USB bus registered, assigned bus number 23
[    6.806566][    T1] usb usb23: New USB device found, idVendor=1d6b, idProduct=0002, bcdDevice= 6.07
[    6.807360][    T1] usb usb23: New USB device strings: Mfr=3, Product=2, SerialNumber=1
[    6.808059][    T1] usb usb23: Product: USB/IP Virtual Host Controller
[    6.808639][    T1] usb usb23: Manufacturer: Linux 6.7.0-rc2-ga7e294fdb620-dirty vhci_hcd
[    6.809385][    T1] usb usb23: SerialNumber: vhci_hcd.7
[    6.812433][    T1] hub 23-0:1.0: USB hub found
[    6.812964][    T1] hub 23-0:1.0: 8 ports detected
[    6.819208][    T1] vhci_hcd vhci_hcd.7: USB/IP Virtual Host Controller
[    6.821793][    T1] vhci_hcd vhci_hcd.7: new USB bus registered, assigned bus number 24
[    6.822737][    T1] usb usb24: We don't know the algorithms for LPM for this host, disabling LPM.
[    6.823971][    T1] usb usb24: New USB device found, idVendor=1d6b, idProduct=0003, bcdDevice= 6.07
[    6.824764][    T1] usb usb24: New USB device strings: Mfr=3, Product=2, SerialNumber=1
[    6.825463][    T1] usb usb24: Product: USB/IP Virtual Host Controller
[    6.826042][    T1] usb usb24: Manufacturer: Linux 6.7.0-rc2-ga7e294fdb620-dirty vhci_hcd
[    6.826755][    T1] usb usb24: SerialNumber: vhci_hcd.7
[    6.829476][    T1] hub 24-0:1.0: USB hub found
[    6.830528][    T1] hub 24-0:1.0: 8 ports detected
[    6.835934][    T1] vhci_hcd vhci_hcd.8: USB/IP Virtual Host Controller
[    6.839871][    T1] vhci_hcd vhci_hcd.8: new USB bus registered, assigned bus number 25
[    6.841244][    T1] usb usb25: New USB device found, idVendor=1d6b, idProduct=0002, bcdDevice= 6.07
[    6.842047][    T1] usb usb25: New USB device strings: Mfr=3, Product=2, SerialNumber=1
[    6.842759][    T1] usb usb25: Product: USB/IP Virtual Host Controller
[    6.843329][    T1] usb usb25: Manufacturer: Linux 6.7.0-rc2-ga7e294fdb620-dirty vhci_hcd
[    6.844041][    T1] usb usb25: SerialNumber: vhci_hcd.8
[    6.846886][    T1] hub 25-0:1.0: USB hub found
[    6.847418][    T1] hub 25-0:1.0: 8 ports detected
[    6.853710][    T1] vhci_hcd vhci_hcd.8: USB/IP Virtual Host Controller
[    6.855301][    T1] vhci_hcd vhci_hcd.8: new USB bus registered, assigned bus number 26
[    6.856245][    T1] usb usb26: We don't know the algorithms for LPM for this host, disabling LPM.
[    6.857485][    T1] usb usb26: New USB device found, idVendor=1d6b, idProduct=0003, bcdDevice= 6.07
[    6.858284][    T1] usb usb26: New USB device strings: Mfr=3, Product=2, SerialNumber=1
[    6.858992][    T1] usb usb26: Product: USB/IP Virtual Host Controller
[    6.859565][    T1] usb usb26: Manufacturer: Linux 6.7.0-rc2-ga7e294fdb620-dirty vhci_hcd
[    6.860790][    T1] usb usb26: SerialNumber: vhci_hcd.8
[    6.863551][    T1] hub 26-0:1.0: USB hub found
[    6.864100][    T1] hub 26-0:1.0: 8 ports detected
[    6.871579][    T1] vhci_hcd vhci_hcd.9: USB/IP Virtual Host Controller
[    6.873699][    T1] vhci_hcd vhci_hcd.9: new USB bus registered, assigned bus number 27
[    6.875006][    T1] usb usb27: New USB device found, idVendor=1d6b, idProduct=0002, bcdDevice= 6.07
[    6.875802][    T1] usb usb27: New USB device strings: Mfr=3, Product=2, SerialNumber=1
[    6.876501][    T1] usb usb27: Product: USB/IP Virtual Host Controller
[    6.877073][    T1] usb usb27: Manufacturer: Linux 6.7.0-rc2-ga7e294fdb620-dirty vhci_hcd
[    6.877794][    T1] usb usb27: SerialNumber: vhci_hcd.9
[    6.880942][    T1] hub 27-0:1.0: USB hub found
[    6.881472][    T1] hub 27-0:1.0: 8 ports detected
[    6.887506][    T1] vhci_hcd vhci_hcd.9: USB/IP Virtual Host Controller
[    6.888981][    T1] vhci_hcd vhci_hcd.9: new USB bus registered, assigned bus number 28
[    6.889958][    T1] usb usb28: We don't know the algorithms for LPM for this host, disabling LPM.
[    6.891775][    T1] usb usb28: New USB device found, idVendor=1d6b, idProduct=0003, bcdDevice= 6.07
[    6.892571][    T1] usb usb28: New USB device strings: Mfr=3, Product=2, SerialNumber=1
[    6.893270][    T1] usb usb28: Product: USB/IP Virtual Host Controller
[    6.893850][    T1] usb usb28: Manufacturer: Linux 6.7.0-rc2-ga7e294fdb620-dirty vhci_hcd
[    6.894564][    T1] usb usb28: SerialNumber: vhci_hcd.9
[    6.897095][    T1] hub 28-0:1.0: USB hub found
[    6.898021][    T1] hub 28-0:1.0: 8 ports detected
[    6.905872][    T1] vhci_hcd vhci_hcd.10: USB/IP Virtual Host Controller
[    6.907059][    T1] vhci_hcd vhci_hcd.10: new USB bus registered, assigned bus number 29
[    6.908653][    T1] usb usb29: New USB device found, idVendor=1d6b, idProduct=0002, bcdDevice= 6.07
[    6.909452][    T1] usb usb29: New USB device strings: Mfr=3, Product=2, SerialNumber=1
[    6.910297][    T1] usb usb29: Product: USB/IP Virtual Host Controller
[    6.910876][    T1] usb usb29: Manufacturer: Linux 6.7.0-rc2-ga7e294fdb620-dirty vhci_hcd
[    6.911592][    T1] usb usb29: SerialNumber: vhci_hcd.10
[    6.914509][    T1] hub 29-0:1.0: USB hub found
[    6.915050][    T1] hub 29-0:1.0: 8 ports detected
[    6.921516][    T1] vhci_hcd vhci_hcd.10: USB/IP Virtual Host Controller
[    6.923125][    T1] vhci_hcd vhci_hcd.10: new USB bus registered, assigned bus number 30
[    6.924072][    T1] usb usb30: We don't know the algorithms for LPM for this host, disabling LPM.
[    6.925302][    T1] usb usb30: New USB device found, idVendor=1d6b, idProduct=0003, bcdDevice= 6.07
[    6.926104][    T1] usb usb30: New USB device strings: Mfr=3, Product=2, SerialNumber=1
[    6.926806][    T1] usb usb30: Product: USB/IP Virtual Host Controller
[    6.927394][    T1] usb usb30: Manufacturer: Linux 6.7.0-rc2-ga7e294fdb620-dirty vhci_hcd
[    6.928128][    T1] usb usb30: SerialNumber: vhci_hcd.10
[    6.931256][    T1] hub 30-0:1.0: USB hub found
[    6.931801][    T1] hub 30-0:1.0: 8 ports detected
[    6.939782][    T1] vhci_hcd vhci_hcd.11: USB/IP Virtual Host Controller
[    6.941523][    T1] vhci_hcd vhci_hcd.11: new USB bus registered, assigned bus number 31
[    6.942774][    T1] usb usb31: New USB device found, idVendor=1d6b, idProduct=0002, bcdDevice= 6.07
[    6.943571][    T1] usb usb31: New USB device strings: Mfr=3, Product=2, SerialNumber=1
[    6.944271][    T1] usb usb31: Product: USB/IP Virtual Host Controller
[    6.944847][    T1] usb usb31: Manufacturer: Linux 6.7.0-rc2-ga7e294fdb620-dirty vhci_hcd
[    6.945564][    T1] usb usb31: SerialNumber: vhci_hcd.11
[    6.948404][    T1] hub 31-0:1.0: USB hub found
[    6.948936][    T1] hub 31-0:1.0: 8 ports detected
[    6.955418][    T1] vhci_hcd vhci_hcd.11: USB/IP Virtual Host Controller
[    6.956861][    T1] vhci_hcd vhci_hcd.11: new USB bus registered, assigned bus number 32
[    6.957814][    T1] usb usb32: We don't know the algorithms for LPM for this host, disabling LPM.
[    6.959090][    T1] usb usb32: New USB device found, idVendor=1d6b, idProduct=0003, bcdDevice= 6.07
[    6.959884][    T1] usb usb32: New USB device strings: Mfr=3, Product=2, SerialNumber=1
[    6.960894][    T1] usb usb32: Product: USB/IP Virtual Host Controller
[    6.961476][    T1] usb usb32: Manufacturer: Linux 6.7.0-rc2-ga7e294fdb620-dirty vhci_hcd
[    6.962195][    T1] usb usb32: SerialNumber: vhci_hcd.11
[    6.965005][    T1] hub 32-0:1.0: USB hub found
[    6.965540][    T1] hub 32-0:1.0: 8 ports detected
[    6.973665][    T1] vhci_hcd vhci_hcd.12: USB/IP Virtual Host Controller
[    6.975837][    T1] vhci_hcd vhci_hcd.12: new USB bus registered, assigned bus number 33
[    6.977089][    T1] usb usb33: New USB device found, idVendor=1d6b, idProduct=0002, bcdDevice= 6.07
[    6.977890][    T1] usb usb33: New USB device strings: Mfr=3, Product=2, SerialNumber=1
[    6.978592][    T1] usb usb33: Product: USB/IP Virtual Host Controller
[    6.979168][    T1] usb usb33: Manufacturer: Linux 6.7.0-rc2-ga7e294fdb620-dirty vhci_hcd
[    6.979887][    T1] usb usb33: SerialNumber: vhci_hcd.12
[    6.982932][    T1] hub 33-0:1.0: USB hub found
[    6.983470][    T1] hub 33-0:1.0: 8 ports detected
[    6.989571][    T1] vhci_hcd vhci_hcd.12: USB/IP Virtual Host Controller
[    6.991389][    T1] vhci_hcd vhci_hcd.12: new USB bus registered, assigned bus number 34
[    6.992326][    T1] usb usb34: We don't know the algorithms for LPM for this host, disabling LPM.
[    6.993553][    T1] usb usb34: New USB device found, idVendor=1d6b, idProduct=0003, bcdDevice= 6.07
[    6.994370][    T1] usb usb34: New USB device strings: Mfr=3, Product=2, SerialNumber=1
[    6.995079][    T1] usb usb34: Product: USB/IP Virtual Host Controller
[    6.995654][    T1] usb usb34: Manufacturer: Linux 6.7.0-rc2-ga7e294fdb620-dirty vhci_hcd
[    6.996371][    T1] usb usb34: SerialNumber: vhci_hcd.12
[    6.999226][    T1] hub 34-0:1.0: USB hub found
[    6.999760][    T1] hub 34-0:1.0: 8 ports detected
[    7.007470][    T1] vhci_hcd vhci_hcd.13: USB/IP Virtual Host Controller
[    7.009795][    T1] vhci_hcd vhci_hcd.13: new USB bus registered, assigned bus number 35
[    7.011330][    T1] usb usb35: New USB device found, idVendor=1d6b, idProduct=0002, bcdDevice= 6.07
[    7.012135][    T1] usb usb35: New USB device strings: Mfr=3, Product=2, SerialNumber=1
[    7.012845][    T1] usb usb35: Product: USB/IP Virtual Host Controller
[    7.013431][    T1] usb usb35: Manufacturer: Linux 6.7.0-rc2-ga7e294fdb620-dirty vhci_hcd
[    7.014160][    T1] usb usb35: SerialNumber: vhci_hcd.13
[    7.016940][    T1] hub 35-0:1.0: USB hub found
[    7.017476][    T1] hub 35-0:1.0: 8 ports detected
[    7.023769][    T1] vhci_hcd vhci_hcd.13: USB/IP Virtual Host Controller
[    7.025581][    T1] vhci_hcd vhci_hcd.13: new USB bus registered, assigned bus number 36
[    7.026524][    T1] usb usb36: We don't know the algorithms for LPM for this host, disabling LPM.
[    7.027758][    T1] usb usb36: New USB device found, idVendor=1d6b, idProduct=0003, bcdDevice= 6.07
[    7.028566][    T1] usb usb36: New USB device strings: Mfr=3, Product=2, SerialNumber=1
[    7.029269][    T1] usb usb36: Product: USB/IP Virtual Host Controller
[    7.029858][    T1] usb usb36: Manufacturer: Linux 6.7.0-rc2-ga7e294fdb620-dirty vhci_hcd
[    7.030847][    T1] usb usb36: SerialNumber: vhci_hcd.13
[    7.033829][    T1] hub 36-0:1.0: USB hub found
[    7.034364][    T1] hub 36-0:1.0: 8 ports detected
[    7.041072][    T1] vhci_hcd vhci_hcd.14: USB/IP Virtual Host Controller
[    7.044209][    T1] vhci_hcd vhci_hcd.14: new USB bus registered, assigned bus number 37
[    7.045462][    T1] usb usb37: New USB device found, idVendor=1d6b, idProduct=0002, bcdDevice= 6.07
[    7.046277][    T1] usb usb37: New USB device strings: Mfr=3, Product=2, SerialNumber=1
[    7.046975][    T1] usb usb37: Product: USB/IP Virtual Host Controller
[    7.047548][    T1] usb usb37: Manufacturer: Linux 6.7.0-rc2-ga7e294fdb620-dirty vhci_hcd
[    7.048261][    T1] usb usb37: SerialNumber: vhci_hcd.14
[    7.051347][    T1] hub 37-0:1.0: USB hub found
[    7.051902][    T1] hub 37-0:1.0: 8 ports detected
[    7.058182][    T1] vhci_hcd vhci_hcd.14: USB/IP Virtual Host Controller
[    7.059720][    T1] vhci_hcd vhci_hcd.14: new USB bus registered, assigned bus number 38
[    7.060973][    T1] usb usb38: We don't know the algorithms for LPM for this host, disabling LPM.
[    7.062238][    T1] usb usb38: New USB device found, idVendor=1d6b, idProduct=0003, bcdDevice= 6.07
[    7.063043][    T1] usb usb38: New USB device strings: Mfr=3, Product=2, SerialNumber=1
[    7.063748][    T1] usb usb38: Product: USB/IP Virtual Host Controller
[    7.064323][    T1] usb usb38: Manufacturer: Linux 6.7.0-rc2-ga7e294fdb620-dirty vhci_hcd
[    7.065037][    T1] usb usb38: SerialNumber: vhci_hcd.14
[    7.067530][    T1] hub 38-0:1.0: USB hub found
[    7.068468][    T1] hub 38-0:1.0: 8 ports detected
[    7.076009][    T1] vhci_hcd vhci_hcd.15: USB/IP Virtual Host Controller
[    7.078293][    T1] vhci_hcd vhci_hcd.15: new USB bus registered, assigned bus number 39
[    7.079569][    T1] usb usb39: New USB device found, idVendor=1d6b, idProduct=0002, bcdDevice= 6.07
[    7.080625][    T1] usb usb39: New USB device strings: Mfr=3, Product=2, SerialNumber=1
[    7.081333][    T1] usb usb39: Product: USB/IP Virtual Host Controller
[    7.081917][    T1] usb usb39: Manufacturer: Linux 6.7.0-rc2-ga7e294fdb620-dirty vhci_hcd
[    7.082634][    T1] usb usb39: SerialNumber: vhci_hcd.15
[    7.085421][    T1] hub 39-0:1.0: USB hub found
[    7.085969][    T1] hub 39-0:1.0: 8 ports detected
[    7.092638][    T1] vhci_hcd vhci_hcd.15: USB/IP Virtual Host Controller
[    7.094130][    T1] vhci_hcd vhci_hcd.15: new USB bus registered, assigned bus number 40
[    7.095067][    T1] usb usb40: We don't know the algorithms for LPM for this host, disabling LPM.
[    7.096307][    T1] usb usb40: New USB device found, idVendor=1d6b, idProduct=0003, bcdDevice= 6.07
[    7.097103][    T1] usb usb40: New USB device strings: Mfr=3, Product=2, SerialNumber=1
[    7.097810][    T1] usb usb40: Product: USB/IP Virtual Host Controller
[    7.098382][    T1] usb usb40: Manufacturer: Linux 6.7.0-rc2-ga7e294fdb620-dirty vhci_hcd
[    7.099097][    T1] usb usb40: SerialNumber: vhci_hcd.15
[    7.102230][    T1] hub 40-0:1.0: USB hub found
[    7.102781][    T1] hub 40-0:1.0: 8 ports detected
[    7.110932][    T1] usbcore: registered new device driver usbip-host
[    7.117414][    T1] i8042: PNP: PS/2 Controller [PNP0303:KBD,PNP0f13:MOU] at 0x60,0x64 irq 1,12
[    7.119318][    T1] serio: i8042 KBD port at 0x60,0x64 irq 1
[    7.124323][    T1] serio: i8042 AUX port at 0x60,0x64 irq 12
[    7.127837][    T1] mousedev: PS/2 mouse device common for all mice
[    7.129922][    T1] usbcore: registered new interface driver appletouch
[    7.133813][    T1] usbcore: registered new interface driver bcm5974
[    7.134656][    T1] usbcore: registered new interface driver synaptics_usb
[    7.135408][    T1] usbcore: registered new interface driver iforce
[    7.136120][    T1] usbcore: registered new interface driver xpad
[    7.136798][    T1] usbcore: registered new interface driver usb_acecad
[    7.137516][    T1] usbcore: registered new interface driver aiptek
[    7.138194][    T1] usbcore: registered new interface driver hanwang
[    7.138893][    T1] usbcore: registered new interface driver kbtab
[    7.139584][    T1] usbcore: registered new interface driver pegasus_notetaker
[    7.141362][    T9] input: AT Translated Set 2 keyboard as /devices/platform/i8042/serio0/input/input1
[    7.155282][    T1] usbcore: registered new interface driver usbtouchscreen
[    7.156471][    T1] usbcore: registered new interface driver sur40
[    7.157634][    T1] usbcore: registered new interface driver ati_remote2
[    7.158241][    T1] cm109: Keymap for Komunikate KIP1000 phone loaded
[    7.159403][    T1] usbcore: registered new interface driver cm109
[    7.159956][    T1] cm109: CM109 phone driver: 20080805 (C) Alfred E. Heggestad
[    7.161285][    T1] usbcore: registered new interface driver ims_pcu
[    7.162406][    T1] usbcore: registered new interface driver keyspan_remote
[    7.163800][    T1] usbcore: registered new interface driver powermate
[    7.165617][    T1] usbcore: registered new interface driver yealink
[    7.167231][    T1] rtc_cmos 00:05: RTC can wake from S4
[    7.177624][    T1] rtc_cmos 00:05: registered as rtc0
[    7.178165][    T1] rtc_cmos 00:05: alarms up to one day, y3k, 242 bytes nvram, hpet irqs
[    7.181568][    T1] i2c_dev: i2c /dev entries driver
[    7.182344][    T1] usbcore: registered new interface driver i2c-diolan-u2c
[    7.183166][    T1] usbcore: registered new interface driver RobotFuzz Open Source InterFace, OSIF
[    7.184178][    T1] usbcore: registered new interface driver i2c-tiny-usb
[    7.185762][    T1] usbcore: registered new interface driver igorplugusb
[    7.186490][    T1] usbcore: registered new interface driver iguanair
[    7.187196][    T1] usbcore: registered new interface driver imon
[    7.187892][    T1] usbcore: registered new interface driver mceusb
[    7.188563][    T1] usbcore: registered new interface driver redrat3
[    7.189273][    T1] usbcore: registered new interface driver streamzap
[    7.203177][    T1] usbcore: registered new interface driver ttusbir
[    7.204342][    T1] usbcore: registered new interface driver ati_remote
[    7.205902][    T1] b2c2-flexcop: B2C2 FlexcopII/II(b)/III digital TV receiver chip loaded successfully
[    7.207441][    T1] usbcore: registered new interface driver b2c2_flexcop_usb
[    7.208636][    T1] usbcore: registered new interface driver dvb_usb_vp7045
[    7.209779][    T1] usbcore: registered new interface driver dvb_usb_vp702x
[    7.211036][    T1] usbcore: registered new interface driver dvb_usb_gp8psk
[    7.212202][    T1] usbcore: registered new interface driver dvb_usb_dtt200u
[    7.213389][    T1] usbcore: registered new interface driver dvb_usb_a800
[    7.214535][    T1] usbcore: registered new interface driver dvb_usb_dibusb_mb
[    7.215745][    T1] usbcore: registered new interface driver dvb_usb_dibusb_mc
[    7.216904][    T1] usbcore: registered new interface driver dvb_usb_nova_t_usb2
[    7.218121][    T1] usbcore: registered new interface driver dvb_usb_umt_010
[    7.219275][    T1] usbcore: registered new interface driver dvb_usb_m920x
[    7.224807][    T1] usbcore: registered new interface driver dvb_usb_digitv
[    7.226038][    T1] usbcore: registered new interface driver dvb_usb_cxusb
[    7.227197][    T1] usbcore: registered new interface driver dvb_usb_ttusb2
[    7.228375][    T1] usbcore: registered new interface driver dvb_usb_dib0700
[    7.229526][    T1] usbcore: registered new interface driver opera1
[    7.230883][    T1] usbcore: registered new interface driver dvb_usb_af9005
[    7.231505][    T1] failing symbol_get of non-GPLONLY symbol af9005_rc_decode.
[    7.232633][    T1] failing symbol_get of non-GPLONLY symbol af9005_rc_decode.
[    7.233277][    T1] failing symbol_get of non-GPLONLY symbol rc_map_af9005_table.
[    7.234407][    T1] failing symbol_get of non-GPLONLY symbol rc_map_af9005_table.
[    7.235070][    T1] failing symbol_get of non-GPLONLY symbol rc_map_af9005_table_size.
[    7.236212][    T1] failing symbol_get of non-GPLONLY symbol rc_map_af9005_table_size.
[    7.236913][    T1] af9005: af9005_rc_decode function not found, disabling remote
[    7.238169][    T1] usbcore: registered new interface driver pctv452e
[    7.239290][    T1] usbcore: registered new interface driver dw2102
[    7.240795][    T1] usbcore: registered new interface driver dvb_usb_dtv5100
[    7.241962][    T1] usbcore: registered new interface driver cinergyT2
[    7.243086][    T1] usbcore: registered new interface driver dvb_usb_az6027
[    7.244220][    T1] usbcore: registered new interface driver dvb_usb_technisat_usb2
[    7.245423][    T1] usbcore: registered new interface driver dvb_usb_af9015
[    7.246581][    T1] usbcore: registered new interface driver dvb_usb_af9035
[    7.247699][    T1] usbcore: registered new interface driver dvb_usb_anysee
[    7.248808][    T1] usbcore: registered new interface driver dvb_usb_au6610
[    7.249921][    T1] usbcore: registered new interface driver dvb_usb_az6007
[    7.251090][    T1] usbcore: registered new interface driver dvb_usb_ce6230
[    7.252240][    T1] usbcore: registered new interface driver dvb_usb_ec168
[    7.253330][    T1] usbcore: registered new interface driver dvb_usb_lmedm04
[    7.254486][    T1] usbcore: registered new interface driver dvb_usb_gl861
[    7.255635][    T1] usbcore: registered new interface driver dvb_usb_mxl111sf
[    7.256814][    T1] usbcore: registered new interface driver dvb_usb_rtl28xxu
[    7.257951][    T1] usbcore: registered new interface driver dvb_usb_dvbsky
[    7.259068][    T1] usbcore: registered new interface driver zd1301
[    7.260749][    T1] usbcore: registered new interface driver s2255
[    7.261999][    T1] usbcore: registered new interface driver smsusb
[    7.263079][    T1] usbcore: registered new interface driver ttusb
[    7.264150][    T1] usbcore: registered new interface driver ttusb-dec
[    7.264950][    T1] usbcore: registered new interface driver Abilis Systems as10x usb driver
[    7.266501][    T1] usbcore: registered new interface driver airspy
[    7.267064][    T1] gspca_main: v2.14.0 registered
[    7.268031][    T1] usbcore: registered new interface driver benq
[    7.269098][    T1] usbcore: registered new interface driver conex
[    7.270723][    T1] usbcore: registered new interface driver cpia1
[    7.271971][    T1] usbcore: registered new interface driver dtcs033
[    7.273106][    T1] usbcore: registered new interface driver etoms
[    7.274189][    T1] usbcore: registered new interface driver finepix
[    7.275287][    T1] usbcore: registered new interface driver jeilinj
[    7.275982][    T1] usbcore: registered new interface driver jl2005bcd
[    7.276678][    T1] usbcore: registered new interface driver kinect
[    7.277373][    T1] usbcore: registered new interface driver konica
[    7.278062][    T1] usbcore: registered new interface driver mars
[    7.278718][    T1] usbcore: registered new interface driver mr97310a
[    7.279422][    T1] usbcore: registered new interface driver nw80x
[    7.283638][    T1] usbcore: registered new interface driver ov519
[    7.284757][    T1] usbcore: registered new interface driver ov534
[    7.285839][    T1] usbcore: registered new interface driver ov534_9
[    7.286925][    T1] usbcore: registered new interface driver pac207
[    7.288018][    T1] usbcore: registered new interface driver gspca_pac7302
[    7.289150][    T1] usbcore: registered new interface driver pac7311
[    7.291038][    T1] usbcore: registered new interface driver se401
[    7.292124][    T1] usbcore: registered new interface driver sn9c2028
[    7.293228][    T1] usbcore: registered new interface driver gspca_sn9c20x
[    7.294384][    T1] usbcore: registered new interface driver sonixb
[    7.295482][    T1] usbcore: registered new interface driver sonixj
[    7.296566][    T1] usbcore: registered new interface driver spca500
[    7.297646][    T1] usbcore: registered new interface driver spca501
[    7.298736][    T1] usbcore: registered new interface driver spca505
[    7.299804][    T1] usbcore: registered new interface driver spca506
[    7.301310][    T1] usbcore: registered new interface driver spca508
[    7.302419][    T1] usbcore: registered new interface driver spca561
[    7.303497][    T1] usbcore: registered new interface driver spca1528
[    7.304583][    T1] usbcore: registered new interface driver sq905
[    7.305641][    T1] usbcore: registered new interface driver sq905c
[    7.306767][    T1] usbcore: registered new interface driver sq930x
[    7.307859][    T1] usbcore: registered new interface driver sunplus
[    7.308983][    T1] usbcore: registered new interface driver stk014
[    7.310768][    T1] usbcore: registered new interface driver stk1135
[    7.311978][    T1] usbcore: registered new interface driver stv0680
[    7.313063][    T1] usbcore: registered new interface driver t613
[    7.314115][    T1] usbcore: registered new interface driver gspca_topro
[    7.315238][    T1] usbcore: registered new interface driver touptek
[    7.316342][    T1] usbcore: registered new interface driver tv8532
[    7.317419][    T1] usbcore: registered new interface driver vc032x
[    7.318505][    T1] usbcore: registered new interface driver vicam
