c[?7l[2J[0mSeaBIOS (version 1.15.0-1)


iPXE (https://ipxe.org) 00:03.0 CA00 PCI2.10 PnP PMM+7FF8B310+7FECB310 CA00
Press Ctrl-B to configure iPXE (PCI 00:03.0)...                                                                               


Booting from ROM...
c[?7l[2Jearly console in extract_kernel
input_data: 0x000000000a6c5298
input_len: 0x0000000003520ddf
output: 0x0000000001000000
output_len: 0x000000000ade1b28
kernel_total_size: 0x000000000cc26000
needed_size: 0x000000000ce00000
trampoline_32bit: 0x0000000000000000

Decompressing Linux... Parsing ELF... done.
Booting the kernel (entry_offset: 0x0000000000000080).
[    0.000000][    T0] Linux version 6.7.0-rc2-ga7e294fdb620-dirty (jjy@jjy) (gcc (Ubuntu 11.4.0-1ubuntu1~22.04) 11.4.0, GNU ld (GNU Binutils for Ubuntu) 2.38) #36 SMP PREEMPT_DYNAMIC Thu Nov 30 22:54:32 KST 2023
[    0.000000][    T0] Command line: console=ttyS0 root=/dev/sda earlyprintk=serial net.ifnames=0
[    0.000000][    T0] KERNEL supported cpus:
[    0.000000][    T0]   Intel GenuineIntel
[    0.000000][    T0]   AMD AuthenticAMD
[    0.000000][    T0] BIOS-provided physical RAM map:
[    0.000000][    T0] BIOS-e820: [mem 0x0000000000000000-0x000000000009fbff] usable
[    0.000000][    T0] BIOS-e820: [mem 0x000000000009fc00-0x000000000009ffff] reserved
[    0.000000][    T0] BIOS-e820: [mem 0x00000000000f0000-0x00000000000fffff] reserved
[    0.000000][    T0] BIOS-e820: [mem 0x0000000000100000-0x000000007ffdffff] usable
[    0.000000][    T0] BIOS-e820: [mem 0x000000007ffe0000-0x000000007fffffff] reserved
[    0.000000][    T0] BIOS-e820: [mem 0x00000000feffc000-0x00000000feffffff] reserved
[    0.000000][    T0] BIOS-e820: [mem 0x00000000fffc0000-0x00000000ffffffff] reserved
[    0.000000][    T0] printk: legacy bootconsole [earlyser0] enabled
[    0.000000][    T0] ERROR: earlyprintk= earlyser already used
[    0.000000][    T0] ERROR: earlyprintk= earlyser already used
[    0.000000][    T0] ERROR: earlyprintk= earlyser already used
[    0.000000][    T0] **********************************************************
[    0.000000][    T0] **   NOTICE NOTICE NOTICE NOTICE NOTICE NOTICE NOTICE   **
[    0.000000][    T0] **                                                      **
[    0.000000][    T0] ** This system shows unhashed kernel memory addresses   **
[    0.000000][    T0] ** via the console, logs, and other interfaces. This    **
[    0.000000][    T0] ** might reduce the security of your system.            **
[    0.000000][    T0] **                                                      **
[    0.000000][    T0] ** If you see this message and you are not debugging    **
[    0.000000][    T0] ** the kernel, report this immediately to your system   **
[    0.000000][    T0] ** administrator!                                       **
[    0.000000][    T0] **                                                      **
[    0.000000][    T0] **   NOTICE NOTICE NOTICE NOTICE NOTICE NOTICE NOTICE   **
[    0.000000][    T0] **********************************************************
[    0.000000][    T0] Malformed early option 'vsyscall'
[    0.000000][    T0] NX (Execute Disable) protection: active
[    0.000000][    T0] APIC: Static calls initialized
[    0.000000][    T0] SMBIOS 2.8 present.
[    0.000000][    T0] DMI: QEMU Standard PC (i440FX + PIIX, 1996), BIOS 1.15.0-1 04/01/2014
[    0.000000][    T0] Hypervisor detected: KVM
[    0.000000][    T0] kvm-clock: Using msrs 4b564d01 and 4b564d00
[    0.000003][    T0] kvm-clock: using sched offset of 979097190 cycles
[    0.000448][    T0] clocksource: kvm-clock: mask: 0xffffffffffffffff max_cycles: 0x1cd42e4dffb, max_idle_ns: 881590591483 ns
[    0.001730][    T0] tsc: Detected 1996.800 MHz processor
[    0.003112][    T0] last_pfn = 0x7ffe0 max_arch_pfn = 0x400000000
[    0.003607][    T0] MTRR map: 4 entries (3 fixed + 1 variable; max 19), built from 8 variable MTRRs
[    0.004277][    T0] x86/PAT: Configuration [0-7]: WB  WC  UC- UC  WB  WP  UC- WT  
[    0.007792][    T0] found SMP MP-table at [mem 0x000f5ba0-0x000f5baf]
[    0.008811][    T0] ACPI: Early table checksum verification disabled
[    0.009299][    T0] ACPI: RSDP 0x00000000000F59E0 000014 (v00 BOCHS )
[    0.009799][    T0] ACPI: RSDT 0x000000007FFE1905 000034 (v01 BOCHS  BXPC     00000001 BXPC 00000001)
[    0.010484][    T0] ACPI: FACP 0x000000007FFE17B9 000074 (v01 BOCHS  BXPC     00000001 BXPC 00000001)
[    0.011175][    T0] ACPI: DSDT 0x000000007FFE0040 001779 (v01 BOCHS  BXPC     00000001 BXPC 00000001)
[    0.011849][    T0] ACPI: FACS 0x000000007FFE0000 000040
[    0.012248][    T0] ACPI: APIC 0x000000007FFE182D 000078 (v01 BOCHS  BXPC     00000001 BXPC 00000001)
[    0.012924][    T0] ACPI: HPET 0x000000007FFE18A5 000038 (v01 BOCHS  BXPC     00000001 BXPC 00000001)
[    0.013608][    T0] ACPI: WAET 0x000000007FFE18DD 000028 (v01 BOCHS  BXPC     00000001 BXPC 00000001)
[    0.014284][    T0] ACPI: Reserving FACP table memory at [mem 0x7ffe17b9-0x7ffe182c]
[    0.014852][    T0] ACPI: Reserving DSDT table memory at [mem 0x7ffe0040-0x7ffe17b8]
[    0.015419][    T0] ACPI: Reserving FACS table memory at [mem 0x7ffe0000-0x7ffe003f]
[    0.015986][    T0] ACPI: Reserving APIC table memory at [mem 0x7ffe182d-0x7ffe18a4]
[    0.016559][    T0] ACPI: Reserving HPET table memory at [mem 0x7ffe18a5-0x7ffe18dc]
[    0.017123][    T0] ACPI: Reserving WAET table memory at [mem 0x7ffe18dd-0x7ffe1904]
[    0.017996][    T0] No NUMA configuration found
[    0.018334][    T0] Faking a node at [mem 0x0000000000000000-0x000000007ffdffff]
[    0.018864][    T0] Faking node 0 at [mem 0x0000000000000000-0x000000003fffffff] (1024MB)
[    0.019464][    T0] Faking node 1 at [mem 0x0000000040000000-0x000000007ffdffff] (1023MB)
[    0.020126][    T0] NODE_DATA(0) allocated [mem 0x3fffa000-0x3fffffff]
[    0.020989][    T0] NODE_DATA(1) allocated [mem 0x7ffd9000-0x7ffdefff]
[    0.034183][    T0] Zone ranges:
[    0.034658][    T0]   DMA      [mem 0x0000000000001000-0x0000000000ffffff]
[    0.035450][    T0]   DMA32    [mem 0x0000000001000000-0x000000007ffdffff]
[    0.036060][    T0]   Normal   empty
[    0.036343][    T0]   Device   empty
[    0.036612][    T0] Movable zone start for each node
[    0.036979][    T0] Early memory node ranges
[    0.037300][    T0]   node   0: [mem 0x0000000000001000-0x000000000009efff]
[    0.037822][    T0]   node   0: [mem 0x0000000000100000-0x000000003fffffff]
[    0.038341][    T0]   node   1: [mem 0x0000000040000000-0x000000007ffdffff]
[    0.038862][    T0] Initmem setup node 0 [mem 0x0000000000001000-0x000000003fffffff]
[    0.039453][    T0] Initmem setup node 1 [mem 0x0000000040000000-0x000000007ffdffff]
[    0.040039][    T0] On node 0, zone DMA: 1 pages in unavailable ranges
[    0.040163][    T0] On node 0, zone DMA: 97 pages in unavailable ranges
[    0.055390][    T0] On node 1, zone DMA32: 32 pages in unavailable ranges
[    0.270800][    T0] kasan: KernelAddressSanitizer initialized
[    0.272903][    T0] ACPI: PM-Timer IO Port: 0x608
[    0.273342][    T0] ACPI: LAPIC_NMI (acpi_id[0xff] dfl dfl lint[0x1])
[    0.273943][    T0] IOAPIC[0]: apic_id 0, version 17, address 0xfec00000, GSI 0-23
[    0.274534][    T0] ACPI: INT_SRC_OVR (bus 0 bus_irq 0 global_irq 2 dfl dfl)
[    0.275139][    T0] ACPI: INT_SRC_OVR (bus 0 bus_irq 5 global_irq 5 high level)
[    0.275748][    T0] ACPI: INT_SRC_OVR (bus 0 bus_irq 9 global_irq 9 high level)
[    0.276340][    T0] ACPI: INT_SRC_OVR (bus 0 bus_irq 10 global_irq 10 high level)
[    0.276922][    T0] ACPI: INT_SRC_OVR (bus 0 bus_irq 11 global_irq 11 high level)
[    0.277526][    T0] ACPI: Using ACPI (MADT) for SMP configuration information
[    0.278141][    T0] ACPI: HPET id: 0x8086a201 base: 0xfed00000
[    0.278674][    T0] smpboot: Allowing 1 CPUs, 0 hotplug CPUs
[    0.279194][    T0] kvm-guest: APIC: eoi() replaced with kvm_guest_apic_eoi_write()
[    0.279855][    T0] PM: hibernation: Registered nosave memory: [mem 0x00000000-0x00000fff]
[    0.280544][    T0] PM: hibernation: Registered nosave memory: [mem 0x0009f000-0x0009ffff]
[    0.281265][    T0] PM: hibernation: Registered nosave memory: [mem 0x000a0000-0x000effff]
[    0.281964][    T0] PM: hibernation: Registered nosave memory: [mem 0x000f0000-0x000fffff]
[    0.282659][    T0] [mem 0x80000000-0xfeffbfff] available for PCI devices
[    0.283175][    T0] Booting paravirtualized kernel on KVM
[    0.283596][    T0] clocksource: refined-jiffies: mask: 0xffffffff max_cycles: 0xffffffff, max_idle_ns: 19112604462750000 ns
[    0.313797][    T0] setup_percpu: NR_CPUS:8 nr_cpumask_bits:1 nr_cpu_ids:1 nr_node_ids:2
[    0.315087][    T0] percpu: Embedded 73 pages/cpu s258184 r8192 d32632 u2097152
[    0.315821][    T0] kvm-guest: PV spinlocks disabled, no host support
[    0.316586][    T0] Kernel command line: earlyprintk=serial net.ifnames=0 sysctl.kernel.hung_task_all_cpu_backtrace=1 ima_policy=tcb nf-conntrack-ftp.ports=20000 nf-conntrack-tftp.ports=20000 nf-conntrack-sip.ports=20000 nf-conntrack-irc.ports=20000 nf-conntrack-sane.ports=20000 binder.debug_mask=0 rcupdate.rcu_expedited=1 rcupdate.rcu_cpu_stall_cputime=1 no_hash_pointers page_owner=on sysctl.vm.nr_hugepages=4 sysctl.vm.nr_overcommit_hugepages=4 secretmem.enable=1 sysctl.max_rcu_stall_to_panic=1 msr.allow_writes=off coredump_filter=0xffff root=/dev/sda console=ttyS0 vsyscall=native numa=fake=2 kvm-intel.nested=1 spec_store_bypass_disable=prctl nopcid vivid.n_devs=16 vivid.multiplanar=1,2,1,2,1,2,1,2,1,2,1,2,1,2,1,2 netrom.nr_ndevs=16 rose.rose_ndevs=16 smp.csd_lock_timeout=100000 watchdog_thresh=55 workqueue.watchdog_thresh=140 sysctl.net.core.netdev_unregister_timeout_secs=140 dummy_hcd.num=8 panic_on_warn=1 console=ttyS0 root=/dev/sda earlyprintk=serial net.ifnames=0
[    0.327106][    T0] Unknown kernel command line parameters "spec_store_bypass_disable=prctl", will be passed to user space.
[    0.328140][    T0] Fallback order for Node 0: 0 1 
[    0.328153][    T0] Fallback order for Node 1: 1 0 
[    0.328158][    T0] Built 2 zonelists, mobility grouping on.  Total pages: 515808
[    0.329546][    T0] Policy zone: DMA32
[    0.330508][    T0] mem auto-init: stack:off, heap alloc:on, heap free:off
[    0.331122][    T0] stackdepot: allocating hash table via alloc_large_system_hash
[    0.334175][    T0] stackdepot hash table entries: 1048576 (order: 11, 8388608 bytes, linear)
[    0.553793][    T0] Memory: 1554728K/2096632K available (77824K kernel code, 38182K rwdata, 31716K rodata, 3884K init, 34940K bss, 541648K reserved, 0K cma-reserved)
[    0.555902][    T0] SLUB: HWalign=64, Order=0-3, MinObjects=0, CPUs=1, Nodes=2
[    0.585871][    T0] allocated 37748736 bytes of page_ext
[    0.586465][    T0] Node 0, zone      DMA: page owner found early allocated 0 pages
[    0.590423][    T0] Node 0, zone    DMA32: page owner found early allocated 4704 pages
[    0.592647][    T0] Node 1, zone    DMA32: page owner found early allocated 4611 pages
[    0.593637][    T0] ftrace: allocating 138208 entries in 540 pages
[    0.623572][    T0] ftrace: allocated 540 pages with 4 groups
[    0.624394][    T0] Dynamic Preempt: full
[    0.625084][    T0] Running RCU self tests
[    0.625365][    T0] Running RCU synchronous self tests
[    0.625717][    T0] rcu: Preemptible hierarchical RCU implementation.
[    0.626131][    T0] rcu: 	RCU lockdep checking is enabled.
[    0.626495][    T0] rcu: 	RCU restricting CPUs from NR_CPUS=8 to nr_cpu_ids=1.
[    0.626990][    T0] rcu: 	RCU callback double-/use-after-free debug is enabled.
[    0.627531][    T0] rcu: 	RCU debug extended QS entry/exit.
[    0.627928][    T0] 	All grace periods are expedited (rcu_expedited).
[    0.628470][    T0] 	Trampoline variant of Tasks RCU enabled.
[    0.628875][    T0] 	Rude variant of Tasks RCU enabled.
[    0.629242][    T0] 	Tracing variant of Tasks RCU enabled.
[    0.629629][    T0] rcu: RCU calculated value of scheduler-enlistment delay is 10 jiffies.
[    0.630202][    T0] rcu: Adjusting geometry for rcu_fanout_leaf=16, nr_cpu_ids=1
[    0.630862][    T0] Running RCU synchronous self tests
[    0.679740][    T0] NR_IRQS: 4352, nr_irqs: 256, preallocated irqs: 16
[    0.680824][    T0] rcu: srcu_init: Setting srcu_struct sizes based on contention.
[    0.681531][    T0] kfence: initialized - using 2097152 bytes for 255 objects at 0xffff88807ec00000-0xffff88807ee00000
[    0.686464][    T0] Console: colour VGA+ 80x25
[    0.686840][    T0] printk: legacy console [ttyS0] enabled
[    0.686840][    T0] printk: legacy console [ttyS0] enabled
[    0.687623][    T0] printk: legacy bootconsole [earlyser0] disabled
[    0.687623][    T0] printk: legacy bootconsole [earlyser0] disabled
[    0.688542][    T0] Lock dependency validator: Copyright (c) 2006 Red Hat, Inc., Ingo Molnar
[    0.689139][    T0] ... MAX_LOCKDEP_SUBCLASSES:  8
[    0.689491][    T0] ... MAX_LOCK_DEPTH:          48
[    0.689843][    T0] ... MAX_LOCKDEP_KEYS:        8192
[    0.690203][    T0] ... CLASSHASH_SIZE:          4096
[    0.690564][    T0] ... MAX_LOCKDEP_ENTRIES:     131072
[    0.690933][    T0] ... MAX_LOCKDEP_CHAINS:      262144
[    0.691300][    T0] ... CHAINHASH_SIZE:          131072
[    0.691673][    T0]  memory used by lock dependency info: 20785 kB
[    0.692122][    T0]  memory used for stack traces: 8320 kB
[    0.692518][    T0]  per task-struct memory footprint: 1920 bytes
[    0.693064][    T0] mempolicy: Enabling automatic NUMA balancing. Configure with numa_balancing= or the kernel.numa_balancing sysctl
[    0.693940][    T0] ACPI: Core revision 20230628
[    0.694680][    T0] clocksource: hpet: mask: 0xffffffff max_cycles: 0xffffffff, max_idle_ns: 19112604467 ns
[    0.695612][    T0] APIC: Switch to symmetric I/O mode setup
[    0.696177][    T0] x2apic enabled
[    0.696799][    T0] APIC: Switched APIC routing to: physical x2apic
[    0.698355][    T0] ..TIMER: vector=0x30 apic1=0 pin1=2 apic2=-1 pin2=-1
[    0.698850][    T0] clocksource: tsc-early: mask: 0xffffffffffffffff max_cycles: 0x3990bec8342, max_idle_ns: 881590769617 ns
[    0.699679][    T0] Calibrating delay loop (skipped) preset value.. 3993.60 BogoMIPS (lpj=19968000)
[    0.700531][    T0] Last level iTLB entries: 4KB 0, 2MB 0, 4MB 0
[    0.700960][    T0] Last level dTLB entries: 4KB 0, 2MB 0, 4MB 0, 1GB 0
[    0.701435][    T0] Spectre V1 : Mitigation: usercopy/swapgs barriers and __user pointer sanitization
[    0.702101][    T0] Spectre V2 : Kernel not compiled with retpoline; no mitigation available!
[    0.702104][    T0] Spectre V2 : Vulnerable
[    0.702996][    T0] Spectre V2 : Spectre v2 / SpectreRSB mitigation: Filling RSB on context switch
[    0.703640][    T0] Speculative Store Bypass: Vulnerable
[    0.704026][    T0] MDS: Vulnerable: Clear CPU buffers attempted, no microcode
[    0.704542][    T0] MMIO Stale Data: Unknown: No mitigations
[    0.704959][    T0] x86/fpu: x87 FPU will use FXSAVE
[    0.756346][    T0] Freeing SMP alternatives memory: 124K
[    0.756759][    T0] pid_max: default: 32768 minimum: 301
[    0.757405][    T0] LSM: initializing lsm=lockdown,capability,landlock,yama,safesetid,tomoyo,apparmor,bpf,integrity
[    0.758230][    T0] landlock: Up and running.
[    0.758551][    T0] Yama: becoming mindful.
[    0.758919][    T0] TOMOYO Linux initialized
[    0.759425][    T0] AppArmor: AppArmor initialized
[    0.759690][    T0] LSM support for eBPF active
[    0.762924][    T0] Dentry cache hash table entries: 262144 (order: 9, 2097152 bytes, vmalloc)
[    0.764858][    T0] Inode-cache hash table entries: 131072 (order: 8, 1048576 bytes, vmalloc)
[    0.765568][    T0] Mount-cache hash table entries: 4096 (order: 3, 32768 bytes, vmalloc)
[    0.766198][    T0] Mountpoint-cache hash table entries: 4096 (order: 3, 32768 bytes, vmalloc)
[    0.768897][    T0] Running RCU synchronous self tests
[    0.769269][    T0] Running RCU synchronous self tests
[    0.890403][    T1] smpboot: CPU0: Intel QEMU Virtual CPU version 2.5+ (family: 0xf, model: 0x6b, stepping: 0x1)
[    0.893829][    T1] RCU Tasks: Setting shift to 0 and lim to 1 rcu_task_cb_adjust=1.
[    0.894468][    T1] RCU Tasks Rude: Setting shift to 0 and lim to 1 rcu_task_cb_adjust=1.
[    0.894978][    T1] RCU Tasks Trace: Setting shift to 0 and lim to 1 rcu_task_cb_adjust=1.
[    0.895486][    T1] Running RCU Tasks wait API self tests
[    0.999918][    T1] Running RCU Tasks Rude wait API self tests
[    1.000558][    T1] Running RCU Tasks Trace wait API self tests
[    1.001081][    T1] Performance Events: unsupported Netburst CPU model 107 no PMU driver, software events only.
[    1.001881][    T1] signal: max sigframe size: 1440
[    1.002673][    T1] rcu: Hierarchical SRCU implementation.
[    1.003095][    T1] rcu: 	Max phase no-delay instances is 1000.
[    1.007690][    T1] NMI watchdog: Perf NMI watchdog permanently disabled
[    1.008443][    T1] smp: Bringing up secondary CPUs ...
[    1.008957][    T1] smp: Brought up 2 nodes, 1 CPU
[    1.009286][    T1] smpboot: Max logical packages: 1
[    1.009623][    T1] smpboot: Total of 1 processors activated (3993.60 BogoMIPS)
[    1.011312][    T1] devtmpfs: initialized
[    1.012384][    T1] x86/mm: Memory block size: 128MB
[    1.019734][   T16] Callback from call_rcu_tasks_trace() invoked.
[    1.031963][    T1] Running RCU synchronous self tests
[    1.032393][    T1] Running RCU synchronous self tests
[    1.032926][    T1] clocksource: jiffies: mask: 0xffffffff max_cycles: 0xffffffff, max_idle_ns: 19112604462750000 ns
[    1.033799][    T1] futex hash table entries: 256 (order: 3, 32768 bytes, vmalloc)
[    1.037124][    T1] PM: RTC time: 09:10:41, date: 2023-12-01
[    1.046508][    T1] NET: Registered PF_NETLINK/PF_ROUTE protocol family
[    1.050598][    T1] audit: initializing netlink subsys (disabled)
[    1.051431][   T23] audit: type=2000 audit(1701421842.598:1): state=initialized audit_enabled=0 res=1
[    1.053957][    T1] thermal_sys: Registered thermal governor 'step_wise'
[    1.053962][    T1] thermal_sys: Registered thermal governor 'user_space'
[    1.054654][    T1] cpuidle: using governor menu
[    1.055634][    T1] NET: Registered PF_QIPCRTR protocol family
[    1.059422][    T1] dca service started, version 1.12.1
[    1.059801][    T1] PCI: Using configuration type 1 for base access
[    1.099807][    T1] HugeTLB: registered 2.00 MiB page size, pre-allocated 0 pages
[    1.100442][    T1] HugeTLB: 28 KiB vmemmap can be freed for a 2.00 MiB page
[    1.109987][   T15] Callback from call_rcu_tasks_rude() invoked.
[    1.112248][    T1] cryptd: max_cpu_qlen set to 1000
[    1.130812][    T1] raid6: skipped pq benchmark and selected sse2x4
[    1.131357][    T1] raid6: using intx1 recovery algorithm
[    1.132576][    T1] ACPI: Added _OSI(Module Device)
[    1.132987][    T1] ACPI: Added _OSI(Processor Device)
[    1.133413][    T1] ACPI: Added _OSI(3.0 _SCP Extensions)
[    1.133858][    T1] ACPI: Added _OSI(Processor Aggregator Device)
[    1.225515][    T1] ACPI: 1 ACPI AML tables successfully acquired and loaded
[    1.260670][    T1] ACPI: _OSC evaluation for CPUs failed, trying _PDC
[    1.264657][    T1] ACPI: Interpreter enabled
[    1.265213][    T1] ACPI: PM: (supports S0 S3 S4 S5)
[    1.265637][    T1] ACPI: Using IOAPIC for interrupt routing
[    1.266249][    T1] PCI: Using host bridge windows from ACPI; if necessary, use "pci=nocrs" and report a bug
[    1.267047][    T1] PCI: Using E820 reservations for host bridge windows
[    1.269449][    T1] ACPI: Enabled 2 GPEs in block 00 to 0F
[    1.400270][    T1] ACPI: PCI Root Bridge [PCI0] (domain 0000 [bus 00-ff])
[    1.400916][    T1] acpi PNP0A03:00: _OSC: OS supports [ASPM ClockPM Segments MSI HPX-Type3]
[    1.401609][    T1] acpi PNP0A03:00: _OSC: not requesting OS control; OS requires [ExtendedConfig ASPM ClockPM MSI]
[    1.402762][    T1] acpi PNP0A03:00: fail to add MMCONFIG information, can't access extended configuration space under this bridge
[    1.405224][    T1] PCI host bridge to bus 0000:00
[    1.405628][    T1] pci_bus 0000:00: Unknown NUMA node; performance will be reduced
[    1.406263][    T1] pci_bus 0000:00: root bus resource [io  0x0000-0x0cf7 window]
[    1.406897][    T1] pci_bus 0000:00: root bus resource [io  0x0d00-0xffff window]
[    1.407523][    T1] pci_bus 0000:00: root bus resource [mem 0x000a0000-0x000bffff window]
[    1.408208][    T1] pci_bus 0000:00: root bus resource [mem 0x80000000-0xfebfffff window]
[    1.408889][    T1] pci_bus 0000:00: root bus resource [mem 0x100000000-0x17fffffff window]
[    1.409582][    T1] pci_bus 0000:00: root bus resource [bus 00-ff]
[    1.419992][    T1] pci 0000:00:00.0: [8086:1237] type 00 class 0x060000
[    1.447928][    T1] pci 0000:00:01.0: [8086:7000] type 00 class 0x060100
[    1.460488][    T1] pci 0000:00:01.1: [8086:7010] type 00 class 0x010180
[    1.462336][    T1] pci 0000:00:01.1: reg 0x20: [io  0xc020-0xc02f]
[    1.463401][    T1] pci 0000:00:01.1: legacy IDE quirk: reg 0x10: [io  0x01f0-0x01f7]
[    1.464047][    T1] pci 0000:00:01.1: legacy IDE quirk: reg 0x14: [io  0x03f6]
[    1.464639][    T1] pci 0000:00:01.1: legacy IDE quirk: reg 0x18: [io  0x0170-0x0177]
[    1.465280][    T1] pci 0000:00:01.1: legacy IDE quirk: reg 0x1c: [io  0x0376]
[    1.466501][    T1] pci 0000:00:01.3: [8086:7113] type 00 class 0x068000
[    1.467412][    T1] pci 0000:00:01.3: quirk: [io  0x0600-0x063f] claimed by PIIX4 ACPI
[    1.468078][    T1] pci 0000:00:01.3: quirk: [io  0x0700-0x070f] claimed by PIIX4 SMB
[    1.469314][    T1] pci 0000:00:02.0: [1234:1111] type 00 class 0x030000
[    1.480427][    T1] pci 0000:00:02.0: reg 0x10: [mem 0xfd000000-0xfdffffff pref]
[    1.483520][    T1] pci 0000:00:02.0: reg 0x18: [mem 0xfeb90000-0xfeb90fff]
[    1.489119][    T1] pci 0000:00:02.0: reg 0x30: [mem 0xfeb80000-0xfeb8ffff pref]
[    1.499922][    T1] pci 0000:00:02.0: Video device with shadowed ROM at [mem 0x000c0000-0x000dffff]
[    1.528771][    T1] pci 0000:00:03.0: [1af4:1000] type 00 class 0x020000
[    1.540028][    T1] pci 0000:00:03.0: reg 0x10: [io  0xc000-0xc01f]
[    1.541213][    T1] pci 0000:00:03.0: reg 0x14: [mem 0xfeb91000-0xfeb91fff]
[    1.543767][    T1] pci 0000:00:03.0: reg 0x20: [mem 0xfe000000-0xfe003fff 64bit pref]
[    1.545142][    T1] pci 0000:00:03.0: reg 0x30: [mem 0xfeb00000-0xfeb7ffff pref]
[    1.600427][    T1] ACPI: PCI: Interrupt link LNKA configured for IRQ 10
[    1.602919][    T1] ACPI: PCI: Interrupt link LNKB configured for IRQ 10
[    1.605389][    T1] ACPI: PCI: Interrupt link LNKC configured for IRQ 11
[    1.607854][    T1] ACPI: PCI: Interrupt link LNKD configured for IRQ 11
[    1.609178][    T1] ACPI: PCI: Interrupt link LNKS configured for IRQ 9
[    1.622773][    T1] iommu: Default domain type: Translated
[    1.623241][    T1] iommu: DMA domain TLB invalidation policy: lazy mode
[    1.626002][    T1] SCSI subsystem initialized
[    1.627310][    T1] ACPI: bus type USB registered
[    1.627927][    T1] usbcore: registered new interface driver usbfs
[    1.628554][    T1] usbcore: registered new interface driver hub
[    1.629137][    T1] usbcore: registered new device driver usb
[    1.640493][    T1] mc: Linux media interface: v0.10
[    1.641010][    T1] videodev: Linux video capture interface: v2.00
[    1.641882][    T1] pps_core: LinuxPPS API ver. 1 registered
[    1.642355][    T1] pps_core: Software ver. 5.3.6 - Copyright 2005-2007 Rodolfo Giometti <giometti@linux.it>
[    1.643208][    T1] PTP clock support registered
[    1.644198][    T1] EDAC MC: Ver: 3.0.0
[    1.646317][    T1] Advanced Linux Sound Architecture Driver Initialized.
[    1.649187][    T1] Bluetooth: Core ver 2.22
[    1.649617][    T1] NET: Registered PF_BLUETOOTH protocol family
[    1.659684][    T1] Bluetooth: HCI device and connection manager initialized
[    1.660320][    T1] Bluetooth: HCI socket layer initialized
[    1.660796][    T1] Bluetooth: L2CAP socket layer initialized
[    1.661322][    T1] Bluetooth: SCO socket layer initialized
[    1.661822][    T1] NET: Registered PF_ATMPVC protocol family
[    1.662301][    T1] NET: Registered PF_ATMSVC protocol family
[    1.662956][    T1] NetLabel: Initializing
[    1.663308][    T1] NetLabel:  domain hash size = 128
[    1.663731][    T1] NetLabel:  protocols = UNLABELED CIPSOv4 CALIPSO
[    1.664446][    T1] NetLabel:  unlabeled traffic allowed by default
[    1.665925][    T1] nfc: nfc_init: NFC Core ver 0.1
[    1.666485][    T1] NET: Registered PF_NFC protocol family
[    1.667002][    T1] PCI: Using ACPI for IRQ routing
[    1.667837][    T1] pci 0000:00:02.0: vgaarb: setting as boot VGA device
[    1.668406][    T1] pci 0000:00:02.0: vgaarb: bridge control possible
[    1.668933][    T1] pci 0000:00:02.0: vgaarb: VGA device added: decodes=io+mem,owns=io+mem,locks=none
[    1.679687][    T1] vgaarb: loaded
[    1.682670][    T1] hpet: 3 channels of 0 reserved for per-cpu timers
[    1.683222][    T1] hpet0: at MMIO 0xfed00000, IRQs 2, 8, 0
[    1.683698][    T1] hpet0: 3 comparators, 64-bit 100.000000 MHz counter
[    1.687671][    T1] clocksource: Switched to clocksource kvm-clock
[    1.699143][    T1] VFS: Disk quotas dquot_6.6.0
[    1.699628][    T1] VFS: Dquot-cache hash table entries: 512 (order 0, 4096 bytes)
[    1.700606][    T1] FS-Cache: Loaded
[    1.701471][    T1] CacheFiles: Loaded
[    1.702092][    T1] TOMOYO: 2.6.0
[    1.702391][    T1] Mandatory Access Control activated.
[    1.704620][    T1] AppArmor: AppArmor Filesystem Enabled
[    1.705322][    T1] pnp: PnP ACPI init
[    1.711716][    T1] pnp: PnP ACPI: found 6 devices
[    1.719079][   T44] kwatchdog (44) used greatest stack depth: 29856 bytes left
[    1.755151][    T1] clocksource: acpi_pm: mask: 0xffffff max_cycles: 0xffffff, max_idle_ns: 2085701024 ns
[    1.756431][    T1] NET: Registered PF_INET protocol family
[    1.768877][    T1] IP idents hash table entries: 32768 (order: 6, 262144 bytes, vmalloc)
[    1.779407][    T1] tcp_listen_portaddr_hash hash table entries: 1024 (order: 4, 73728 bytes, vmalloc)
[    1.780621][    T1] Table-perturb hash table entries: 65536 (order: 6, 262144 bytes, vmalloc)
[    1.781571][    T1] TCP established hash table entries: 16384 (order: 5, 131072 bytes, vmalloc)
[    1.785683][    T1] TCP bind hash table entries: 16384 (order: 9, 2359296 bytes, vmalloc)
[    1.787538][    T1] TCP: Hash tables configured (established 16384 bind 16384)
[    1.799198][    T1] MPTCP token hash table entries: 2048 (order: 5, 180224 bytes, vmalloc)
[    1.800276][    T1] UDP hash table entries: 1024 (order: 5, 163840 bytes, vmalloc)
[    1.801227][    T1] UDP-Lite hash table entries: 1024 (order: 5, 163840 bytes, vmalloc)
[    1.802313][    T1] NET: Registered PF_UNIX/PF_LOCAL protocol family
[    1.809169][    T1] RPC: Registered named UNIX socket transport module.
[    1.809756][    T1] RPC: Registered udp transport module.
[    1.810216][    T1] RPC: Registered tcp transport module.
[    1.810668][    T1] RPC: Registered tcp-with-tls transport module.
[    1.811184][    T1] RPC: Registered tcp NFSv4.1 backchannel transport module.
[    1.818518][    T1] NET: Registered PF_XDP protocol family
[    1.819000][    T1] pci_bus 0000:00: resource 4 [io  0x0000-0x0cf7 window]
[    1.819591][    T1] pci_bus 0000:00: resource 5 [io  0x0d00-0xffff window]
[    1.820166][    T1] pci_bus 0000:00: resource 6 [mem 0x000a0000-0x000bffff window]
[    1.820792][    T1] pci_bus 0000:00: resource 7 [mem 0x80000000-0xfebfffff window]
[    1.821417][    T1] pci_bus 0000:00: resource 8 [mem 0x100000000-0x17fffffff window]
[    1.822572][    T1] pci 0000:00:01.0: PIIX3: Enabling Passive Release
[    1.823118][    T1] pci 0000:00:00.0: Limiting direct PCI/PCI transfers
[    1.823738][    T1] PCI: CLS 0 bytes, default 64
[    1.828396][    T1] ACPI: bus type thunderbolt registered
[    1.830087][   T54] kworker/u2:2 (54) used greatest stack depth: 28064 bytes left
[    1.833419][    T1] kvm_intel: VMX not supported by CPU 0
[    1.833880][    T1] kvm_amd: CPU 0 isn't AMD or Hygon
[    1.834306][    T1] clocksource: tsc: mask: 0xffffffffffffffff max_cycles: 0x3990bec8342, max_idle_ns: 881590769617 ns
[    1.850490][    T1] twofish-x86_64-3way: performance on this CPU would be suboptimal: disabling twofish-x86_64-3way.
[    1.851441][    T1] CPU feature 'AVX registers' is not supported.
[    1.852050][    T1] CPU feature 'AVX registers' is not supported.
[    1.852586][    T1] AVX2 instructions are not detected.
[    1.853044][    T1] des3_ede-x86_64: performance on this CPU would be suboptimal: disabling des3_ede-x86_64.
[    1.853898][    T1] camellia-x86_64: performance on this CPU would be suboptimal: disabling camellia-x86_64.
[    1.854756][    T1] AVX or AES-NI instructions are not detected.
[    1.855284][    T1] AVX2 or AES-NI instructions are not detected.
[    1.855828][    T1] blowfish-x86_64: performance on this CPU would be suboptimal: disabling blowfish-x86_64.
[    1.856685][    T1] CPU feature 'AVX registers' is not supported.
[    1.857221][    T1] CPU feature 'AVX registers' is not supported.
[    1.857766][    T1] PCLMULQDQ-NI instructions are not detected.
[    1.868523][    T1] sm3_avx_x86_64: AVX instruction are not detected.
[    1.869111][    T1] AVX or AES-NI instructions are not detected.
[    1.869639][    T1] AVX2 or AES-NI instructions are not detected.
[    1.870176][    T1] AVX or AES-NI instructions are not detected.
[    1.881955][   T69] kworker/u2:4 (69) used greatest stack depth: 27312 bytes left
[    2.160269][    T1] Initialise system trusted keyrings
[    2.162561][    T1] workingset: timestamp_bits=40 max_order=19 bucket_order=0
[    2.167090][    T1] DLM installed
[    2.170847][    T1] squashfs: version 4.0 (2009/01/31) Phillip Lougher
[    2.173229][    T1] NFS: Registering the id_resolver key type
[    2.173756][    T1] Key type id_resolver registered
[    2.174178][    T1] Key type id_legacy registered
[    2.174634][    T1] nfs4filelayout_init: NFSv4 File Layout Driver Registering...
[    2.175289][    T1] nfs4flexfilelayout_init: NFSv4 Flexfile Layout Driver Registering...
[    2.179684][    T1] Key type cifs.spnego registered
[    2.180205][    T1] Key type cifs.idmap registered
[    2.181678][    T1] ntfs: driver 2.1.32 [Flags: R/W].
[    2.182191][    T1] ntfs3: Max link count 4000
[    2.182563][    T1] ntfs3: Enabled Linux POSIX ACLs support
[    2.183023][    T1] ntfs3: Read-only LZX/Xpress compression included
[    2.183629][    T1] efs: 1.0a - http://aeschi.ch.eu.org/efs/
[    2.184128][    T1] jffs2: version 2.2. (NAND) (SUMMARY)  Â© 2001-2006 Red Hat, Inc.
[    2.185557][    T1] romfs: ROMFS MTD (C) 2007 Red Hat, Inc.
[    2.186087][    T1] QNX4 filesystem 0.2.3 registered.
[    2.186529][    T1] qnx6: QNX6 filesystem 1.0.0 registered.
[    2.187785][    T1] fuse: init (API version 7.39)
[    2.191508][    T1] orangefs_debugfs_init: called with debug mask: :none: :0:
[    2.192536][    T1] orangefs_init: module version upstream loaded
[    2.193249][    T1] JFS: nTxBlock = 8192, nTxLock = 65536
[    2.207181][    T1] SGI XFS with ACLs, security attributes, realtime, quota, no debug enabled
[    2.209352][    T1] 9p: Installing v9fs 9p2000 file system support
[    2.210041][    T1] NILFS version 2 loaded
[    2.210395][    T1] befs: version: 0.9.3
[    2.210963][    T1] ocfs2: Registered cluster interface o2cb
[    2.212497][    T1] ocfs2: Registered cluster interface user
[    2.213118][    T1] OCFS2 User DLM kernel interface loaded
[    2.221675][    T1] gfs2: GFS2 installed
[    2.227961][    T1] ceph: loaded (mds proto 32)
[    2.248980][    T1] NET: Registered PF_ALG protocol family
[    2.249561][    T1] xor: measuring software checksum speed
[    2.250287][    T1]    prefetch64-sse  : 37899 MB/sec
[    2.251008][    T1]    generic_sse     : 33173 MB/sec
[    2.251428][    T1] xor: using function: prefetch64-sse (37899 MB/sec)
[    2.252002][    T1] async_tx: api initialized (async)
[    2.252435][    T1] Key type asymmetric registered
[    2.252853][    T1] Asymmetric key parser 'x509' registered
[    2.253335][    T1] Asymmetric key parser 'pkcs8' registered
[    2.253808][    T1] Key type pkcs7_test registered
[    2.254852][    T1] Block layer SCSI generic (bsg) driver version 0.4 loaded (major 239)
[    2.255857][    T1] io scheduler mq-deadline registered
[    2.256301][    T1] io scheduler kyber registered
[    2.256777][    T1] io scheduler bfq registered
[    2.262266][    T1] input: Power Button as /devices/LNXSYSTM:00/LNXPWRBN:00/input/input0
[    2.278776][   T14] Callback from call_rcu_tasks() invoked.
[    2.290598][    T1] ACPI: button: Power Button [PWRF]
[    2.298374][    T1] ioatdma: Intel(R) QuickData Technology Driver 5.00
[    4.229542][    T1] ACPI: \_SB_.LNKC: Enabled at IRQ 11
[    4.369898][  T363] kworker/u2:0 (363) used greatest stack depth: 27040 bytes left
[    4.581870][    T1] N_HDLC line discipline registered with maxframe=4096
[    4.582487][    T1] Serial: 8250/16550 driver, 4 ports, IRQ sharing enabled
[    4.586782][    T1] 00:04: ttyS0 at I/O 0x3f8 (irq = 4, base_baud = 115200) is a 16550A
[    4.617148][    T1] Non-volatile memory driver v1.3
[    4.617658][    T1] Linux agpgart interface v0.103
[    4.625364][    T1] ACPI: bus type drm_connector registered
[    4.631675][    T1] [drm] Initialized vgem 1.0.0 20120112 for vgem on minor 0
[    4.637147][    T1] [drm] Initialized vkms 1.0.0 20180514 for vkms on minor 1
[    4.702106][    T1] Console: switching to colour frame buffer device 128x48
[    4.718834][    T1] platform vkms: [drm] fb0: vkmsdrmfb frame buffer device
[    4.720157][    T1] usbcore: registered new interface driver udl
[    4.723211][    T1] bochs-drm 0000:00:02.0: vgaarb: deactivate vga console
[    4.728771][    T1] [drm] Found bochs VGA, ID 0xb0c5.
[    4.729170][    T1] [drm] Framebuffer size 16384 kB @ 0xfd000000, mmio @ 0xfeb90000.
[    4.731664][    T1] [drm] Found EDID data blob.
[    4.735590][    T1] [drm] Initialized bochs-drm 1.0.0 20130925 for 0000:00:02.0 on minor 2
[    4.744292][    T1] fbcon: bochs-drmdrmfb (fb1) is primary device
[    4.744302][    T1] fbcon: Remapping primary device, fb1, to tty 1-63
[    5.337269][    T1] bochs-drm 0000:00:02.0: [drm] fb1: bochs-drmdrmfb frame buffer device
[    5.390633][    T1] brd: module loaded
[    5.450948][    T1] loop: module loaded
[    5.531681][    T1] zram: Added device: zram0
[    5.538597][    T1] null_blk: disk nullb0 created
[    5.539028][    T1] null_blk: module loaded
[    5.540039][    T1] Guest personality initialized and is inactive
[    5.541452][    T1] VMCI host device registered (name=vmci, major=10, minor=118)
[    5.542091][    T1] Initialized host personality
[    5.542999][    T1] usbcore: registered new interface driver rtsx_usb
[    5.545140][    T1] usbcore: registered new interface driver viperboard
[    5.545980][    T1] usbcore: registered new interface driver dln2
[    5.546664][    T1] usbcore: registered new interface driver pn533_usb
[    5.553462][    T1] nfcsim 0.2 initialized
[    5.554494][    T1] usbcore: registered new interface driver port100
[    5.555638][    T1] usbcore: registered new interface driver nfcmrvl
[    5.561330][    T1] Loading iSCSI transport class v2.0-870.
[    5.572062][    T1] st: Version 20160209, fixed bufsize 32768, s/g segs 256
[    5.606126][    T1] scsi host0: ata_piix
[    5.609605][    T1] scsi host1: ata_piix
[    5.611397][    T1] ata1: PATA max MWDMA2 cmd 0x1f0 ctl 0x3f6 bmdma 0xc020 irq 14 lpm-pol 0
[    5.612128][    T1] ata2: PATA max MWDMA2 cmd 0x170 ctl 0x376 bmdma 0xc028 irq 15 lpm-pol 0
[    5.618061][    T1] Rounding down aligned max_sectors from 4294967295 to 4294967288
[    5.620016][    T1] db_root: cannot open: /etc/target
[    5.622535][    T1] slram: not enough parameters.
[    5.628002][    T1] ftl_cs: FTL header not found.
[    5.662428][    T1] wireguard: WireGuard 1.0.0 loaded. See www.wireguard.com for information.
[    5.663168][    T1] wireguard: Copyright (C) 2015-2019 Jason A. Donenfeld <Jason@zx2c4.com>. All Rights Reserved.
[    5.664034][    T1] eql: Equalizer2002: Simon Janes (simon@ncm.com) and David S. Miller (davem@redhat.com)
[    5.674179][    T1] MACsec IEEE 802.1AE
[    5.681578][    T1] tun: Universal TUN/TAP device driver, 1.6
[    5.712547][    T1] vcan: Virtual CAN interface driver
[    5.713008][    T1] vxcan: Virtual CAN Tunnel driver
[    5.713429][    T1] slcan: serial line CAN interface driver
[    5.713902][    T1] CAN device driver interface
[    5.714874][    T1] usbcore: registered new interface driver usb_8dev
[    5.715898][    T1] usbcore: registered new interface driver ems_usb
[    5.716902][    T1] usbcore: registered new interface driver gs_usb
[    5.717898][    T1] usbcore: registered new interface driver kvaser_usb
[    5.719038][    T1] usbcore: registered new interface driver mcba_usb
[    5.720090][    T1] usbcore: registered new interface driver peak_usb
[    5.721568][    T1] e100: Intel(R) PRO/100 Network Driver
[    5.722030][    T1] e100: Copyright(c) 1999-2006 Intel Corporation
[    5.723030][    T1] e1000: Intel(R) PRO/1000 Network Driver
[    5.723512][    T1] e1000: Copyright (c) 1999-2006 Intel Corporation.
[    5.724571][    T1] e1000e: Intel(R) PRO/1000 Network Driver
[    5.725052][    T1] e1000e: Copyright(c) 1999 - 2015 Intel Corporation.
[    5.726741][    T1] mkiss: AX.25 Multikiss, Hans Albas PE1AYX
[    5.727244][    T1] AX.25: 6pack driver, Revision: 0.3.0
[    5.727728][    T1] AX.25: bpqether driver version 004
[    5.728158][    T1] PPP generic driver version 2.4.2
[    5.730089][    T1] PPP BSD Compression module registered
[    5.730563][    T1] PPP Deflate Compression module registered
[    5.731063][    T1] PPP MPPE Compression module registered
[    5.731554][    T1] NET: Registered PF_PPPOX protocol family
[    5.732069][    T1] PPTP driver version 0.8.5
[    5.733261][    T1] SLIP: version 0.8.4-NET3.019-NEWTTY (dynamic channels, max=256) (6 bit encapsulation enabled).
[    5.734118][    T1] CSLIP: code copyright 1989 Regents of the University of California.
[    5.734776][    T1] SLIP linefill/keepalive option.
[    5.735193][    T1] hdlc: HDLC support module revision 1.22
[    5.735683][    T1] LAPB Ethernet driver version 0.02
[    5.736562][    T1] usbcore: registered new interface driver ath9k_htc
[    5.737202][    T1] usbcore: registered new interface driver carl9170
[    5.737813][    T1] usbcore: registered new interface driver ath6kl_usb
[    5.741743][    T1] usbcore: registered new interface driver ar5523
[    5.743241][    T1] usbcore: registered new interface driver ath10k_usb
[    5.744283][    T1] usbcore: registered new interface driver rndis_wlan
[    5.745413][    T1] mac80211_hwsim: initializing netlink
[    5.767411][    T1] usbcore: registered new interface driver atusb
[    5.776855][    T1] mac802154_hwsim mac802154_hwsim: Added 2 mac802154 hwsim hardware radios
[    5.779260][  T976] ata2: found unknown device (class 0)
[    5.780248][  T971] ata1: found unknown device (class 0)
[    5.781561][  T976] ata2.00: ATAPI: QEMU DVD-ROM, 2.5+, max UDMA/100
[    5.782269][  T971] ata1.00: ATA-7: QEMU HARDDISK, 2.5+, max UDMA/100
[    5.782841][  T971] ata1.00: 16777208 sectors, multi 16: LBA48 
[    5.785640][   T11] scsi 0:0:0:0: Direct-Access     ATA      QEMU HARDDISK    2.5+ PQ: 0 ANSI: 5
[    5.791027][    T1] VMware vmxnet3 virtual NIC driver - version 1.7.0.0-k-NAPI
[    5.791909][    T1] usbcore: registered new interface driver catc
[    5.792536][    T1] usbcore: registered new interface driver kaweth
[    5.793097][    T1] pegasus: Pegasus/Pegasus II USB Ethernet driver
[    5.793754][    T1] usbcore: registered new interface driver pegasus
[    5.794435][    T1] usbcore: registered new interface driver rtl8150
[    5.795082][    T1] usbcore: registered new device driver r8152-cfgselector
[    5.795786][    T1] usbcore: registered new interface driver r8152
[    5.796338][    T1] hso: drivers/net/usb/hso.c: Option Wireless
[    5.797002][    T1] usbcore: registered new interface driver hso
[    5.797644][    T1] usbcore: registered new interface driver lan78xx
[    5.801219][   T57] sd 0:0:0:0: [sda] 16777208 512-byte logical blocks: (8.59 GB/8.00 GiB)
[    5.802068][   T57] sd 0:0:0:0: [sda] Write Protect is off
[    5.802668][   T57] sd 0:0:0:0: [sda] Write cache: enabled, read cache: enabled, doesn't support DPO or FUA
[    5.803653][   T57] sd 0:0:0:0: [sda] Preferred minimum I/O size 512 bytes
[    5.810245][   T11] sd 0:0:0:0: Attached scsi generic sg0 type 0
[    5.816682][   T12] scsi 1:0:0:0: CD-ROM            QEMU     QEMU DVD-ROM     2.5+ PQ: 0 ANSI: 5
[    5.821716][    T1] usbcore: registered new interface driver asix
[    5.822737][    T1] usbcore: registered new interface driver ax88179_178a
[    5.825268][   T57] sd 0:0:0:0: [sda] Attached SCSI disk
[    5.826221][    T1] usbcore: registered new interface driver cdc_ether
[    5.827368][    T1] usbcore: registered new interface driver cdc_eem
[    5.829644][    T1] usbcore: registered new interface driver dm9601
[    5.830314][    T1] usbcore: registered new interface driver sr9700
[    5.830948][    T1] usbcore: registered new interface driver CoreChips
[    5.831632][    T1] usbcore: registered new interface driver smsc75xx
[    5.832292][    T1] usbcore: registered new interface driver smsc95xx
[    5.832952][    T1] usbcore: registered new interface driver gl620a
[    5.833589][    T1] usbcore: registered new interface driver net1080
[    5.834242][    T1] usbcore: registered new interface driver plusb
[    5.834870][    T1] usbcore: registered new interface driver rndis_host
[    5.835550][    T1] usbcore: registered new interface driver cdc_subset
[    5.836216][    T1] usbcore: registered new interface driver zaurus
[    5.836860][    T1] usbcore: registered new interface driver MOSCHIP usb-ethernet driver
[    5.837677][    T1] usbcore: registered new interface driver int51x1
[    5.844425][    T1] usbcore: registered new interface driver cdc_phonet
[    5.845567][    T1] usbcore: registered new interface driver kalmia
[    5.846620][    T1] usbcore: registered new interface driver ipheth
[    5.847652][    T1] usbcore: registered new interface driver sierra_net
[    5.853095][    T1] usbcore: registered new interface driver cx82310_eth
[    5.855239][    T1] usbcore: registered new interface driver cdc_ncm
[    5.856563][    T1] usbcore: registered new interface driver huawei_cdc_ncm
[    5.857716][    T1] usbcore: registered new interface driver lg-vl600
[    5.860529][   T12] sr 1:0:0:0: [sr0] scsi3-mmc drive: 4x/4x cd/rw xa/form2 tray
[    5.861234][   T12] cdrom: Uniform CD-ROM driver Revision: 3.20
[    5.862680][    T1] usbcore: registered new interface driver qmi_wwan
[    5.863845][    T1] usbcore: registered new interface driver cdc_mbim
[    5.865209][    T1] usbcore: registered new interface driver ch9200
[    5.866234][    T1] usbcore: registered new interface driver r8153_ecm
[    5.871686][    T1] VFIO - User Level meta-driver version: 0.3
[    5.877660][    T1] aoe: AoE v85 initialised.
[    5.890496][    T1] SPI driver max3421-hcd has no spi_device_id for maxim,max3421
[    5.891415][    T1] usbcore: registered new interface driver cdc_acm
[    5.891988][    T1] cdc_acm: USB Abstract Control Model driver for USB modems and ISDN adapters
[    5.892844][    T1] usbcore: registered new interface driver usblp
[    5.893471][    T1] usbcore: registered new interface driver cdc_wdm
[    5.894111][    T1] usbcore: registered new interface driver usbtmc
[    5.912957][   T12] sr 1:0:0:0: Attached scsi generic sg1 type 5
[    5.915278][    T1] usbcore: registered new interface driver uas
[    5.916031][    T1] usbcore: registered new interface driver usb-storage
[    5.916713][    T1] usbcore: registered new interface driver ums-alauda
[    5.917387][    T1] usbcore: registered new interface driver ums-cypress
[    5.918095][    T1] usbcore: registered new interface driver ums-datafab
[    5.920892][    T1] usbcore: registered new interface driver ums_eneub6250
[    5.922019][    T1] usbcore: registered new interface driver ums-freecom
[    5.924820][    T1] usbcore: registered new interface driver ums-isd200
[    5.925929][    T1] usbcore: registered new interface driver ums-jumpshot
[    5.926983][    T1] usbcore: registered new interface driver ums-karma
[    5.928055][    T1] usbcore: registered new interface driver ums-onetouch
[    5.930850][    T1] usbcore: registered new interface driver ums-realtek
[    5.931944][    T1] usbcore: registered new interface driver ums-sddr09
[    5.933012][    T1] usbcore: registered new interface driver ums-sddr55
[    5.934083][    T1] usbcore: registered new interface driver ums-usbat
[    5.935190][    T1] usbcore: registered new interface driver mdc800
[    5.935762][    T1] mdc800: v0.7.5 (30/10/2000):USB Driver for Mustek MDC800 Digital Camera
[    5.937003][    T1] usbcore: registered new interface driver microtekX6
[    5.939818][    T1] usbcore: registered new interface driver usbserial_generic
[    5.941281][    T1] usbserial: USB Serial support registered for generic
[    5.942374][    T1] usbcore: registered new interface driver aircable
[    5.943470][    T1] usbserial: USB Serial support registered for aircable
[    5.944546][    T1] usbcore: registered new interface driver ark3116
[    5.945876][    T1] usbserial: USB Serial support registered for ark3116
[    5.946648][    T1] usbcore: registered new interface driver belkin_sa
[    5.948010][    T1] usbserial: USB Serial support registered for Belkin / Peracom / GoHubs USB Serial Adapter
[    5.950662][    T1] usbcore: registered new interface driver ch341
[    5.951390][    T1] usbserial: USB Serial support registered for ch341-uart
[    5.952778][    T1] usbcore: registered new interface driver cp210x
[    5.953812][    T1] usbserial: USB Serial support registered for cp210x
[    5.954569][    T1] usbcore: registered new interface driver cyberjack
[    5.955228][    T1] usbserial: USB Serial support registered for Reiner SCT Cyberjack USB card reader
[    5.956120][    T1] usbcore: registered new interface driver cypress_m8
[    5.956812][    T1] usbserial: USB Serial support registered for DeLorme Earthmate USB
[    5.957568][    T1] usbserial: USB Serial support registered for HID->COM RS232 Adapter
[    5.962654][    T1] usbserial: USB Serial support registered for Nokia CA-42 V2 Adapter
[    5.963819][    T1] usbcore: registered new interface driver usb_debug
[    5.964863][    T1] usbserial: USB Serial support registered for debug
[    5.965883][    T1] usbserial: USB Serial support registered for xhci_dbc
[    5.966930][    T1] usbcore: registered new interface driver digi_acceleport
[    5.967979][    T1] usbserial: USB Serial support registered for Digi 2 port USB adapter
[    5.969193][    T1] usbserial: USB Serial support registered for Digi 4 port USB adapter
[    5.970334][    T1] usbcore: registered new interface driver io_edgeport
[    5.971363][    T1] usbserial: USB Serial support registered for Edgeport 2 port adapter
[    5.972216][    T1] usbserial: USB Serial support registered for Edgeport 4 port adapter
[    5.973695][    T1] usbserial: USB Serial support registered for Edgeport 8 port adapter
[    5.974829][    T1] usbserial: USB Serial support registered for EPiC device
[    5.975897][    T1] usbcore: registered new interface driver io_ti
[    5.976570][    T1] usbserial: USB Serial support registered for Edgeport TI 1 port adapter
[    5.978041][    T1] usbserial: USB Serial support registered for Edgeport TI 2 port adapter
[    5.980075][    T1] usbcore: registered new interface driver empeg
[    5.981076][    T1] usbserial: USB Serial support registered for empeg
[    5.981822][    T1] usbcore: registered new interface driver f81534a_ctrl
[    5.982491][    T1] usbcore: registered new interface driver f81232
[    5.983086][    T1] usbserial: USB Serial support registered for f81232
[    5.983783][    T1] usbserial: USB Serial support registered for f81534a
[    5.984414][    T1] usbcore: registered new interface driver f81534
[    5.985016][    T1] usbserial: USB Serial support registered for Fintek F81532/F81534
[    5.985744][    T1] usbcore: registered new interface driver ftdi_sio
[    5.986349][    T1] usbserial: USB Serial support registered for FTDI USB Serial Device
[    5.987087][    T1] usbcore: registered new interface driver garmin_gps
[    5.987723][    T1] usbserial: USB Serial support registered for Garmin GPS usb/tty
[    5.993674][    T1] usbcore: registered new interface driver ipaq
[    5.994689][    T1] usbserial: USB Serial support registered for PocketPC PDA
[    5.995763][    T1] usbcore: registered new interface driver ipw
[    5.996761][    T1] usbserial: USB Serial support registered for IPWireless converter
[    5.997876][    T1] usbcore: registered new interface driver ir_usb
[    5.999486][    T1] usbserial: USB Serial support registered for IR Dongle
[    6.002253][    T1] usbcore: registered new interface driver iuu_phoenix
[    6.003301][    T1] usbserial: USB Serial support registered for iuu_phoenix
[    6.004374][    T1] usbcore: registered new interface driver keyspan
[    6.005396][    T1] usbserial: USB Serial support registered for Keyspan - (without firmware)
[    6.006561][    T1] usbserial: USB Serial support registered for Keyspan 1 port adapter
[    6.007717][    T1] usbserial: USB Serial support registered for Keyspan 2 port adapter
[    6.010023][    T1] usbserial: USB Serial support registered for Keyspan 4 port adapter
[    6.011155][    T1] usbcore: registered new interface driver keyspan_pda
[    6.012159][    T1] usbserial: USB Serial support registered for Keyspan PDA
[    6.013217][    T1] usbserial: USB Serial support registered for Keyspan PDA - (prerenumeration)
[    6.014454][    T1] usbcore: registered new interface driver kl5kusb105
[    6.015204][    T1] usbserial: USB Serial support registered for KL5KUSB105D / PalmConnect
[    6.016704][    T1] usbcore: registered new interface driver kobil_sct
[    6.017743][    T1] usbserial: USB Serial support registered for KOBIL USB smart card terminal
[    6.019003][    T1] usbcore: registered new interface driver mct_u232
[    6.019754][    T1] usbserial: USB Serial support registered for MCT U232
[    6.021117][    T1] usbcore: registered new interface driver metro_usb
[    6.022156][    T1] usbserial: USB Serial support registered for Metrologic USB to Serial
[    6.023001][    T1] usbcore: registered new interface driver mos7720
[    6.023603][    T1] usbserial: USB Serial support registered for Moschip 2 port adapter
[    6.024357][    T1] usbcore: registered new interface driver mos7840
[    6.025114][    T1] usbserial: USB Serial support registered for Moschip 7840/7820 USB Serial Driver
[    6.025942][    T1] usbcore: registered new interface driver mxuport
[    6.026541][    T1] usbserial: USB Serial support registered for MOXA UPort
[    6.027202][    T1] usbcore: registered new interface driver navman
[    6.027799][    T1] usbserial: USB Serial support registered for navman
[    6.032767][    T1] usbcore: registered new interface driver omninet
[    6.033786][    T1] usbserial: USB Serial support registered for ZyXEL - omni.net usb
[    6.034977][    T1] usbcore: registered new interface driver opticon
[    6.036016][    T1] usbserial: USB Serial support registered for opticon
[    6.037050][    T1] usbcore: registered new interface driver option
[    6.038027][    T1] usbserial: USB Serial support registered for GSM modem (1-port)
[    6.039530][    T1] usbcore: registered new interface driver oti6858
[    6.040543][    T1] usbserial: USB Serial support registered for oti6858
[    6.041573][    T1] usbcore: registered new interface driver pl2303
[    6.042830][    T1] usbserial: USB Serial support registered for pl2303
[    6.043856][    T1] usbcore: registered new interface driver qcaux
[    6.046769][    T1] usbserial: USB Serial support registered for qcaux
[    6.047803][    T1] usbcore: registered new interface driver qcserial
[    6.049773][    T1] usbserial: USB Serial support registered for Qualcomm USB modem
[    6.050898][    T1] usbcore: registered new interface driver quatech2
[    6.051906][    T1] usbserial: USB Serial support registered for Quatech 2nd gen USB to Serial Driver
[    6.053134][    T1] usbcore: registered new interface driver safe_serial
[    6.054163][    T1] usbserial: USB Serial support registered for safe_serial
[    6.055220][    T1] usbcore: registered new interface driver sierra
[    6.056221][    T1] usbserial: USB Serial support registered for Sierra USB modem
[    6.057324][    T1] usbcore: registered new interface driver usb_serial_simple
[    6.058093][    T1] usbserial: USB Serial support registered for carelink
[    6.060671][    T1] usbserial: USB Serial support registered for flashloader
[    6.061765][    T1] usbserial: USB Serial support registered for funsoft
[    6.062397][    T1] usbserial: USB Serial support registered for google
[    6.063006][    T1] usbserial: USB Serial support registered for hp4x
[    6.063607][    T1] usbserial: USB Serial support registered for kaufmann
[    6.064250][    T1] usbserial: USB Serial support registered for libtransistor
[    6.064941][    T1] usbserial: USB Serial support registered for moto_modem
[    6.065587][    T1] usbserial: USB Serial support registered for motorola_tetra
[    6.066253][    T1] usbserial: USB Serial support registered for nokia
[    6.066869][    T1] usbserial: USB Serial support registered for novatel_gps
[    6.067528][    T1] usbserial: USB Serial support registered for siemens_mpi
[    6.068172][    T1] usbserial: USB Serial support registered for suunto
[    6.073582][    T1] usbserial: USB Serial support registered for vivopay
[    6.074661][    T1] usbserial: USB Serial support registered for zio
[    6.075686][    T1] usbcore: registered new interface driver spcp8x5
[    6.076679][    T1] usbserial: USB Serial support registered for SPCP8x5
[    6.077702][    T1] usbcore: registered new interface driver ssu100
[    6.078775][    T1] usbserial: USB Serial support registered for Quatech SSU-100 USB to Serial Driver
[    6.080039][    T1] usbcore: registered new interface driver symbolserial
[    6.081079][    T1] usbserial: USB Serial support registered for symbol
[    6.082105][    T1] usbcore: registered new interface driver ti_usb_3410_5052
[    6.083170][    T1] usbserial: USB Serial support registered for TI USB 3410 1 port adapter
[    6.084318][    T1] usbserial: USB Serial support registered for TI USB 5052 2 port adapter
[    6.085481][    T1] usbcore: registered new interface driver upd78f0730
[    6.086497][    T1] usbserial: USB Serial support registered for upd78f0730
[    6.087585][    T1] usbcore: registered new interface driver visor
[    6.091858][    T1] usbserial: USB Serial support registered for Handspring Visor / Palm OS
[    6.093076][    T1] usbserial: USB Serial support registered for Sony Clie 5.0
[    6.094158][    T1] usbserial: USB Serial support registered for Sony Clie 3.5
[    6.095250][    T1] usbcore: registered new interface driver wishbone_serial
[    6.096314][    T1] usbserial: USB Serial support registered for wishbone_serial
[    6.097396][    T1] usbcore: registered new interface driver whiteheat
[    6.099033][    T1] usbserial: USB Serial support registered for Connect Tech - WhiteHEAT - (prerenumeration)
[    6.100385][    T1] usbserial: USB Serial support registered for Connect Tech - WhiteHEAT
[    6.101526][    T1] usbcore: registered new interface driver xr_serial
[    6.102533][    T1] usbserial: USB Serial support registered for xr_serial
[    6.103574][    T1] usbcore: registered new interface driver xsens_mt
[    6.104588][    T1] usbserial: USB Serial support registered for xsens_mt
[    6.105658][    T1] usbcore: registered new interface driver adutux
[    6.106703][    T1] usbcore: registered new interface driver appledisplay
[    6.107769][    T1] usbcore: registered new interface driver cypress_cy7c63
[    6.109820][    T1] usbcore: registered new interface driver cytherm
[    6.110843][    T1] usbcore: registered new interface driver emi26 - firmware loader
[    6.111695][    T1] usbcore: registered new interface driver emi62 - firmware loader
[    6.112443][    T1] usbcore: registered new interface driver idmouse
[    6.113084][    T1] usbcore: registered new interface driver iowarrior
[    6.113739][    T1] usbcore: registered new interface driver isight_firmware
[    6.114404][    T1] usbcore: registered new interface driver usblcd
[    6.115021][    T1] usbcore: registered new interface driver ldusb
[    6.115646][    T1] usbcore: registered new interface driver legousbtower
[    6.116292][    T1] usbcore: registered new interface driver usbtest
[    6.116909][    T1] usbcore: registered new interface driver usb_ehset_test
[    6.117580][    T1] usbcore: registered new interface driver trancevibrator
[    6.118265][    T1] usbcore: registered new interface driver uss720
[    6.123482][    T1] uss720: USB Parport Cable driver for Cables using the Lucent Technologies USS720 Chip
[    6.124294][    T1] uss720: NOTE: this is a special purpose driver to allow nonstandard
[    6.124960][    T1] uss720: protocols (eg. bitbang) over USS720 usb to parallel cables
[    6.125619][    T1] uss720: If you just want to connect to a printer, use usblp instead
[    6.126897][    T1] usbcore: registered new interface driver usbsevseg
[    6.127946][    T1] usbcore: registered new interface driver yurex
[    6.132592][    T1] usbcore: registered new interface driver chaoskey
[    6.133661][    T1] usbcore: registered new interface driver sisusb
[    6.134665][    T1] usbcore: registered new interface driver lvs
[    6.135662][    T1] usbcore: registered new interface driver cxacru
[    6.136655][    T1] usbcore: registered new interface driver speedtch
[    6.137701][    T1] usbcore: registered new interface driver ueagle-atm
[    6.138261][    T1] xusbatm: malformed module parameters
[    6.144370][    T1] dummy_hcd dummy_hcd.0: USB Host+Gadget Emulator, driver 02 May 2005
[    6.145085][    T1] dummy_hcd dummy_hcd.0: Dummy host controller
[    6.147237][    T1] dummy_hcd dummy_hcd.0: new USB bus registered, assigned bus number 1
[    6.149147][    T1] usb usb1: New USB device found, idVendor=1d6b, idProduct=0002, bcdDevice= 6.07
[    6.149928][    T1] usb usb1: New USB device strings: Mfr=3, Product=2, SerialNumber=1
[    6.150586][    T1] usb usb1: Product: Dummy host controller
[    6.151064][    T1] usb usb1: Manufacturer: Linux 6.7.0-rc2-ga7e294fdb620-dirty dummy_hcd
[    6.151751][    T1] usb usb1: SerialNumber: dummy_hcd.0
[    6.155636][    T1] hub 1-0:1.0: USB hub found
[    6.156360][    T1] hub 1-0:1.0: 1 port detected
[    6.161875][    T1] dummy_hcd dummy_hcd.1: USB Host+Gadget Emulator, driver 02 May 2005
[    6.162581][    T1] dummy_hcd dummy_hcd.1: Dummy host controller
[    6.163964][    T1] dummy_hcd dummy_hcd.1: new USB bus registered, assigned bus number 2
[    6.165603][    T1] usb usb2: New USB device found, idVendor=1d6b, idProduct=0002, bcdDevice= 6.07
[    6.166354][    T1] usb usb2: New USB device strings: Mfr=3, Product=2, SerialNumber=1
[    6.167011][    T1] usb usb2: Product: Dummy host controller
[    6.167497][    T1] usb usb2: Manufacturer: Linux 6.7.0-rc2-ga7e294fdb620-dirty dummy_hcd
[    6.168180][    T1] usb usb2: SerialNumber: dummy_hcd.1
[    6.171382][    T1] hub 2-0:1.0: USB hub found
[    6.171896][    T1] hub 2-0:1.0: 1 port detected
[    6.177440][    T1] dummy_hcd dummy_hcd.2: USB Host+Gadget Emulator, driver 02 May 2005
[    6.178146][    T1] dummy_hcd dummy_hcd.2: Dummy host controller
[    6.179941][    T1] dummy_hcd dummy_hcd.2: new USB bus registered, assigned bus number 3
[    6.181175][    T1] usb usb3: New USB device found, idVendor=1d6b, idProduct=0002, bcdDevice= 6.07
[    6.181946][    T1] usb usb3: New USB device strings: Mfr=3, Product=2, SerialNumber=1
[    6.182606][    T1] usb usb3: Product: Dummy host controller
[    6.183083][    T1] usb usb3: Manufacturer: Linux 6.7.0-rc2-ga7e294fdb620-dirty dummy_hcd
[    6.183767][    T1] usb usb3: SerialNumber: dummy_hcd.2
[    6.186175][    T1] hub 3-0:1.0: USB hub found
[    6.187118][    T1] hub 3-0:1.0: 1 port detected
[    6.191081][    T1] dummy_hcd dummy_hcd.3: USB Host+Gadget Emulator, driver 02 May 2005
[    6.191794][    T1] dummy_hcd dummy_hcd.3: Dummy host controller
[    6.193046][    T1] dummy_hcd dummy_hcd.3: new USB bus registered, assigned bus number 4
[    6.194702][    T1] usb usb4: New USB device found, idVendor=1d6b, idProduct=0002, bcdDevice= 6.07
[    6.195465][    T1] usb usb4: New USB device strings: Mfr=3, Product=2, SerialNumber=1
[    6.196137][    T1] usb usb4: Product: Dummy host controller
[    6.196621][    T1] usb usb4: Manufacturer: Linux 6.7.0-rc2-ga7e294fdb620-dirty dummy_hcd
[    6.197308][    T1] usb usb4: SerialNumber: dummy_hcd.3
[    6.200447][    T1] hub 4-0:1.0: USB hub found
[    6.200951][    T1] hub 4-0:1.0: 1 port detected
[    6.203924][    T1] dummy_hcd dummy_hcd.4: USB Host+Gadget Emulator, driver 02 May 2005
[    6.204621][    T1] dummy_hcd dummy_hcd.4: Dummy host controller
[    6.206713][    T1] dummy_hcd dummy_hcd.4: new USB bus registered, assigned bus number 5
[    6.207941][    T1] usb usb5: New USB device found, idVendor=1d6b, idProduct=0002, bcdDevice= 6.07
[    6.209146][    T1] usb usb5: New USB device strings: Mfr=3, Product=2, SerialNumber=1
[    6.209811][    T1] usb usb5: Product: Dummy host controller
[    6.210288][    T1] usb usb5: Manufacturer: Linux 6.7.0-rc2-ga7e294fdb620-dirty dummy_hcd
[    6.210964][    T1] usb usb5: SerialNumber: dummy_hcd.4
[    6.213705][    T1] hub 5-0:1.0: USB hub found
[    6.214207][    T1] hub 5-0:1.0: 1 port detected
[    6.217912][    T1] dummy_hcd dummy_hcd.5: USB Host+Gadget Emulator, driver 02 May 2005
[    6.219069][    T1] dummy_hcd dummy_hcd.5: Dummy host controller
[    6.220491][    T1] dummy_hcd dummy_hcd.5: new USB bus registered, assigned bus number 6
[    6.221722][    T1] usb usb6: New USB device found, idVendor=1d6b, idProduct=0002, bcdDevice= 6.07
[    6.222468][    T1] usb usb6: New USB device strings: Mfr=3, Product=2, SerialNumber=1
[    6.223121][    T1] usb usb6: Product: Dummy host controller
[    6.223644][    T1] usb usb6: Manufacturer: Linux 6.7.0-rc2-ga7e294fdb620-dirty dummy_hcd
[    6.224318][    T1] usb usb6: SerialNumber: dummy_hcd.5
[    6.227163][    T1] hub 6-0:1.0: USB hub found
[    6.227680][    T1] hub 6-0:1.0: 1 port detected
[    6.233461][    T1] dummy_hcd dummy_hcd.6: USB Host+Gadget Emulator, driver 02 May 2005
[    6.234162][    T1] dummy_hcd dummy_hcd.6: Dummy host controller
[    6.235629][    T1] dummy_hcd dummy_hcd.6: new USB bus registered, assigned bus number 7
[    6.236867][    T1] usb usb7: New USB device found, idVendor=1d6b, idProduct=0002, bcdDevice= 6.07
[    6.237617][    T1] usb usb7: New USB device strings: Mfr=3, Product=2, SerialNumber=1
[    6.238273][    T1] usb usb7: Product: Dummy host controller
[    6.239063][    T1] usb usb7: Manufacturer: Linux 6.7.0-rc2-ga7e294fdb620-dirty dummy_hcd
[    6.239747][    T1] usb usb7: SerialNumber: dummy_hcd.6
[    6.242101][    T1] hub 7-0:1.0: USB hub found
[    6.243029][    T1] hub 7-0:1.0: 1 port detected
[    6.246769][    T1] dummy_hcd dummy_hcd.7: USB Host+Gadget Emulator, driver 02 May 2005
[    6.247466][    T1] dummy_hcd dummy_hcd.7: Dummy host controller
[    6.249027][    T1] dummy_hcd dummy_hcd.7: new USB bus registered, assigned bus number 8
[    6.250551][    T1] usb usb8: New USB device found, idVendor=1d6b, idProduct=0002, bcdDevice= 6.07
[    6.251302][    T1] usb usb8: New USB device strings: Mfr=3, Product=2, SerialNumber=1
[    6.251967][    T1] usb usb8: Product: Dummy host controller
[    6.252442][    T1] usb usb8: Manufacturer: Linux 6.7.0-rc2-ga7e294fdb620-dirty dummy_hcd
[    6.253118][    T1] usb usb8: SerialNumber: dummy_hcd.7
[    6.255536][    T1] hub 8-0:1.0: USB hub found
[    6.256348][    T1] hub 8-0:1.0: 1 port detected
[    6.283248][    T1] gadgetfs: USB Gadget filesystem, version 24 Aug 2004
[    6.293785][    T1] vhci_hcd vhci_hcd.0: USB/IP Virtual Host Controller
[    6.295251][    T1] vhci_hcd vhci_hcd.0: new USB bus registered, assigned bus number 9
[    6.296261][    T1] vhci_hcd: created sysfs vhci_hcd.0
[    6.297289][    T1] usb usb9: New USB device found, idVendor=1d6b, idProduct=0002, bcdDevice= 6.07
[    6.298052][    T1] usb usb9: New USB device strings: Mfr=3, Product=2, SerialNumber=1
[    6.298755][    T1] usb usb9: Product: USB/IP Virtual Host Controller
[    6.299292][    T1] usb usb9: Manufacturer: Linux 6.7.0-rc2-ga7e294fdb620-dirty vhci_hcd
[    6.299971][    T1] usb usb9: SerialNumber: vhci_hcd.0
[    6.302969][    T1] hub 9-0:1.0: USB hub found
[    6.303554][    T1] hub 9-0:1.0: 8 ports detected
[    6.310042][    T1] vhci_hcd vhci_hcd.0: USB/IP Virtual Host Controller
[    6.311080][    T1] vhci_hcd vhci_hcd.0: new USB bus registered, assigned bus number 10
[    6.314103][    T1] usb usb10: We don't know the algorithms for LPM for this host, disabling LPM.
[    6.315358][    T1] usb usb10: New USB device found, idVendor=1d6b, idProduct=0003, bcdDevice= 6.07
[    6.316117][    T1] usb usb10: New USB device strings: Mfr=3, Product=2, SerialNumber=1
[    6.316780][    T1] usb usb10: Product: USB/IP Virtual Host Controller
[    6.317323][    T1] usb usb10: Manufacturer: Linux 6.7.0-rc2-ga7e294fdb620-dirty vhci_hcd
[    6.317999][    T1] usb usb10: SerialNumber: vhci_hcd.0
[    6.321328][    T1] hub 10-0:1.0: USB hub found
[    6.321873][    T1] hub 10-0:1.0: 8 ports detected
[    6.329265][    T1] vhci_hcd vhci_hcd.1: USB/IP Virtual Host Controller
[    6.331438][    T1] vhci_hcd vhci_hcd.1: new USB bus registered, assigned bus number 11
[    6.332805][    T1] usb usb11: New USB device found, idVendor=1d6b, idProduct=0002, bcdDevice= 6.07
[    6.333566][    T1] usb usb11: New USB device strings: Mfr=3, Product=2, SerialNumber=1
[    6.334233][    T1] usb usb11: Product: USB/IP Virtual Host Controller
[    6.334777][    T1] usb usb11: Manufacturer: Linux 6.7.0-rc2-ga7e294fdb620-dirty vhci_hcd
[    6.335456][    T1] usb usb11: SerialNumber: vhci_hcd.1
[    6.338644][    T1] hub 11-0:1.0: USB hub found
[    6.339182][    T1] hub 11-0:1.0: 8 ports detected
[    6.345128][    T1] vhci_hcd vhci_hcd.1: USB/IP Virtual Host Controller
[    6.346545][    T1] vhci_hcd vhci_hcd.1: new USB bus registered, assigned bus number 12
[    6.347458][    T1] usb usb12: We don't know the algorithms for LPM for this host, disabling LPM.
[    6.349188][    T1] usb usb12: New USB device found, idVendor=1d6b, idProduct=0003, bcdDevice= 6.07
[    6.349940][    T1] usb usb12: New USB device strings: Mfr=3, Product=2, SerialNumber=1
[    6.350601][    T1] usb usb12: Product: USB/IP Virtual Host Controller
[    6.351140][    T1] usb usb12: Manufacturer: Linux 6.7.0-rc2-ga7e294fdb620-dirty vhci_hcd
[    6.351819][    T1] usb usb12: SerialNumber: vhci_hcd.1
[    6.354674][    T1] hub 12-0:1.0: USB hub found
[    6.355521][    T1] hub 12-0:1.0: 8 ports detected
[    6.363369][    T1] vhci_hcd vhci_hcd.2: USB/IP Virtual Host Controller
[    6.364597][    T1] vhci_hcd vhci_hcd.2: new USB bus registered, assigned bus number 13
[    6.366186][    T1] usb usb13: New USB device found, idVendor=1d6b, idProduct=0002, bcdDevice= 6.07
[    6.366944][    T1] usb usb13: New USB device strings: Mfr=3, Product=2, SerialNumber=1
[    6.367609][    T1] usb usb13: Product: USB/IP Virtual Host Controller
[    6.368158][    T1] usb usb13: Manufacturer: Linux 6.7.0-rc2-ga7e294fdb620-dirty vhci_hcd
[    6.368915][    T1] usb usb13: SerialNumber: vhci_hcd.2
[    6.371499][    T1] hub 13-0:1.0: USB hub found
[    6.372341][    T1] hub 13-0:1.0: 8 ports detected
[    6.378246][    T1] vhci_hcd vhci_hcd.2: USB/IP Virtual Host Controller
[    6.380132][    T1] vhci_hcd vhci_hcd.2: new USB bus registered, assigned bus number 14
[    6.381027][    T1] usb usb14: We don't know the algorithms for LPM for this host, disabling LPM.
[    6.382247][    T1] usb usb14: New USB device found, idVendor=1d6b, idProduct=0003, bcdDevice= 6.07
[    6.383003][    T1] usb usb14: New USB device strings: Mfr=3, Product=2, SerialNumber=1
[    6.383686][    T1] usb usb14: Product: USB/IP Virtual Host Controller
[    6.384227][    T1] usb usb14: Manufacturer: Linux 6.7.0-rc2-ga7e294fdb620-dirty vhci_hcd
[    6.384904][    T1] usb usb14: SerialNumber: vhci_hcd.2
[    6.387317][    T1] hub 14-0:1.0: USB hub found
[    6.388267][    T1] hub 14-0:1.0: 8 ports detected
[    6.398617][    T1] vhci_hcd vhci_hcd.3: USB/IP Virtual Host Controller
[    6.400166][    T1] vhci_hcd vhci_hcd.3: new USB bus registered, assigned bus number 15
[    6.401699][    T1] usb usb15: New USB device found, idVendor=1d6b, idProduct=0002, bcdDevice= 6.07
[    6.402453][    T1] usb usb15: New USB device strings: Mfr=3, Product=2, SerialNumber=1
[    6.403114][    T1] usb usb15: Product: USB/IP Virtual Host Controller
[    6.403664][    T1] usb usb15: Manufacturer: Linux 6.7.0-rc2-ga7e294fdb620-dirty vhci_hcd
[    6.404344][    T1] usb usb15: SerialNumber: vhci_hcd.3
[    6.407143][    T1] hub 15-0:1.0: USB hub found
[    6.407661][    T1] hub 15-0:1.0: 8 ports detected
[    6.413494][    T1] vhci_hcd vhci_hcd.3: USB/IP Virtual Host Controller
[    6.415077][    T1] vhci_hcd vhci_hcd.3: new USB bus registered, assigned bus number 16
[    6.416422][    T1] usb usb16: We don't know the algorithms for LPM for this host, disabling LPM.
[    6.417629][    T1] usb usb16: New USB device found, idVendor=1d6b, idProduct=0003, bcdDevice= 6.07
[    6.418712][    T1] usb usb16: New USB device strings: Mfr=3, Product=2, SerialNumber=1
[    6.419381][    T1] usb usb16: Product: USB/IP Virtual Host Controller
[    6.419930][    T1] usb usb16: Manufacturer: Linux 6.7.0-rc2-ga7e294fdb620-dirty vhci_hcd
[    6.420629][    T1] usb usb16: SerialNumber: vhci_hcd.3
[    6.423500][    T1] hub 16-0:1.0: USB hub found
[    6.424031][    T1] hub 16-0:1.0: 8 ports detected
[    6.432562][    T1] vhci_hcd vhci_hcd.4: USB/IP Virtual Host Controller
[    6.433672][    T1] vhci_hcd vhci_hcd.4: new USB bus registered, assigned bus number 17
[    6.435253][    T1] usb usb17: New USB device found, idVendor=1d6b, idProduct=0002, bcdDevice= 6.07
[    6.436017][    T1] usb usb17: New USB device strings: Mfr=3, Product=2, SerialNumber=1
[    6.436678][    T1] usb usb17: Product: USB/IP Virtual Host Controller
[    6.437221][    T1] usb usb17: Manufacturer: Linux 6.7.0-rc2-ga7e294fdb620-dirty vhci_hcd
[    6.437899][    T1] usb usb17: SerialNumber: vhci_hcd.4
[    6.440637][    T1] hub 17-0:1.0: USB hub found
[    6.441458][    T1] hub 17-0:1.0: 8 ports detected
[    6.447748][    T1] vhci_hcd vhci_hcd.4: USB/IP Virtual Host Controller
[    6.449639][    T1] vhci_hcd vhci_hcd.4: new USB bus registered, assigned bus number 18
[    6.450526][    T1] usb usb18: We don't know the algorithms for LPM for this host, disabling LPM.
[    6.451779][    T1] usb usb18: New USB device found, idVendor=1d6b, idProduct=0003, bcdDevice= 6.07
[    6.452578][    T1] usb usb18: New USB device strings: Mfr=3, Product=2, SerialNumber=1
[    6.453282][    T1] usb usb18: Product: USB/IP Virtual Host Controller
[    6.453859][    T1] usb usb18: Manufacturer: Linux 6.7.0-rc2-ga7e294fdb620-dirty vhci_hcd
[    6.454576][    T1] usb usb18: SerialNumber: vhci_hcd.4
[    6.457002][    T1] hub 18-0:1.0: USB hub found
[    6.457952][    T1] hub 18-0:1.0: 8 ports detected
[    6.465927][    T1] vhci_hcd vhci_hcd.5: USB/IP Virtual Host Controller
[    6.468097][    T1] vhci_hcd vhci_hcd.5: new USB bus registered, assigned bus number 19
[    6.471548][    T1] usb usb19: New USB device found, idVendor=1d6b, idProduct=0002, bcdDevice= 6.07
[    6.472353][    T1] usb usb19: New USB device strings: Mfr=3, Product=2, SerialNumber=1
[    6.473060][    T1] usb usb19: Product: USB/IP Virtual Host Controller
[    6.473644][    T1] usb usb19: Manufacturer: Linux 6.7.0-rc2-ga7e294fdb620-dirty vhci_hcd
[    6.474365][    T1] usb usb19: SerialNumber: vhci_hcd.5
[    6.477190][    T1] hub 19-0:1.0: USB hub found
[    6.477731][    T1] hub 19-0:1.0: 8 ports detected
[    6.484131][    T1] vhci_hcd vhci_hcd.5: USB/IP Virtual Host Controller
[    6.485666][    T1] vhci_hcd vhci_hcd.5: new USB bus registered, assigned bus number 20
[    6.486594][    T1] usb usb20: We don't know the algorithms for LPM for this host, disabling LPM.
[    6.487976][    T1] usb usb20: New USB device found, idVendor=1d6b, idProduct=0003, bcdDevice= 6.07
[    6.489059][    T1] usb usb20: New USB device strings: Mfr=3, Product=2, SerialNumber=1
[    6.489780][    T1] usb usb20: Product: USB/IP Virtual Host Controller
[    6.490358][    T1] usb usb20: Manufacturer: Linux 6.7.0-rc2-ga7e294fdb620-dirty vhci_hcd
[    6.491076][    T1] usb usb20: SerialNumber: vhci_hcd.5
[    6.493931][    T1] hub 20-0:1.0: USB hub found
[    6.494471][    T1] hub 20-0:1.0: 8 ports detected
[    6.503107][    T1] vhci_hcd vhci_hcd.6: USB/IP Virtual Host Controller
[    6.504268][    T1] vhci_hcd vhci_hcd.6: new USB bus registered, assigned bus number 21
[    6.505875][    T1] usb usb21: New USB device found, idVendor=1d6b, idProduct=0002, bcdDevice= 6.07
[    6.506684][    T1] usb usb21: New USB device strings: Mfr=3, Product=2, SerialNumber=1
[    6.507393][    T1] usb usb21: Product: USB/IP Virtual Host Controller
[    6.507992][    T1] usb usb21: Manufacturer: Linux 6.7.0-rc2-ga7e294fdb620-dirty vhci_hcd
[    6.508974][    T1] usb usb21: SerialNumber: vhci_hcd.6
[    6.511377][    T1] hub 21-0:1.0: USB hub found
[    6.512313][    T1] hub 21-0:1.0: 8 ports detected
[    6.518857][    T1] vhci_hcd vhci_hcd.6: USB/IP Virtual Host Controller
[    6.520355][    T1] vhci_hcd vhci_hcd.6: new USB bus registered, assigned bus number 22
[    6.521274][    T1] usb usb22: We don't know the algorithms for LPM for this host, disabling LPM.
[    6.522501][    T1] usb usb22: New USB device found, idVendor=1d6b, idProduct=0003, bcdDevice= 6.07
[    6.523301][    T1] usb usb22: New USB device strings: Mfr=3, Product=2, SerialNumber=1
[    6.524012][    T1] usb usb22: Product: USB/IP Virtual Host Controller
[    6.524590][    T1] usb usb22: Manufacturer: Linux 6.7.0-rc2-ga7e294fdb620-dirty vhci_hcd
[    6.525309][    T1] usb usb22: SerialNumber: vhci_hcd.6
[    6.527787][    T1] hub 22-0:1.0: USB hub found
[    6.529134][    T1] hub 22-0:1.0: 8 ports detected
[    6.536971][    T1] vhci_hcd vhci_hcd.7: USB/IP Virtual Host Controller
[    6.538516][    T1] vhci_hcd vhci_hcd.7: new USB bus registered, assigned bus number 23
[    6.540131][    T1] usb usb23: New USB device found, idVendor=1d6b, idProduct=0002, bcdDevice= 6.07
[    6.540934][    T1] usb usb23: New USB device strings: Mfr=3, Product=2, SerialNumber=1
[    6.541649][    T1] usb usb23: Product: USB/IP Virtual Host Controller
[    6.542233][    T1] usb usb23: Manufacturer: Linux 6.7.0-rc2-ga7e294fdb620-dirty vhci_hcd
[    6.542953][    T1] usb usb23: SerialNumber: vhci_hcd.7
[    6.545783][    T1] hub 23-0:1.0: USB hub found
[    6.546323][    T1] hub 23-0:1.0: 8 ports detected
[    6.553018][    T1] vhci_hcd vhci_hcd.7: USB/IP Virtual Host Controller
[    6.554069][    T1] vhci_hcd vhci_hcd.7: new USB bus registered, assigned bus number 24
[    6.555383][    T1] usb usb24: We don't know the algorithms for LPM for this host, disabling LPM.
[    6.556623][    T1] usb usb24: New USB device found, idVendor=1d6b, idProduct=0003, bcdDevice= 6.07
[    6.557422][    T1] usb usb24: New USB device strings: Mfr=3, Product=2, SerialNumber=1
[    6.558127][    T1] usb usb24: Product: USB/IP Virtual Host Controller
[    6.558798][    T1] usb usb24: Manufacturer: Linux 6.7.0-rc2-ga7e294fdb620-dirty vhci_hcd
[    6.559529][    T1] usb usb24: SerialNumber: vhci_hcd.7
[    6.562322][    T1] hub 24-0:1.0: USB hub found
[    6.562858][    T1] hub 24-0:1.0: 8 ports detected
[    6.571546][    T1] vhci_hcd vhci_hcd.8: USB/IP Virtual Host Controller
[    6.572699][    T1] vhci_hcd vhci_hcd.8: new USB bus registered, assigned bus number 25
[    6.574258][    T1] usb usb25: New USB device found, idVendor=1d6b, idProduct=0002, bcdDevice= 6.07
[    6.575063][    T1] usb usb25: New USB device strings: Mfr=3, Product=2, SerialNumber=1
[    6.575782][    T1] usb usb25: Product: USB/IP Virtual Host Controller
[    6.576359][    T1] usb usb25: Manufacturer: Linux 6.7.0-rc2-ga7e294fdb620-dirty vhci_hcd
[    6.577076][    T1] usb usb25: SerialNumber: vhci_hcd.8
[    6.580160][    T1] hub 25-0:1.0: USB hub found
[    6.580695][    T1] hub 25-0:1.0: 8 ports detected
[    6.586630][    T1] vhci_hcd vhci_hcd.8: USB/IP Virtual Host Controller
[    6.587962][    T1] vhci_hcd vhci_hcd.8: new USB bus registered, assigned bus number 26
[    6.589543][    T1] usb usb26: We don't know the algorithms for LPM for this host, disabling LPM.
[    6.590782][    T1] usb usb26: New USB device found, idVendor=1d6b, idProduct=0003, bcdDevice= 6.07
[    6.591587][    T1] usb usb26: New USB device strings: Mfr=3, Product=2, SerialNumber=1
[    6.592289][    T1] usb usb26: Product: USB/IP Virtual Host Controller
[    6.592862][    T1] usb usb26: Manufacturer: Linux 6.7.0-rc2-ga7e294fdb620-dirty vhci_hcd
[    6.593578][    T1] usb usb26: SerialNumber: vhci_hcd.8
[    6.596032][    T1] hub 26-0:1.0: USB hub found
[    6.596867][    T1] hub 26-0:1.0: 8 ports detected
[    6.605057][    T1] vhci_hcd vhci_hcd.9: USB/IP Virtual Host Controller
[    6.606311][    T1] vhci_hcd vhci_hcd.9: new USB bus registered, assigned bus number 27
[    6.607873][    T1] usb usb27: New USB device found, idVendor=1d6b, idProduct=0002, bcdDevice= 6.07
[    6.608978][    T1] usb usb27: New USB device strings: Mfr=3, Product=2, SerialNumber=1
[    6.609685][    T1] usb usb27: Product: USB/IP Virtual Host Controller
[    6.610264][    T1] usb usb27: Manufacturer: Linux 6.7.0-rc2-ga7e294fdb620-dirty vhci_hcd
[    6.611001][    T1] usb usb27: SerialNumber: vhci_hcd.9
[    6.613922][    T1] hub 27-0:1.0: USB hub found
[    6.614464][    T1] hub 27-0:1.0: 8 ports detected
[    6.620602][    T1] vhci_hcd vhci_hcd.9: USB/IP Virtual Host Controller
[    6.622382][    T1] vhci_hcd vhci_hcd.9: new USB bus registered, assigned bus number 28
[    6.623302][    T1] usb usb28: We don't know the algorithms for LPM for this host, disabling LPM.
[    6.624548][    T1] usb usb28: New USB device found, idVendor=1d6b, idProduct=0003, bcdDevice= 6.07
[    6.625346][    T1] usb usb28: New USB device strings: Mfr=3, Product=2, SerialNumber=1
[    6.626054][    T1] usb usb28: Product: USB/IP Virtual Host Controller
[    6.626634][    T1] usb usb28: Manufacturer: Linux 6.7.0-rc2-ga7e294fdb620-dirty vhci_hcd
[    6.627357][    T1] usb usb28: SerialNumber: vhci_hcd.9
[    6.630667][    T1] hub 28-0:1.0: USB hub found
[    6.631201][    T1] hub 28-0:1.0: 8 ports detected
[    6.639437][    T1] vhci_hcd vhci_hcd.10: USB/IP Virtual Host Controller
[    6.640896][    T1] vhci_hcd vhci_hcd.10: new USB bus registered, assigned bus number 29
[    6.642159][    T1] usb usb29: New USB device found, idVendor=1d6b, idProduct=0002, bcdDevice= 6.07
[    6.642968][    T1] usb usb29: New USB device strings: Mfr=3, Product=2, SerialNumber=1
[    6.643677][    T1] usb usb29: Product: USB/IP Virtual Host Controller
[    6.644256][    T1] usb usb29: Manufacturer: Linux 6.7.0-rc2-ga7e294fdb620-dirty vhci_hcd
[    6.644980][    T1] usb usb29: SerialNumber: vhci_hcd.10
[    6.647818][    T1] hub 29-0:1.0: USB hub found
[    6.648441][    T1] hub 29-0:1.0: 8 ports detected
[    6.654678][    T1] vhci_hcd vhci_hcd.10: USB/IP Virtual Host Controller
[    6.655918][    T1] vhci_hcd vhci_hcd.10: new USB bus registered, assigned bus number 30
[    6.657262][    T1] usb usb30: We don't know the algorithms for LPM for this host, disabling LPM.
[    6.659040][    T1] usb usb30: New USB device found, idVendor=1d6b, idProduct=0003, bcdDevice= 6.07
[    6.659848][    T1] usb usb30: New USB device strings: Mfr=3, Product=2, SerialNumber=1
[    6.660552][    T1] usb usb30: Product: USB/IP Virtual Host Controller
[    6.661128][    T1] usb usb30: Manufacturer: Linux 6.7.0-rc2-ga7e294fdb620-dirty vhci_hcd
[    6.661846][    T1] usb usb30: SerialNumber: vhci_hcd.10
[    6.664632][    T1] hub 30-0:1.0: USB hub found
[    6.665194][    T1] hub 30-0:1.0: 8 ports detected
[    6.673348][    T1] vhci_hcd vhci_hcd.11: USB/IP Virtual Host Controller
[    6.674520][    T1] vhci_hcd vhci_hcd.11: new USB bus registered, assigned bus number 31
[    6.676082][    T1] usb usb31: New USB device found, idVendor=1d6b, idProduct=0002, bcdDevice= 6.07
[    6.676884][    T1] usb usb31: New USB device strings: Mfr=3, Product=2, SerialNumber=1
[    6.677586][    T1] usb usb31: Product: USB/IP Virtual Host Controller
[    6.678164][    T1] usb usb31: Manufacturer: Linux 6.7.0-rc2-ga7e294fdb620-dirty vhci_hcd
[    6.679135][    T1] usb usb31: SerialNumber: vhci_hcd.11
[    6.681918][    T1] hub 31-0:1.0: USB hub found
[    6.682448][    T1] hub 31-0:1.0: 8 ports detected
[    6.689290][    T1] vhci_hcd vhci_hcd.11: USB/IP Virtual Host Controller
[    6.690741][    T1] vhci_hcd vhci_hcd.11: new USB bus registered, assigned bus number 32
[    6.691681][    T1] usb usb32: We don't know the algorithms for LPM for this host, disabling LPM.
[    6.692928][    T1] usb usb32: New USB device found, idVendor=1d6b, idProduct=0003, bcdDevice= 6.07
[    6.693728][    T1] usb usb32: New USB device strings: Mfr=3, Product=2, SerialNumber=1
[    6.694433][    T1] usb usb32: Product: USB/IP Virtual Host Controller
[    6.695030][    T1] usb usb32: Manufacturer: Linux 6.7.0-rc2-ga7e294fdb620-dirty vhci_hcd
[    6.695751][    T1] usb usb32: SerialNumber: vhci_hcd.11
[    6.698218][    T1] hub 32-0:1.0: USB hub found
[    6.699469][    T1] hub 32-0:1.0: 8 ports detected
[    6.706640][    T1] vhci_hcd vhci_hcd.12: USB/IP Virtual Host Controller
[    6.709451][    T1] vhci_hcd vhci_hcd.12: new USB bus registered, assigned bus number 33
[    6.710700][    T1] usb usb33: New USB device found, idVendor=1d6b, idProduct=0002, bcdDevice= 6.07
[    6.711512][    T1] usb usb33: New USB device strings: Mfr=3, Product=2, SerialNumber=1
[    6.712220][    T1] usb usb33: Product: USB/IP Virtual Host Controller
[    6.712795][    T1] usb usb33: Manufacturer: Linux 6.7.0-rc2-ga7e294fdb620-dirty vhci_hcd
[    6.713514][    T1] usb usb33: SerialNumber: vhci_hcd.12
[    6.716578][    T1] hub 33-0:1.0: USB hub found
[    6.717124][    T1] hub 33-0:1.0: 8 ports detected
[    6.723674][    T1] vhci_hcd vhci_hcd.12: USB/IP Virtual Host Controller
[    6.725215][    T1] vhci_hcd vhci_hcd.12: new USB bus registered, assigned bus number 34
[    6.726159][    T1] usb usb34: We don't know the algorithms for LPM for this host, disabling LPM.
[    6.727389][    T1] usb usb34: New USB device found, idVendor=1d6b, idProduct=0003, bcdDevice= 6.07
[    6.728199][    T1] usb usb34: New USB device strings: Mfr=3, Product=2, SerialNumber=1
[    6.729243][    T1] usb usb34: Product: USB/IP Virtual Host Controller
[    6.729827][    T1] usb usb34: Manufacturer: Linux 6.7.0-rc2-ga7e294fdb620-dirty vhci_hcd
[    6.730549][    T1] usb usb34: SerialNumber: vhci_hcd.12
[    6.733348][    T1] hub 34-0:1.0: USB hub found
[    6.733882][    T1] hub 34-0:1.0: 8 ports detected
[    6.741792][    T1] vhci_hcd vhci_hcd.13: USB/IP Virtual Host Controller
[    6.743156][    T1] vhci_hcd vhci_hcd.13: new USB bus registered, assigned bus number 35
[    6.744858][    T1] usb usb35: New USB device found, idVendor=1d6b, idProduct=0002, bcdDevice= 6.07
[    6.745658][    T1] usb usb35: New USB device strings: Mfr=3, Product=2, SerialNumber=1
[    6.746363][    T1] usb usb35: Product: USB/IP Virtual Host Controller
[    6.746943][    T1] usb usb35: Manufacturer: Linux 6.7.0-rc2-ga7e294fdb620-dirty vhci_hcd
[    6.747686][    T1] usb usb35: SerialNumber: vhci_hcd.13
[    6.750752][    T1] hub 35-0:1.0: USB hub found
[    6.751289][    T1] hub 35-0:1.0: 8 ports detected
[    6.757531][    T1] vhci_hcd vhci_hcd.13: USB/IP Virtual Host Controller
[    6.759349][    T1] vhci_hcd vhci_hcd.13: new USB bus registered, assigned bus number 36
[    6.760289][    T1] usb usb36: We don't know the algorithms for LPM for this host, disabling LPM.
[    6.761522][    T1] usb usb36: New USB device found, idVendor=1d6b, idProduct=0003, bcdDevice= 6.07
[    6.762335][    T1] usb usb36: New USB device strings: Mfr=3, Product=2, SerialNumber=1
[    6.763039][    T1] usb usb36: Product: USB/IP Virtual Host Controller
[    6.763624][    T1] usb usb36: Manufacturer: Linux 6.7.0-rc2-ga7e294fdb620-dirty vhci_hcd
[    6.764344][    T1] usb usb36: SerialNumber: vhci_hcd.13
[    6.767131][    T1] hub 36-0:1.0: USB hub found
[    6.767989][    T1] hub 36-0:1.0: 8 ports detected
[    6.773619][    T1] vhci_hcd vhci_hcd.14: USB/IP Virtual Host Controller
[    6.777782][    T1] vhci_hcd vhci_hcd.14: new USB bus registered, assigned bus number 37
[    6.779557][    T1] usb usb37: New USB device found, idVendor=1d6b, idProduct=0002, bcdDevice= 6.07
[    6.780364][    T1] usb usb37: New USB device strings: Mfr=3, Product=2, SerialNumber=1
[    6.781074][    T1] usb usb37: Product: USB/IP Virtual Host Controller
[    6.781669][    T1] usb usb37: Manufacturer: Linux 6.7.0-rc2-ga7e294fdb620-dirty vhci_hcd
[    6.782391][    T1] usb usb37: SerialNumber: vhci_hcd.14
[    6.785769][    T1] hub 37-0:1.0: USB hub found
[    6.786308][    T1] hub 37-0:1.0: 8 ports detected
[    6.792934][    T1] vhci_hcd vhci_hcd.14: USB/IP Virtual Host Controller
[    6.794061][    T1] vhci_hcd vhci_hcd.14: new USB bus registered, assigned bus number 38
[    6.795295][    T1] usb usb38: We don't know the algorithms for LPM for this host, disabling LPM.
[    6.796552][    T1] usb usb38: New USB device found, idVendor=1d6b, idProduct=0003, bcdDevice= 6.07
[    6.797345][    T1] usb usb38: New USB device strings: Mfr=3, Product=2, SerialNumber=1
[    6.798069][    T1] usb usb38: Product: USB/IP Virtual Host Controller
[    6.798915][    T1] usb usb38: Manufacturer: Linux 6.7.0-rc2-ga7e294fdb620-dirty vhci_hcd
[    6.799648][    T1] usb usb38: SerialNumber: vhci_hcd.14
[    6.802094][    T1] hub 38-0:1.0: USB hub found
[    6.802931][    T1] hub 38-0:1.0: 8 ports detected
[    6.811288][    T1] vhci_hcd vhci_hcd.15: USB/IP Virtual Host Controller
[    6.812851][    T1] vhci_hcd vhci_hcd.15: new USB bus registered, assigned bus number 39
[    6.814117][    T1] usb usb39: New USB device found, idVendor=1d6b, idProduct=0002, bcdDevice= 6.07
[    6.814936][    T1] usb usb39: New USB device strings: Mfr=3, Product=2, SerialNumber=1
[    6.815650][    T1] usb usb39: Product: USB/IP Virtual Host Controller
[    6.816223][    T1] usb usb39: Manufacturer: Linux 6.7.0-rc2-ga7e294fdb620-dirty vhci_hcd
[    6.816943][    T1] usb usb39: SerialNumber: vhci_hcd.15
[    6.819701][    T1] hub 39-0:1.0: USB hub found
[    6.820664][    T1] hub 39-0:1.0: 8 ports detected
[    6.826855][    T1] vhci_hcd vhci_hcd.15: USB/IP Virtual Host Controller
[    6.828035][    T1] vhci_hcd vhci_hcd.15: new USB bus registered, assigned bus number 40
[    6.829856][    T1] usb usb40: We don't know the algorithms for LPM for this host, disabling LPM.
[    6.831099][    T1] usb usb40: New USB device found, idVendor=1d6b, idProduct=0003, bcdDevice= 6.07
[    6.831922][    T1] usb usb40: New USB device strings: Mfr=3, Product=2, SerialNumber=1
[    6.832629][    T1] usb usb40: Product: USB/IP Virtual Host Controller
[    6.833210][    T1] usb usb40: Manufacturer: Linux 6.7.0-rc2-ga7e294fdb620-dirty vhci_hcd
[    6.833930][    T1] usb usb40: SerialNumber: vhci_hcd.15
[    6.836719][    T1] hub 40-0:1.0: USB hub found
[    6.837252][    T1] hub 40-0:1.0: 8 ports detected
[    6.844947][    T1] usbcore: registered new device driver usbip-host
[    6.847082][    T1] i8042: PNP: PS/2 Controller [PNP0303:KBD,PNP0f13:MOU] at 0x60,0x64 irq 1,12
[    6.856657][    T1] serio: i8042 KBD port at 0x60,0x64 irq 1
[    6.858997][    T1] serio: i8042 AUX port at 0x60,0x64 irq 12
[    6.862610][    T1] mousedev: PS/2 mouse device common for all mice
[    6.866306][    T1] usbcore: registered new interface driver appletouch
[    6.867044][    T1] usbcore: registered new interface driver bcm5974
[    6.867942][    T1] usbcore: registered new interface driver synaptics_usb
[    6.871263][    T9] input: AT Translated Set 2 keyboard as /devices/platform/i8042/serio0/input/input1
[    6.874317][    T1] usbcore: registered new interface driver iforce
[    6.879004][    T1] usbcore: registered new interface driver xpad
[    6.883678][    T1] usbcore: registered new interface driver usb_acecad
[    6.884541][    T1] usbcore: registered new interface driver aiptek
[    6.885228][    T1] usbcore: registered new interface driver hanwang
[    6.885925][    T1] usbcore: registered new interface driver kbtab
[    6.886607][    T1] usbcore: registered new interface driver pegasus_notetaker
[    6.887379][    T1] usbcore: registered new interface driver usbtouchscreen
[    6.888130][    T1] usbcore: registered new interface driver sur40
[    6.892705][    T1] usbcore: registered new interface driver ati_remote2
[    6.893312][    T1] cm109: Keymap for Komunikate KIP1000 phone loaded
[    6.894425][    T1] usbcore: registered new interface driver cm109
[    6.894979][    T1] cm109: CM109 phone driver: 20080805 (C) Alfred E. Heggestad
[    6.896148][    T1] usbcore: registered new interface driver ims_pcu
[    6.897218][    T1] usbcore: registered new interface driver keyspan_remote
[    6.898735][    T1] usbcore: registered new interface driver powermate
[    6.900472][    T1] usbcore: registered new interface driver yealink
[    6.904141][    T1] rtc_cmos 00:05: RTC can wake from S4
[    6.910976][    T1] rtc_cmos 00:05: registered as rtc0
[    6.911502][    T1] rtc_cmos 00:05: alarms up to one day, y3k, 242 bytes nvram, hpet irqs
[    6.913993][    T1] i2c_dev: i2c /dev entries driver
[    6.915999][    T1] usbcore: registered new interface driver i2c-diolan-u2c
[    6.917675][    T1] usbcore: registered new interface driver RobotFuzz Open Source InterFace, OSIF
[    6.919828][    T1] usbcore: registered new interface driver i2c-tiny-usb
[    6.921392][    T1] usbcore: registered new interface driver igorplugusb
[    6.922197][    T1] usbcore: registered new interface driver iguanair
[    6.922894][    T1] usbcore: registered new interface driver imon
[    6.923591][    T1] usbcore: registered new interface driver mceusb
[    6.924262][    T1] usbcore: registered new interface driver redrat3
[    6.924964][    T1] usbcore: registered new interface driver streamzap
[    6.925664][    T1] usbcore: registered new interface driver ttusbir
[    6.926357][    T1] usbcore: registered new interface driver ati_remote
[    6.927125][    T1] b2c2-flexcop: B2C2 FlexcopII/II(b)/III digital TV receiver chip loaded successfully
[    6.928201][    T1] usbcore: registered new interface driver b2c2_flexcop_usb
[    6.941385][    T1] usbcore: registered new interface driver dvb_usb_vp7045
[    6.942530][    T1] usbcore: registered new interface driver dvb_usb_vp702x
[    6.943706][    T1] usbcore: registered new interface driver dvb_usb_gp8psk
[    6.945148][    T1] usbcore: registered new interface driver dvb_usb_dtt200u
[    6.946347][    T1] usbcore: registered new interface driver dvb_usb_a800
[    6.947492][    T1] usbcore: registered new interface driver dvb_usb_dibusb_mb
[    6.948826][    T1] usbcore: registered new interface driver dvb_usb_dibusb_mc
[    6.950009][    T1] usbcore: registered new interface driver dvb_usb_nova_t_usb2
[    6.951172][    T1] usbcore: registered new interface driver dvb_usb_umt_010
[    6.952379][    T1] usbcore: registered new interface driver dvb_usb_m920x
[    6.953488][    T1] usbcore: registered new interface driver dvb_usb_digitv
[    6.954700][    T1] usbcore: registered new interface driver dvb_usb_cxusb
[    6.955886][    T1] usbcore: registered new interface driver dvb_usb_ttusb2
[    6.957040][    T1] usbcore: registered new interface driver dvb_usb_dib0700
[    6.958212][    T1] usbcore: registered new interface driver opera1
[    6.962940][    T1] usbcore: registered new interface driver dvb_usb_af9005
[    6.963579][    T1] failing symbol_get of non-GPLONLY symbol af9005_rc_decode.
[    6.964718][    T1] failing symbol_get of non-GPLONLY symbol af9005_rc_decode.
[    6.965364][    T1] failing symbol_get of non-GPLONLY symbol rc_map_af9005_table.
[    6.966475][    T1] failing symbol_get of non-GPLONLY symbol rc_map_af9005_table.
[    6.967148][    T1] failing symbol_get of non-GPLONLY symbol rc_map_af9005_table_size.
[    6.968378][    T1] failing symbol_get of non-GPLONLY symbol rc_map_af9005_table_size.
[    6.969083][    T1] af9005: af9005_rc_decode function not found, disabling remote
[    6.970324][    T1] usbcore: registered new interface driver pctv452e
[    6.971435][    T1] usbcore: registered new interface driver dw2102
[    6.972531][    T1] usbcore: registered new interface driver dvb_usb_dtv5100
[    6.973658][    T1] usbcore: registered new interface driver cinergyT2
[    6.974765][    T1] usbcore: registered new interface driver dvb_usb_az6027
[    6.975909][    T1] usbcore: registered new interface driver dvb_usb_technisat_usb2
[    6.977107][    T1] usbcore: registered new interface driver dvb_usb_af9015
[    6.978248][    T1] usbcore: registered new interface driver dvb_usb_af9035
[    6.979225][    T1] usbcore: registered new interface driver dvb_usb_anysee
[    6.980635][    T1] usbcore: registered new interface driver dvb_usb_au6610
[    6.982739][    T1] usbcore: registered new interface driver dvb_usb_az6007
[    6.983873][    T1] usbcore: registered new interface driver dvb_usb_ce6230
[    6.985025][    T1] usbcore: registered new interface driver dvb_usb_ec168
[    6.986149][    T1] usbcore: registered new interface driver dvb_usb_lmedm04
[    6.987272][    T1] usbcore: registered new interface driver dvb_usb_gl861
[    6.988465][    T1] usbcore: registered new interface driver dvb_usb_mxl111sf
[    6.989615][    T1] usbcore: registered new interface driver dvb_usb_rtl28xxu
[    6.990759][    T1] usbcore: registered new interface driver dvb_usb_dvbsky
[    6.991863][    T1] usbcore: registered new interface driver zd1301
[    6.992930][    T1] usbcore: registered new interface driver s2255
[    6.994042][    T1] usbcore: registered new interface driver smsusb
[    6.995141][    T1] usbcore: registered new interface driver ttusb
[    6.996211][    T1] usbcore: registered new interface driver ttusb-dec
[    6.997313][    T1] usbcore: registered new interface driver Abilis Systems as10x usb driver
[    6.998648][    T1] usbcore: registered new interface driver airspy
[    6.999210][    T1] gspca_main: v2.14.0 registered
[    7.000190][    T1] usbcore: registered new interface driver benq
[    7.001229][    T1] usbcore: registered new interface driver conex
[    7.002308][    T1] usbcore: registered new interface driver cpia1
[    7.003117][    T1] usbcore: registered new interface driver dtcs033
[    7.004525][    T1] usbcore: registered new interface driver etoms
[    7.005821][    T1] usbcore: registered new interface driver finepix
[    7.006921][    T1] usbcore: registered new interface driver jeilinj
[    7.007710][    T1] usbcore: registered new interface driver jl2005bcd
[    7.009398][    T1] usbcore: registered new interface driver kinect
[    7.010091][    T1] usbcore: registered new interface driver konica
[    7.010769][    T1] usbcore: registered new interface driver mars
[    7.011448][    T1] usbcore: registered new interface driver mr97310a
[    7.012164][    T1] usbcore: registered new interface driver nw80x
[    7.012846][    T1] usbcore: registered new interface driver ov519
[    7.013525][    T1] usbcore: registered new interface driver ov534
[    7.014193][    T1] usbcore: registered new interface driver ov534_9
[    7.014903][    T1] usbcore: registered new interface driver pac207
[    7.015612][    T1] usbcore: registered new interface driver gspca_pac7302
[    7.016364][    T1] usbcore: registered new interface driver pac7311
[    7.017058][    T1] usbcore: registered new interface driver se401
[    7.017749][    T1] usbcore: registered new interface driver sn9c2028
[    7.024953][    T1] usbcore: registered new interface driver gspca_sn9c20x
[    7.026109][    T1] usbcore: registered new interface driver sonixb
[    7.027216][    T1] usbcore: registered new interface driver sonixj
[    7.028425][    T1] usbcore: registered new interface driver spca500
[    7.029506][    T1] usbcore: registered new interface driver spca501
[    7.030587][    T1] usbcore: registered new interface driver spca505
[    7.031707][    T1] usbcore: registered new interface driver spca506
[    7.032791][    T1] usbcore: registered new interface driver spca508
[    7.033883][    T1] usbcore: registered new interface driver spca561
[    7.034957][    T1] usbcore: registered new interface driver spca1528
[    7.036052][    T1] usbcore: registered new interface driver sq905
[    7.037124][    T1] usbcore: registered new interface driver sq905c
[    7.038210][    T1] usbcore: registered new interface driver sq930x
[    7.040734][    T1] usbcore: registered new interface driver sunplus
[    7.041835][    T1] usbcore: registered new interface driver stk014
[    7.042920][    T1] usbcore: registered new interface driver stk1135
[    7.044249][    T1] usbcore: registered new interface driver stv0680
[    7.045354][    T1] usbcore: registered new interface driver t613
[    7.046448][    T1] usbcore: registered new interface driver gspca_topro
[    7.047601][    T1] usbcore: registered new interface driver touptek
[    7.049456][    T1] usbcore: registered new interface driver tv8532
[    7.050536][    T1] usbcore: registered new interface driver vc032x
[    7.051635][    T1] usbcore: registered new interface driver vicam
