c[?7l[2J[0mSeaBIOS (version 1.15.0-1)


iPXE (https://ipxe.org) 00:03.0 CA00 PCI2.10 PnP PMM+7FF8B310+7FECB310 CA00
Press Ctrl-B to configure iPXE (PCI 00:03.0)...                                                                               


Booting from ROM...
c[?7l[2Jearly console in extract_kernel
input_data: 0x000000000a6c5298
input_len: 0x0000000003520ddf
output: 0x0000000001000000
output_len: 0x000000000ade1b28
kernel_total_size: 0x000000000cc26000
needed_size: 0x000000000ce00000
trampoline_32bit: 0x0000000000000000

Decompressing Linux... Parsing ELF... done.
Booting the kernel (entry_offset: 0x0000000000000080).
[    0.000000][    T0] Linux version 6.7.0-rc2-ga7e294fdb620-dirty (jjy@jjy) (gcc (Ubuntu 11.4.0-1ubuntu1~22.04) 11.4.0, GNU ld (GNU Binutils for Ubuntu) 2.38) #36 SMP PREEMPT_DYNAMIC Thu Nov 30 22:54:32 KST 2023
[    0.000000][    T0] Command line: console=ttyS0 root=/dev/sda earlyprintk=serial net.ifnames=0
[    0.000000][    T0] KERNEL supported cpus:
[    0.000000][    T0]   Intel GenuineIntel
[    0.000000][    T0]   AMD AuthenticAMD
[    0.000000][    T0] BIOS-provided physical RAM map:
[    0.000000][    T0] BIOS-e820: [mem 0x0000000000000000-0x000000000009fbff] usable
[    0.000000][    T0] BIOS-e820: [mem 0x000000000009fc00-0x000000000009ffff] reserved
[    0.000000][    T0] BIOS-e820: [mem 0x00000000000f0000-0x00000000000fffff] reserved
[    0.000000][    T0] BIOS-e820: [mem 0x0000000000100000-0x000000007ffdffff] usable
[    0.000000][    T0] BIOS-e820: [mem 0x000000007ffe0000-0x000000007fffffff] reserved
[    0.000000][    T0] BIOS-e820: [mem 0x00000000feffc000-0x00000000feffffff] reserved
[    0.000000][    T0] BIOS-e820: [mem 0x00000000fffc0000-0x00000000ffffffff] reserved
[    0.000000][    T0] printk: legacy bootconsole [earlyser0] enabled
[    0.000000][    T0] ERROR: earlyprintk= earlyser already used
[    0.000000][    T0] ERROR: earlyprintk= earlyser already used
[    0.000000][    T0] ERROR: earlyprintk= earlyser already used
[    0.000000][    T0] **********************************************************
[    0.000000][    T0] **   NOTICE NOTICE NOTICE NOTICE NOTICE NOTICE NOTICE   **
[    0.000000][    T0] **                                                      **
[    0.000000][    T0] ** This system shows unhashed kernel memory addresses   **
[    0.000000][    T0] ** via the console, logs, and other interfaces. This    **
[    0.000000][    T0] ** might reduce the security of your system.            **
[    0.000000][    T0] **                                                      **
[    0.000000][    T0] ** If you see this message and you are not debugging    **
[    0.000000][    T0] ** the kernel, report this immediately to your system   **
[    0.000000][    T0] ** administrator!                                       **
[    0.000000][    T0] **                                                      **
[    0.000000][    T0] **   NOTICE NOTICE NOTICE NOTICE NOTICE NOTICE NOTICE   **
[    0.000000][    T0] **********************************************************
[    0.000000][    T0] Malformed early option 'vsyscall'
[    0.000000][    T0] NX (Execute Disable) protection: active
[    0.000000][    T0] APIC: Static calls initialized
[    0.000000][    T0] SMBIOS 2.8 present.
[    0.000000][    T0] DMI: QEMU Standard PC (i440FX + PIIX, 1996), BIOS 1.15.0-1 04/01/2014
[    0.000000][    T0] Hypervisor detected: KVM
[    0.000000][    T0] kvm-clock: Using msrs 4b564d01 and 4b564d00
[    0.000002][    T0] kvm-clock: using sched offset of 1018780332 cycles
[    0.000518][    T0] clocksource: kvm-clock: mask: 0xffffffffffffffff max_cycles: 0x1cd42e4dffb, max_idle_ns: 881590591483 ns
[    0.002057][    T0] tsc: Detected 1996.800 MHz processor
[    0.003570][    T0] last_pfn = 0x7ffe0 max_arch_pfn = 0x400000000
[    0.004134][    T0] MTRR map: 4 entries (3 fixed + 1 variable; max 19), built from 8 variable MTRRs
[    0.004921][    T0] x86/PAT: Configuration [0-7]: WB  WC  UC- UC  WB  WP  UC- WT  
[    0.009782][    T0] found SMP MP-table at [mem 0x000f5ba0-0x000f5baf]
[    0.010927][    T0] ACPI: Early table checksum verification disabled
[    0.011500][    T0] ACPI: RSDP 0x00000000000F59E0 000014 (v00 BOCHS )
[    0.012067][    T0] ACPI: RSDT 0x000000007FFE1905 000034 (v01 BOCHS  BXPC     00000001 BXPC 00000001)
[    0.012869][    T0] ACPI: FACP 0x000000007FFE17B9 000074 (v01 BOCHS  BXPC     00000001 BXPC 00000001)
[    0.013679][    T0] ACPI: DSDT 0x000000007FFE0040 001779 (v01 BOCHS  BXPC     00000001 BXPC 00000001)
[    0.014481][    T0] ACPI: FACS 0x000000007FFE0000 000040
[    0.014947][    T0] ACPI: APIC 0x000000007FFE182D 000078 (v01 BOCHS  BXPC     00000001 BXPC 00000001)
[    0.015749][    T0] ACPI: HPET 0x000000007FFE18A5 000038 (v01 BOCHS  BXPC     00000001 BXPC 00000001)
[    0.016545][    T0] ACPI: WAET 0x000000007FFE18DD 000028 (v01 BOCHS  BXPC     00000001 BXPC 00000001)
[    0.017340][    T0] ACPI: Reserving FACP table memory at [mem 0x7ffe17b9-0x7ffe182c]
[    0.018028][    T0] ACPI: Reserving DSDT table memory at [mem 0x7ffe0040-0x7ffe17b8]
[    0.018694][    T0] ACPI: Reserving FACS table memory at [mem 0x7ffe0000-0x7ffe003f]
[    0.019361][    T0] ACPI: Reserving APIC table memory at [mem 0x7ffe182d-0x7ffe18a4]
[    0.020026][    T0] ACPI: Reserving HPET table memory at [mem 0x7ffe18a5-0x7ffe18dc]
[    0.020693][    T0] ACPI: Reserving WAET table memory at [mem 0x7ffe18dd-0x7ffe1904]
[    0.021731][    T0] No NUMA configuration found
[    0.022130][    T0] Faking a node at [mem 0x0000000000000000-0x000000007ffdffff]
[    0.022772][    T0] Faking node 0 at [mem 0x0000000000000000-0x000000003fffffff] (1024MB)
[    0.023488][    T0] Faking node 1 at [mem 0x0000000040000000-0x000000007ffdffff] (1023MB)
[    0.024271][    T0] NODE_DATA(0) allocated [mem 0x3fffa000-0x3fffffff]
[    0.025437][    T0] NODE_DATA(1) allocated [mem 0x7ffd9000-0x7ffdefff]
[    0.050473][    T0] Zone ranges:
[    0.050938][    T0]   DMA      [mem 0x0000000000001000-0x0000000000ffffff]
[    0.051650][    T0]   DMA32    [mem 0x0000000001000000-0x000000007ffdffff]
[    0.052319][    T0]   Normal   empty
[    0.052674][    T0]   Device   empty
[    0.053013][    T0] Movable zone start for each node
[    0.053523][    T0] Early memory node ranges
[    0.053957][    T0]   node   0: [mem 0x0000000000001000-0x000000000009efff]
[    0.054640][    T0]   node   0: [mem 0x0000000000100000-0x000000003fffffff]
[    0.055368][    T0]   node   1: [mem 0x0000000040000000-0x000000007ffdffff]
[    0.056069][    T0] Initmem setup node 0 [mem 0x0000000000001000-0x000000003fffffff]
[    0.056857][    T0] Initmem setup node 1 [mem 0x0000000040000000-0x000000007ffdffff]
[    0.057671][    T0] On node 0, zone DMA: 1 pages in unavailable ranges
[    0.057965][    T0] On node 0, zone DMA: 97 pages in unavailable ranges
[    0.085481][    T0] On node 1, zone DMA32: 32 pages in unavailable ranges
[    0.324464][    T0] kasan: KernelAddressSanitizer initialized
[    0.325910][    T0] ACPI: PM-Timer IO Port: 0x608
[    0.326367][    T0] ACPI: LAPIC_NMI (acpi_id[0xff] dfl dfl lint[0x1])
[    0.327056][    T0] IOAPIC[0]: apic_id 0, version 17, address 0xfec00000, GSI 0-23
[    0.327784][    T0] ACPI: INT_SRC_OVR (bus 0 bus_irq 0 global_irq 2 dfl dfl)
[    0.328452][    T0] ACPI: INT_SRC_OVR (bus 0 bus_irq 5 global_irq 5 high level)
[    0.329145][    T0] ACPI: INT_SRC_OVR (bus 0 bus_irq 9 global_irq 9 high level)
[    0.329843][    T0] ACPI: INT_SRC_OVR (bus 0 bus_irq 10 global_irq 10 high level)
[    0.330549][    T0] ACPI: INT_SRC_OVR (bus 0 bus_irq 11 global_irq 11 high level)
[    0.331289][    T0] ACPI: Using ACPI (MADT) for SMP configuration information
[    0.331965][    T0] ACPI: HPET id: 0x8086a201 base: 0xfed00000
[    0.332530][    T0] smpboot: Allowing 1 CPUs, 0 hotplug CPUs
[    0.333129][    T0] kvm-guest: APIC: eoi() replaced with kvm_guest_apic_eoi_write()
[    0.333926][    T0] PM: hibernation: Registered nosave memory: [mem 0x00000000-0x00000fff]
[    0.334713][    T0] PM: hibernation: Registered nosave memory: [mem 0x0009f000-0x0009ffff]
[    0.335541][    T0] PM: hibernation: Registered nosave memory: [mem 0x000a0000-0x000effff]
[    0.336338][    T0] PM: hibernation: Registered nosave memory: [mem 0x000f0000-0x000fffff]
[    0.337106][    T0] [mem 0x80000000-0xfeffbfff] available for PCI devices
[    0.337709][    T0] Booting paravirtualized kernel on KVM
[    0.338194][    T0] clocksource: refined-jiffies: mask: 0xffffffff max_cycles: 0xffffffff, max_idle_ns: 19112604462750000 ns
[    0.361920][    T0] setup_percpu: NR_CPUS:8 nr_cpumask_bits:1 nr_cpu_ids:1 nr_node_ids:2
[    0.363039][    T0] percpu: Embedded 73 pages/cpu s258184 r8192 d32632 u2097152
[    0.363734][    T0] kvm-guest: PV spinlocks disabled, no host support
[    0.364302][    T0] Kernel command line: earlyprintk=serial net.ifnames=0 sysctl.kernel.hung_task_all_cpu_backtrace=1 ima_policy=tcb nf-conntrack-ftp.ports=20000 nf-conntrack-tftp.ports=20000 nf-conntrack-sip.ports=20000 nf-conntrack-irc.ports=20000 nf-conntrack-sane.ports=20000 binder.debug_mask=0 rcupdate.rcu_expedited=1 rcupdate.rcu_cpu_stall_cputime=1 no_hash_pointers page_owner=on sysctl.vm.nr_hugepages=4 sysctl.vm.nr_overcommit_hugepages=4 secretmem.enable=1 sysctl.max_rcu_stall_to_panic=1 msr.allow_writes=off coredump_filter=0xffff root=/dev/sda console=ttyS0 vsyscall=native numa=fake=2 kvm-intel.nested=1 spec_store_bypass_disable=prctl nopcid vivid.n_devs=16 vivid.multiplanar=1,2,1,2,1,2,1,2,1,2,1,2,1,2,1,2 netrom.nr_ndevs=16 rose.rose_ndevs=16 smp.csd_lock_timeout=100000 watchdog_thresh=55 workqueue.watchdog_thresh=140 sysctl.net.core.netdev_unregister_timeout_secs=140 dummy_hcd.num=8 panic_on_warn=1 console=ttyS0 root=/dev/sda earlyprintk=serial net.ifnames=0
[    0.374213][    T0] Unknown kernel command line parameters "spec_store_bypass_disable=prctl", will be passed to user space.
[    0.375291][    T0] Fallback order for Node 0: 0 1 
[    0.375297][    T0] Fallback order for Node 1: 1 0 
[    0.375300][    T0] Built 2 zonelists, mobility grouping on.  Total pages: 515808
[    0.376776][    T0] Policy zone: DMA32
[    0.377552][    T0] mem auto-init: stack:off, heap alloc:on, heap free:off
[    0.378148][    T0] stackdepot: allocating hash table via alloc_large_system_hash
[    0.380449][    T0] stackdepot hash table entries: 1048576 (order: 11, 8388608 bytes, linear)
[    0.592503][    T0] Memory: 1554728K/2096632K available (77824K kernel code, 38182K rwdata, 31716K rodata, 3884K init, 34940K bss, 541648K reserved, 0K cma-reserved)
[    0.594876][    T0] SLUB: HWalign=64, Order=0-3, MinObjects=0, CPUs=1, Nodes=2
[    0.627672][    T0] allocated 37748736 bytes of page_ext
[    0.628240][    T0] Node 0, zone      DMA: page owner found early allocated 0 pages
[    0.633855][    T0] Node 0, zone    DMA32: page owner found early allocated 4704 pages
[    0.636166][    T0] Node 1, zone    DMA32: page owner found early allocated 4611 pages
[    0.637309][    T0] ftrace: allocating 138208 entries in 540 pages
[    0.665140][    T0] ftrace: allocated 540 pages with 4 groups
[    0.665982][    T0] Dynamic Preempt: full
[    0.666855][    T0] Running RCU self tests
[    0.667219][    T0] Running RCU synchronous self tests
[    0.667678][    T0] rcu: Preemptible hierarchical RCU implementation.
[    0.668226][    T0] rcu: 	RCU lockdep checking is enabled.
[    0.668694][    T0] rcu: 	RCU restricting CPUs from NR_CPUS=8 to nr_cpu_ids=1.
[    0.669304][    T0] rcu: 	RCU callback double-/use-after-free debug is enabled.
[    0.669922][    T0] rcu: 	RCU debug extended QS entry/exit.
[    0.670396][    T0] 	All grace periods are expedited (rcu_expedited).
[    0.670943][    T0] 	Trampoline variant of Tasks RCU enabled.
[    0.671435][    T0] 	Rude variant of Tasks RCU enabled.
[    0.671877][    T0] 	Tracing variant of Tasks RCU enabled.
[    0.672342][    T0] rcu: RCU calculated value of scheduler-enlistment delay is 10 jiffies.
[    0.673039][    T0] rcu: Adjusting geometry for rcu_fanout_leaf=16, nr_cpu_ids=1
[    0.673746][    T0] Running RCU synchronous self tests
[    0.720552][    T0] NR_IRQS: 4352, nr_irqs: 256, preallocated irqs: 16
[    0.721636][    T0] rcu: srcu_init: Setting srcu_struct sizes based on contention.
[    0.722366][    T0] kfence: initialized - using 2097152 bytes for 255 objects at 0xffff88807ec00000-0xffff88807ee00000
[    0.727707][    T0] Console: colour VGA+ 80x25
[    0.728147][    T0] printk: legacy console [ttyS0] enabled
[    0.728147][    T0] printk: legacy console [ttyS0] enabled
[    0.729099][    T0] printk: legacy bootconsole [earlyser0] disabled
[    0.729099][    T0] printk: legacy bootconsole [earlyser0] disabled
[    0.730206][    T0] Lock dependency validator: Copyright (c) 2006 Red Hat, Inc., Ingo Molnar
[    0.730938][    T0] ... MAX_LOCKDEP_SUBCLASSES:  8
[    0.731362][    T0] ... MAX_LOCK_DEPTH:          48
[    0.731795][    T0] ... MAX_LOCKDEP_KEYS:        8192
[    0.732237][    T0] ... CLASSHASH_SIZE:          4096
[    0.732682][    T0] ... MAX_LOCKDEP_ENTRIES:     131072
[    0.733140][    T0] ... MAX_LOCKDEP_CHAINS:      262144
[    0.733594][    T0] ... CHAINHASH_SIZE:          131072
[    0.734050][    T0]  memory used by lock dependency info: 20785 kB
[    0.734588][    T0]  memory used for stack traces: 8320 kB
[    0.735069][    T0]  per task-struct memory footprint: 1920 bytes
[    0.735690][    T0] mempolicy: Enabling automatic NUMA balancing. Configure with numa_balancing= or the kernel.numa_balancing sysctl
[    0.736743][    T0] ACPI: Core revision 20230628
[    0.737542][    T0] clocksource: hpet: mask: 0xffffffff max_cycles: 0xffffffff, max_idle_ns: 19112604467 ns
[    0.738624][    T0] APIC: Switch to symmetric I/O mode setup
[    0.739270][    T0] x2apic enabled
[    0.739916][    T0] APIC: Switched APIC routing to: physical x2apic
[    0.741536][    T0] ..TIMER: vector=0x30 apic1=0 pin1=2 apic2=-1 pin2=-1
[    0.742136][    T0] clocksource: tsc-early: mask: 0xffffffffffffffff max_cycles: 0x3990bec8342, max_idle_ns: 881590769617 ns
[    0.743123][    T0] Calibrating delay loop (skipped) preset value.. 3993.60 BogoMIPS (lpj=19968000)
[    0.744074][    T0] Last level iTLB entries: 4KB 0, 2MB 0, 4MB 0
[    0.744599][    T0] Last level dTLB entries: 4KB 0, 2MB 0, 4MB 0, 1GB 0
[    0.745177][    T0] Spectre V1 : Mitigation: usercopy/swapgs barriers and __user pointer sanitization
[    0.745975][    T0] Spectre V2 : Kernel not compiled with retpoline; no mitigation available!
[    0.745978][    T0] Spectre V2 : Vulnerable
[    0.747085][    T0] Spectre V2 : Spectre v2 / SpectreRSB mitigation: Filling RSB on context switch
[    0.747858][    T0] Speculative Store Bypass: Vulnerable
[    0.748328][    T0] MDS: Vulnerable: Clear CPU buffers attempted, no microcode
[    0.753159][    T0] MMIO Stale Data: Unknown: No mitigations
[    0.753644][    T0] x86/fpu: x87 FPU will use FXSAVE
[    0.800327][    T0] Freeing SMP alternatives memory: 124K
[    0.800796][    T0] pid_max: default: 32768 minimum: 301
[    0.801462][    T0] LSM: initializing lsm=lockdown,capability,landlock,yama,safesetid,tomoyo,apparmor,bpf,integrity
[    0.802371][    T0] landlock: Up and running.
[    0.802731][    T0] Yama: becoming mindful.
[    0.803151][    T0] TOMOYO Linux initialized
[    0.803702][    T0] AppArmor: AppArmor initialized
[    0.804110][    T0] LSM support for eBPF active
[    0.807045][    T0] Dentry cache hash table entries: 262144 (order: 9, 2097152 bytes, vmalloc)
[    0.808942][    T0] Inode-cache hash table entries: 131072 (order: 8, 1048576 bytes, vmalloc)
[    0.809731][    T0] Mount-cache hash table entries: 4096 (order: 3, 32768 bytes, vmalloc)
[    0.810451][    T0] Mountpoint-cache hash table entries: 4096 (order: 3, 32768 bytes, vmalloc)
[    0.813217][    T0] Running RCU synchronous self tests
[    0.813651][    T0] Running RCU synchronous self tests
[    0.934625][    T1] smpboot: CPU0: Intel QEMU Virtual CPU version 2.5+ (family: 0xf, model: 0x6b, stepping: 0x1)
[    0.937807][    T1] RCU Tasks: Setting shift to 0 and lim to 1 rcu_task_cb_adjust=1.
[    0.938624][    T1] RCU Tasks Rude: Setting shift to 0 and lim to 1 rcu_task_cb_adjust=1.
[    0.939465][    T1] RCU Tasks Trace: Setting shift to 0 and lim to 1 rcu_task_cb_adjust=1.
[    0.940311][    T1] Running RCU Tasks wait API self tests
[    1.043356][    T1] Running RCU Tasks Rude wait API self tests
[    1.044031][    T1] Running RCU Tasks Trace wait API self tests
[    1.044589][    T1] Performance Events: unsupported Netburst CPU model 107 no PMU driver, software events only.
[    1.045442][    T1] signal: max sigframe size: 1440
[    1.046248][    T1] rcu: Hierarchical SRCU implementation.
[    1.046700][    T1] rcu: 	Max phase no-delay instances is 1000.
[    1.050974][    T1] NMI watchdog: Perf NMI watchdog permanently disabled
[    1.051829][    T1] smp: Bringing up secondary CPUs ...
[    1.052435][    T1] smp: Brought up 2 nodes, 1 CPU
[    1.052836][    T1] smpboot: Max logical packages: 1
[    1.053253][    T1] smpboot: Total of 1 processors activated (3993.60 BogoMIPS)
[    1.055391][    T1] devtmpfs: initialized
[    1.056532][    T1] x86/mm: Memory block size: 128MB
[    1.063185][   T16] Callback from call_rcu_tasks_trace() invoked.
[    1.077084][    T1] Running RCU synchronous self tests
[    1.077534][    T1] Running RCU synchronous self tests
[    1.078108][    T1] clocksource: jiffies: mask: 0xffffffff max_cycles: 0xffffffff, max_idle_ns: 19112604462750000 ns
[    1.079038][    T1] futex hash table entries: 256 (order: 3, 32768 bytes, vmalloc)
[    1.082314][    T1] PM: RTC time: 09:10:42, date: 2023-12-01
[    1.092172][    T1] NET: Registered PF_NETLINK/PF_ROUTE protocol family
[    1.096643][    T1] audit: initializing netlink subsys (disabled)
[    1.097639][   T23] audit: type=2000 audit(1701421842.672:1): state=initialized audit_enabled=0 res=1
[    1.100198][    T1] thermal_sys: Registered thermal governor 'step_wise'
[    1.100203][    T1] thermal_sys: Registered thermal governor 'user_space'
[    1.100897][    T1] cpuidle: using governor menu
[    1.101873][    T1] NET: Registered PF_QIPCRTR protocol family
[    1.105920][    T1] dca service started, version 1.12.1
[    1.106489][    T1] PCI: Using configuration type 1 for base access
[    1.133823][    T1] HugeTLB: registered 2.00 MiB page size, pre-allocated 0 pages
[    1.134448][    T1] HugeTLB: 28 KiB vmemmap can be freed for a 2.00 MiB page
[    1.153366][   T15] Callback from call_rcu_tasks_rude() invoked.
[    1.164026][    T1] cryptd: max_cpu_qlen set to 1000
[    1.183786][    T1] raid6: skipped pq benchmark and selected sse2x4
[    1.184313][    T1] raid6: using intx1 recovery algorithm
[    1.185502][    T1] ACPI: Added _OSI(Module Device)
[    1.185907][    T1] ACPI: Added _OSI(Processor Device)
[    1.186333][    T1] ACPI: Added _OSI(3.0 _SCP Extensions)
[    1.186774][    T1] ACPI: Added _OSI(Processor Aggregator Device)
[    1.278145][    T1] ACPI: 1 ACPI AML tables successfully acquired and loaded
[    1.314380][    T1] ACPI: _OSC evaluation for CPUs failed, trying _PDC
[    1.318399][    T1] ACPI: Interpreter enabled
[    1.318960][    T1] ACPI: PM: (supports S0 S3 S4 S5)
[    1.319389][    T1] ACPI: Using IOAPIC for interrupt routing
[    1.320005][    T1] PCI: Using host bridge windows from ACPI; if necessary, use "pci=nocrs" and report a bug
[    1.320801][    T1] PCI: Using E820 reservations for host bridge windows
[    1.323281][    T1] ACPI: Enabled 2 GPEs in block 00 to 0F
[    1.444578][    T1] ACPI: PCI Root Bridge [PCI0] (domain 0000 [bus 00-ff])
[    1.445224][    T1] acpi PNP0A03:00: _OSC: OS supports [ASPM ClockPM Segments MSI HPX-Type3]
[    1.445914][    T1] acpi PNP0A03:00: _OSC: not requesting OS control; OS requires [ExtendedConfig ASPM ClockPM MSI]
[    1.447076][    T1] acpi PNP0A03:00: fail to add MMCONFIG information, can't access extended configuration space under this bridge
[    1.449544][    T1] PCI host bridge to bus 0000:00
[    1.449947][    T1] pci_bus 0000:00: Unknown NUMA node; performance will be reduced
[    1.450580][    T1] pci_bus 0000:00: root bus resource [io  0x0000-0x0cf7 window]
[    1.451205][    T1] pci_bus 0000:00: root bus resource [io  0x0d00-0xffff window]
[    1.451820][    T1] pci_bus 0000:00: root bus resource [mem 0x000a0000-0x000bffff window]
[    1.452494][    T1] pci_bus 0000:00: root bus resource [mem 0x80000000-0xfebfffff window]
[    1.463138][    T1] pci_bus 0000:00: root bus resource [mem 0x100000000-0x17fffffff window]
[    1.463874][    T1] pci_bus 0000:00: root bus resource [bus 00-ff]
[    1.464726][    T1] pci 0000:00:00.0: [8086:1237] type 00 class 0x060000
[    1.492840][    T1] pci 0000:00:01.0: [8086:7000] type 00 class 0x060100
[    1.505270][    T1] pci 0000:00:01.1: [8086:7010] type 00 class 0x010180
[    1.507193][    T1] pci 0000:00:01.1: reg 0x20: [io  0xc020-0xc02f]
[    1.508347][    T1] pci 0000:00:01.1: legacy IDE quirk: reg 0x10: [io  0x01f0-0x01f7]
[    1.509037][    T1] pci 0000:00:01.1: legacy IDE quirk: reg 0x14: [io  0x03f6]
[    1.509669][    T1] pci 0000:00:01.1: legacy IDE quirk: reg 0x18: [io  0x0170-0x0177]
[    1.510357][    T1] pci 0000:00:01.1: legacy IDE quirk: reg 0x1c: [io  0x0376]
[    1.511653][    T1] pci 0000:00:01.3: [8086:7113] type 00 class 0x068000
[    1.512608][    T1] pci 0000:00:01.3: quirk: [io  0x0600-0x063f] claimed by PIIX4 ACPI
[    1.523169][    T1] pci 0000:00:01.3: quirk: [io  0x0700-0x070f] claimed by PIIX4 SMB
[    1.523886][    T1] pci 0000:00:01.3: quirk_piix4_acpi+0x0/0x1c0 took 19531 usecs
[    1.525163][    T1] pci 0000:00:02.0: [1234:1111] type 00 class 0x030000
[    1.526527][    T1] pci 0000:00:02.0: reg 0x10: [mem 0xfd000000-0xfdffffff pref]
[    1.528212][    T1] pci 0000:00:02.0: reg 0x18: [mem 0xfeb90000-0xfeb90fff]
[    1.531401][    T1] pci 0000:00:02.0: reg 0x30: [mem 0xfeb80000-0xfeb8ffff pref]
[    1.532160][    T1] pci 0000:00:02.0: Video device with shadowed ROM at [mem 0x000c0000-0x000dffff]
[    1.570259][    T1] pci 0000:00:03.0: [1af4:1000] type 00 class 0x020000
[    1.571469][    T1] pci 0000:00:03.0: reg 0x10: [io  0xc000-0xc01f]
[    1.572543][    T1] pci 0000:00:03.0: reg 0x14: [mem 0xfeb91000-0xfeb91fff]
[    1.584285][    T1] pci 0000:00:03.0: reg 0x20: [mem 0xfe000000-0xfe003fff 64bit pref]
[    1.585523][    T1] pci 0000:00:03.0: reg 0x30: [mem 0xfeb00000-0xfeb7ffff pref]
[    1.631385][    T1] ACPI: PCI: Interrupt link LNKA configured for IRQ 10
[    1.645685][    T1] ACPI: PCI: Interrupt link LNKB configured for IRQ 10
[    1.648791][    T1] ACPI: PCI: Interrupt link LNKC configured for IRQ 11
[    1.651258][    T1] ACPI: PCI: Interrupt link LNKD configured for IRQ 11
[    1.652470][    T1] ACPI: PCI: Interrupt link LNKS configured for IRQ 9
[    1.673156][    T1] iommu: Default domain type: Translated
[    1.673588][    T1] iommu: DMA domain TLB invalidation policy: lazy mode
[    1.676449][    T1] SCSI subsystem initialized
[    1.677708][    T1] ACPI: bus type USB registered
[    1.678265][    T1] usbcore: registered new interface driver usbfs
[    1.678805][    T1] usbcore: registered new interface driver hub
[    1.679309][    T1] usbcore: registered new device driver usb
[    1.680580][    T1] mc: Linux media interface: v0.10
[    1.681068][    T1] videodev: Linux video capture interface: v2.00
[    1.681863][    T1] pps_core: LinuxPPS API ver. 1 registered
[    1.682273][    T1] pps_core: Software ver. 5.3.6 - Copyright 2005-2007 Rodolfo Giometti <giometti@linux.it>
[    1.683009][    T1] PTP clock support registered
[    1.693795][    T1] EDAC MC: Ver: 3.0.0
[    1.695936][    T1] Advanced Linux Sound Architecture Driver Initialized.
[    1.698718][    T1] Bluetooth: Core ver 2.22
[    1.699097][    T1] NET: Registered PF_BLUETOOTH protocol family
[    1.699515][    T1] Bluetooth: HCI device and connection manager initialized
[    1.700025][    T1] Bluetooth: HCI socket layer initialized
[    1.700416][    T1] Bluetooth: L2CAP socket layer initialized
[    1.700864][    T1] Bluetooth: SCO socket layer initialized
[    1.701312][    T1] NET: Registered PF_ATMPVC protocol family
[    1.701742][    T1] NET: Registered PF_ATMSVC protocol family
[    1.702332][    T1] NetLabel: Initializing
[    1.702635][    T1] NetLabel:  domain hash size = 128
[    1.703006][    T1] NetLabel:  protocols = UNLABELED CIPSOv4 CALIPSO
[    1.713388][    T1] NetLabel:  unlabeled traffic allowed by default
[    1.714835][    T1] nfc: nfc_init: NFC Core ver 0.1
[    1.715332][    T1] NET: Registered PF_NFC protocol family
[    1.715778][    T1] PCI: Using ACPI for IRQ routing
[    1.716545][    T1] pci 0000:00:02.0: vgaarb: setting as boot VGA device
[    1.717022][    T1] pci 0000:00:02.0: vgaarb: bridge control possible
[    1.717465][    T1] pci 0000:00:02.0: vgaarb: VGA device added: decodes=io+mem,owns=io+mem,locks=none
[    1.718099][    T1] vgaarb: loaded
[    1.721067][    T1] hpet: 3 channels of 0 reserved for per-cpu timers
[    1.721541][    T1] hpet0: at MMIO 0xfed00000, IRQs 2, 8, 0
[    1.721944][    T1] hpet0: 3 comparators, 64-bit 100.000000 MHz counter
[    1.743465][    T1] clocksource: Switched to clocksource kvm-clock
[    1.746217][    T1] VFS: Disk quotas dquot_6.6.0
[    1.746638][    T1] VFS: Dquot-cache hash table entries: 512 (order 0, 4096 bytes)
[    1.747552][    T1] FS-Cache: Loaded
[    1.753318][    T1] CacheFiles: Loaded
[    1.753930][    T1] TOMOYO: 2.6.0
[    1.754183][    T1] Mandatory Access Control activated.
[    1.756452][    T1] AppArmor: AppArmor Filesystem Enabled
[    1.757107][    T1] pnp: PnP ACPI init
[    1.761068][   T44] kwatchdog (44) used greatest stack depth: 29856 bytes left
[    1.773920][    T1] pnp: PnP ACPI: found 6 devices
[    1.818199][    T1] clocksource: acpi_pm: mask: 0xffffff max_cycles: 0xffffff, max_idle_ns: 2085701024 ns
[    1.819292][    T1] NET: Registered PF_INET protocol family
[    1.831508][    T1] IP idents hash table entries: 32768 (order: 6, 262144 bytes, vmalloc)
[    1.853013][    T1] tcp_listen_portaddr_hash hash table entries: 1024 (order: 4, 73728 bytes, vmalloc)
[    1.854128][    T1] Table-perturb hash table entries: 65536 (order: 6, 262144 bytes, vmalloc)
[    1.854974][    T1] TCP established hash table entries: 16384 (order: 5, 131072 bytes, vmalloc)
[    1.859394][    T1] TCP bind hash table entries: 16384 (order: 9, 2359296 bytes, vmalloc)
[    1.861878][    T1] TCP: Hash tables configured (established 16384 bind 16384)
[    1.863124][    T1] MPTCP token hash table entries: 2048 (order: 5, 180224 bytes, vmalloc)
[    1.864086][    T1] UDP hash table entries: 1024 (order: 5, 163840 bytes, vmalloc)
[    1.864957][    T1] UDP-Lite hash table entries: 1024 (order: 5, 163840 bytes, vmalloc)
[    1.865954][    T1] NET: Registered PF_UNIX/PF_LOCAL protocol family
[    1.881438][    T1] RPC: Registered named UNIX socket transport module.
[    1.881940][    T1] RPC: Registered udp transport module.
[    1.882312][    T1] RPC: Registered tcp transport module.
[    1.882690][    T1] RPC: Registered tcp-with-tls transport module.
[    1.883120][    T1] RPC: Registered tcp NFSv4.1 backchannel transport module.
[    1.884925][    T1] NET: Registered PF_XDP protocol family
[    1.885319][    T1] pci_bus 0000:00: resource 4 [io  0x0000-0x0cf7 window]
[    1.885797][    T1] pci_bus 0000:00: resource 5 [io  0x0d00-0xffff window]
[    1.886270][    T1] pci_bus 0000:00: resource 6 [mem 0x000a0000-0x000bffff window]
[    1.886787][    T1] pci_bus 0000:00: resource 7 [mem 0x80000000-0xfebfffff window]
[    1.887304][    T1] pci_bus 0000:00: resource 8 [mem 0x100000000-0x17fffffff window]
[    1.888346][    T1] pci 0000:00:01.0: PIIX3: Enabling Passive Release
[    1.888802][    T1] pci 0000:00:00.0: Limiting direct PCI/PCI transfers
[    1.889305][    T1] PCI: CLS 0 bytes, default 64
[    1.892180][    T1] ACPI: bus type thunderbolt registered
[    1.893792][   T54] kworker/u2:2 (54) used greatest stack depth: 28064 bytes left
[    1.897003][    T1] kvm_intel: VMX not supported by CPU 0
[    1.897392][    T1] kvm_amd: CPU 0 isn't AMD or Hygon
[    1.897756][    T1] clocksource: tsc: mask: 0xffffffffffffffff max_cycles: 0x3990bec8342, max_idle_ns: 881590769617 ns
[    1.912807][    T1] twofish-x86_64-3way: performance on this CPU would be suboptimal: disabling twofish-x86_64-3way.
[    1.913544][    T1] CPU feature 'AVX registers' is not supported.
[    1.914038][    T1] CPU feature 'AVX registers' is not supported.
[    1.914462][    T1] AVX2 instructions are not detected.
[    1.914832][    T1] des3_ede-x86_64: performance on this CPU would be suboptimal: disabling des3_ede-x86_64.
[    1.915511][    T1] camellia-x86_64: performance on this CPU would be suboptimal: disabling camellia-x86_64.
[    1.916187][    T1] AVX or AES-NI instructions are not detected.
[    1.916603][    T1] AVX2 or AES-NI instructions are not detected.
[    1.917032][    T1] blowfish-x86_64: performance on this CPU would be suboptimal: disabling blowfish-x86_64.
[    1.917712][    T1] CPU feature 'AVX registers' is not supported.
[    1.918135][    T1] CPU feature 'AVX registers' is not supported.
[    1.918570][    T1] PCLMULQDQ-NI instructions are not detected.
[    1.919005][    T1] sm3_avx_x86_64: AVX instruction are not detected.
[    1.919459][    T1] AVX or AES-NI instructions are not detected.
[    1.919897][    T1] AVX2 or AES-NI instructions are not detected.
[    1.920353][    T1] AVX or AES-NI instructions are not detected.
[    1.944950][   T68] kworker/u2:2 (68) used greatest stack depth: 27312 bytes left
[    2.185410][    T1] Initialise system trusted keyrings
[    2.186450][    T1] workingset: timestamp_bits=40 max_order=19 bucket_order=0
[    2.193087][    T1] DLM installed
[    2.194969][    T1] squashfs: version 4.0 (2009/01/31) Phillip Lougher
[    2.201546][    T1] NFS: Registering the id_resolver key type
[    2.202044][    T1] Key type id_resolver registered
[    2.202407][    T1] Key type id_legacy registered
[    2.202811][    T1] nfs4filelayout_init: NFSv4 File Layout Driver Registering...
[    2.203370][    T1] nfs4flexfilelayout_init: NFSv4 Flexfile Layout Driver Registering...
[    2.207880][    T1] Key type cifs.spnego registered
[    2.208334][    T1] Key type cifs.idmap registered
[    2.209831][    T1] ntfs: driver 2.1.32 [Flags: R/W].
[    2.210294][    T1] ntfs3: Max link count 4000
[    2.210628][    T1] ntfs3: Enabled Linux POSIX ACLs support
[    2.211998][    T1] ntfs3: Read-only LZX/Xpress compression included
[    2.212529][    T1] efs: 1.0a - http://aeschi.ch.eu.org/efs/
[    2.212955][    T1] jffs2: version 2.2. (NAND) (SUMMARY)  Â© 2001-2006 Red Hat, Inc.
[    2.214411][    T1] romfs: ROMFS MTD (C) 2007 Red Hat, Inc.
[    2.214849][    T1] QNX4 filesystem 0.2.3 registered.
[    2.215222][    T1] qnx6: QNX6 filesystem 1.0.0 registered.
[    2.216378][    T1] fuse: init (API version 7.39)
[    2.218917][    T1] orangefs_debugfs_init: called with debug mask: :none: :0:
[    2.219887][    T1] orangefs_init: module version upstream loaded
[    2.220541][    T1] JFS: nTxBlock = 8192, nTxLock = 65536
[    2.235706][    T1] SGI XFS with ACLs, security attributes, realtime, quota, no debug enabled
[    2.238111][    T1] 9p: Installing v9fs 9p2000 file system support
[    2.238735][    T1] NILFS version 2 loaded
[    2.239036][    T1] befs: version: 0.9.3
[    2.239558][    T1] ocfs2: Registered cluster interface o2cb
[    2.240243][    T1] ocfs2: Registered cluster interface user
[    2.241719][    T1] OCFS2 User DLM kernel interface loaded
[    2.250219][    T1] gfs2: GFS2 installed
[    2.256428][    T1] ceph: loaded (mds proto 32)
[    2.277195][    T1] NET: Registered PF_ALG protocol family
[    2.277849][    T1] xor: measuring software checksum speed
[    2.278491][    T1]    prefetch64-sse  : 39511 MB/sec
[    2.279130][    T1]    generic_sse     : 35203 MB/sec
[    2.279482][    T1] xor: using function: prefetch64-sse (39511 MB/sec)
[    2.279976][    T1] async_tx: api initialized (async)
[    2.280340][    T1] Key type asymmetric registered
[    2.280695][    T1] Asymmetric key parser 'x509' registered
[    2.281168][    T1] Asymmetric key parser 'pkcs8' registered
[    2.281570][    T1] Key type pkcs7_test registered
[    2.282529][    T1] Block layer SCSI generic (bsg) driver version 0.4 loaded (major 239)
[    2.283426][    T1] io scheduler mq-deadline registered
[    2.283798][    T1] io scheduler kyber registered
[    2.284221][    T1] io scheduler bfq registered
[    2.288564][    T1] input: Power Button as /devices/LNXSYSTM:00/LNXPWRBN:00/input/input0
[    2.312102][    T1] ACPI: button: Power Button [PWRF]
[    2.323708][    T1] ioatdma: Intel(R) QuickData Technology Driver 5.00
[    2.331529][   T14] Callback from call_rcu_tasks() invoked.
[    4.493721][    T1] ACPI: \_SB_.LNKC: Enabled at IRQ 11
[    4.594574][  T279] kworker/u2:4 (279) used greatest stack depth: 27040 bytes left
[    4.828684][    T1] N_HDLC line discipline registered with maxframe=4096
[    4.829289][    T1] Serial: 8250/16550 driver, 4 ports, IRQ sharing enabled
[    4.836519][    T1] 00:04: ttyS0 at I/O 0x3f8 (irq = 4, base_baud = 115200) is a 16550A
[    4.871233][    T1] Non-volatile memory driver v1.3
[    4.871793][    T1] Linux agpgart interface v0.103
[    4.881268][    T1] ACPI: bus type drm_connector registered
[    4.889749][    T1] [drm] Initialized vgem 1.0.0 20120112 for vgem on minor 0
[    4.899759][    T1] [drm] Initialized vkms 1.0.0 20180514 for vkms on minor 1
[    4.966926][    T1] Console: switching to colour frame buffer device 128x48
[    4.985699][    T1] platform vkms: [drm] fb0: vkmsdrmfb frame buffer device
[    4.987980][    T1] usbcore: registered new interface driver udl
[    4.991779][    T1] bochs-drm 0000:00:02.0: vgaarb: deactivate vga console
[    4.998623][    T1] [drm] Found bochs VGA, ID 0xb0c5.
[    4.999056][    T1] [drm] Framebuffer size 16384 kB @ 0xfd000000, mmio @ 0xfeb90000.
[    5.002214][    T1] [drm] Found EDID data blob.
[    5.006566][    T1] [drm] Initialized bochs-drm 1.0.0 20130925 for 0000:00:02.0 on minor 2
[    5.016066][    T1] fbcon: bochs-drmdrmfb (fb1) is primary device
[    5.016080][    T1] fbcon: Remapping primary device, fb1, to tty 1-63
[    5.506406][    T1] bochs-drm 0000:00:02.0: [drm] fb1: bochs-drmdrmfb frame buffer device
[    5.559197][    T1] brd: module loaded
[    5.620731][    T1] loop: module loaded
[    5.702216][    T1] zram: Added device: zram0
[    5.707849][    T1] null_blk: disk nullb0 created
[    5.708221][    T1] null_blk: module loaded
[    5.708658][    T1] Guest personality initialized and is inactive
[    5.711820][    T1] VMCI host device registered (name=vmci, major=10, minor=118)
[    5.712387][    T1] Initialized host personality
[    5.713268][    T1] usbcore: registered new interface driver rtsx_usb
[    5.715262][    T1] usbcore: registered new interface driver viperboard
[    5.716788][    T1] usbcore: registered new interface driver dln2
[    5.717998][    T1] usbcore: registered new interface driver pn533_usb
[    5.723475][    T1] nfcsim 0.2 initialized
[    5.723897][    T1] usbcore: registered new interface driver port100
[    5.724429][    T1] usbcore: registered new interface driver nfcmrvl
[    5.731619][    T1] Loading iSCSI transport class v2.0-870.
[    5.740373][    T1] st: Version 20160209, fixed bufsize 32768, s/g segs 256
[    5.776460][    T1] scsi host0: ata_piix
[    5.779955][    T1] scsi host1: ata_piix
[    5.781822][    T1] ata1: PATA max MWDMA2 cmd 0x1f0 ctl 0x3f6 bmdma 0xc020 irq 14 lpm-pol 0
[    5.782415][    T1] ata2: PATA max MWDMA2 cmd 0x170 ctl 0x376 bmdma 0xc028 irq 15 lpm-pol 0
[    5.792389][    T1] Rounding down aligned max_sectors from 4294967295 to 4294967288
[    5.793266][    T1] db_root: cannot open: /etc/target
[    5.794928][    T1] slram: not enough parameters.
[    5.800126][    T1] ftl_cs: FTL header not found.
[    5.835154][    T1] wireguard: WireGuard 1.0.0 loaded. See www.wireguard.com for information.
[    5.835799][    T1] wireguard: Copyright (C) 2015-2019 Jason A. Donenfeld <Jason@zx2c4.com>. All Rights Reserved.
[    5.836539][    T1] eql: Equalizer2002: Simon Janes (simon@ncm.com) and David S. Miller (davem@redhat.com)
[    5.847054][    T1] MACsec IEEE 802.1AE
[    5.854779][    T1] tun: Universal TUN/TAP device driver, 1.6
[    5.886467][    T1] vcan: Virtual CAN interface driver
[    5.886861][    T1] vxcan: Virtual CAN Tunnel driver
[    5.887241][    T1] slcan: serial line CAN interface driver
[    5.887656][    T1] CAN device driver interface
[    5.888910][    T1] usbcore: registered new interface driver usb_8dev
[    5.889945][    T1] usbcore: registered new interface driver ems_usb
[    5.891847][    T1] usbcore: registered new interface driver gs_usb
[    5.892853][    T1] usbcore: registered new interface driver kvaser_usb
[    5.893884][    T1] usbcore: registered new interface driver mcba_usb
[    5.894890][    T1] usbcore: registered new interface driver peak_usb
[    5.896380][    T1] e100: Intel(R) PRO/100 Network Driver
[    5.896792][    T1] e100: Copyright(c) 1999-2006 Intel Corporation
[    5.897780][    T1] e1000: Intel(R) PRO/1000 Network Driver
[    5.898186][    T1] e1000: Copyright (c) 1999-2006 Intel Corporation.
[    5.899183][    T1] e1000e: Intel(R) PRO/1000 Network Driver
[    5.899610][    T1] e1000e: Copyright(c) 1999 - 2015 Intel Corporation.
[    5.901463][    T1] mkiss: AX.25 Multikiss, Hans Albas PE1AYX
[    5.901889][    T1] AX.25: 6pack driver, Revision: 0.3.0
[    5.902306][    T1] AX.25: bpqether driver version 004
[    5.902696][    T1] PPP generic driver version 2.4.2
[    5.903967][    T1] PPP BSD Compression module registered
[    5.904378][    T1] PPP Deflate Compression module registered
[    5.904815][    T1] PPP MPPE Compression module registered
[    5.905232][    T1] NET: Registered PF_PPPOX protocol family
[    5.905699][    T1] PPTP driver version 0.8.5
[    5.906911][    T1] SLIP: version 0.8.4-NET3.019-NEWTTY (dynamic channels, max=256) (6 bit encapsulation enabled).
[    5.907674][    T1] CSLIP: code copyright 1989 Regents of the University of California.
[    5.908268][    T1] SLIP linefill/keepalive option.
[    5.908635][    T1] hdlc: HDLC support module revision 1.22
[    5.909057][    T1] LAPB Ethernet driver version 0.02
[    5.909739][    T1] usbcore: registered new interface driver ath9k_htc
[    5.910299][    T1] usbcore: registered new interface driver carl9170
[    5.913795][    T1] usbcore: registered new interface driver ath6kl_usb
[    5.914838][    T1] usbcore: registered new interface driver ar5523
[    5.916339][    T1] usbcore: registered new interface driver ath10k_usb
[    5.917301][    T1] usbcore: registered new interface driver rndis_wlan
[    5.918398][    T1] mac80211_hwsim: initializing netlink
[    5.942500][    T1] usbcore: registered new interface driver atusb
[    5.951099][  T971] ata1: found unknown device (class 0)
[    5.952206][  T977] ata2: found unknown device (class 0)
[    5.954377][  T971] ata1.00: ATA-7: QEMU HARDDISK, 2.5+, max UDMA/100
[    5.954885][  T971] ata1.00: 16777208 sectors, multi 16: LBA48 
[    5.955828][    T1] mac802154_hwsim mac802154_hwsim: Added 2 mac802154 hwsim hardware radios
[    5.957685][  T977] ata2.00: ATAPI: QEMU DVD-ROM, 2.5+, max UDMA/100
[    5.959487][    T1] VMware vmxnet3 virtual NIC driver - version 1.7.0.0-k-NAPI
[    5.960215][    T1] usbcore: registered new interface driver catc
[    5.960757][    T1] usbcore: registered new interface driver kaweth
[    5.965821][   T11] scsi 0:0:0:0: Direct-Access     ATA      QEMU HARDDISK    2.5+ PQ: 0 ANSI: 5
[    5.968000][    T1] pegasus: Pegasus/Pegasus II USB Ethernet driver
[    5.970581][    T1] usbcore: registered new interface driver pegasus
[    5.972803][  T130] sd 0:0:0:0: [sda] 16777208 512-byte logical blocks: (8.59 GB/8.00 GiB)
[    5.973534][  T130] sd 0:0:0:0: [sda] Write Protect is off
[    5.974064][  T130] sd 0:0:0:0: [sda] Write cache: enabled, read cache: enabled, doesn't support DPO or FUA
[    5.974874][  T130] sd 0:0:0:0: [sda] Preferred minimum I/O size 512 bytes
[    5.976189][    T1] usbcore: registered new interface driver rtl8150
[    5.976751][    T1] usbcore: registered new device driver r8152-cfgselector
[    5.977335][    T1] usbcore: registered new interface driver r8152
[    5.977795][    T1] hso: drivers/net/usb/hso.c: Option Wireless
[    5.978388][    T1] usbcore: registered new interface driver hso
[    5.978896][    T1] usbcore: registered new interface driver lan78xx
[    5.979434][    T1] usbcore: registered new interface driver asix
[    5.979961][    T1] usbcore: registered new interface driver ax88179_178a
[    5.980549][    T1] usbcore: registered new interface driver cdc_ether
[    5.984032][   T11] sd 0:0:0:0: Attached scsi generic sg0 type 0
[    5.991054][   T12] scsi 1:0:0:0: CD-ROM            QEMU     QEMU DVD-ROM     2.5+ PQ: 0 ANSI: 5
[    5.997685][    T1] usbcore: registered new interface driver cdc_eem
[    5.998241][    T1] usbcore: registered new interface driver dm9601
[    5.998805][    T1] usbcore: registered new interface driver sr9700
[    5.999359][    T1] usbcore: registered new interface driver CoreChips
[    5.999909][    T1] usbcore: registered new interface driver smsc75xx
[    6.000513][    T1] usbcore: registered new interface driver smsc95xx
[    6.004798][  T130] sd 0:0:0:0: [sda] Attached SCSI disk
[    6.006664][    T1] usbcore: registered new interface driver gl620a
[    6.007683][    T1] usbcore: registered new interface driver net1080
[    6.008694][    T1] usbcore: registered new interface driver plusb
[    6.009693][    T1] usbcore: registered new interface driver rndis_host
[    6.010687][    T1] usbcore: registered new interface driver cdc_subset
[    6.016020][    T1] usbcore: registered new interface driver zaurus
[    6.016983][    T1] usbcore: registered new interface driver MOSCHIP usb-ethernet driver
[    6.018078][    T1] usbcore: registered new interface driver int51x1
[    6.019032][    T1] usbcore: registered new interface driver cdc_phonet
[    6.020018][    T1] usbcore: registered new interface driver kalmia
[    6.023278][    T1] usbcore: registered new interface driver ipheth
[    6.024611][    T1] usbcore: registered new interface driver sierra_net
[    6.025654][    T1] usbcore: registered new interface driver cx82310_eth
[    6.026670][    T1] usbcore: registered new interface driver cdc_ncm
[    6.027651][    T1] usbcore: registered new interface driver huawei_cdc_ncm
[    6.028668][    T1] usbcore: registered new interface driver lg-vl600
[    6.029648][    T1] usbcore: registered new interface driver qmi_wwan
[    6.030640][    T1] usbcore: registered new interface driver cdc_mbim
[    6.032697][   T12] sr 1:0:0:0: [sr0] scsi3-mmc drive: 4x/4x cd/rw xa/form2 tray
[    6.033265][   T12] cdrom: Uniform CD-ROM driver Revision: 3.20
[    6.034010][    T1] usbcore: registered new interface driver ch9200
[    6.034559][    T1] usbcore: registered new interface driver r8153_ecm
[    6.041204][    T1] VFIO - User Level meta-driver version: 0.3
[    6.047291][    T1] aoe: AoE v85 initialised.
[    6.057545][    T1] SPI driver max3421-hcd has no spi_device_id for maxim,max3421
[    6.058403][    T1] usbcore: registered new interface driver cdc_acm
[    6.058867][    T1] cdc_acm: USB Abstract Control Model driver for USB modems and ISDN adapters
[    6.059580][    T1] usbcore: registered new interface driver usblp
[    6.060119][    T1] usbcore: registered new interface driver cdc_wdm
[    6.060677][    T1] usbcore: registered new interface driver usbtmc
[    6.081898][   T12] sr 1:0:0:0: Attached scsi generic sg1 type 5
[    6.083041][    T1] usbcore: registered new interface driver uas
[    6.083593][    T1] usbcore: registered new interface driver usb-storage
[    6.084142][    T1] usbcore: registered new interface driver ums-alauda
[    6.084718][    T1] usbcore: registered new interface driver ums-cypress
[    6.085302][    T1] usbcore: registered new interface driver ums-datafab
[    6.085875][    T1] usbcore: registered new interface driver ums_eneub6250
[    6.086451][    T1] usbcore: registered new interface driver ums-freecom
[    6.087003][    T1] usbcore: registered new interface driver ums-isd200
[    6.087574][    T1] usbcore: registered new interface driver ums-jumpshot
[    6.088172][    T1] usbcore: registered new interface driver ums-karma
[    6.088709][    T1] usbcore: registered new interface driver ums-onetouch
[    6.089258][    T1] usbcore: registered new interface driver ums-realtek
[    6.089847][    T1] usbcore: registered new interface driver ums-sddr09
[    6.090431][    T1] usbcore: registered new interface driver ums-sddr55
[    6.102666][    T1] usbcore: registered new interface driver ums-usbat
[    6.103705][    T1] usbcore: registered new interface driver mdc800
[    6.104166][    T1] mdc800: v0.7.5 (30/10/2000):USB Driver for Mustek MDC800 Digital Camera
[    6.105302][    T1] usbcore: registered new interface driver microtekX6
[    6.106819][    T1] usbcore: registered new interface driver usbserial_generic
[    6.108188][    T1] usbserial: USB Serial support registered for generic
[    6.109454][    T1] usbcore: registered new interface driver aircable
[    6.110477][    T1] usbserial: USB Serial support registered for aircable
[    6.113446][    T1] usbcore: registered new interface driver ark3116
[    6.114469][    T1] usbserial: USB Serial support registered for ark3116
[    6.115504][    T1] usbcore: registered new interface driver belkin_sa
[    6.116510][    T1] usbserial: USB Serial support registered for Belkin / Peracom / GoHubs USB Serial Adapter
[    6.117749][    T1] usbcore: registered new interface driver ch341
[    6.118382][    T1] usbserial: USB Serial support registered for ch341-uart
[    6.119737][    T1] usbcore: registered new interface driver cp210x
[    6.120702][    T1] usbserial: USB Serial support registered for cp210x
[    6.123093][    T1] usbcore: registered new interface driver cyberjack
[    6.125651][    T1] usbserial: USB Serial support registered for Reiner SCT Cyberjack USB card reader
[    6.127234][    T1] usbcore: registered new interface driver cypress_m8
[    6.128255][    T1] usbserial: USB Serial support registered for DeLorme Earthmate USB
[    6.129048][    T1] usbserial: USB Serial support registered for HID->COM RS232 Adapter
[    6.129724][    T1] usbserial: USB Serial support registered for Nokia CA-42 V2 Adapter
[    6.130454][    T1] usbcore: registered new interface driver usb_debug
[    6.132649][    T1] usbserial: USB Serial support registered for debug
[    6.133680][    T1] usbserial: USB Serial support registered for xhci_dbc
[    6.134697][    T1] usbcore: registered new interface driver digi_acceleport
[    6.135732][    T1] usbserial: USB Serial support registered for Digi 2 port USB adapter
[    6.136822][    T1] usbserial: USB Serial support registered for Digi 4 port USB adapter
[    6.137944][    T1] usbcore: registered new interface driver io_edgeport
[    6.138894][    T1] usbserial: USB Serial support registered for Edgeport 2 port adapter
[    6.139955][    T1] usbserial: USB Serial support registered for Edgeport 4 port adapter
[    6.141085][    T1] usbserial: USB Serial support registered for Edgeport 8 port adapter
[    6.142148][    T1] usbserial: USB Serial support registered for EPiC device
[    6.143115][    T1] usbcore: registered new interface driver io_ti
[    6.144036][    T1] usbserial: USB Serial support registered for Edgeport TI 1 port adapter
[    6.145149][    T1] usbserial: USB Serial support registered for Edgeport TI 2 port adapter
[    6.146326][    T1] usbcore: registered new interface driver empeg
[    6.147332][    T1] usbserial: USB Serial support registered for empeg
[    6.148363][    T1] usbcore: registered new interface driver f81534a_ctrl
[    6.149404][    T1] usbcore: registered new interface driver f81232
[    6.150035][    T1] usbserial: USB Serial support registered for f81232
[    6.152110][    T1] usbserial: USB Serial support registered for f81534a
[    6.153093][    T1] usbcore: registered new interface driver f81534
[    6.153988][    T1] usbserial: USB Serial support registered for Fintek F81532/F81534
[    6.154710][    T1] usbcore: registered new interface driver ftdi_sio
[    6.155278][    T1] usbserial: USB Serial support registered for FTDI USB Serial Device
[    6.155956][    T1] usbcore: registered new interface driver garmin_gps
[    6.156548][    T1] usbserial: USB Serial support registered for Garmin GPS usb/tty
[    6.157192][    T1] usbcore: registered new interface driver ipaq
[    6.157749][    T1] usbserial: USB Serial support registered for PocketPC PDA
[    6.158378][    T1] usbcore: registered new interface driver ipw
[    6.158903][    T1] usbserial: USB Serial support registered for IPWireless converter
[    6.159579][    T1] usbcore: registered new interface driver ir_usb
[    6.160125][    T1] usbserial: USB Serial support registered for IR Dongle
[    6.160739][    T1] usbcore: registered new interface driver iuu_phoenix
[    6.167529][    T1] usbserial: USB Serial support registered for iuu_phoenix
[    6.168601][    T1] usbcore: registered new interface driver keyspan
[    6.169568][    T1] usbserial: USB Serial support registered for Keyspan - (without firmware)
[    6.173153][    T1] usbserial: USB Serial support registered for Keyspan 1 port adapter
[    6.174232][    T1] usbserial: USB Serial support registered for Keyspan 2 port adapter
[    6.175294][    T1] usbserial: USB Serial support registered for Keyspan 4 port adapter
[    6.176397][    T1] usbcore: registered new interface driver keyspan_pda
[    6.177411][    T1] usbserial: USB Serial support registered for Keyspan PDA
[    6.178458][    T1] usbserial: USB Serial support registered for Keyspan PDA - (prerenumeration)
[    6.179600][    T1] usbcore: registered new interface driver kl5kusb105
[    6.180594][    T1] usbserial: USB Serial support registered for KL5KUSB105D / PalmConnect
[    6.182395][    T1] usbcore: registered new interface driver kobil_sct
[    6.182933][    T1] usbserial: USB Serial support registered for KOBIL USB smart card terminal
[    6.183634][    T1] usbcore: registered new interface driver mct_u232
[    6.184170][    T1] usbserial: USB Serial support registered for MCT U232
[    6.184744][    T1] usbcore: registered new interface driver metro_usb
[    6.185279][    T1] usbserial: USB Serial support registered for Metrologic USB to Serial
[    6.185943][    T1] usbcore: registered new interface driver mos7720
[    6.186471][    T1] usbserial: USB Serial support registered for Moschip 2 port adapter
[    6.187137][    T1] usbcore: registered new interface driver mos7840
[    6.187655][    T1] usbserial: USB Serial support registered for Moschip 7840/7820 USB Serial Driver
[    6.188392][    T1] usbcore: registered new interface driver mxuport
[    6.188948][    T1] usbserial: USB Serial support registered for MOXA UPort
[    6.189553][    T1] usbcore: registered new interface driver navman
[    6.190125][    T1] usbserial: USB Serial support registered for navman
[    6.190677][    T1] usbcore: registered new interface driver omninet
[    6.198742][    T1] usbserial: USB Serial support registered for ZyXEL - omni.net usb
[    6.199906][    T1] usbcore: registered new interface driver opticon
[    6.201522][    T1] usbserial: USB Serial support registered for opticon
[    6.202797][    T1] usbcore: registered new interface driver option
[    6.203758][    T1] usbserial: USB Serial support registered for GSM modem (1-port)
[    6.204876][    T1] usbcore: registered new interface driver oti6858
[    6.205875][    T1] usbserial: USB Serial support registered for oti6858
[    6.206942][    T1] usbcore: registered new interface driver pl2303
[    6.207890][    T1] usbserial: USB Serial support registered for pl2303
[    6.208887][    T1] usbcore: registered new interface driver qcaux
[    6.209870][    T1] usbserial: USB Serial support registered for qcaux
[    6.210969][    T1] usbcore: registered new interface driver qcserial
[    6.212182][    T1] usbserial: USB Serial support registered for Qualcomm USB modem
[    6.213279][    T1] usbcore: registered new interface driver quatech2
[    6.214298][    T1] usbserial: USB Serial support registered for Quatech 2nd gen USB to Serial Driver
[    6.215491][    T1] usbcore: registered new interface driver safe_serial
[    6.240162][    T1] usbserial: USB Serial support registered for safe_serial
[    6.241837][    T1] usbcore: registered new interface driver sierra
[    6.242817][    T1] usbserial: USB Serial support registered for Sierra USB modem
[    6.243915][    T1] usbcore: registered new interface driver usb_serial_simple
[    6.244964][    T1] usbserial: USB Serial support registered for carelink
[    6.245991][    T1] usbserial: USB Serial support registered for flashloader
[    6.247082][    T1] usbserial: USB Serial support registered for funsoft
[    6.248112][    T1] usbserial: USB Serial support registered for google
[    6.249109][    T1] usbserial: USB Serial support registered for hp4x
[    6.250116][    T1] usbserial: USB Serial support registered for kaufmann
[    6.251510][    T1] usbserial: USB Serial support registered for libtransistor
[    6.252566][    T1] usbserial: USB Serial support registered for moto_modem
[    6.253580][    T1] usbserial: USB Serial support registered for motorola_tetra
[    6.254668][    T1] usbserial: USB Serial support registered for nokia
[    6.255669][    T1] usbserial: USB Serial support registered for novatel_gps
[    6.256728][    T1] usbserial: USB Serial support registered for siemens_mpi
[    6.257773][    T1] usbserial: USB Serial support registered for suunto
[    6.258808][    T1] usbserial: USB Serial support registered for vivopay
[    6.259822][    T1] usbserial: USB Serial support registered for zio
[    6.260826][    T1] usbcore: registered new interface driver spcp8x5
[    6.262035][    T1] usbserial: USB Serial support registered for SPCP8x5
[    6.263068][    T1] usbcore: registered new interface driver ssu100
[    6.264086][    T1] usbserial: USB Serial support registered for Quatech SSU-100 USB to Serial Driver
[    6.265337][    T1] usbcore: registered new interface driver symbolserial
[    6.266374][    T1] usbserial: USB Serial support registered for symbol
[    6.267403][    T1] usbcore: registered new interface driver ti_usb_3410_5052
[    6.268438][    T1] usbserial: USB Serial support registered for TI USB 3410 1 port adapter
[    6.269584][    T1] usbserial: USB Serial support registered for TI USB 5052 2 port adapter
[    6.270747][    T1] usbcore: registered new interface driver upd78f0730
[    6.272372][    T1] usbserial: USB Serial support registered for upd78f0730
[    6.273415][    T1] usbcore: registered new interface driver visor
[    6.276178][    T1] usbserial: USB Serial support registered for Handspring Visor / Palm OS
[    6.277315][    T1] usbserial: USB Serial support registered for Sony Clie 5.0
[    6.278378][    T1] usbserial: USB Serial support registered for Sony Clie 3.5
[    6.279445][    T1] usbcore: registered new interface driver wishbone_serial
[    6.280500][    T1] usbserial: USB Serial support registered for wishbone_serial
[    6.282127][    T1] usbcore: registered new interface driver whiteheat
[    6.282766][    T1] usbserial: USB Serial support registered for Connect Tech - WhiteHEAT - (prerenumeration)
[    6.283646][    T1] usbserial: USB Serial support registered for Connect Tech - WhiteHEAT
[    6.284401][    T1] usbcore: registered new interface driver xr_serial
[    6.285007][    T1] usbserial: USB Serial support registered for xr_serial
[    6.285661][    T1] usbcore: registered new interface driver xsens_mt
[    6.286258][    T1] usbserial: USB Serial support registered for xsens_mt
[    6.286908][    T1] usbcore: registered new interface driver adutux
[    6.287502][    T1] usbcore: registered new interface driver appledisplay
[    6.288150][    T1] usbcore: registered new interface driver cypress_cy7c63
[    6.288819][    T1] usbcore: registered new interface driver cytherm
[    6.289421][    T1] usbcore: registered new interface driver emi26 - firmware loader
[    6.290171][    T1] usbcore: registered new interface driver emi62 - firmware loader
[    6.297361][    T1] usbcore: registered new interface driver idmouse
[    6.298397][    T1] usbcore: registered new interface driver iowarrior
[    6.299428][    T1] usbcore: registered new interface driver isight_firmware
[    6.300488][    T1] usbcore: registered new interface driver usblcd
[    6.301620][    T1] usbcore: registered new interface driver ldusb
[    6.302629][    T1] usbcore: registered new interface driver legousbtower
[    6.303677][    T1] usbcore: registered new interface driver usbtest
[    6.304661][    T1] usbcore: registered new interface driver usb_ehset_test
[    6.305748][    T1] usbcore: registered new interface driver trancevibrator
[    6.306821][    T1] usbcore: registered new interface driver uss720
[    6.307348][    T1] uss720: USB Parport Cable driver for Cables using the Lucent Technologies USS720 Chip
[    6.308132][    T1] uss720: NOTE: this is a special purpose driver to allow nonstandard
[    6.308793][    T1] uss720: protocols (eg. bitbang) over USS720 usb to parallel cables
[    6.309444][    T1] uss720: If you just want to connect to a printer, use usblp instead
[    6.310694][    T1] usbcore: registered new interface driver usbsevseg
[    6.315187][    T1] usbcore: registered new interface driver yurex
[    6.317977][    T1] usbcore: registered new interface driver chaoskey
[    6.318999][    T1] usbcore: registered new interface driver sisusb
[    6.320026][    T1] usbcore: registered new interface driver lvs
[    6.321107][    T1] usbcore: registered new interface driver cxacru
[    6.322129][    T1] usbcore: registered new interface driver speedtch
[    6.323150][    T1] usbcore: registered new interface driver ueagle-atm
[    6.323708][    T1] xusbatm: malformed module parameters
[    6.327775][    T1] dummy_hcd dummy_hcd.0: USB Host+Gadget Emulator, driver 02 May 2005
[    6.328477][    T1] dummy_hcd dummy_hcd.0: Dummy host controller
[    6.330604][    T1] dummy_hcd dummy_hcd.0: new USB bus registered, assigned bus number 1
[    6.333610][    T1] usb usb1: New USB device found, idVendor=1d6b, idProduct=0002, bcdDevice= 6.07
[    6.334386][    T1] usb usb1: New USB device strings: Mfr=3, Product=2, SerialNumber=1
[    6.335039][    T1] usb usb1: Product: Dummy host controller
[    6.335512][    T1] usb usb1: Manufacturer: Linux 6.7.0-rc2-ga7e294fdb620-dirty dummy_hcd
[    6.336194][    T1] usb usb1: SerialNumber: dummy_hcd.0
[    6.339784][    T1] hub 1-0:1.0: USB hub found
[    6.340734][    T1] hub 1-0:1.0: 1 port detected
[    6.346023][    T1] dummy_hcd dummy_hcd.1: USB Host+Gadget Emulator, driver 02 May 2005
[    6.346721][    T1] dummy_hcd dummy_hcd.1: Dummy host controller
[    6.347807][    T1] dummy_hcd dummy_hcd.1: new USB bus registered, assigned bus number 2
[    6.349340][    T1] usb usb2: New USB device found, idVendor=1d6b, idProduct=0002, bcdDevice= 6.07
[    6.350091][    T1] usb usb2: New USB device strings: Mfr=3, Product=2, SerialNumber=1
[    6.350742][    T1] usb usb2: Product: Dummy host controller
[    6.351268][    T1] usb usb2: Manufacturer: Linux 6.7.0-rc2-ga7e294fdb620-dirty dummy_hcd
[    6.351947][    T1] usb usb2: SerialNumber: dummy_hcd.1
[    6.354821][    T1] hub 2-0:1.0: USB hub found
[    6.355672][    T1] hub 2-0:1.0: 1 port detected
[    6.358935][    T1] dummy_hcd dummy_hcd.2: USB Host+Gadget Emulator, driver 02 May 2005
[    6.359628][    T1] dummy_hcd dummy_hcd.2: Dummy host controller
[    6.363089][    T1] dummy_hcd dummy_hcd.2: new USB bus registered, assigned bus number 3
[    6.364789][    T1] usb usb3: New USB device found, idVendor=1d6b, idProduct=0002, bcdDevice= 6.07
[    6.365528][    T1] usb usb3: New USB device strings: Mfr=3, Product=2, SerialNumber=1
[    6.366182][    T1] usb usb3: Product: Dummy host controller
[    6.366650][    T1] usb usb3: Manufacturer: Linux 6.7.0-rc2-ga7e294fdb620-dirty dummy_hcd
[    6.367318][    T1] usb usb3: SerialNumber: dummy_hcd.2
[    6.370073][    T1] hub 3-0:1.0: USB hub found
[    6.370581][    T1] hub 3-0:1.0: 1 port detected
[    6.374528][    T1] dummy_hcd dummy_hcd.3: USB Host+Gadget Emulator, driver 02 May 2005
[    6.375219][    T1] dummy_hcd dummy_hcd.3: Dummy host controller
[    6.376434][    T1] dummy_hcd dummy_hcd.3: new USB bus registered, assigned bus number 4
[    6.378067][    T1] usb usb4: New USB device found, idVendor=1d6b, idProduct=0002, bcdDevice= 6.07
[    6.378815][    T1] usb usb4: New USB device strings: Mfr=3, Product=2, SerialNumber=1
[    6.379468][    T1] usb usb4: Product: Dummy host controller
[    6.379940][    T1] usb usb4: Manufacturer: Linux 6.7.0-rc2-ga7e294fdb620-dirty dummy_hcd
[    6.380629][    T1] usb usb4: SerialNumber: dummy_hcd.3
[    6.383689][    T1] hub 4-0:1.0: USB hub found
[    6.384187][    T1] hub 4-0:1.0: 1 port detected
[    6.387499][    T1] dummy_hcd dummy_hcd.4: USB Host+Gadget Emulator, driver 02 May 2005
[    6.388189][    T1] dummy_hcd dummy_hcd.4: Dummy host controller
[    6.389456][    T1] dummy_hcd dummy_hcd.4: new USB bus registered, assigned bus number 5
[    6.391444][    T1] usb usb5: New USB device found, idVendor=1d6b, idProduct=0002, bcdDevice= 6.07
[    6.392189][    T1] usb usb5: New USB device strings: Mfr=3, Product=2, SerialNumber=1
[    6.392840][    T1] usb usb5: Product: Dummy host controller
[    6.393309][    T1] usb usb5: Manufacturer: Linux 6.7.0-rc2-ga7e294fdb620-dirty dummy_hcd
[    6.393985][    T1] usb usb5: SerialNumber: dummy_hcd.4
[    6.396767][    T1] hub 5-0:1.0: USB hub found
[    6.397288][    T1] hub 5-0:1.0: 1 port detected
[    6.400560][    T1] dummy_hcd dummy_hcd.5: USB Host+Gadget Emulator, driver 02 May 2005
[    6.401994][    T1] dummy_hcd dummy_hcd.5: Dummy host controller
[    6.402967][    T1] dummy_hcd dummy_hcd.5: new USB bus registered, assigned bus number 6
[    6.404584][    T1] usb usb6: New USB device found, idVendor=1d6b, idProduct=0002, bcdDevice= 6.07
[    6.405330][    T1] usb usb6: New USB device strings: Mfr=3, Product=2, SerialNumber=1
[    6.405990][    T1] usb usb6: Product: Dummy host controller
[    6.406464][    T1] usb usb6: Manufacturer: Linux 6.7.0-rc2-ga7e294fdb620-dirty dummy_hcd
[    6.407138][    T1] usb usb6: SerialNumber: dummy_hcd.5
[    6.409903][    T1] hub 6-0:1.0: USB hub found
[    6.410398][    T1] hub 6-0:1.0: 1 port detected
[    6.414149][    T1] dummy_hcd dummy_hcd.6: USB Host+Gadget Emulator, driver 02 May 2005
[    6.414838][    T1] dummy_hcd dummy_hcd.6: Dummy host controller
[    6.416146][    T1] dummy_hcd dummy_hcd.6: new USB bus registered, assigned bus number 7
[    6.417772][    T1] usb usb7: New USB device found, idVendor=1d6b, idProduct=0002, bcdDevice= 6.07
[    6.418512][    T1] usb usb7: New USB device strings: Mfr=3, Product=2, SerialNumber=1
[    6.419162][    T1] usb usb7: Product: Dummy host controller
[    6.419630][    T1] usb usb7: Manufacturer: Linux 6.7.0-rc2-ga7e294fdb620-dirty dummy_hcd
[    6.420300][    T1] usb usb7: SerialNumber: dummy_hcd.6
[    6.425306][    T1] hub 7-0:1.0: USB hub found
[    6.425817][    T1] hub 7-0:1.0: 1 port detected
[    6.429052][    T1] dummy_hcd dummy_hcd.7: USB Host+Gadget Emulator, driver 02 May 2005
[    6.429748][    T1] dummy_hcd dummy_hcd.7: Dummy host controller
[    6.431445][    T1] dummy_hcd dummy_hcd.7: new USB bus registered, assigned bus number 8
[    6.433101][    T1] usb usb8: New USB device found, idVendor=1d6b, idProduct=0002, bcdDevice= 6.07
[    6.433847][    T1] usb usb8: New USB device strings: Mfr=3, Product=2, SerialNumber=1
[    6.434494][    T1] usb usb8: Product: Dummy host controller
[    6.434961][    T1] usb usb8: Manufacturer: Linux 6.7.0-rc2-ga7e294fdb620-dirty dummy_hcd
[    6.435627][    T1] usb usb8: SerialNumber: dummy_hcd.7
[    6.438390][    T1] hub 8-0:1.0: USB hub found
[    6.438907][    T1] hub 8-0:1.0: 1 port detected
[    6.465088][    T1] gadgetfs: USB Gadget filesystem, version 24 Aug 2004
[    6.475025][    T1] vhci_hcd vhci_hcd.0: USB/IP Virtual Host Controller
[    6.476531][    T1] vhci_hcd vhci_hcd.0: new USB bus registered, assigned bus number 9
[    6.477523][    T1] vhci_hcd: created sysfs vhci_hcd.0
[    6.478723][    T1] usb usb9: New USB device found, idVendor=1d6b, idProduct=0002, bcdDevice= 6.07
[    6.479507][    T1] usb usb9: New USB device strings: Mfr=3, Product=2, SerialNumber=1
[    6.480196][    T1] usb usb9: Product: USB/IP Virtual Host Controller
[    6.480778][    T1] usb usb9: Manufacturer: Linux 6.7.0-rc2-ga7e294fdb620-dirty vhci_hcd
[    6.482704][    T1] usb usb9: SerialNumber: vhci_hcd.0
[    6.485299][    T1] hub 9-0:1.0: USB hub found
[    6.486228][    T1] hub 9-0:1.0: 8 ports detected
[    6.494809][    T1] vhci_hcd vhci_hcd.0: USB/IP Virtual Host Controller
[    6.496339][    T1] vhci_hcd vhci_hcd.0: new USB bus registered, assigned bus number 10
[    6.497291][    T1] usb usb10: We don't know the algorithms for LPM for this host, disabling LPM.
[    6.498573][    T1] usb usb10: New USB device found, idVendor=1d6b, idProduct=0003, bcdDevice= 6.07
[    6.499369][    T1] usb usb10: New USB device strings: Mfr=3, Product=2, SerialNumber=1
[    6.500072][    T1] usb usb10: Product: USB/IP Virtual Host Controller
[    6.500656][    T1] usb usb10: Manufacturer: Linux 6.7.0-rc2-ga7e294fdb620-dirty vhci_hcd
[    6.501586][    T1] usb usb10: SerialNumber: vhci_hcd.0
[    6.503996][    T1] hub 10-0:1.0: USB hub found
[    6.504953][    T1] hub 10-0:1.0: 8 ports detected
[    6.513346][    T1] vhci_hcd vhci_hcd.1: USB/IP Virtual Host Controller
[    6.515151][    T1] vhci_hcd vhci_hcd.1: new USB bus registered, assigned bus number 11
[    6.516396][    T1] usb usb11: New USB device found, idVendor=1d6b, idProduct=0002, bcdDevice= 6.07
[    6.517190][    T1] usb usb11: New USB device strings: Mfr=3, Product=2, SerialNumber=1
[    6.517896][    T1] usb usb11: Product: USB/IP Virtual Host Controller
[    6.518468][    T1] usb usb11: Manufacturer: Linux 6.7.0-rc2-ga7e294fdb620-dirty vhci_hcd
[    6.519181][    T1] usb usb11: SerialNumber: vhci_hcd.1
[    6.521789][    T1] hub 11-0:1.0: USB hub found
[    6.522913][    T1] hub 11-0:1.0: 8 ports detected
[    6.528730][    T1] vhci_hcd vhci_hcd.1: USB/IP Virtual Host Controller
[    6.530140][    T1] vhci_hcd vhci_hcd.1: new USB bus registered, assigned bus number 12
[    6.531391][    T1] usb usb12: We don't know the algorithms for LPM for this host, disabling LPM.
[    6.532632][    T1] usb usb12: New USB device found, idVendor=1d6b, idProduct=0003, bcdDevice= 6.07
[    6.533437][    T1] usb usb12: New USB device strings: Mfr=3, Product=2, SerialNumber=1
[    6.534148][    T1] usb usb12: Product: USB/IP Virtual Host Controller
[    6.534724][    T1] usb usb12: Manufacturer: Linux 6.7.0-rc2-ga7e294fdb620-dirty vhci_hcd
[    6.535436][    T1] usb usb12: SerialNumber: vhci_hcd.1
[    6.538221][    T1] hub 12-0:1.0: USB hub found
[    6.538761][    T1] hub 12-0:1.0: 8 ports detected
[    6.546304][    T1] vhci_hcd vhci_hcd.2: USB/IP Virtual Host Controller
[    6.548551][    T1] vhci_hcd vhci_hcd.2: new USB bus registered, assigned bus number 13
[    6.549848][    T1] usb usb13: New USB device found, idVendor=1d6b, idProduct=0002, bcdDevice= 6.07
[    6.550644][    T1] usb usb13: New USB device strings: Mfr=3, Product=2, SerialNumber=1
[    6.551604][    T1] usb usb13: Product: USB/IP Virtual Host Controller
[    6.552184][    T1] usb usb13: Manufacturer: Linux 6.7.0-rc2-ga7e294fdb620-dirty vhci_hcd
[    6.552901][    T1] usb usb13: SerialNumber: vhci_hcd.2
[    6.555789][    T1] hub 13-0:1.0: USB hub found
[    6.556315][    T1] hub 13-0:1.0: 8 ports detected
[    6.562748][    T1] vhci_hcd vhci_hcd.2: USB/IP Virtual Host Controller
[    6.564201][    T1] vhci_hcd vhci_hcd.2: new USB bus registered, assigned bus number 14
[    6.565134][    T1] usb usb14: We don't know the algorithms for LPM for this host, disabling LPM.
[    6.566368][    T1] usb usb14: New USB device found, idVendor=1d6b, idProduct=0003, bcdDevice= 6.07
[    6.567171][    T1] usb usb14: New USB device strings: Mfr=3, Product=2, SerialNumber=1
[    6.567871][    T1] usb usb14: Product: USB/IP Virtual Host Controller
[    6.568445][    T1] usb usb14: Manufacturer: Linux 6.7.0-rc2-ga7e294fdb620-dirty vhci_hcd
[    6.569162][    T1] usb usb14: SerialNumber: vhci_hcd.2
[    6.571877][    T1] hub 14-0:1.0: USB hub found
[    6.572983][    T1] hub 14-0:1.0: 8 ports detected
[    6.578442][    T1] vhci_hcd vhci_hcd.3: USB/IP Virtual Host Controller
[    6.583605][    T1] vhci_hcd vhci_hcd.3: new USB bus registered, assigned bus number 15
[    6.585660][    T1] usb usb15: New USB device found, idVendor=1d6b, idProduct=0002, bcdDevice= 6.07
[    6.586464][    T1] usb usb15: New USB device strings: Mfr=3, Product=2, SerialNumber=1
[    6.587163][    T1] usb usb15: Product: USB/IP Virtual Host Controller
[    6.587736][    T1] usb usb15: Manufacturer: Linux 6.7.0-rc2-ga7e294fdb620-dirty vhci_hcd
[    6.588447][    T1] usb usb15: SerialNumber: vhci_hcd.3
[    6.591790][    T1] hub 15-0:1.0: USB hub found
[    6.592325][    T1] hub 15-0:1.0: 8 ports detected
[    6.597913][    T1] vhci_hcd vhci_hcd.3: USB/IP Virtual Host Controller
[    6.599916][    T1] vhci_hcd vhci_hcd.3: new USB bus registered, assigned bus number 16
[    6.601271][    T1] usb usb16: We don't know the algorithms for LPM for this host, disabling LPM.
[    6.602532][    T1] usb usb16: New USB device found, idVendor=1d6b, idProduct=0003, bcdDevice= 6.07
[    6.603349][    T1] usb usb16: New USB device strings: Mfr=3, Product=2, SerialNumber=1
[    6.604050][    T1] usb usb16: Product: USB/IP Virtual Host Controller
[    6.604624][    T1] usb usb16: Manufacturer: Linux 6.7.0-rc2-ga7e294fdb620-dirty vhci_hcd
[    6.605334][    T1] usb usb16: SerialNumber: vhci_hcd.3
[    6.608410][    T1] hub 16-0:1.0: USB hub found
[    6.608941][    T1] hub 16-0:1.0: 8 ports detected
[    6.616931][    T1] vhci_hcd vhci_hcd.4: USB/IP Virtual Host Controller
[    6.618311][    T1] vhci_hcd vhci_hcd.4: new USB bus registered, assigned bus number 17
[    6.620041][    T1] usb usb17: New USB device found, idVendor=1d6b, idProduct=0002, bcdDevice= 6.07
[    6.621101][    T1] usb usb17: New USB device strings: Mfr=3, Product=2, SerialNumber=1
[    6.621814][    T1] usb usb17: Product: USB/IP Virtual Host Controller
[    6.622387][    T1] usb usb17: Manufacturer: Linux 6.7.0-rc2-ga7e294fdb620-dirty vhci_hcd
[    6.623112][    T1] usb usb17: SerialNumber: vhci_hcd.4
[    6.625923][    T1] hub 17-0:1.0: USB hub found
[    6.626464][    T1] hub 17-0:1.0: 8 ports detected
[    6.633089][    T1] vhci_hcd vhci_hcd.4: USB/IP Virtual Host Controller
[    6.634221][    T1] vhci_hcd vhci_hcd.4: new USB bus registered, assigned bus number 18
[    6.635458][    T1] usb usb18: We don't know the algorithms for LPM for this host, disabling LPM.
[    6.636688][    T1] usb usb18: New USB device found, idVendor=1d6b, idProduct=0003, bcdDevice= 6.07
[    6.637485][    T1] usb usb18: New USB device strings: Mfr=3, Product=2, SerialNumber=1
[    6.638193][    T1] usb usb18: Product: USB/IP Virtual Host Controller
[    6.638767][    T1] usb usb18: Manufacturer: Linux 6.7.0-rc2-ga7e294fdb620-dirty vhci_hcd
[    6.639483][    T1] usb usb18: SerialNumber: vhci_hcd.4
[    6.642214][    T1] hub 18-0:1.0: USB hub found
[    6.643038][    T1] hub 18-0:1.0: 8 ports detected
[    6.650404][    T1] vhci_hcd vhci_hcd.5: USB/IP Virtual Host Controller
[    6.652813][    T1] vhci_hcd vhci_hcd.5: new USB bus registered, assigned bus number 19
[    6.654070][    T1] usb usb19: New USB device found, idVendor=1d6b, idProduct=0002, bcdDevice= 6.07
[    6.654860][    T1] usb usb19: New USB device strings: Mfr=3, Product=2, SerialNumber=1
[    6.655561][    T1] usb usb19: Product: USB/IP Virtual Host Controller
[    6.656133][    T1] usb usb19: Manufacturer: Linux 6.7.0-rc2-ga7e294fdb620-dirty vhci_hcd
[    6.656847][    T1] usb usb19: SerialNumber: vhci_hcd.5
[    6.662133][    T1] hub 19-0:1.0: USB hub found
[    6.662686][    T1] hub 19-0:1.0: 8 ports detected
[    6.668568][    T1] vhci_hcd vhci_hcd.5: USB/IP Virtual Host Controller
[    6.669849][    T1] vhci_hcd vhci_hcd.5: new USB bus registered, assigned bus number 20
[    6.671395][    T1] usb usb20: We don't know the algorithms for LPM for this host, disabling LPM.
[    6.672978][    T1] usb usb20: New USB device found, idVendor=1d6b, idProduct=0003, bcdDevice= 6.07
[    6.673780][    T1] usb usb20: New USB device strings: Mfr=3, Product=2, SerialNumber=1
[    6.674478][    T1] usb usb20: Product: USB/IP Virtual Host Controller
[    6.675048][    T1] usb usb20: Manufacturer: Linux 6.7.0-rc2-ga7e294fdb620-dirty vhci_hcd
[    6.675756][    T1] usb usb20: SerialNumber: vhci_hcd.5
[    6.678544][    T1] hub 20-0:1.0: USB hub found
[    6.679092][    T1] hub 20-0:1.0: 8 ports detected
[    6.686381][    T1] vhci_hcd vhci_hcd.6: USB/IP Virtual Host Controller
[    6.688773][    T1] vhci_hcd vhci_hcd.6: new USB bus registered, assigned bus number 21
[    6.690040][    T1] usb usb21: New USB device found, idVendor=1d6b, idProduct=0002, bcdDevice= 6.07
[    6.691271][    T1] usb usb21: New USB device strings: Mfr=3, Product=2, SerialNumber=1
[    6.691974][    T1] usb usb21: Product: USB/IP Virtual Host Controller
[    6.692545][    T1] usb usb21: Manufacturer: Linux 6.7.0-rc2-ga7e294fdb620-dirty vhci_hcd
[    6.693261][    T1] usb usb21: SerialNumber: vhci_hcd.6
[    6.696088][    T1] hub 21-0:1.0: USB hub found
[    6.696623][    T1] hub 21-0:1.0: 8 ports detected
[    6.703073][    T1] vhci_hcd vhci_hcd.6: USB/IP Virtual Host Controller
[    6.704550][    T1] vhci_hcd vhci_hcd.6: new USB bus registered, assigned bus number 22
[    6.705473][    T1] usb usb22: We don't know the algorithms for LPM for this host, disabling LPM.
[    6.706728][    T1] usb usb22: New USB device found, idVendor=1d6b, idProduct=0003, bcdDevice= 6.07
[    6.707527][    T1] usb usb22: New USB device strings: Mfr=3, Product=2, SerialNumber=1
[    6.708229][    T1] usb usb22: Product: USB/IP Virtual Host Controller
[    6.708804][    T1] usb usb22: Manufacturer: Linux 6.7.0-rc2-ga7e294fdb620-dirty vhci_hcd
[    6.709518][    T1] usb usb22: SerialNumber: vhci_hcd.6
[    6.712322][    T1] hub 22-0:1.0: USB hub found
[    6.713306][    T1] hub 22-0:1.0: 8 ports detected
[    6.718772][    T1] vhci_hcd vhci_hcd.7: USB/IP Virtual Host Controller
[    6.723493][    T1] vhci_hcd vhci_hcd.7: new USB bus registered, assigned bus number 23
[    6.724748][    T1] usb usb23: New USB device found, idVendor=1d6b, idProduct=0002, bcdDevice= 6.07
[    6.725544][    T1] usb usb23: New USB device strings: Mfr=3, Product=2, SerialNumber=1
[    6.726251][    T1] usb usb23: Product: USB/IP Virtual Host Controller
[    6.726828][    T1] usb usb23: Manufacturer: Linux 6.7.0-rc2-ga7e294fdb620-dirty vhci_hcd
[    6.727544][    T1] usb usb23: SerialNumber: vhci_hcd.7
[    6.730369][    T1] hub 23-0:1.0: USB hub found
[    6.730996][    T1] hub 23-0:1.0: 8 ports detected
[    6.736921][    T1] vhci_hcd vhci_hcd.7: USB/IP Virtual Host Controller
[    6.738613][    T1] vhci_hcd vhci_hcd.7: new USB bus registered, assigned bus number 24
[    6.739540][    T1] usb usb24: We don't know the algorithms for LPM for this host, disabling LPM.
[    6.740786][    T1] usb usb24: New USB device found, idVendor=1d6b, idProduct=0003, bcdDevice= 6.07
[    6.741689][    T1] usb usb24: New USB device strings: Mfr=3, Product=2, SerialNumber=1
[    6.742391][    T1] usb usb24: Product: USB/IP Virtual Host Controller
[    6.742961][    T1] usb usb24: Manufacturer: Linux 6.7.0-rc2-ga7e294fdb620-dirty vhci_hcd
[    6.743670][    T1] usb usb24: SerialNumber: vhci_hcd.7
[    6.746515][    T1] hub 24-0:1.0: USB hub found
[    6.747073][    T1] hub 24-0:1.0: 8 ports detected
[    6.755143][    T1] vhci_hcd vhci_hcd.8: USB/IP Virtual Host Controller
[    6.757472][    T1] vhci_hcd vhci_hcd.8: new USB bus registered, assigned bus number 25
[    6.758729][    T1] usb usb25: New USB device found, idVendor=1d6b, idProduct=0002, bcdDevice= 6.07
[    6.759531][    T1] usb usb25: New USB device strings: Mfr=3, Product=2, SerialNumber=1
[    6.760227][    T1] usb usb25: Product: USB/IP Virtual Host Controller
[    6.760798][    T1] usb usb25: Manufacturer: Linux 6.7.0-rc2-ga7e294fdb620-dirty vhci_hcd
[    6.761822][    T1] usb usb25: SerialNumber: vhci_hcd.8
[    6.764618][    T1] hub 25-0:1.0: USB hub found
[    6.765321][    T1] hub 25-0:1.0: 8 ports detected
[    6.771713][    T1] vhci_hcd vhci_hcd.8: USB/IP Virtual Host Controller
[    6.772874][    T1] vhci_hcd vhci_hcd.8: new USB bus registered, assigned bus number 26
[    6.774127][    T1] usb usb26: We don't know the algorithms for LPM for this host, disabling LPM.
[    6.775375][    T1] usb usb26: New USB device found, idVendor=1d6b, idProduct=0003, bcdDevice= 6.07
[    6.776168][    T1] usb usb26: New USB device strings: Mfr=3, Product=2, SerialNumber=1
[    6.776865][    T1] usb usb26: Product: USB/IP Virtual Host Controller
[    6.777436][    T1] usb usb26: Manufacturer: Linux 6.7.0-rc2-ga7e294fdb620-dirty vhci_hcd
[    6.778153][    T1] usb usb26: SerialNumber: vhci_hcd.8
[    6.780977][    T1] hub 26-0:1.0: USB hub found
[    6.781623][    T1] hub 26-0:1.0: 8 ports detected
[    6.789554][    T1] vhci_hcd vhci_hcd.9: USB/IP Virtual Host Controller
[    6.791377][    T1] vhci_hcd vhci_hcd.9: new USB bus registered, assigned bus number 27
[    6.793016][    T1] usb usb27: New USB device found, idVendor=1d6b, idProduct=0002, bcdDevice= 6.07
[    6.793820][    T1] usb usb27: New USB device strings: Mfr=3, Product=2, SerialNumber=1
[    6.794524][    T1] usb usb27: Product: USB/IP Virtual Host Controller
[    6.795098][    T1] usb usb27: Manufacturer: Linux 6.7.0-rc2-ga7e294fdb620-dirty vhci_hcd
[    6.795814][    T1] usb usb27: SerialNumber: vhci_hcd.9
[    6.798635][    T1] hub 27-0:1.0: USB hub found
[    6.799180][    T1] hub 27-0:1.0: 8 ports detected
[    6.805538][    T1] vhci_hcd vhci_hcd.9: USB/IP Virtual Host Controller
[    6.806957][    T1] vhci_hcd vhci_hcd.9: new USB bus registered, assigned bus number 28
[    6.807875][    T1] usb usb28: We don't know the algorithms for LPM for this host, disabling LPM.
[    6.809102][    T1] usb usb28: New USB device found, idVendor=1d6b, idProduct=0003, bcdDevice= 6.07
[    6.809901][    T1] usb usb28: New USB device strings: Mfr=3, Product=2, SerialNumber=1
[    6.810599][    T1] usb usb28: Product: USB/IP Virtual Host Controller
[    6.811496][    T1] usb usb28: Manufacturer: Linux 6.7.0-rc2-ga7e294fdb620-dirty vhci_hcd
[    6.812214][    T1] usb usb28: SerialNumber: vhci_hcd.9
[    6.814829][    T1] hub 28-0:1.0: USB hub found
[    6.815765][    T1] hub 28-0:1.0: 8 ports detected
[    6.823899][    T1] vhci_hcd vhci_hcd.10: USB/IP Virtual Host Controller
[    6.825943][    T1] vhci_hcd vhci_hcd.10: new USB bus registered, assigned bus number 29
[    6.827215][    T1] usb usb29: New USB device found, idVendor=1d6b, idProduct=0002, bcdDevice= 6.07
[    6.828017][    T1] usb usb29: New USB device strings: Mfr=3, Product=2, SerialNumber=1
[    6.828716][    T1] usb usb29: Product: USB/IP Virtual Host Controller
[    6.829286][    T1] usb usb29: Manufacturer: Linux 6.7.0-rc2-ga7e294fdb620-dirty vhci_hcd
[    6.830005][    T1] usb usb29: SerialNumber: vhci_hcd.10
[    6.833071][    T1] hub 29-0:1.0: USB hub found
[    6.833773][    T1] hub 29-0:1.0: 8 ports detected
[    6.839824][    T1] vhci_hcd vhci_hcd.10: USB/IP Virtual Host Controller
[    6.841431][    T1] vhci_hcd vhci_hcd.10: new USB bus registered, assigned bus number 30
[    6.842700][    T1] usb usb30: We don't know the algorithms for LPM for this host, disabling LPM.
[    6.843929][    T1] usb usb30: New USB device found, idVendor=1d6b, idProduct=0003, bcdDevice= 6.07
[    6.844722][    T1] usb usb30: New USB device strings: Mfr=3, Product=2, SerialNumber=1
[    6.845420][    T1] usb usb30: Product: USB/IP Virtual Host Controller
[    6.845997][    T1] usb usb30: Manufacturer: Linux 6.7.0-rc2-ga7e294fdb620-dirty vhci_hcd
[    6.846723][    T1] usb usb30: SerialNumber: vhci_hcd.10
[    6.849577][    T1] hub 30-0:1.0: USB hub found
[    6.850119][    T1] hub 30-0:1.0: 8 ports detected
[    6.857718][    T1] vhci_hcd vhci_hcd.11: USB/IP Virtual Host Controller
[    6.859965][    T1] vhci_hcd vhci_hcd.11: new USB bus registered, assigned bus number 31
[    6.861537][    T1] usb usb31: New USB device found, idVendor=1d6b, idProduct=0002, bcdDevice= 6.07
[    6.862341][    T1] usb usb31: New USB device strings: Mfr=3, Product=2, SerialNumber=1
[    6.863048][    T1] usb usb31: Product: USB/IP Virtual Host Controller
[    6.863643][    T1] usb usb31: Manufacturer: Linux 6.7.0-rc2-ga7e294fdb620-dirty vhci_hcd
[    6.864358][    T1] usb usb31: SerialNumber: vhci_hcd.11
[    6.867133][    T1] hub 31-0:1.0: USB hub found
[    6.867664][    T1] hub 31-0:1.0: 8 ports detected
[    6.874156][    T1] vhci_hcd vhci_hcd.11: USB/IP Virtual Host Controller
[    6.875595][    T1] vhci_hcd vhci_hcd.11: new USB bus registered, assigned bus number 32
[    6.876525][    T1] usb usb32: We don't know the algorithms for LPM for this host, disabling LPM.
[    6.877769][    T1] usb usb32: New USB device found, idVendor=1d6b, idProduct=0003, bcdDevice= 6.07
[    6.878574][    T1] usb usb32: New USB device strings: Mfr=3, Product=2, SerialNumber=1
[    6.879273][    T1] usb usb32: Product: USB/IP Virtual Host Controller
[    6.879842][    T1] usb usb32: Manufacturer: Linux 6.7.0-rc2-ga7e294fdb620-dirty vhci_hcd
[    6.880575][    T1] usb usb32: SerialNumber: vhci_hcd.11
[    6.883680][    T1] hub 32-0:1.0: USB hub found
[    6.884364][    T1] hub 32-0:1.0: 8 ports detected
[    6.892989][    T1] vhci_hcd vhci_hcd.12: USB/IP Virtual Host Controller
[    6.894288][    T1] vhci_hcd vhci_hcd.12: new USB bus registered, assigned bus number 33
[    6.895909][    T1] usb usb33: New USB device found, idVendor=1d6b, idProduct=0002, bcdDevice= 6.07
[    6.896703][    T1] usb usb33: New USB device strings: Mfr=3, Product=2, SerialNumber=1
[    6.897419][    T1] usb usb33: Product: USB/IP Virtual Host Controller
[    6.898000][    T1] usb usb33: Manufacturer: Linux 6.7.0-rc2-ga7e294fdb620-dirty vhci_hcd
[    6.898712][    T1] usb usb33: SerialNumber: vhci_hcd.12
[    6.902025][    T1] hub 33-0:1.0: USB hub found
[    6.902885][    T1] hub 33-0:1.0: 8 ports detected
[    6.908795][    T1] vhci_hcd vhci_hcd.12: USB/IP Virtual Host Controller
[    6.909943][    T1] vhci_hcd vhci_hcd.12: new USB bus registered, assigned bus number 34
[    6.911828][    T1] usb usb34: We don't know the algorithms for LPM for this host, disabling LPM.
[    6.913069][    T1] usb usb34: New USB device found, idVendor=1d6b, idProduct=0003, bcdDevice= 6.07
[    6.913890][    T1] usb usb34: New USB device strings: Mfr=3, Product=2, SerialNumber=1
[    6.914593][    T1] usb usb34: Product: USB/IP Virtual Host Controller
[    6.915169][    T1] usb usb34: Manufacturer: Linux 6.7.0-rc2-ga7e294fdb620-dirty vhci_hcd
[    6.915888][    T1] usb usb34: SerialNumber: vhci_hcd.12
[    6.918420][    T1] hub 34-0:1.0: USB hub found
[    6.919296][    T1] hub 34-0:1.0: 8 ports detected
[    6.924929][    T1] vhci_hcd vhci_hcd.13: USB/IP Virtual Host Controller
[    6.929104][    T1] vhci_hcd vhci_hcd.13: new USB bus registered, assigned bus number 35
[    6.930401][    T1] usb usb35: New USB device found, idVendor=1d6b, idProduct=0002, bcdDevice= 6.07
[    6.931273][    T1] usb usb35: New USB device strings: Mfr=3, Product=2, SerialNumber=1
[    6.931980][    T1] usb usb35: Product: USB/IP Virtual Host Controller
[    6.932554][    T1] usb usb35: Manufacturer: Linux 6.7.0-rc2-ga7e294fdb620-dirty vhci_hcd
[    6.933281][    T1] usb usb35: SerialNumber: vhci_hcd.13
[    6.936191][    T1] hub 35-0:1.0: USB hub found
[    6.936736][    T1] hub 35-0:1.0: 8 ports detected
[    6.943380][    T1] vhci_hcd vhci_hcd.13: USB/IP Virtual Host Controller
[    6.944830][    T1] vhci_hcd vhci_hcd.13: new USB bus registered, assigned bus number 36
[    6.945769][    T1] usb usb36: We don't know the algorithms for LPM for this host, disabling LPM.
[    6.947033][    T1] usb usb36: New USB device found, idVendor=1d6b, idProduct=0003, bcdDevice= 6.07
[    6.947828][    T1] usb usb36: New USB device strings: Mfr=3, Product=2, SerialNumber=1
[    6.948527][    T1] usb usb36: Product: USB/IP Virtual Host Controller
[    6.949100][    T1] usb usb36: Manufacturer: Linux 6.7.0-rc2-ga7e294fdb620-dirty vhci_hcd
[    6.949824][    T1] usb usb36: SerialNumber: vhci_hcd.13
[    6.952694][    T1] hub 36-0:1.0: USB hub found
[    6.953556][    T1] hub 36-0:1.0: 8 ports detected
[    6.961943][    T1] vhci_hcd vhci_hcd.14: USB/IP Virtual Host Controller
[    6.963396][    T1] vhci_hcd vhci_hcd.14: new USB bus registered, assigned bus number 37
[    6.964673][    T1] usb usb37: New USB device found, idVendor=1d6b, idProduct=0002, bcdDevice= 6.07
[    6.965466][    T1] usb usb37: New USB device strings: Mfr=3, Product=2, SerialNumber=1
[    6.966170][    T1] usb usb37: Product: USB/IP Virtual Host Controller
[    6.966743][    T1] usb usb37: Manufacturer: Linux 6.7.0-rc2-ga7e294fdb620-dirty vhci_hcd
[    6.967456][    T1] usb usb37: SerialNumber: vhci_hcd.14
[    6.970133][    T1] hub 37-0:1.0: USB hub found
[    6.971425][    T1] hub 37-0:1.0: 8 ports detected
[    6.977477][    T1] vhci_hcd vhci_hcd.14: USB/IP Virtual Host Controller
[    6.978997][    T1] vhci_hcd vhci_hcd.14: new USB bus registered, assigned bus number 38
[    6.979927][    T1] usb usb38: We don't know the algorithms for LPM for this host, disabling LPM.
[    6.981688][    T1] usb usb38: New USB device found, idVendor=1d6b, idProduct=0003, bcdDevice= 6.07
[    6.982492][    T1] usb usb38: New USB device strings: Mfr=3, Product=2, SerialNumber=1
[    6.983191][    T1] usb usb38: Product: USB/IP Virtual Host Controller
[    6.983767][    T1] usb usb38: Manufacturer: Linux 6.7.0-rc2-ga7e294fdb620-dirty vhci_hcd
[    6.984487][    T1] usb usb38: SerialNumber: vhci_hcd.14
[    6.987284][    T1] hub 38-0:1.0: USB hub found
[    6.987829][    T1] hub 38-0:1.0: 8 ports detected
[    6.996565][    T1] vhci_hcd vhci_hcd.15: USB/IP Virtual Host Controller
[    6.997663][    T1] vhci_hcd vhci_hcd.15: new USB bus registered, assigned bus number 39
[    6.999420][    T1] usb usb39: New USB device found, idVendor=1d6b, idProduct=0002, bcdDevice= 6.07
[    7.000216][    T1] usb usb39: New USB device strings: Mfr=3, Product=2, SerialNumber=1
[    7.001055][    T1] usb usb39: Product: USB/IP Virtual Host Controller
[    7.001639][    T1] usb usb39: Manufacturer: Linux 6.7.0-rc2-ga7e294fdb620-dirty vhci_hcd
[    7.002355][    T1] usb usb39: SerialNumber: vhci_hcd.15
[    7.005208][    T1] hub 39-0:1.0: USB hub found
[    7.005754][    T1] hub 39-0:1.0: 8 ports detected
[    7.011806][    T1] vhci_hcd vhci_hcd.15: USB/IP Virtual Host Controller
[    7.013707][    T1] vhci_hcd vhci_hcd.15: new USB bus registered, assigned bus number 40
[    7.014638][    T1] usb usb40: We don't know the algorithms for LPM for this host, disabling LPM.
[    7.015884][    T1] usb usb40: New USB device found, idVendor=1d6b, idProduct=0003, bcdDevice= 6.07
[    7.016683][    T1] usb usb40: New USB device strings: Mfr=3, Product=2, SerialNumber=1
[    7.017385][    T1] usb usb40: Product: USB/IP Virtual Host Controller
[    7.017968][    T1] usb usb40: Manufacturer: Linux 6.7.0-rc2-ga7e294fdb620-dirty vhci_hcd
[    7.018687][    T1] usb usb40: SerialNumber: vhci_hcd.15
[    7.021616][    T1] hub 40-0:1.0: USB hub found
[    7.022617][    T1] hub 40-0:1.0: 8 ports detected
[    7.030219][    T1] usbcore: registered new device driver usbip-host
[    7.035237][    T1] i8042: PNP: PS/2 Controller [PNP0303:KBD,PNP0f13:MOU] at 0x60,0x64 irq 1,12
[    7.037182][    T1] serio: i8042 KBD port at 0x60,0x64 irq 1
[    7.043623][    T1] serio: i8042 AUX port at 0x60,0x64 irq 12
[    7.047349][    T1] mousedev: PS/2 mouse device common for all mice
[    7.050112][    T9] input: AT Translated Set 2 keyboard as /devices/platform/i8042/serio0/input/input1
[    7.051277][    T1] usbcore: registered new interface driver appletouch
[    7.052012][    T1] usbcore: registered new interface driver bcm5974
[    7.052858][    T1] usbcore: registered new interface driver synaptics_usb
[    7.053647][    T1] usbcore: registered new interface driver iforce
[    7.054357][    T1] usbcore: registered new interface driver xpad
[    7.055013][    T1] usbcore: registered new interface driver usb_acecad
[    7.055733][    T1] usbcore: registered new interface driver aiptek
[    7.056404][    T1] usbcore: registered new interface driver hanwang
[    7.057093][    T1] usbcore: registered new interface driver kbtab
[    7.057764][    T1] usbcore: registered new interface driver pegasus_notetaker
[    7.058557][    T1] usbcore: registered new interface driver usbtouchscreen
[    7.059295][    T1] usbcore: registered new interface driver sur40
[    7.059972][    T1] usbcore: registered new interface driver ati_remote2
[    7.060568][    T1] cm109: Keymap for Komunikate KIP1000 phone loaded
[    7.078779][    T1] usbcore: registered new interface driver cm109
[    7.079348][    T1] cm109: CM109 phone driver: 20080805 (C) Alfred E. Heggestad
[    7.080571][    T1] usbcore: registered new interface driver ims_pcu
[    7.083222][    T1] usbcore: registered new interface driver keyspan_remote
[    7.084370][    T1] usbcore: registered new interface driver powermate
[    7.086125][    T1] usbcore: registered new interface driver yealink
[    7.089831][    T1] rtc_cmos 00:05: RTC can wake from S4
[    7.098314][    T1] rtc_cmos 00:05: registered as rtc0
[    7.098832][    T1] rtc_cmos 00:05: alarms up to one day, y3k, 242 bytes nvram, hpet irqs
[    7.101500][    T1] i2c_dev: i2c /dev entries driver
[    7.102761][    T1] usbcore: registered new interface driver i2c-diolan-u2c
[    7.103608][    T1] usbcore: registered new interface driver RobotFuzz Open Source InterFace, OSIF
[    7.104526][    T1] usbcore: registered new interface driver i2c-tiny-usb
[    7.106080][    T1] usbcore: registered new interface driver igorplugusb
[    7.106789][    T1] usbcore: registered new interface driver iguanair
[    7.107482][    T1] usbcore: registered new interface driver imon
[    7.108171][    T1] usbcore: registered new interface driver mceusb
[    7.108869][    T1] usbcore: registered new interface driver redrat3
[    7.109549][    T1] usbcore: registered new interface driver streamzap
[    7.110335][    T1] usbcore: registered new interface driver ttusbir
[    7.123915][    T1] usbcore: registered new interface driver ati_remote
[    7.125496][    T1] b2c2-flexcop: B2C2 FlexcopII/II(b)/III digital TV receiver chip loaded successfully
[    7.126976][    T1] usbcore: registered new interface driver b2c2_flexcop_usb
[    7.128158][    T1] usbcore: registered new interface driver dvb_usb_vp7045
[    7.129279][    T1] usbcore: registered new interface driver dvb_usb_vp702x
[    7.130489][    T1] usbcore: registered new interface driver dvb_usb_gp8psk
[    7.134864][    T1] usbcore: registered new interface driver dvb_usb_dtt200u
[    7.135724][    T1] usbcore: registered new interface driver dvb_usb_a800
[    7.136458][    T1] usbcore: registered new interface driver dvb_usb_dibusb_mb
[    7.137227][    T1] usbcore: registered new interface driver dvb_usb_dibusb_mc
[    7.137999][    T1] usbcore: registered new interface driver dvb_usb_nova_t_usb2
[    7.138788][    T1] usbcore: registered new interface driver dvb_usb_umt_010
[    7.139558][    T1] usbcore: registered new interface driver dvb_usb_m920x
[    7.140291][    T1] usbcore: registered new interface driver dvb_usb_digitv
[    7.144655][    T1] usbcore: registered new interface driver dvb_usb_cxusb
[    7.145872][    T1] usbcore: registered new interface driver dvb_usb_ttusb2
[    7.147071][    T1] usbcore: registered new interface driver dvb_usb_dib0700
[    7.148227][    T1] usbcore: registered new interface driver opera1
[    7.149325][    T1] usbcore: registered new interface driver dvb_usb_af9005
[    7.149971][    T1] failing symbol_get of non-GPLONLY symbol af9005_rc_decode.
[    7.151270][    T1] failing symbol_get of non-GPLONLY symbol af9005_rc_decode.
[    7.151911][    T1] failing symbol_get of non-GPLONLY symbol rc_map_af9005_table.
[    7.153858][    T1] failing symbol_get of non-GPLONLY symbol rc_map_af9005_table.
[    7.154521][    T1] failing symbol_get of non-GPLONLY symbol rc_map_af9005_table_size.
[    7.155711][    T1] failing symbol_get of non-GPLONLY symbol rc_map_af9005_table_size.
[    7.156414][    T1] af9005: af9005_rc_decode function not found, disabling remote
[    7.157670][    T1] usbcore: registered new interface driver pctv452e
[    7.158784][    T1] usbcore: registered new interface driver dw2102
[    7.159840][    T1] usbcore: registered new interface driver dvb_usb_dtv5100
[    7.161092][    T1] usbcore: registered new interface driver cinergyT2
[    7.162206][    T1] usbcore: registered new interface driver dvb_usb_az6027
[    7.163334][    T1] usbcore: registered new interface driver dvb_usb_technisat_usb2
[    7.164538][    T1] usbcore: registered new interface driver dvb_usb_af9015
[    7.165685][    T1] usbcore: registered new interface driver dvb_usb_af9035
[    7.166841][    T1] usbcore: registered new interface driver dvb_usb_anysee
[    7.167993][    T1] usbcore: registered new interface driver dvb_usb_au6610
[    7.169097][    T1] usbcore: registered new interface driver dvb_usb_az6007
[    7.169940][    T1] usbcore: registered new interface driver dvb_usb_ce6230
[    7.171512][    T1] usbcore: registered new interface driver dvb_usb_ec168
[    7.172240][    T1] usbcore: registered new interface driver dvb_usb_lmedm04
[    7.172965][    T1] usbcore: registered new interface driver dvb_usb_gl861
[    7.173688][    T1] usbcore: registered new interface driver dvb_usb_mxl111sf
[    7.174452][    T1] usbcore: registered new interface driver dvb_usb_rtl28xxu
[    7.175229][    T1] usbcore: registered new interface driver dvb_usb_dvbsky
[    7.175951][    T1] usbcore: registered new interface driver zd1301
[    7.176620][    T1] usbcore: registered new interface driver s2255
[    7.177303][    T1] usbcore: registered new interface driver smsusb
[    7.177981][    T1] usbcore: registered new interface driver ttusb
[    7.178648][    T1] usbcore: registered new interface driver ttusb-dec
[    7.179370][    T1] usbcore: registered new interface driver Abilis Systems as10x usb driver
[    7.180228][    T1] usbcore: registered new interface driver airspy
[    7.186428][    T1] gspca_main: v2.14.0 registered
[    7.187499][    T1] usbcore: registered new interface driver benq
[    7.188559][    T1] usbcore: registered new interface driver conex
[    7.189645][    T1] usbcore: registered new interface driver cpia1
[    7.190726][    T1] usbcore: registered new interface driver dtcs033
[    7.192226][    T1] usbcore: registered new interface driver etoms
[    7.193288][    T1] usbcore: registered new interface driver finepix
[    7.194401][    T1] usbcore: registered new interface driver jeilinj
[    7.195644][    T1] usbcore: registered new interface driver jl2005bcd
[    7.196742][    T1] usbcore: registered new interface driver kinect
[    7.197845][    T1] usbcore: registered new interface driver konica
[    7.198947][    T1] usbcore: registered new interface driver mars
[    7.200027][    T1] usbcore: registered new interface driver mr97310a
[    7.201395][    T1] usbcore: registered new interface driver nw80x
[    7.202471][    T1] usbcore: registered new interface driver ov519
[    7.203515][    T1] usbcore: registered new interface driver ov534
[    7.204590][    T1] usbcore: registered new interface driver ov534_9
[    7.205774][    T1] usbcore: registered new interface driver pac207
[    7.206545][    T1] usbcore: registered new interface driver gspca_pac7302
[    7.207946][    T1] usbcore: registered new interface driver pac7311
[    7.208984][    T1] usbcore: registered new interface driver se401
[    7.210043][    T1] usbcore: registered new interface driver sn9c2028
[    7.210827][    T1] usbcore: registered new interface driver gspca_sn9c20x
[    7.213070][    T1] usbcore: registered new interface driver sonixb
[    7.213767][    T1] usbcore: registered new interface driver sonixj
[    7.214435][    T1] usbcore: registered new interface driver spca500
[    7.215085][    T1] usbcore: registered new interface driver spca501
[    7.215744][    T1] usbcore: registered new interface driver spca505
[    7.216391][    T1] usbcore: registered new interface driver spca506
[    7.217042][    T1] usbcore: registered new interface driver spca508
[    7.217712][    T1] usbcore: registered new interface driver spca561
[    7.218382][    T1] usbcore: registered new interface driver spca1528
[    7.219047][    T1] usbcore: registered new interface driver sq905
[    7.219705][    T1] usbcore: registered new interface driver sq905c
[    7.220347][    T1] usbcore: registered new interface driver sq930x
[    7.227151][    T1] usbcore: registered new interface driver sunplus
[    7.228212][    T1] usbcore: registered new interface driver stk014
[    7.229301][    T1] usbcore: registered new interface driver stk1135
[    7.230404][    T1] usbcore: registered new interface driver stv0680
[    7.232089][    T1] usbcore: registered new interface driver t613
[    7.233105][    T1] usbcore: registered new interface driver gspca_topro
[    7.234197][    T1] usbcore: registered new interface driver touptek
[    7.235363][    T1] usbcore: registered new interface driver tv8532
[    7.236432][    T1] usbcore: registered new interface driver vc032x
