c[?7l[2J[0mSeaBIOS (version 1.15.0-1)


iPXE (https://ipxe.org) 00:03.0 CA00 PCI2.10 PnP PMM+7FF8B310+7FECB310 CA00
Press Ctrl-B to configure iPXE (PCI 00:03.0)...                                                                               


Booting from ROM...
c[?7l[2Jearly console in extract_kernel
input_data: 0x000000000d989298
input_len: 0x000000000505d0ab
output: 0x0000000001000000
output_len: 0x000000000fd14b28
kernel_total_size: 0x0000000011a26000
needed_size: 0x0000000011c00000
trampoline_32bit: 0x0000000000000000

Decompressing Linux... Parsing ELF... done.
Booting the kernel (entry_offset: 0x0000000000000080).
[    0.000000][    T0] Linux version 6.7.0-rc2-gbc9807868dfa-dirty (vmware@LAPTOP-BUKH5KQI) (gcc (Ubuntu 11.4.0-1ubuntu1~22.04) 11.4.0, GNU ld (GNU Binutils for Ubuntu) 2.38) #18 SMP PREEMPT_DYNAMIC Wed Nov 29 16:57:15 KST 2023
[    0.000000][    T0] Command line: console=ttyS0 root=/dev/sda earlyprintk=serial net.ifnames=0
[    0.000000][    T0] KERNEL supported cpus:
[    0.000000][    T0]   Intel GenuineIntel
[    0.000000][    T0]   AMD AuthenticAMD
[    0.000000][    T0] BIOS-provided physical RAM map:
[    0.000000][    T0] BIOS-e820: [mem 0x0000000000000000-0x000000000009fbff] usable
[    0.000000][    T0] BIOS-e820: [mem 0x000000000009fc00-0x000000000009ffff] reserved
[    0.000000][    T0] BIOS-e820: [mem 0x00000000000f0000-0x00000000000fffff] reserved
[    0.000000][    T0] BIOS-e820: [mem 0x0000000000100000-0x000000007ffdffff] usable
[    0.000000][    T0] BIOS-e820: [mem 0x000000007ffe0000-0x000000007fffffff] reserved
[    0.000000][    T0] BIOS-e820: [mem 0x00000000feffc000-0x00000000feffffff] reserved
[    0.000000][    T0] BIOS-e820: [mem 0x00000000fffc0000-0x00000000ffffffff] reserved
[    0.000000][    T0] printk: legacy bootconsole [earlyser0] enabled
[    0.000000][    T0] ERROR: earlyprintk= earlyser already used
[    0.000000][    T0] ERROR: earlyprintk= earlyser already used
[    0.000000][    T0] ERROR: earlyprintk= earlyser already used
[    0.000000][    T0] **********************************************************
[    0.000000][    T0] **   NOTICE NOTICE NOTICE NOTICE NOTICE NOTICE NOTICE   **
[    0.000000][    T0] **                                                      **
[    0.000000][    T0] ** This system shows unhashed kernel memory addresses   **
[    0.000000][    T0] ** via the console, logs, and other interfaces. This    **
[    0.000000][    T0] ** might reduce the security of your system.            **
[    0.000000][    T0] **                                                      **
[    0.000000][    T0] ** If you see this message and you are not debugging    **
[    0.000000][    T0] ** the kernel, report this immediately to your system   **
[    0.000000][    T0] ** administrator!                                       **
[    0.000000][    T0] **                                                      **
[    0.000000][    T0] **   NOTICE NOTICE NOTICE NOTICE NOTICE NOTICE NOTICE   **
[    0.000000][    T0] **********************************************************
[    0.000000][    T0] Malformed early option 'vsyscall'
[    0.000000][    T0] NX (Execute Disable) protection: active
[    0.000000][    T0] APIC: Static calls initialized
[    0.000000][    T0] SMBIOS 2.8 present.
[    0.000000][    T0] DMI: QEMU Standard PC (i440FX + PIIX, 1996), BIOS 1.15.0-1 04/01/2014
[    0.000000][    T0] Hypervisor detected: KVM
[    0.000000][    T0] kvm-clock: Using msrs 4b564d01 and 4b564d00
[    0.000005][    T0] kvm-clock: using sched offset of 1121375851 cycles
[    0.001351][    T0] clocksource: kvm-clock: mask: 0xffffffffffffffff max_cycles: 0x1cd42e4dffb, max_idle_ns: 881590591483 ns
[    0.005349][    T0] tsc: Detected 2688.010 MHz processor
[    0.012824][    T0] last_pfn = 0x7ffe0 max_arch_pfn = 0x400000000
[    0.014328][    T0] MTRR map: 4 entries (3 fixed + 1 variable; max 19), built from 8 variable MTRRs
[    0.016364][    T0] x86/PAT: Configuration [0-7]: WB  WC  UC- UC  WB  WP  UC- WT  
[    0.027308][    T0] found SMP MP-table at [mem 0x000f5ba0-0x000f5baf]
[    0.030277][    T0] ACPI: Early table checksum verification disabled
[    0.031690][    T0] ACPI: RSDP 0x00000000000F59E0 000014 (v00 BOCHS )
[    0.033115][    T0] ACPI: RSDT 0x000000007FFE1905 000034 (v01 BOCHS  BXPC     00000001 BXPC 00000001)
[    0.035152][    T0] ACPI: FACP 0x000000007FFE17B9 000074 (v01 BOCHS  BXPC     00000001 BXPC 00000001)
[    0.037186][    T0] ACPI: DSDT 0x000000007FFE0040 001779 (v01 BOCHS  BXPC     00000001 BXPC 00000001)
[    0.039227][    T0] ACPI: FACS 0x000000007FFE0000 000040
[    0.040400][    T0] ACPI: APIC 0x000000007FFE182D 000078 (v01 BOCHS  BXPC     00000001 BXPC 00000001)
[    0.042522][    T0] ACPI: HPET 0x000000007FFE18A5 000038 (v01 BOCHS  BXPC     00000001 BXPC 00000001)
[    0.044582][    T0] ACPI: WAET 0x000000007FFE18DD 000028 (v01 BOCHS  BXPC     00000001 BXPC 00000001)
[    0.046693][    T0] ACPI: Reserving FACP table memory at [mem 0x7ffe17b9-0x7ffe182c]
[    0.048404][    T0] ACPI: Reserving DSDT table memory at [mem 0x7ffe0040-0x7ffe17b8]
[    0.050144][    T0] ACPI: Reserving FACS table memory at [mem 0x7ffe0000-0x7ffe003f]
[    0.051763][    T0] ACPI: Reserving APIC table memory at [mem 0x7ffe182d-0x7ffe18a4]
[    0.053348][    T0] ACPI: Reserving HPET table memory at [mem 0x7ffe18a5-0x7ffe18dc]
[    0.054960][    T0] ACPI: Reserving WAET table memory at [mem 0x7ffe18dd-0x7ffe1904]
[    0.057374][    T0] No NUMA configuration found
[    0.058333][    T0] Faking a node at [mem 0x0000000000000000-0x000000007ffdffff]
[    0.059869][    T0] Faking node 0 at [mem 0x0000000000000000-0x000000003fffffff] (1024MB)
[    0.061648][    T0] Faking node 1 at [mem 0x0000000040000000-0x000000007ffdffff] (1023MB)
[    0.064324][    T0] NODE_DATA(0) allocated [mem 0x3fffa000-0x3fffffff]
[    0.066437][    T0] NODE_DATA(1) allocated [mem 0x7ffd9000-0x7ffdefff]
[    0.079374][    T0] Zone ranges:
[    0.080090][    T0]   DMA      [mem 0x0000000000001000-0x0000000000ffffff]
[    0.081499][    T0]   DMA32    [mem 0x0000000001000000-0x000000007ffdffff]
[    0.082948][    T0]   Normal   empty
[    0.083657][    T0]   Device   empty
[    0.084361][    T0] Movable zone start for each node
[    0.085322][    T0] Early memory node ranges
[    0.086129][    T0]   node   0: [mem 0x0000000000001000-0x000000000009efff]
[    0.087450][    T0]   node   0: [mem 0x0000000000100000-0x000000003fffffff]
[    0.088829][    T0]   node   1: [mem 0x0000000040000000-0x000000007ffdffff]
[    0.090215][    T0] Initmem setup node 0 [mem 0x0000000000001000-0x000000003fffffff]
[    0.091639][    T0] Initmem setup node 1 [mem 0x0000000040000000-0x000000007ffdffff]
[    0.093045][    T0] On node 0, zone DMA: 1 pages in unavailable ranges
[    0.093162][    T0] On node 0, zone DMA: 97 pages in unavailable ranges
[    0.110726][    T0] On node 1, zone DMA32: 32 pages in unavailable ranges
[    0.215389][    T0] kasan: KernelAddressSanitizer initialized
[    0.219505][    T0] ACPI: PM-Timer IO Port: 0x608
[    0.221171][    T0] ACPI: LAPIC_NMI (acpi_id[0xff] dfl dfl lint[0x1])
[    0.223441][    T0] IOAPIC[0]: apic_id 0, version 17, address 0xfec00000, GSI 0-23
[    0.224891][    T0] ACPI: INT_SRC_OVR (bus 0 bus_irq 0 global_irq 2 dfl dfl)
[    0.226232][    T0] ACPI: INT_SRC_OVR (bus 0 bus_irq 5 global_irq 5 high level)
[    0.227625][    T0] ACPI: INT_SRC_OVR (bus 0 bus_irq 9 global_irq 9 high level)
[    0.229026][    T0] ACPI: INT_SRC_OVR (bus 0 bus_irq 10 global_irq 10 high level)
[    0.230483][    T0] ACPI: INT_SRC_OVR (bus 0 bus_irq 11 global_irq 11 high level)
[    0.232014][    T0] ACPI: Using ACPI (MADT) for SMP configuration information
[    0.233385][    T0] ACPI: HPET id: 0x8086a201 base: 0xfed00000
[    0.234509][    T0] smpboot: Allowing 1 CPUs, 0 hotplug CPUs
[    0.235656][    T0] kvm-guest: APIC: eoi() replaced with kvm_guest_apic_eoi_write()
[    0.237264][    T0] PM: hibernation: Registered nosave memory: [mem 0x00000000-0x00000fff]
[    0.238949][    T0] PM: hibernation: Registered nosave memory: [mem 0x0009f000-0x0009ffff]
[    0.240599][    T0] PM: hibernation: Registered nosave memory: [mem 0x000a0000-0x000effff]
[    0.242249][    T0] PM: hibernation: Registered nosave memory: [mem 0x000f0000-0x000fffff]
[    0.243907][    T0] [mem 0x80000000-0xfeffbfff] available for PCI devices
[    0.245323][    T0] Booting paravirtualized kernel on KVM
[    0.246413][    T0] clocksource: refined-jiffies: mask: 0xffffffff max_cycles: 0xffffffff, max_idle_ns: 19112604462750000 ns
[    0.383166][    T0] setup_percpu: NR_CPUS:8 nr_cpumask_bits:1 nr_cpu_ids:1 nr_node_ids:2
[    0.385373][    T0] percpu: Embedded 72 pages/cpu s255176 r8192 d31544 u2097152
[    0.386920][    T0] kvm-guest: PV spinlocks disabled, no host support
[    0.387973][    T0] Kernel command line: earlyprintk=serial net.ifnames=0 sysctl.kernel.hung_task_all_cpu_backtrace=1 ima_policy=tcb nf-conntrack-ftp.ports=20000 nf-conntrack-tftp.ports=20000 nf-conntrack-sip.ports=20000 nf-conntrack-irc.ports=20000 nf-conntrack-sane.ports=20000 binder.debug_mask=0 rcupdate.rcu_expedited=1 rcupdate.rcu_cpu_stall_cputime=1 no_hash_pointers page_owner=on sysctl.vm.nr_hugepages=4 sysctl.vm.nr_overcommit_hugepages=4 secretmem.enable=1 sysctl.max_rcu_stall_to_panic=1 msr.allow_writes=off coredump_filter=0xffff root=/dev/sda console=ttyS0 vsyscall=native numa=fake=2 kvm-intel.nested=1 spec_store_bypass_disable=prctl nopcid vivid.n_devs=16 vivid.multiplanar=1,2,1,2,1,2,1,2,1,2,1,2,1,2,1,2 netrom.nr_ndevs=16 rose.rose_ndevs=16 smp.csd_lock_timeout=100000 watchdog_thresh=55 workqueue.watchdog_thresh=140 sysctl.net.core.netdev_unregister_timeout_secs=140 dummy_hcd.num=8 panic_on_warn=1 console=ttyS0 root=/dev/sda earlyprintk=serial net.ifnames=0
[    0.404330][    T0] Unknown kernel command line parameters "spec_store_bypass_disable=prctl", will be passed to user space.
[    0.406574][    T0] Fallback order for Node 0: 0 1 
[    0.406585][    T0] Fallback order for Node 1: 1 0 
[    0.406593][    T0] Built 2 zonelists, mobility grouping on.  Total pages: 515808
[    0.409103][    T0] Policy zone: DMA32
[    0.410218][    T0] mem auto-init: stack:off, heap alloc:on, heap free:off
[    0.411190][    T0] stackdepot: allocating hash table via alloc_large_system_hash
[    0.414708][    T0] stackdepot hash table entries: 1048576 (order: 11, 8388608 bytes, linear)
[    0.496405][    T0] Memory: 1464876K/2096632K available (157696K kernel code, 38570K rwdata, 32680K rodata, 3420K init, 33712K bss, 631500K reserved, 0K cma-reserved)
[    0.500838][    T0] SLUB: HWalign=64, Order=0-3, MinObjects=0, CPUs=1, Nodes=2
[    0.532778][    T0] allocated 37748736 bytes of page_ext
[    0.533757][    T0] Node 0, zone      DMA: page owner found early allocated 0 pages
[    0.539505][    T0] Node 0, zone    DMA32: page owner found early allocated 4704 pages
[    0.541954][    T0] Node 1, zone    DMA32: page owner found early allocated 4611 pages
[    0.543865][    T0] Dynamic Preempt: full
[    0.545507][    T0] Running RCU self tests
[    0.546102][    T0] Running RCU synchronous self tests
[    0.546853][    T0] rcu: Preemptible hierarchical RCU implementation.
[    0.547758][    T0] rcu: 	RCU lockdep checking is enabled.
[    0.548565][    T0] rcu: 	RCU restricting CPUs from NR_CPUS=8 to nr_cpu_ids=1.
[    0.549562][    T0] rcu: 	RCU callback double-/use-after-free debug is enabled.
[    0.550567][    T0] rcu: 	RCU debug extended QS entry/exit.
[    0.551334][    T0] 	All grace periods are expedited (rcu_expedited).
[    0.552233][    T0] 	Trampoline variant of Tasks RCU enabled.
[    0.553055][    T0] 	Tracing variant of Tasks RCU enabled.
[    0.553832][    T0] rcu: RCU calculated value of scheduler-enlistment delay is 10 jiffies.
[    0.554986][    T0] rcu: Adjusting geometry for rcu_fanout_leaf=16, nr_cpu_ids=1
[    0.556094][    T0] Running RCU synchronous self tests
[    0.630130][    T0] NR_IRQS: 4352, nr_irqs: 256, preallocated irqs: 16
[    0.632266][    T0] rcu: srcu_init: Setting srcu_struct sizes based on contention.
[    0.633598][    T0] kfence: initialized - using 2097152 bytes for 255 objects at 0xffff88807ec00000-0xffff88807ee00000
[    0.643828][    T0] Console: colour VGA+ 80x25
[    0.644523][    T0] printk: legacy console [ttyS0] enabled
[    0.644523][    T0] printk: legacy console [ttyS0] enabled
[    0.645903][    T0] printk: legacy bootconsole [earlyser0] disabled
[    0.645903][    T0] printk: legacy bootconsole [earlyser0] disabled
[    0.647522][    T0] Lock dependency validator: Copyright (c) 2006 Red Hat, Inc., Ingo Molnar
[    0.648590][    T0] ... MAX_LOCKDEP_SUBCLASSES:  8
[    0.649197][    T0] ... MAX_LOCK_DEPTH:          48
[    0.649823][    T0] ... MAX_LOCKDEP_KEYS:        8192
[    0.650460][    T0] ... CLASSHASH_SIZE:          4096
[    0.651123][    T0] ... MAX_LOCKDEP_ENTRIES:     131072
[    0.651826][    T0] ... MAX_LOCKDEP_CHAINS:      262144
[    0.652504][    T0] ... CHAINHASH_SIZE:          131072
[    0.653167][    T0]  memory used by lock dependency info: 20785 kB
[    0.653948][    T0]  memory used for stack traces: 8320 kB
[    0.654650][    T0]  per task-struct memory footprint: 1920 bytes
[    0.655540][    T0] mempolicy: Enabling automatic NUMA balancing. Configure with numa_balancing= or the kernel.numa_balancing sysctl
[    0.657082][    T0] ACPI: Core revision 20230628
[    0.658324][    T0] clocksource: hpet: mask: 0xffffffff max_cycles: 0xffffffff, max_idle_ns: 19112604467 ns
[    0.659959][    T0] APIC: Switch to symmetric I/O mode setup
[    0.661098][    T0] x2apic enabled
[    0.662111][    T0] APIC: Switched APIC routing to: physical x2apic
[    0.666285][    T0] ..TIMER: vector=0x30 apic1=0 pin1=2 apic2=-1 pin2=-1
[    0.667361][    T0] clocksource: tsc-early: mask: 0xffffffffffffffff max_cycles: 0x26beffa22e4, max_idle_ns: 440795217853 ns
[    0.668873][    T0] Calibrating delay loop (skipped) preset value.. 5376.02 BogoMIPS (lpj=26880100)
[    0.679342][    T0] Last level iTLB entries: 4KB 0, 2MB 0, 4MB 0
[    0.680094][    T0] Last level dTLB entries: 4KB 0, 2MB 0, 4MB 0, 1GB 0
[    0.680924][    T0] Spectre V1 : Mitigation: usercopy/swapgs barriers and __user pointer sanitization
[    0.682089][    T0] Spectre V2 : Kernel not compiled with retpoline; no mitigation available!
[    0.682093][    T0] Spectre V2 : Vulnerable
[    0.683686][    T0] Spectre V2 : Spectre v2 / SpectreRSB mitigation: Filling RSB on context switch
[    0.684771][    T0] Speculative Store Bypass: Vulnerable
[    0.685432][    T0] MDS: Vulnerable: Clear CPU buffers attempted, no microcode
[    0.686322][    T0] MMIO Stale Data: Unknown: No mitigations
[    0.687066][    T0] x86/fpu: x87 FPU will use FXSAVE
[    0.732894][    T0] Freeing SMP alternatives memory: 120K
[    0.735396][    T0] pid_max: default: 32768 minimum: 301
[    0.736607][    T0] LSM: initializing lsm=lockdown,capability,landlock,yama,safesetid,tomoyo,apparmor,bpf,integrity
[    0.738303][    T0] landlock: Up and running.
[    0.738875][    T0] Yama: becoming mindful.
[    0.739540][    T0] TOMOYO Linux initialized
[    0.740836][    T0] AppArmor: AppArmor initialized
[    0.741532][    T0] LSM support for eBPF active
[    0.745897][    T0] Dentry cache hash table entries: 262144 (order: 9, 2097152 bytes, vmalloc)
[    0.749105][    T0] Inode-cache hash table entries: 131072 (order: 8, 1048576 bytes, vmalloc)
[    0.750371][    T0] Mount-cache hash table entries: 4096 (order: 3, 32768 bytes, vmalloc)
[    0.751592][    T0] Mountpoint-cache hash table entries: 4096 (order: 3, 32768 bytes, vmalloc)
[    0.756585][    T0] Running RCU synchronous self tests
[    0.757576][    T0] Running RCU synchronous self tests
[    0.879384][    T1] smpboot: CPU0: Intel QEMU Virtual CPU version 2.5+ (family: 0xf, model: 0x6b, stepping: 0x1)
[    0.883343][    T1] RCU Tasks: Setting shift to 0 and lim to 1 rcu_task_cb_adjust=1.
[    0.885144][    T1] RCU Tasks Trace: Setting shift to 0 and lim to 1 rcu_task_cb_adjust=1.
[    0.886534][    T1] Running RCU Tasks wait API self tests
[    0.989406][    T1] Running RCU Tasks Trace wait API self tests
[    0.991092][    T1] Performance Events: unsupported Netburst CPU model 107 no PMU driver, software events only.
[    0.992601][    T1] signal: max sigframe size: 1440
[    0.993658][    T1] rcu: Hierarchical SRCU implementation.
[    0.994386][    T1] rcu: 	Max phase no-delay instances is 1000.
[    0.999676][    T1] NMI watchdog: Perf NMI watchdog permanently disabled
[    1.000937][    T1] smp: Bringing up secondary CPUs ...
[    1.001849][    T1] smp: Brought up 2 nodes, 1 CPU
[    1.002918][    T1] smpboot: Max logical packages: 1
[    1.003595][    T1] smpboot: Total of 1 processors activated (5376.02 BogoMIPS)
[    1.006895][    T1] devtmpfs: initialized
[    1.008577][    T1] x86/mm: Memory block size: 128MB
[    1.008919][   T15] Callback from call_rcu_tasks_trace() invoked.
[    1.028261][    T1] Running RCU synchronous self tests
[    1.028939][    T1] Running RCU synchronous self tests
[    1.029768][    T1] clocksource: jiffies: mask: 0xffffffff max_cycles: 0xffffffff, max_idle_ns: 19112604462750000 ns
[    1.031213][    T1] futex hash table entries: 256 (order: 3, 32768 bytes, vmalloc)
[    1.035515][    T1] PM: RTC time: 04:54:45, date: 2023-12-01
[    1.047775][    T1] NET: Registered PF_NETLINK/PF_ROUTE protocol family
[    1.053692][    T1] audit: initializing netlink subsys (disabled)
[    1.055100][   T22] audit: type=2000 audit(1701406485.905:1): state=initialized audit_enabled=0 res=1
[    1.059109][    T1] thermal_sys: Registered thermal governor 'step_wise'
[    1.059116][    T1] thermal_sys: Registered thermal governor 'user_space'
[    1.060313][    T1] cpuidle: using governor menu
[    1.062072][    T1] NET: Registered PF_QIPCRTR protocol family
[    1.067460][    T1] dca service started, version 1.12.1
[    1.068423][    T1] PCI: Using configuration type 1 for base access
[    1.080159][    T1] HugeTLB: registered 2.00 MiB page size, pre-allocated 0 pages
[    1.081317][    T1] HugeTLB: 28 KiB vmemmap can be freed for a 2.00 MiB page
[    1.090755][    T1] cryptd: max_cpu_qlen set to 1000
[    1.100321][    T1] raid6: skipped pq benchmark and selected sse2x4
[    1.101226][    T1] raid6: using intx1 recovery algorithm
[    1.102873][    T1] ACPI: Added _OSI(Module Device)
[    1.103566][    T1] ACPI: Added _OSI(Processor Device)
[    1.104270][    T1] ACPI: Added _OSI(3.0 _SCP Extensions)
[    1.105105][    T1] ACPI: Added _OSI(Processor Aggregator Device)
[    1.206317][    T1] ACPI: 1 ACPI AML tables successfully acquired and loaded
[    1.250520][    T1] ACPI: _OSC evaluation for CPUs failed, trying _PDC
[    1.256681][    T1] ACPI: Interpreter enabled
[    1.257715][    T1] ACPI: PM: (supports S0 S3 S4 S5)
[    1.258460][    T1] ACPI: Using IOAPIC for interrupt routing
[    1.269134][    T1] PCI: Using host bridge windows from ACPI; if necessary, use "pci=nocrs" and report a bug
[    1.270537][    T1] PCI: Using E820 reservations for host bridge windows
[    1.274406][    T1] ACPI: Enabled 2 GPEs in block 00 to 0F
[    1.482414][    T1] ACPI: PCI Root Bridge [PCI0] (domain 0000 [bus 00-ff])
[    1.483497][    T1] acpi PNP0A03:00: _OSC: OS supports [ASPM ClockPM Segments MSI HPX-Type3]
[    1.484659][    T1] acpi PNP0A03:00: _OSC: not requesting OS control; OS requires [ExtendedConfig ASPM ClockPM MSI]
[    1.486510][    T1] acpi PNP0A03:00: fail to add MMCONFIG information, can't access extended configuration space under this bridge
[    1.499859][    T1] PCI host bridge to bus 0000:00
[    1.500586][    T1] pci_bus 0000:00: Unknown NUMA node; performance will be reduced
[    1.501671][    T1] pci_bus 0000:00: root bus resource [io  0x0000-0x0cf7 window]
[    1.502717][    T1] pci_bus 0000:00: root bus resource [io  0x0d00-0xffff window]
[    1.503761][    T1] pci_bus 0000:00: root bus resource [mem 0x000a0000-0x000bffff window]
[    1.504897][    T1] pci_bus 0000:00: root bus resource [mem 0x80000000-0xfebfffff window]
[    1.506034][    T1] pci_bus 0000:00: root bus resource [mem 0x100000000-0x17fffffff window]
[    1.507226][    T1] pci_bus 0000:00: root bus resource [bus 00-ff]
[    1.508537][    T1] pci 0000:00:00.0: [8086:1237] type 00 class 0x060000
[    1.555563][    T1] pci 0000:00:01.0: [8086:7000] type 00 class 0x060100
[    1.570150][    T1] pci 0000:00:01.1: [8086:7010] type 00 class 0x010180
[    1.572747][    T1] pci 0000:00:01.1: reg 0x20: [io  0xc020-0xc02f]
[    1.574245][    T1] pci 0000:00:01.1: legacy IDE quirk: reg 0x10: [io  0x01f0-0x01f7]
[    1.575349][    T1] pci 0000:00:01.1: legacy IDE quirk: reg 0x14: [io  0x03f6]
[    1.576320][    T1] pci 0000:00:01.1: legacy IDE quirk: reg 0x18: [io  0x0170-0x0177]
[    1.577382][    T1] pci 0000:00:01.1: legacy IDE quirk: reg 0x1c: [io  0x0376]
[    1.589446][    T1] pci 0000:00:01.3: [8086:7113] type 00 class 0x068000
[    1.591305][    T1] pci 0000:00:01.3: quirk: [io  0x0600-0x063f] claimed by PIIX4 ACPI
[    1.592435][    T1] pci 0000:00:01.3: quirk: [io  0x0700-0x070f] claimed by PIIX4 SMB
[    1.594340][    T1] pci 0000:00:02.0: [1234:1111] type 00 class 0x030000
[    1.596664][    T1] pci 0000:00:02.0: reg 0x10: [mem 0xfd000000-0xfdffffff pref]
[    1.619442][    T1] pci 0000:00:02.0: reg 0x18: [mem 0xfeb90000-0xfeb90fff]
[    1.625131][    T1] pci 0000:00:02.0: reg 0x30: [mem 0xfeb80000-0xfeb8ffff pref]
[    1.627228][    T1] pci 0000:00:02.0: Video device with shadowed ROM at [mem 0x000c0000-0x000dffff]
[    1.638875][    T1] pci 0000:00:02.0: pci_fixup_video+0x0/0x330 took 19531 usecs
[    1.699076][    T1] pci 0000:00:03.0: [1af4:1000] type 00 class 0x020000
[    1.700778][    T1] pci 0000:00:03.0: reg 0x10: [io  0xc000-0xc01f]
[    1.702220][    T1] pci 0000:00:03.0: reg 0x14: [mem 0xfeb91000-0xfeb91fff]
[    1.705311][    T1] pci 0000:00:03.0: reg 0x20: [mem 0xfe000000-0xfe003fff 64bit pref]
[    1.707663][    T1] pci 0000:00:03.0: reg 0x30: [mem 0xfeb00000-0xfeb7ffff pref]
[    1.789042][    T1] ACPI: PCI: Interrupt link LNKA configured for IRQ 10
[    1.792971][    T1] ACPI: PCI: Interrupt link LNKB configured for IRQ 10
[    1.796734][    T1] ACPI: PCI: Interrupt link LNKC configured for IRQ 11
[    1.810594][    T1] ACPI: PCI: Interrupt link LNKD configured for IRQ 11
[    1.812533][    T1] ACPI: PCI: Interrupt link LNKS configured for IRQ 9
[    1.828918][    T1] iommu: Default domain type: Translated
[    1.829721][    T1] iommu: DMA domain TLB invalidation policy: lazy mode
[    1.833625][    T1] SCSI subsystem initialized
[    1.839851][    T1] ACPI: bus type USB registered
[    1.840954][    T1] usbcore: registered new interface driver usbfs
[    1.841936][    T1] usbcore: registered new interface driver hub
[    1.842849][    T1] usbcore: registered new device driver usb
[    1.844637][    T1] mc: Linux media interface: v0.10
[    1.845441][    T1] videodev: Linux video capture interface: v2.00
[    1.846659][    T1] pps_core: LinuxPPS API ver. 1 registered
[    1.847430][    T1] pps_core: Software ver. 5.3.6 - Copyright 2005-2007 Rodolfo Giometti <giometti@linux.it>
[    1.848781][    T1] PTP clock support registered
[    1.859687][    T1] EDAC MC: Ver: 3.0.0
[    1.862458][    T1] Advanced Linux Sound Architecture Driver Initialized.
[    1.866273][    T1] Bluetooth: Core ver 2.22
[    1.866981][    T1] NET: Registered PF_BLUETOOTH protocol family
[    1.867798][    T1] Bluetooth: HCI device and connection manager initialized
[    1.878891][    T1] Bluetooth: HCI socket layer initialized
[    1.879783][    T1] Bluetooth: L2CAP socket layer initialized
[    1.880645][    T1] Bluetooth: SCO socket layer initialized
[    1.881435][    T1] NET: Registered PF_ATMPVC protocol family
[    1.882184][    T1] NET: Registered PF_ATMSVC protocol family
[    1.883221][    T1] NetLabel: Initializing
[    1.883796][    T1] NetLabel:  domain hash size = 128
[    1.884554][    T1] NetLabel:  protocols = UNLABELED CIPSOv4 CALIPSO
[    1.885705][    T1] NetLabel:  unlabeled traffic allowed by default
[    1.899498][    T1] nfc: nfc_init: NFC Core ver 0.1
[    1.900472][    T1] NET: Registered PF_NFC protocol family
[    1.901302][    T1] PCI: Using ACPI for IRQ routing
[    1.902660][    T1] pci 0000:00:02.0: vgaarb: setting as boot VGA device
[    1.903605][    T1] pci 0000:00:02.0: vgaarb: bridge control possible
[    1.904471][    T1] pci 0000:00:02.0: vgaarb: VGA device added: decodes=io+mem,owns=io+mem,locks=none
[    1.905702][    T1] vgaarb: loaded
[    1.919148][    T1] hpet: 3 channels of 0 reserved for per-cpu timers
[    1.920108][    T1] hpet0: at MMIO 0xfed00000, IRQs 2, 8, 0
[    1.920867][    T1] hpet0: 3 comparators, 64-bit 100.000000 MHz counter
[    1.939327][    T1] clocksource: Switched to clocksource kvm-clock
[    1.942883][    T1] VFS: Disk quotas dquot_6.6.0
[    1.943694][    T1] VFS: Dquot-cache hash table entries: 512 (order 0, 4096 bytes)
[    1.945293][    T1] FS-Cache: Loaded
[    1.948863][    T1] CacheFiles: Loaded
[    1.949543][    T1] TOMOYO: 2.6.0
[    1.950030][    T1] Mandatory Access Control activated.
[    1.952956][    T1] AppArmor: AppArmor Filesystem Enabled
[    1.954004][    T1] pnp: PnP ACPI init
[    1.972696][    T1] pnp: PnP ACPI: found 6 devices
[    2.035187][    T1] clocksource: acpi_pm: mask: 0xffffff max_cycles: 0xffffff, max_idle_ns: 2085701024 ns
[    2.046267][    T1] NET: Registered PF_INET protocol family
[    2.047939][    T1] IP idents hash table entries: 32768 (order: 6, 262144 bytes, vmalloc)
[    2.068675][    T1] tcp_listen_portaddr_hash hash table entries: 1024 (order: 4, 73728 bytes, vmalloc)
[    2.070484][    T1] Table-perturb hash table entries: 65536 (order: 6, 262144 bytes, vmalloc)
[    2.072024][    T1] TCP established hash table entries: 16384 (order: 5, 131072 bytes, vmalloc)
[    2.088092][    T1] TCP bind hash table entries: 16384 (order: 9, 2359296 bytes, vmalloc)
[    2.089982][    T1] TCP: Hash tables configured (established 16384 bind 16384)
[    2.092008][    T1] MPTCP token hash table entries: 2048 (order: 5, 180224 bytes, vmalloc)
[    2.093688][    T1] UDP hash table entries: 1024 (order: 5, 163840 bytes, vmalloc)
[    2.095139][    T1] UDP-Lite hash table entries: 1024 (order: 5, 163840 bytes, vmalloc)
[    2.106303][    T1] NET: Registered PF_UNIX/PF_LOCAL protocol family
[    2.108700][    T1] RPC: Registered named UNIX socket transport module.
[    2.109668][    T1] RPC: Registered udp transport module.
[    2.110409][    T1] RPC: Registered tcp transport module.
[    2.111146][    T1] RPC: Registered tcp-with-tls transport module.
[    2.111986][    T1] RPC: Registered tcp NFSv4.1 backchannel transport module.
[    2.125578][    T1] NET: Registered PF_XDP protocol family
[    2.126516][    T1] pci_bus 0000:00: resource 4 [io  0x0000-0x0cf7 window]
[    2.127521][    T1] pci_bus 0000:00: resource 5 [io  0x0d00-0xffff window]
[    2.128498][    T1] pci_bus 0000:00: resource 6 [mem 0x000a0000-0x000bffff window]
[    2.129553][    T1] pci_bus 0000:00: resource 7 [mem 0x80000000-0xfebfffff window]
[    2.130581][    T1] pci_bus 0000:00: resource 8 [mem 0x100000000-0x17fffffff window]
[    2.132526][    T1] pci 0000:00:01.0: PIIX3: Enabling Passive Release
[    2.133451][    T1] pci 0000:00:00.0: Limiting direct PCI/PCI transfers
[    2.134484][    T1] PCI: CLS 0 bytes, default 64
[    2.145669][    T1] ACPI: bus type thunderbolt registered
[    2.149119][    T1] kvm_intel: VMX not supported by CPU 0
[    2.149909][    T1] kvm_amd: CPU 0 isn't AMD or Hygon
[    2.150644][    T1] clocksource: tsc: mask: 0xffffffffffffffff max_cycles: 0x26beffa22e4, max_idle_ns: 440795217853 ns
[    2.156634][   T52] kworker/u2:2 (52) used greatest stack depth: 27328 bytes left
[    2.159025][   T56] kworker/u2:2 (56) used greatest stack depth: 26928 bytes left
[    2.166883][    T1] twofish-x86_64-3way: performance on this CPU would be suboptimal: disabling twofish-x86_64-3way.
[    2.168391][    T1] CPU feature 'AVX registers' is not supported.
[    2.169366][    T1] CPU feature 'AVX registers' is not supported.
[    2.170223][    T1] AVX2 instructions are not detected.
[    2.170958][    T1] des3_ede-x86_64: performance on this CPU would be suboptimal: disabling des3_ede-x86_64.
[    2.172329][    T1] camellia-x86_64: performance on this CPU would be suboptimal: disabling camellia-x86_64.
[    2.173706][    T1] AVX or AES-NI instructions are not detected.
[    2.174555][    T1] AVX2 or AES-NI instructions are not detected.
[    2.175398][    T1] blowfish-x86_64: performance on this CPU would be suboptimal: disabling blowfish-x86_64.
[    2.195765][    T1] CPU feature 'AVX registers' is not supported.
[    2.196647][    T1] CPU feature 'AVX registers' is not supported.
[    2.197457][    T1] PCLMULQDQ-NI instructions are not detected.
[    2.198231][    T1] sm3_avx_x86_64: AVX instruction are not detected.
[    2.199030][    T1] AVX or AES-NI instructions are not detected.
[    2.199770][    T1] AVX2 or AES-NI instructions are not detected.
[    2.200520][    T1] AVX or AES-NI instructions are not detected.
[    3.773599][    T1] Initialise system trusted keyrings
[    3.775898][    T1] workingset: timestamp_bits=40 max_order=19 bucket_order=0
[    3.781994][    T1] DLM installed
[    3.784094][    T1] squashfs: version 4.0 (2009/01/31) Phillip Lougher
[    3.789442][    T1] NFS: Registering the id_resolver key type
[    3.790361][    T1] Key type id_resolver registered
[    3.791074][    T1] Key type id_legacy registered
[    3.791823][    T1] nfs4filelayout_init: NFSv4 File Layout Driver Registering...
[    3.792974][    T1] nfs4flexfilelayout_init: NFSv4 Flexfile Layout Driver Registering...
[    3.798885][    T1] Key type cifs.spnego registered
[    3.799671][    T1] Key type cifs.idmap registered
[    3.800434][    T1] ntfs: driver 2.1.32 [Flags: R/W].
[    3.801213][    T1] ntfs3: Max link count 4000
[    3.801787][    T1] ntfs3: Enabled Linux POSIX ACLs support
[    3.802509][    T1] ntfs3: Read-only LZX/Xpress compression included
[    3.803511][    T1] efs: 1.0a - http://aeschi.ch.eu.org/efs/
[    3.804262][    T1] jffs2: version 2.2. (NAND) (SUMMARY)  Â© 2001-2006 Red Hat, Inc.
[    3.806702][    T1] romfs: ROMFS MTD (C) 2007 Red Hat, Inc.
[    3.807499][    T1] QNX4 filesystem 0.2.3 registered.
[    3.808223][    T1] qnx6: QNX6 filesystem 1.0.0 registered.
[    3.809954][    T1] fuse: init (API version 7.39)
[    3.813446][    T1] orangefs_debugfs_init: called with debug mask: :none: :0:
[    3.814827][    T1] orangefs_init: module version upstream loaded
[    3.815971][    T1] JFS: nTxBlock = 8192, nTxLock = 65536
[    3.832750][    T1] SGI XFS with ACLs, security attributes, realtime, quota, no debug enabled
[    3.835752][   T14] Callback from call_rcu_tasks() invoked.
[    3.837174][    T1] 9p: Installing v9fs 9p2000 file system support
[    3.838270][    T1] NILFS version 2 loaded
[    3.838845][    T1] befs: version: 0.9.3
[    3.839735][    T1] ocfs2: Registered cluster interface o2cb
[    3.841078][    T1] ocfs2: Registered cluster interface user
[    3.843290][    T1] OCFS2 User DLM kernel interface loaded
[    3.855839][    T1] gfs2: GFS2 installed
[    3.864921][    T1] ceph: loaded (mds proto 32)
[    3.878143][    T1] NET: Registered PF_ALG protocol family
[    3.879269][    T1] xor: measuring software checksum speed
[    3.881116][    T1]    prefetch64-sse  : 29127 MB/sec
[    3.882141][    T1]    generic_sse     : 30251 MB/sec
[    3.882821][    T1] xor: using function: generic_sse (30251 MB/sec)
[    3.883729][    T1] async_tx: api initialized (async)
[    3.884433][    T1] Key type asymmetric registered
[    3.885091][    T1] Asymmetric key parser 'x509' registered
[    3.886046][    T1] Asymmetric key parser 'pkcs8' registered
[    3.886808][    T1] Key type pkcs7_test registered
[    3.887605][    T1] Block layer SCSI generic (bsg) driver version 0.4 loaded (major 239)
[    3.889693][    T1] io scheduler mq-deadline registered
[    3.890443][    T1] io scheduler kyber registered
[    3.891187][    T1] io scheduler bfq registered
[    3.900271][    T1] input: Power Button as /devices/LNXSYSTM:00/LNXPWRBN:00/input/input0
[    3.926907][    T1] ACPI: button: Power Button [PWRF]
[    3.933768][    T1] ioatdma: Intel(R) QuickData Technology Driver 5.00
[    6.841788][    T1] ACPI: \_SB_.LNKC: Enabled at IRQ 11
[    7.252185][  T655] kworker/u2:1 (655) used greatest stack depth: 26592 bytes left
[    7.266656][    T1] N_HDLC line discipline registered with maxframe=4096
[    7.267692][    T1] Serial: 8250/16550 driver, 4 ports, IRQ sharing enabled
[    7.272897][    T1] 00:04: ttyS0 at I/O 0x3f8 (irq = 4, base_baud = 115200) is a 16550A
[    7.319679][    T1] Non-volatile memory driver v1.3
[    7.321243][    T1] Linux agpgart interface v0.103
[    7.328244][    T1] ACPI: bus type drm_connector registered
[    7.338579][    T1] [drm] Initialized vgem 1.0.0 20120112 for vgem on minor 0
[    7.345862][    T1] [drm] Initialized vkms 1.0.0 20180514 for vkms on minor 1
[    7.410312][    T1] Console: switching to colour frame buffer device 128x48
[    7.427505][    T1] platform vkms: [drm] fb0: vkmsdrmfb frame buffer device
[    7.429372][    T1] usbcore: registered new interface driver udl
[    7.432963][    T1] bochs-drm 0000:00:02.0: vgaarb: deactivate vga console
[    7.440400][    T1] [drm] Found bochs VGA, ID 0xb0c5.
[    7.441175][    T1] [drm] Framebuffer size 16384 kB @ 0xfd000000, mmio @ 0xfeb90000.
[    7.445142][    T1] [drm] Found EDID data blob.
[    7.449111][    T1] [drm] Initialized bochs-drm 1.0.0 20130925 for 0000:00:02.0 on minor 2
[    7.459564][    T1] fbcon: bochs-drmdrmfb (fb1) is primary device
[    7.459574][    T1] fbcon: Remapping primary device, fb1, to tty 1-63
[    7.812594][    T1] bochs-drm 0000:00:02.0: [drm] fb1: bochs-drmdrmfb frame buffer device
[    7.893927][    T1] brd: module loaded
[    7.980018][    T1] loop: module loaded
[    8.075833][    T1] zram: Added device: zram0
[    8.084007][    T1] null_blk: disk nullb0 created
[    8.084815][    T1] null_blk: module loaded
[    8.086824][    T1] Guest personality initialized and is inactive
[    8.088889][    T1] VMCI host device registered (name=vmci, major=10, minor=118)
[    8.090030][    T1] Initialized host personality
[    8.090977][    T1] usbcore: registered new interface driver rtsx_usb
[    8.093989][    T1] usbcore: registered new interface driver viperboard
[    8.096695][    T1] usbcore: registered new interface driver dln2
[    8.098551][    T1] usbcore: registered new interface driver pn533_usb
[    8.104080][    T1] nfcsim 0.2 initialized
[    8.105385][    T1] usbcore: registered new interface driver port100
[    8.107340][    T1] usbcore: registered new interface driver nfcmrvl
[    8.112640][    T1] Loading iSCSI transport class v2.0-870.
[    8.126837][    T1] st: Version 20160209, fixed bufsize 32768, s/g segs 256
[    8.161043][    T1] scsi host0: ata_piix
[    8.165125][    T1] scsi host1: ata_piix
[    8.168318][    T1] ata1: PATA max MWDMA2 cmd 0x1f0 ctl 0x3f6 bmdma 0xc020 irq 14 lpm-pol 0
[    8.169625][    T1] ata2: PATA max MWDMA2 cmd 0x170 ctl 0x376 bmdma 0xc028 irq 15 lpm-pol 0
[    8.177814][    T1] Rounding down aligned max_sectors from 4294967295 to 4294967288
[    8.179279][    T1] db_root: cannot open: /etc/target
[    8.181265][    T1] slram: not enough parameters.
[    8.189830][    T1] ftl_cs: FTL header not found.
[    8.228520][    T1] wireguard: WireGuard 1.0.0 loaded. See www.wireguard.com for information.
[    8.229837][    T1] wireguard: Copyright (C) 2015-2019 Jason A. Donenfeld <Jason@zx2c4.com>. All Rights Reserved.
[    8.231540][    T1] eql: Equalizer2002: Simon Janes (simon@ncm.com) and David S. Miller (davem@redhat.com)
[    8.242547][    T1] MACsec IEEE 802.1AE
[    8.255123][    T1] tun: Universal TUN/TAP device driver, 1.6
[    8.282866][    T1] vcan: Virtual CAN interface driver
[    8.283632][    T1] vxcan: Virtual CAN Tunnel driver
[    8.284313][    T1] slcan: serial line CAN interface driver
[    8.285094][    T1] CAN device driver interface
[    8.286448][    T1] usbcore: registered new interface driver usb_8dev
[    8.288011][    T1] usbcore: registered new interface driver ems_usb
[    8.289409][    T1] usbcore: registered new interface driver gs_usb
[    8.290551][    T1] usbcore: registered new interface driver kvaser_usb
[    8.292285][    T1] usbcore: registered new interface driver mcba_usb
[    8.293672][    T1] usbcore: registered new interface driver peak_usb
[    8.298399][    T1] e100: Intel(R) PRO/100 Network Driver
[    8.299213][    T1] e100: Copyright(c) 1999-2006 Intel Corporation
[    8.300290][    T1] e1000: Intel(R) PRO/1000 Network Driver
[    8.301066][    T1] e1000: Copyright (c) 1999-2006 Intel Corporation.
[    8.303087][    T1] e1000e: Intel(R) PRO/1000 Network Driver
[    8.303990][    T1] e1000e: Copyright(c) 1999 - 2015 Intel Corporation.
[    8.308724][    T1] mkiss: AX.25 Multikiss, Hans Albas PE1AYX
[    8.309672][    T1] AX.25: 6pack driver, Revision: 0.3.0
[    8.310597][    T1] AX.25: bpqether driver version 004
[    8.311337][    T1] PPP generic driver version 2.4.2
[    8.313824][    T1] PPP BSD Compression module registered
[    8.314643][    T1] PPP Deflate Compression module registered
[    8.316050][    T1] PPP MPPE Compression module registered
[    8.316877][    T1] NET: Registered PF_PPPOX protocol family
[    8.317723][    T1] PPTP driver version 0.8.5
[    8.319353][    T1] SLIP: version 0.8.4-NET3.019-NEWTTY (dynamic channels, max=256) (6 bit encapsulation enabled).
[    8.320827][    T1] CSLIP: code copyright 1989 Regents of the University of California.
[    8.322008][    T1] SLIP linefill/keepalive option.
[    8.322725][    T1] hdlc: HDLC support module revision 1.22
[    8.323544][    T1] LAPB Ethernet driver version 0.02
[    8.326282][    T1] usbcore: registered new interface driver ath9k_htc
[    8.327407][    T1] usbcore: registered new interface driver carl9170
[    8.328458][    T1] usbcore: registered new interface driver ath6kl_usb
[    8.329525][    T1] usbcore: registered new interface driver ar5523
[    8.330625][    T1] usbcore: registered new interface driver ath10k_usb
[    8.331644][    T1] usbcore: registered new interface driver rndis_wlan
[    8.332772][    T1] mac80211_hwsim: initializing netlink
[    8.338520][  T969] ata1: found unknown device (class 0)
[    8.344759][  T969] ata1.00: ATA-7: QEMU HARDDISK, 2.5+, max UDMA/100
[    8.345794][  T969] ata1.00: 16777208 sectors, multi 16: LBA48 
[    8.347015][  T974] ata2: found unknown device (class 0)
[    8.348835][  T974] ata2.00: ATAPI: QEMU DVD-ROM, 2.5+, max UDMA/100
[    8.351397][   T12] scsi 0:0:0:0: Direct-Access     ATA      QEMU HARDDISK    2.5+ PQ: 0 ANSI: 5
[    8.362491][ T1020] sd 0:0:0:0: [sda] 16777208 512-byte logical blocks: (8.59 GB/8.00 GiB)
[    8.363852][ T1020] sd 0:0:0:0: [sda] Write Protect is off
[    8.364789][ T1020] sd 0:0:0:0: [sda] Write cache: enabled, read cache: enabled, doesn't support DPO or FUA
[    8.369807][   T12] sd 0:0:0:0: Attached scsi generic sg0 type 0
[    8.380238][   T42] scsi 1:0:0:0: CD-ROM            QEMU     QEMU DVD-ROM     2.5+ PQ: 0 ANSI: 5
[    8.387204][ T1020] sd 0:0:0:0: [sda] Preferred minimum I/O size 512 bytes
[    8.410432][ T1020] sd 0:0:0:0: [sda] Attached SCSI disk
[    8.413209][    T1] usbcore: registered new interface driver atusb
[    8.422827][    T1] mac802154_hwsim mac802154_hwsim: Added 2 mac802154 hwsim hardware radios
[    8.424598][    T1] VMware vmxnet3 virtual NIC driver - version 1.7.0.0-k-NAPI
[    8.434180][    T1] usbcore: registered new interface driver catc
[    8.436885][   T42] sr 1:0:0:0: [sr0] scsi3-mmc drive: 4x/4x cd/rw xa/form2 tray
[    8.437867][   T42] cdrom: Uniform CD-ROM driver Revision: 3.20
[    8.439182][    T1] usbcore: registered new interface driver kaweth
[    8.439985][    T1] pegasus: Pegasus/Pegasus II USB Ethernet driver
[    8.441417][    T1] usbcore: registered new interface driver pegasus
[    8.442725][    T1] usbcore: registered new interface driver rtl8150
[    8.444051][    T1] usbcore: registered new device driver r8152-cfgselector
[    8.445455][    T1] usbcore: registered new interface driver r8152
[    8.448991][    T1] hso: drivers/net/usb/hso.c: Option Wireless
[    8.454847][    T1] usbcore: registered new interface driver hso
[    8.457916][    T1] usbcore: registered new interface driver lan78xx
[    8.458868][    T1] usbcore: registered new interface driver asix
[    8.459767][    T1] usbcore: registered new interface driver ax88179_178a
[    8.460747][    T1] usbcore: registered new interface driver cdc_ether
[    8.461653][    T1] usbcore: registered new interface driver cdc_eem
[    8.462564][    T1] usbcore: registered new interface driver dm9601
[    8.463462][    T1] usbcore: registered new interface driver sr9700
[    8.464367][    T1] usbcore: registered new interface driver CoreChips
[    8.465304][    T1] usbcore: registered new interface driver smsc75xx
[    8.471559][   T42] sr 1:0:0:0: Attached scsi generic sg1 type 5
[    8.475398][    T1] usbcore: registered new interface driver smsc95xx
[    8.477007][    T1] usbcore: registered new interface driver gl620a
[    8.478627][    T1] usbcore: registered new interface driver net1080
[    8.480266][    T1] usbcore: registered new interface driver plusb
[    8.481600][    T1] usbcore: registered new interface driver rndis_host
[    8.482937][    T1] usbcore: registered new interface driver cdc_subset
[    8.484348][    T1] usbcore: registered new interface driver zaurus
[    8.485960][    T1] usbcore: registered new interface driver MOSCHIP usb-ethernet driver
[    8.489758][    T1] usbcore: registered new interface driver int51x1
[    8.491432][    T1] usbcore: registered new interface driver cdc_phonet
[    8.493038][    T1] usbcore: registered new interface driver kalmia
[    8.494923][    T1] usbcore: registered new interface driver ipheth
[    8.498128][    T1] usbcore: registered new interface driver sierra_net
[    8.499600][    T1] usbcore: registered new interface driver cx82310_eth
[    8.500999][    T1] usbcore: registered new interface driver cdc_ncm
[    8.502368][    T1] usbcore: registered new interface driver huawei_cdc_ncm
[    8.503790][    T1] usbcore: registered new interface driver lg-vl600
[    8.505109][    T1] usbcore: registered new interface driver qmi_wwan
[    8.507345][    T1] usbcore: registered new interface driver cdc_mbim
[    8.508655][    T1] usbcore: registered new interface driver ch9200
[    8.510163][    T1] usbcore: registered new interface driver r8153_ecm
[    8.516750][    T1] VFIO - User Level meta-driver version: 0.3
[    8.524059][    T1] aoe: AoE v85 initialised.
[    8.540547][    T1] SPI driver max3421-hcd has no spi_device_id for maxim,max3421
[    8.541935][    T1] usbcore: registered new interface driver cdc_acm
[    8.542832][    T1] cdc_acm: USB Abstract Control Model driver for USB modems and ISDN adapters
[    8.544135][    T1] usbcore: registered new interface driver usblp
[    8.545089][    T1] usbcore: registered new interface driver cdc_wdm
[    8.554402][    T1] usbcore: registered new interface driver usbtmc
[    8.561056][    T1] usbcore: registered new interface driver uas
[    8.562536][    T1] usbcore: registered new interface driver usb-storage
[    8.564036][    T1] usbcore: registered new interface driver ums-alauda
[    8.565734][    T1] usbcore: registered new interface driver ums-cypress
[    8.567208][    T1] usbcore: registered new interface driver ums-datafab
[    8.568649][    T1] usbcore: registered new interface driver ums_eneub6250
[    8.570106][    T1] usbcore: registered new interface driver ums-freecom
[    8.571699][    T1] usbcore: registered new interface driver ums-isd200
[    8.573713][    T1] usbcore: registered new interface driver ums-jumpshot
[    8.575261][    T1] usbcore: registered new interface driver ums-karma
[    8.576785][    T1] usbcore: registered new interface driver ums-onetouch
[    8.578223][    T1] usbcore: registered new interface driver ums-realtek
[    8.579702][    T1] usbcore: registered new interface driver ums-sddr09
[    8.581170][    T1] usbcore: registered new interface driver ums-sddr55
[    8.582623][    T1] usbcore: registered new interface driver ums-usbat
[    8.584090][    T1] usbcore: registered new interface driver mdc800
[    8.584996][    T1] mdc800: v0.7.5 (30/10/2000):USB Driver for Mustek MDC800 Digital Camera
[    8.587398][    T1] usbcore: registered new interface driver microtekX6
[    8.588730][    T1] usbcore: registered new interface driver usbserial_generic
[    8.590132][    T1] usbserial: USB Serial support registered for generic
[    8.591250][    T1] usbcore: registered new interface driver aircable
[    8.592249][    T1] usbserial: USB Serial support registered for aircable
[    8.593297][    T1] usbcore: registered new interface driver ark3116
[    8.594271][    T1] usbserial: USB Serial support registered for ark3116
[    8.595309][    T1] usbcore: registered new interface driver belkin_sa
[    8.601284][    T1] usbserial: USB Serial support registered for Belkin / Peracom / GoHubs USB Serial Adapter
[    8.603812][    T1] usbcore: registered new interface driver ch341
[    8.605308][    T1] usbserial: USB Serial support registered for ch341-uart
[    8.607245][    T1] usbcore: registered new interface driver cp210x
[    8.608757][    T1] usbserial: USB Serial support registered for cp210x
[    8.610211][    T1] usbcore: registered new interface driver cyberjack
[    8.611739][    T1] usbserial: USB Serial support registered for Reiner SCT Cyberjack USB card reader
[    8.613796][    T1] usbcore: registered new interface driver cypress_m8
[    8.615273][    T1] usbserial: USB Serial support registered for DeLorme Earthmate USB
[    8.617807][    T1] usbserial: USB Serial support registered for HID->COM RS232 Adapter
[    8.620108][    T1] usbserial: USB Serial support registered for Nokia CA-42 V2 Adapter
[    8.621868][    T1] usbcore: registered new interface driver usb_debug
[    8.623242][    T1] usbserial: USB Serial support registered for debug
[    8.624636][    T1] usbserial: USB Serial support registered for xhci_dbc
[    8.628498][    T1] usbcore: registered new interface driver digi_acceleport
[    8.630044][    T1] usbserial: USB Serial support registered for Digi 2 port USB adapter
[    8.631664][    T1] usbserial: USB Serial support registered for Digi 4 port USB adapter
[    8.633288][    T1] usbcore: registered new interface driver io_edgeport
[    8.634749][    T1] usbserial: USB Serial support registered for Edgeport 2 port adapter
[    8.636835][    T1] usbserial: USB Serial support registered for Edgeport 4 port adapter
[    8.638512][    T1] usbserial: USB Serial support registered for Edgeport 8 port adapter
[    8.640142][    T1] usbserial: USB Serial support registered for EPiC device
[    8.641682][    T1] usbcore: registered new interface driver io_ti
[    8.643082][    T1] usbserial: USB Serial support registered for Edgeport TI 1 port adapter
[    8.644778][    T1] usbserial: USB Serial support registered for Edgeport TI 2 port adapter
[    8.647096][    T1] usbcore: registered new interface driver empeg
[    8.648537][    T1] usbserial: USB Serial support registered for empeg
[    8.650065][    T1] usbcore: registered new interface driver f81534a_ctrl
[    8.651637][    T1] usbcore: registered new interface driver f81232
[    8.653102][    T1] usbserial: USB Serial support registered for f81232
[    8.654601][    T1] usbserial: USB Serial support registered for f81534a
[    8.656681][    T1] usbcore: registered new interface driver f81534
[    8.657822][    T1] usbserial: USB Serial support registered for Fintek F81532/F81534
[    8.659869][    T1] usbcore: registered new interface driver ftdi_sio
[    8.661364][    T1] usbserial: USB Serial support registered for FTDI USB Serial Device
[    8.663091][    T1] usbcore: registered new interface driver garmin_gps
[    8.664725][    T1] usbserial: USB Serial support registered for Garmin GPS usb/tty
[    8.666981][    T1] usbcore: registered new interface driver ipaq
[    8.668114][    T1] usbserial: USB Serial support registered for PocketPC PDA
[    8.670161][    T1] usbcore: registered new interface driver ipw
[    8.671676][    T1] usbserial: USB Serial support registered for IPWireless converter
[    8.673427][    T1] usbcore: registered new interface driver ir_usb
[    8.674973][    T1] usbserial: USB Serial support registered for IR Dongle
[    8.677122][    T1] usbcore: registered new interface driver iuu_phoenix
[    8.678365][    T1] usbserial: USB Serial support registered for iuu_phoenix
[    8.680296][    T1] usbcore: registered new interface driver keyspan
[    8.682076][    T1] usbserial: USB Serial support registered for Keyspan - (without firmware)
[    8.683922][    T1] usbserial: USB Serial support registered for Keyspan 1 port adapter
[    8.685972][    T1] usbserial: USB Serial support registered for Keyspan 2 port adapter
[    8.689919][    T1] usbserial: USB Serial support registered for Keyspan 4 port adapter
[    8.692278][    T1] usbcore: registered new interface driver keyspan_pda
[    8.693677][    T1] usbserial: USB Serial support registered for Keyspan PDA
[    8.695161][    T1] usbserial: USB Serial support registered for Keyspan PDA - (prerenumeration)
[    8.697378][    T1] usbcore: registered new interface driver kl5kusb105
[    8.699475][    T1] usbserial: USB Serial support registered for KL5KUSB105D / PalmConnect
[    8.701123][    T1] usbcore: registered new interface driver kobil_sct
[    8.702490][    T1] usbserial: USB Serial support registered for KOBIL USB smart card terminal
[    8.704165][    T1] usbcore: registered new interface driver mct_u232
[    8.706257][    T1] usbserial: USB Serial support registered for MCT U232
[    8.707737][    T1] usbcore: registered new interface driver metro_usb
[    8.709067][    T1] usbserial: USB Serial support registered for Metrologic USB to Serial
[    8.710862][    T1] usbcore: registered new interface driver mos7720
[    8.712672][    T1] usbserial: USB Serial support registered for Moschip 2 port adapter
[    8.713981][    T1] usbcore: registered new interface driver mos7840
[    8.716140][    T1] usbserial: USB Serial support registered for Moschip 7840/7820 USB Serial Driver
[    8.718152][    T1] usbcore: registered new interface driver mxuport
[    8.719572][    T1] usbserial: USB Serial support registered for MOXA UPort
[    8.721220][    T1] usbcore: registered new interface driver navman
[    8.722622][    T1] usbserial: USB Serial support registered for navman
[    8.724020][    T1] usbcore: registered new interface driver omninet
[    8.725339][    T1] usbserial: USB Serial support registered for ZyXEL - omni.net usb
[    8.727343][    T1] usbcore: registered new interface driver opticon
[    8.728751][    T1] usbserial: USB Serial support registered for opticon
[    8.730257][    T1] usbcore: registered new interface driver option
[    8.731156][    T1] usbserial: USB Serial support registered for GSM modem (1-port)
[    8.732192][    T1] usbcore: registered new interface driver oti6858
[    8.733056][    T1] usbserial: USB Serial support registered for oti6858
[    8.733960][    T1] usbcore: registered new interface driver pl2303
[    8.734804][    T1] usbserial: USB Serial support registered for pl2303
[    8.738798][    T1] usbcore: registered new interface driver qcaux
[    8.740093][    T1] usbserial: USB Serial support registered for qcaux
[    8.741458][    T1] usbcore: registered new interface driver qcserial
[    8.742753][    T1] usbserial: USB Serial support registered for Qualcomm USB modem
[    8.744304][    T1] usbcore: registered new interface driver quatech2
[    8.748067][    T1] usbserial: USB Serial support registered for Quatech 2nd gen USB to Serial Driver
[    8.749786][    T1] usbcore: registered new interface driver safe_serial
[    8.751121][    T1] usbserial: USB Serial support registered for safe_serial
[    8.752568][    T1] usbcore: registered new interface driver sierra
[    8.753877][    T1] usbserial: USB Serial support registered for Sierra USB modem
[    8.755359][    T1] usbcore: registered new interface driver usb_serial_simple
[    8.757667][    T1] usbserial: USB Serial support registered for carelink
[    8.759148][    T1] usbserial: USB Serial support registered for flashloader
[    8.760631][    T1] usbserial: USB Serial support registered for funsoft
[    8.761979][    T1] usbserial: USB Serial support registered for google
[    8.763309][    T1] usbserial: USB Serial support registered for hp4x
[    8.764661][    T1] usbserial: USB Serial support registered for kaufmann
[    8.766146][    T1] usbserial: USB Serial support registered for libtransistor
[    8.767595][    T1] usbserial: USB Serial support registered for moto_modem
[    8.768959][    T1] usbserial: USB Serial support registered for motorola_tetra
[    8.770380][    T1] usbserial: USB Serial support registered for nokia
[    8.771741][    T1] usbserial: USB Serial support registered for novatel_gps
[    8.773122][    T1] usbserial: USB Serial support registered for siemens_mpi
[    8.774629][    T1] usbserial: USB Serial support registered for suunto
[    8.776518][    T1] usbserial: USB Serial support registered for vivopay
[    8.777901][    T1] usbserial: USB Serial support registered for zio
[    8.779387][    T1] usbcore: registered new interface driver spcp8x5
[    8.780783][    T1] usbserial: USB Serial support registered for SPCP8x5
[    8.782165][    T1] usbcore: registered new interface driver ssu100
[    8.783456][    T1] usbserial: USB Serial support registered for Quatech SSU-100 USB to Serial Driver
[    8.785126][    T1] usbcore: registered new interface driver symbolserial
[    8.786853][    T1] usbserial: USB Serial support registered for symbol
[    8.788217][    T1] usbcore: registered new interface driver ti_usb_3410_5052
[    8.789800][    T1] usbserial: USB Serial support registered for TI USB 3410 1 port adapter
[    8.792139][    T1] usbserial: USB Serial support registered for TI USB 5052 2 port adapter
[    8.793764][    T1] usbcore: registered new interface driver upd78f0730
[    8.794950][    T1] usbserial: USB Serial support registered for upd78f0730
[    8.796839][    T1] usbcore: registered new interface driver visor
[    8.797702][    T1] usbserial: USB Serial support registered for Handspring Visor / Palm OS
[    8.798798][    T1] usbserial: USB Serial support registered for Sony Clie 5.0
[    8.799769][    T1] usbserial: USB Serial support registered for Sony Clie 3.5
[    8.800754][    T1] usbcore: registered new interface driver wishbone_serial
[    8.801753][    T1] usbserial: USB Serial support registered for wishbone_serial
[    8.802826][    T1] usbcore: registered new interface driver whiteheat
[    8.803744][    T1] usbserial: USB Serial support registered for Connect Tech - WhiteHEAT - (prerenumeration)
[    8.805130][    T1] usbserial: USB Serial support registered for Connect Tech - WhiteHEAT
[    8.814830][    T1] usbcore: registered new interface driver xr_serial
[    8.816680][    T1] usbserial: USB Serial support registered for xr_serial
[    8.818100][    T1] usbcore: registered new interface driver xsens_mt
[    8.820190][    T1] usbserial: USB Serial support registered for xsens_mt
[    8.821646][    T1] usbcore: registered new interface driver adutux
[    8.823048][    T1] usbcore: registered new interface driver appledisplay
[    8.824501][    T1] usbcore: registered new interface driver cypress_cy7c63
[    8.826359][    T1] usbcore: registered new interface driver cytherm
[    8.828146][    T1] usbcore: registered new interface driver emi26 - firmware loader
[    8.829912][    T1] usbcore: registered new interface driver emi62 - firmware loader
[    8.831606][    T1] usbcore: registered new interface driver idmouse
[    8.833087][    T1] usbcore: registered new interface driver iowarrior
[    8.834626][    T1] usbcore: registered new interface driver isight_firmware
[    8.837336][    T1] usbcore: registered new interface driver usblcd
[    8.838742][    T1] usbcore: registered new interface driver ldusb
[    8.840160][    T1] usbcore: registered new interface driver legousbtower
[    8.841655][    T1] usbcore: registered new interface driver usbtest
[    8.843057][    T1] usbcore: registered new interface driver usb_ehset_test
[    8.844594][    T1] usbcore: registered new interface driver trancevibrator
[    8.847115][    T1] usbcore: registered new interface driver uss720
[    8.848159][    T1] uss720: USB Parport Cable driver for Cables using the Lucent Technologies USS720 Chip
[    8.849379][    T1] uss720: NOTE: this is a special purpose driver to allow nonstandard
[    8.850413][    T1] uss720: protocols (eg. bitbang) over USS720 usb to parallel cables
[    8.851466][    T1] uss720: If you just want to connect to a printer, use usblp instead
[    8.853258][    T1] usbcore: registered new interface driver usbsevseg
[    8.854646][    T1] usbcore: registered new interface driver yurex
[    8.860549][    T1] usbcore: registered new interface driver chaoskey
[    8.862026][    T1] usbcore: registered new interface driver sisusb
[    8.863421][    T1] usbcore: registered new interface driver lvs
[    8.864790][    T1] usbcore: registered new interface driver cxacru
[    8.866700][    T1] usbcore: registered new interface driver speedtch
[    8.868875][    T1] usbcore: registered new interface driver ueagle-atm
[    8.869888][    T1] xusbatm: malformed module parameters
[    8.874805][    T1] dummy_hcd dummy_hcd.0: USB Host+Gadget Emulator, driver 02 May 2005
[    8.877011][    T1] dummy_hcd dummy_hcd.0: Dummy host controller
[    8.879616][    T1] dummy_hcd dummy_hcd.0: new USB bus registered, assigned bus number 1
[    8.881826][    T1] usb usb1: New USB device found, idVendor=1d6b, idProduct=0002, bcdDevice= 6.07
[    8.883083][    T1] usb usb1: New USB device strings: Mfr=3, Product=2, SerialNumber=1
[    8.884248][    T1] usb usb1: Product: Dummy host controller
[    8.885226][    T1] usb usb1: Manufacturer: Linux 6.7.0-rc2-gbc9807868dfa-dirty dummy_hcd
[    8.887602][    T1] usb usb1: SerialNumber: dummy_hcd.0
[    8.892494][    T1] hub 1-0:1.0: USB hub found
[    8.893452][    T1] hub 1-0:1.0: 1 port detected
[    8.899902][    T1] dummy_hcd dummy_hcd.1: USB Host+Gadget Emulator, driver 02 May 2005
[    8.901032][    T1] dummy_hcd dummy_hcd.1: Dummy host controller
[    8.902965][    T1] dummy_hcd dummy_hcd.1: new USB bus registered, assigned bus number 2
[    8.904820][    T1] usb usb2: New USB device found, idVendor=1d6b, idProduct=0002, bcdDevice= 6.07
[    8.906296][    T1] usb usb2: New USB device strings: Mfr=3, Product=2, SerialNumber=1
[    8.907407][    T1] usb usb2: Product: Dummy host controller
[    8.908185][    T1] usb usb2: Manufacturer: Linux 6.7.0-rc2-gbc9807868dfa-dirty dummy_hcd
[    8.909268][    T1] usb usb2: SerialNumber: dummy_hcd.1
[    8.912735][    T1] hub 2-0:1.0: USB hub found
[    8.913531][    T1] hub 2-0:1.0: 1 port detected
[    8.917832][    T1] dummy_hcd dummy_hcd.2: USB Host+Gadget Emulator, driver 02 May 2005
[    8.918978][    T1] dummy_hcd dummy_hcd.2: Dummy host controller
[    8.921619][    T1] dummy_hcd dummy_hcd.2: new USB bus registered, assigned bus number 3
[    8.923429][    T1] usb usb3: New USB device found, idVendor=1d6b, idProduct=0002, bcdDevice= 6.07
[    8.924721][    T1] usb usb3: New USB device strings: Mfr=3, Product=2, SerialNumber=1
[    8.926178][    T1] usb usb3: Product: Dummy host controller
[    8.926992][    T1] usb usb3: Manufacturer: Linux 6.7.0-rc2-gbc9807868dfa-dirty dummy_hcd
[    8.928102][    T1] usb usb3: SerialNumber: dummy_hcd.2
[    8.931812][    T1] hub 3-0:1.0: USB hub found
[    8.932777][    T1] hub 3-0:1.0: 1 port detected
[    8.939862][    T1] dummy_hcd dummy_hcd.3: USB Host+Gadget Emulator, driver 02 May 2005
[    8.941047][    T1] dummy_hcd dummy_hcd.3: Dummy host controller
[    8.942882][    T1] dummy_hcd dummy_hcd.3: new USB bus registered, assigned bus number 4
[    8.944639][    T1] usb usb4: New USB device found, idVendor=1d6b, idProduct=0002, bcdDevice= 6.07
[    8.946209][    T1] usb usb4: New USB device strings: Mfr=3, Product=2, SerialNumber=1
[    8.947362][    T1] usb usb4: Product: Dummy host controller
[    8.948150][    T1] usb usb4: Manufacturer: Linux 6.7.0-rc2-gbc9807868dfa-dirty dummy_hcd
[    8.949260][    T1] usb usb4: SerialNumber: dummy_hcd.3
[    8.952572][    T1] hub 4-0:1.0: USB hub found
[    8.953391][    T1] hub 4-0:1.0: 1 port detected
[    8.958411][    T1] dummy_hcd dummy_hcd.4: USB Host+Gadget Emulator, driver 02 May 2005
[    8.959639][    T1] dummy_hcd dummy_hcd.4: Dummy host controller
[    8.961676][    T1] dummy_hcd dummy_hcd.4: new USB bus registered, assigned bus number 5
[    8.963832][    T1] usb usb5: New USB device found, idVendor=1d6b, idProduct=0002, bcdDevice= 6.07
[    8.965138][    T1] usb usb5: New USB device strings: Mfr=3, Product=2, SerialNumber=1
[    8.966611][    T1] usb usb5: Product: Dummy host controller
[    8.967429][    T1] usb usb5: Manufacturer: Linux 6.7.0-rc2-gbc9807868dfa-dirty dummy_hcd
[    8.968591][    T1] usb usb5: SerialNumber: dummy_hcd.4
[    8.972156][    T1] hub 5-0:1.0: USB hub found
[    8.973011][    T1] hub 5-0:1.0: 1 port detected
[    8.978483][    T1] dummy_hcd dummy_hcd.5: USB Host+Gadget Emulator, driver 02 May 2005
[    8.979846][    T1] dummy_hcd dummy_hcd.5: Dummy host controller
[    8.981988][    T1] dummy_hcd dummy_hcd.5: new USB bus registered, assigned bus number 6
[    8.983925][    T1] usb usb6: New USB device found, idVendor=1d6b, idProduct=0002, bcdDevice= 6.07
[    8.985231][    T1] usb usb6: New USB device strings: Mfr=3, Product=2, SerialNumber=1
[    8.986792][    T1] usb usb6: Product: Dummy host controller
[    8.987642][    T1] usb usb6: Manufacturer: Linux 6.7.0-rc2-gbc9807868dfa-dirty dummy_hcd
[    8.988829][    T1] usb usb6: SerialNumber: dummy_hcd.5
[    8.992523][    T1] hub 6-0:1.0: USB hub found
[    8.993410][    T1] hub 6-0:1.0: 1 port detected
[    8.997779][    T1] dummy_hcd dummy_hcd.6: USB Host+Gadget Emulator, driver 02 May 2005
[    8.999428][    T1] dummy_hcd dummy_hcd.6: Dummy host controller
[    9.002588][    T1] dummy_hcd dummy_hcd.6: new USB bus registered, assigned bus number 7
[    9.004657][    T1] usb usb7: New USB device found, idVendor=1d6b, idProduct=0002, bcdDevice= 6.07
[    9.006279][    T1] usb usb7: New USB device strings: Mfr=3, Product=2, SerialNumber=1
[    9.007449][    T1] usb usb7: Product: Dummy host controller
[    9.008252][    T1] usb usb7: Manufacturer: Linux 6.7.0-rc2-gbc9807868dfa-dirty dummy_hcd
[    9.009399][    T1] usb usb7: SerialNumber: dummy_hcd.6
[    9.012987][    T1] hub 7-0:1.0: USB hub found
[    9.013836][    T1] hub 7-0:1.0: 1 port detected
[    9.021549][    T1] dummy_hcd dummy_hcd.7: USB Host+Gadget Emulator, driver 02 May 2005
[    9.022825][    T1] dummy_hcd dummy_hcd.7: Dummy host controller
[    9.024877][    T1] dummy_hcd dummy_hcd.7: new USB bus registered, assigned bus number 8
[    9.027163][    T1] usb usb8: New USB device found, idVendor=1d6b, idProduct=0002, bcdDevice= 6.07
[    9.028497][    T1] usb usb8: New USB device strings: Mfr=3, Product=2, SerialNumber=1
[    9.029645][    T1] usb usb8: Product: Dummy host controller
[    9.030469][    T1] usb usb8: Manufacturer: Linux 6.7.0-rc2-gbc9807868dfa-dirty dummy_hcd
[    9.031662][    T1] usb usb8: SerialNumber: dummy_hcd.7
[    9.035251][    T1] hub 8-0:1.0: USB hub found
[    9.036676][    T1] hub 8-0:1.0: 1 port detected
[    9.071020][    T1] gadgetfs: USB Gadget filesystem, version 24 Aug 2004
[    9.083178][    T1] vhci_hcd vhci_hcd.0: USB/IP Virtual Host Controller
[    9.087994][    T1] vhci_hcd vhci_hcd.0: new USB bus registered, assigned bus number 9
[    9.089899][    T1] vhci_hcd: created sysfs vhci_hcd.0
[    9.091457][    T1] usb usb9: New USB device found, idVendor=1d6b, idProduct=0002, bcdDevice= 6.07
[    9.092785][    T1] usb usb9: New USB device strings: Mfr=3, Product=2, SerialNumber=1
[    9.093983][    T1] usb usb9: Product: USB/IP Virtual Host Controller
[    9.094932][    T1] usb usb9: Manufacturer: Linux 6.7.0-rc2-gbc9807868dfa-dirty vhci_hcd
[    9.096181][    T1] usb usb9: SerialNumber: vhci_hcd.0
[    9.100122][    T1] hub 9-0:1.0: USB hub found
[    9.101103][    T1] hub 9-0:1.0: 8 ports detected
[    9.109371][    T1] vhci_hcd vhci_hcd.0: USB/IP Virtual Host Controller
[    9.111682][    T1] vhci_hcd vhci_hcd.0: new USB bus registered, assigned bus number 10
[    9.113154][    T1] usb usb10: We don't know the algorithms for LPM for this host, disabling LPM.
[    9.114988][    T1] usb usb10: New USB device found, idVendor=1d6b, idProduct=0003, bcdDevice= 6.07
[    9.116259][    T1] usb usb10: New USB device strings: Mfr=3, Product=2, SerialNumber=1
[    9.117341][    T1] usb usb10: Product: USB/IP Virtual Host Controller
[    9.118487][    T1] usb usb10: Manufacturer: Linux 6.7.0-rc2-gbc9807868dfa-dirty vhci_hcd
[    9.119721][    T1] usb usb10: SerialNumber: vhci_hcd.0
[    9.123413][    T1] hub 10-0:1.0: USB hub found
[    9.124350][    T1] hub 10-0:1.0: 8 ports detected
[    9.133170][    T1] vhci_hcd vhci_hcd.1: USB/IP Virtual Host Controller
[    9.136336][    T1] vhci_hcd vhci_hcd.1: new USB bus registered, assigned bus number 11
[    9.138036][    T1] usb usb11: New USB device found, idVendor=1d6b, idProduct=0002, bcdDevice= 6.07
[    9.139215][    T1] usb usb11: New USB device strings: Mfr=3, Product=2, SerialNumber=1
[    9.140230][    T1] usb usb11: Product: USB/IP Virtual Host Controller
[    9.141105][    T1] usb usb11: Manufacturer: Linux 6.7.0-rc2-gbc9807868dfa-dirty vhci_hcd
[    9.142133][    T1] usb usb11: SerialNumber: vhci_hcd.1
[    9.145413][    T1] hub 11-0:1.0: USB hub found
[    9.146630][    T1] hub 11-0:1.0: 8 ports detected
[    9.153687][    T1] vhci_hcd vhci_hcd.1: USB/IP Virtual Host Controller
[    9.155814][    T1] vhci_hcd vhci_hcd.1: new USB bus registered, assigned bus number 12
[    9.157376][    T1] usb usb12: We don't know the algorithms for LPM for this host, disabling LPM.
[    9.159110][    T1] usb usb12: New USB device found, idVendor=1d6b, idProduct=0003, bcdDevice= 6.07
[    9.160304][    T1] usb usb12: New USB device strings: Mfr=3, Product=2, SerialNumber=1
[    9.161330][    T1] usb usb12: Product: USB/IP Virtual Host Controller
[    9.162159][    T1] usb usb12: Manufacturer: Linux 6.7.0-rc2-gbc9807868dfa-dirty vhci_hcd
[    9.163180][    T1] usb usb12: SerialNumber: vhci_hcd.1
[    9.166888][    T1] hub 12-0:1.0: USB hub found
[    9.167662][    T1] hub 12-0:1.0: 8 ports detected
[    9.176841][    T1] vhci_hcd vhci_hcd.2: USB/IP Virtual Host Controller
[    9.179787][    T1] vhci_hcd vhci_hcd.2: new USB bus registered, assigned bus number 13
[    9.181691][    T1] usb usb13: New USB device found, idVendor=1d6b, idProduct=0002, bcdDevice= 6.07
[    9.182982][    T1] usb usb13: New USB device strings: Mfr=3, Product=2, SerialNumber=1
[    9.184108][    T1] usb usb13: Product: USB/IP Virtual Host Controller
[    9.185030][    T1] usb usb13: Manufacturer: Linux 6.7.0-rc2-gbc9807868dfa-dirty vhci_hcd
[    9.186533][    T1] usb usb13: SerialNumber: vhci_hcd.2
[    9.190049][    T1] hub 13-0:1.0: USB hub found
[    9.190925][    T1] hub 13-0:1.0: 8 ports detected
[    9.199719][    T1] vhci_hcd vhci_hcd.2: USB/IP Virtual Host Controller
[    9.201838][    T1] vhci_hcd vhci_hcd.2: new USB bus registered, assigned bus number 14
[    9.203361][    T1] usb usb14: We don't know the algorithms for LPM for this host, disabling LPM.
[    9.205419][    T1] usb usb14: New USB device found, idVendor=1d6b, idProduct=0003, bcdDevice= 6.07
[    9.207054][    T1] usb usb14: New USB device strings: Mfr=3, Product=2, SerialNumber=1
[    9.208173][    T1] usb usb14: Product: USB/IP Virtual Host Controller
[    9.209150][    T1] usb usb14: Manufacturer: Linux 6.7.0-rc2-gbc9807868dfa-dirty vhci_hcd
[    9.210249][    T1] usb usb14: SerialNumber: vhci_hcd.2
[    9.214355][    T1] hub 14-0:1.0: USB hub found
[    9.215171][    T1] hub 14-0:1.0: 8 ports detected
[    9.226544][    T1] vhci_hcd vhci_hcd.3: USB/IP Virtual Host Controller
[    9.229217][    T1] vhci_hcd vhci_hcd.3: new USB bus registered, assigned bus number 15
[    9.231116][    T1] usb usb15: New USB device found, idVendor=1d6b, idProduct=0002, bcdDevice= 6.07
[    9.232420][    T1] usb usb15: New USB device strings: Mfr=3, Product=2, SerialNumber=1
[    9.233566][    T1] usb usb15: Product: USB/IP Virtual Host Controller
[    9.234489][    T1] usb usb15: Manufacturer: Linux 6.7.0-rc2-gbc9807868dfa-dirty vhci_hcd
[    9.235999][    T1] usb usb15: SerialNumber: vhci_hcd.3
[    9.239774][    T1] hub 15-0:1.0: USB hub found
[    9.241207][    T1] hub 15-0:1.0: 8 ports detected
[    9.249857][    T1] vhci_hcd vhci_hcd.3: USB/IP Virtual Host Controller
[    9.251387][    T1] vhci_hcd vhci_hcd.3: new USB bus registered, assigned bus number 16
[    9.253367][    T1] usb usb16: We don't know the algorithms for LPM for this host, disabling LPM.
[    9.255212][    T1] usb usb16: New USB device found, idVendor=1d6b, idProduct=0003, bcdDevice= 6.07
[    9.256810][    T1] usb usb16: New USB device strings: Mfr=3, Product=2, SerialNumber=1
[    9.258595][    T1] usb usb16: Product: USB/IP Virtual Host Controller
[    9.259509][    T1] usb usb16: Manufacturer: Linux 6.7.0-rc2-gbc9807868dfa-dirty vhci_hcd
[    9.260607][    T1] usb usb16: SerialNumber: vhci_hcd.3
[    9.264186][    T1] hub 16-0:1.0: USB hub found
[    9.265001][    T1] hub 16-0:1.0: 8 ports detected
[    9.275210][    T1] vhci_hcd vhci_hcd.4: USB/IP Virtual Host Controller
[    9.277536][    T1] vhci_hcd vhci_hcd.4: new USB bus registered, assigned bus number 17
[    9.279301][    T1] usb usb17: New USB device found, idVendor=1d6b, idProduct=0002, bcdDevice= 6.07
[    9.280508][    T1] usb usb17: New USB device strings: Mfr=3, Product=2, SerialNumber=1
[    9.281601][    T1] usb usb17: Product: USB/IP Virtual Host Controller
[    9.282473][    T1] usb usb17: Manufacturer: Linux 6.7.0-rc2-gbc9807868dfa-dirty vhci_hcd
[    9.283562][    T1] usb usb17: SerialNumber: vhci_hcd.4
[    9.287297][    T1] hub 17-0:1.0: USB hub found
[    9.288129][    T1] hub 17-0:1.0: 8 ports detected
[    9.295437][    T1] vhci_hcd vhci_hcd.4: USB/IP Virtual Host Controller
[    9.298117][    T1] vhci_hcd vhci_hcd.4: new USB bus registered, assigned bus number 18
[    9.300131][    T1] usb usb18: We don't know the algorithms for LPM for this host, disabling LPM.
[    9.302052][    T1] usb usb18: New USB device found, idVendor=1d6b, idProduct=0003, bcdDevice= 6.07
[    9.303366][    T1] usb usb18: New USB device strings: Mfr=3, Product=2, SerialNumber=1
[    9.304737][    T1] usb usb18: Product: USB/IP Virtual Host Controller
[    9.305929][    T1] usb usb18: Manufacturer: Linux 6.7.0-rc2-gbc9807868dfa-dirty vhci_hcd
[    9.307265][    T1] usb usb18: SerialNumber: vhci_hcd.4
[    9.313028][    T1] hub 18-0:1.0: USB hub found
[    9.313861][    T1] hub 18-0:1.0: 8 ports detected
[    9.325065][    T1] vhci_hcd vhci_hcd.5: USB/IP Virtual Host Controller
[    9.327066][    T1] vhci_hcd vhci_hcd.5: new USB bus registered, assigned bus number 19
[    9.329209][    T1] usb usb19: New USB device found, idVendor=1d6b, idProduct=0002, bcdDevice= 6.07
[    9.330441][    T1] usb usb19: New USB device strings: Mfr=3, Product=2, SerialNumber=1
[    9.331483][    T1] usb usb19: Product: USB/IP Virtual Host Controller
[    9.332357][    T1] usb usb19: Manufacturer: Linux 6.7.0-rc2-gbc9807868dfa-dirty vhci_hcd
[    9.333412][    T1] usb usb19: SerialNumber: vhci_hcd.5
[    9.337162][    T1] hub 19-0:1.0: USB hub found
[    9.337953][    T1] hub 19-0:1.0: 8 ports detected
[    9.345427][    T1] vhci_hcd vhci_hcd.5: USB/IP Virtual Host Controller
[    9.347565][    T1] vhci_hcd vhci_hcd.5: new USB bus registered, assigned bus number 20
[    9.349348][    T1] usb usb20: We don't know the algorithms for LPM for this host, disabling LPM.
[    9.351055][    T1] usb usb20: New USB device found, idVendor=1d6b, idProduct=0003, bcdDevice= 6.07
[    9.352285][    T1] usb usb20: New USB device strings: Mfr=3, Product=2, SerialNumber=1
[    9.353361][    T1] usb usb20: Product: USB/IP Virtual Host Controller
[    9.354219][    T1] usb usb20: Manufacturer: Linux 6.7.0-rc2-gbc9807868dfa-dirty vhci_hcd
[    9.355271][    T1] usb usb20: SerialNumber: vhci_hcd.5
[    9.358696][    T1] hub 20-0:1.0: USB hub found
[    9.360019][    T1] hub 20-0:1.0: 8 ports detected
[    9.370285][    T1] vhci_hcd vhci_hcd.6: USB/IP Virtual Host Controller
[    9.372378][    T1] vhci_hcd vhci_hcd.6: new USB bus registered, assigned bus number 21
[    9.374088][    T1] usb usb21: New USB device found, idVendor=1d6b, idProduct=0002, bcdDevice= 6.07
[    9.375224][    T1] usb usb21: New USB device strings: Mfr=3, Product=2, SerialNumber=1
[    9.376572][    T1] usb usb21: Product: USB/IP Virtual Host Controller
[    9.377391][    T1] usb usb21: Manufacturer: Linux 6.7.0-rc2-gbc9807868dfa-dirty vhci_hcd
[    9.378397][    T1] usb usb21: SerialNumber: vhci_hcd.6
[    9.381520][    T1] hub 21-0:1.0: USB hub found
[    9.382303][    T1] hub 21-0:1.0: 8 ports detected
[    9.389809][    T1] vhci_hcd vhci_hcd.6: USB/IP Virtual Host Controller
[    9.392780][    T1] vhci_hcd vhci_hcd.6: new USB bus registered, assigned bus number 22
[    9.394235][    T1] usb usb22: We don't know the algorithms for LPM for this host, disabling LPM.
[    9.396479][    T1] usb usb22: New USB device found, idVendor=1d6b, idProduct=0003, bcdDevice= 6.07
[    9.397779][    T1] usb usb22: New USB device strings: Mfr=3, Product=2, SerialNumber=1
[    9.398912][    T1] usb usb22: Product: USB/IP Virtual Host Controller
[    9.400113][    T1] usb usb22: Manufacturer: Linux 6.7.0-rc2-gbc9807868dfa-dirty vhci_hcd
[    9.401248][    T1] usb usb22: SerialNumber: vhci_hcd.6
[    9.404792][    T1] hub 22-0:1.0: USB hub found
[    9.405990][    T1] hub 22-0:1.0: 8 ports detected
[    9.415937][    T1] vhci_hcd vhci_hcd.7: USB/IP Virtual Host Controller
[    9.417924][    T1] vhci_hcd vhci_hcd.7: new USB bus registered, assigned bus number 23
[    9.419725][    T1] usb usb23: New USB device found, idVendor=1d6b, idProduct=0002, bcdDevice= 6.07
[    9.420946][    T1] usb usb23: New USB device strings: Mfr=3, Product=2, SerialNumber=1
[    9.422022][    T1] usb usb23: Product: USB/IP Virtual Host Controller
[    9.422915][    T1] usb usb23: Manufacturer: Linux 6.7.0-rc2-gbc9807868dfa-dirty vhci_hcd
[    9.424042][    T1] usb usb23: SerialNumber: vhci_hcd.7
[    9.428294][    T1] hub 23-0:1.0: USB hub found
[    9.429130][    T1] hub 23-0:1.0: 8 ports detected
[    9.435353][    T1] vhci_hcd vhci_hcd.7: USB/IP Virtual Host Controller
[    9.438933][    T1] vhci_hcd vhci_hcd.7: new USB bus registered, assigned bus number 24
[    9.440274][    T1] usb usb24: We don't know the algorithms for LPM for this host, disabling LPM.
[    9.442086][    T1] usb usb24: New USB device found, idVendor=1d6b, idProduct=0003, bcdDevice= 6.07
[    9.443231][    T1] usb usb24: New USB device strings: Mfr=3, Product=2, SerialNumber=1
[    9.444233][    T1] usb usb24: Product: USB/IP Virtual Host Controller
[    9.445064][    T1] usb usb24: Manufacturer: Linux 6.7.0-rc2-gbc9807868dfa-dirty vhci_hcd
[    9.446228][    T1] usb usb24: SerialNumber: vhci_hcd.7
[    9.450519][    T1] hub 24-0:1.0: USB hub found
[    9.451384][    T1] hub 24-0:1.0: 8 ports detected
[    9.463176][    T1] vhci_hcd vhci_hcd.8: USB/IP Virtual Host Controller
[    9.464894][    T1] vhci_hcd vhci_hcd.8: new USB bus registered, assigned bus number 25
[    9.467342][    T1] usb usb25: New USB device found, idVendor=1d6b, idProduct=0002, bcdDevice= 6.07
[    9.468564][    T1] usb usb25: New USB device strings: Mfr=3, Product=2, SerialNumber=1
[    9.469653][    T1] usb usb25: Product: USB/IP Virtual Host Controller
[    9.470504][    T1] usb usb25: Manufacturer: Linux 6.7.0-rc2-gbc9807868dfa-dirty vhci_hcd
[    9.471570][    T1] usb usb25: SerialNumber: vhci_hcd.8
[    9.474544][    T1] hub 25-0:1.0: USB hub found
[    9.476142][    T1] hub 25-0:1.0: 8 ports detected
[    9.483709][    T1] vhci_hcd vhci_hcd.8: USB/IP Virtual Host Controller
[    9.485968][    T1] vhci_hcd vhci_hcd.8: new USB bus registered, assigned bus number 26
[    9.487958][    T1] usb usb26: We don't know the algorithms for LPM for this host, disabling LPM.
[    9.489732][    T1] usb usb26: New USB device found, idVendor=1d6b, idProduct=0003, bcdDevice= 6.07
[    9.491007][    T1] usb usb26: New USB device strings: Mfr=3, Product=2, SerialNumber=1
[    9.492102][    T1] usb usb26: Product: USB/IP Virtual Host Controller
[    9.492997][    T1] usb usb26: Manufacturer: Linux 6.7.0-rc2-gbc9807868dfa-dirty vhci_hcd
[    9.496356][    T1] usb usb26: SerialNumber: vhci_hcd.8
[    9.499983][    T1] hub 26-0:1.0: USB hub found
[    9.500777][    T1] hub 26-0:1.0: 8 ports detected
[    9.509735][    T1] vhci_hcd vhci_hcd.9: USB/IP Virtual Host Controller
[    9.512917][    T1] vhci_hcd vhci_hcd.9: new USB bus registered, assigned bus number 27
[    9.514626][    T1] usb usb27: New USB device found, idVendor=1d6b, idProduct=0002, bcdDevice= 6.07
[    9.515916][    T1] usb usb27: New USB device strings: Mfr=3, Product=2, SerialNumber=1
[    9.516988][    T1] usb usb27: Product: USB/IP Virtual Host Controller
[    9.517903][    T1] usb usb27: Manufacturer: Linux 6.7.0-rc2-gbc9807868dfa-dirty vhci_hcd
[    9.518998][    T1] usb usb27: SerialNumber: vhci_hcd.9
[    9.522535][    T1] hub 27-0:1.0: USB hub found
[    9.523385][    T1] hub 27-0:1.0: 8 ports detected
[    9.531548][    T1] vhci_hcd vhci_hcd.9: USB/IP Virtual Host Controller
[    9.533367][    T1] vhci_hcd vhci_hcd.9: new USB bus registered, assigned bus number 28
[    9.534686][    T1] usb usb28: We don't know the algorithms for LPM for this host, disabling LPM.
[    9.536694][    T1] usb usb28: New USB device found, idVendor=1d6b, idProduct=0003, bcdDevice= 6.07
[    9.537865][    T1] usb usb28: New USB device strings: Mfr=3, Product=2, SerialNumber=1
[    9.538913][    T1] usb usb28: Product: USB/IP Virtual Host Controller
[    9.539913][    T1] usb usb28: Manufacturer: Linux 6.7.0-rc2-gbc9807868dfa-dirty vhci_hcd
[    9.541138][    T1] usb usb28: SerialNumber: vhci_hcd.9
[    9.544551][    T1] hub 28-0:1.0: USB hub found
[    9.545388][    T1] hub 28-0:1.0: 8 ports detected
[    9.555230][    T1] vhci_hcd vhci_hcd.10: USB/IP Virtual Host Controller
[    9.559175][    T1] vhci_hcd vhci_hcd.10: new USB bus registered, assigned bus number 29
[    9.561254][    T1] usb usb29: New USB device found, idVendor=1d6b, idProduct=0002, bcdDevice= 6.07
[    9.562612][    T1] usb usb29: New USB device strings: Mfr=3, Product=2, SerialNumber=1
[    9.563843][    T1] usb usb29: Product: USB/IP Virtual Host Controller
[    9.564720][    T1] usb usb29: Manufacturer: Linux 6.7.0-rc2-gbc9807868dfa-dirty vhci_hcd
[    9.566129][    T1] usb usb29: SerialNumber: vhci_hcd.10
[    9.569835][    T1] hub 29-0:1.0: USB hub found
[    9.570620][    T1] hub 29-0:1.0: 8 ports detected
[    9.578552][    T1] vhci_hcd vhci_hcd.10: USB/IP Virtual Host Controller
[    9.580886][    T1] vhci_hcd vhci_hcd.10: new USB bus registered, assigned bus number 30
[    9.582425][    T1] usb usb30: We don't know the algorithms for LPM for this host, disabling LPM.
[    9.584565][    T1] usb usb30: New USB device found, idVendor=1d6b, idProduct=0003, bcdDevice= 6.07
[    9.586103][    T1] usb usb30: New USB device strings: Mfr=3, Product=2, SerialNumber=1
[    9.587395][    T1] usb usb30: Product: USB/IP Virtual Host Controller
[    9.588270][    T1] usb usb30: Manufacturer: Linux 6.7.0-rc2-gbc9807868dfa-dirty vhci_hcd
[    9.589334][    T1] usb usb30: SerialNumber: vhci_hcd.10
[    9.592813][    T1] hub 30-0:1.0: USB hub found
[    9.593808][    T1] hub 30-0:1.0: 8 ports detected
[    9.604003][    T1] vhci_hcd vhci_hcd.11: USB/IP Virtual Host Controller
[    9.605800][    T1] vhci_hcd vhci_hcd.11: new USB bus registered, assigned bus number 31
[    9.607875][    T1] usb usb31: New USB device found, idVendor=1d6b, idProduct=0002, bcdDevice= 6.07
[    9.609020][    T1] usb usb31: New USB device strings: Mfr=3, Product=2, SerialNumber=1
[    9.610023][    T1] usb usb31: Product: USB/IP Virtual Host Controller
[    9.610882][    T1] usb usb31: Manufacturer: Linux 6.7.0-rc2-gbc9807868dfa-dirty vhci_hcd
[    9.611949][    T1] usb usb31: SerialNumber: vhci_hcd.11
[    9.615288][    T1] hub 31-0:1.0: USB hub found
[    9.616472][    T1] hub 31-0:1.0: 8 ports detected
[    9.623467][    T1] vhci_hcd vhci_hcd.11: USB/IP Virtual Host Controller
[    9.625346][    T1] vhci_hcd vhci_hcd.11: new USB bus registered, assigned bus number 32
[    9.627358][    T1] usb usb32: We don't know the algorithms for LPM for this host, disabling LPM.
[    9.629051][    T1] usb usb32: New USB device found, idVendor=1d6b, idProduct=0003, bcdDevice= 6.07
[    9.630345][    T1] usb usb32: New USB device strings: Mfr=3, Product=2, SerialNumber=1
[    9.631349][    T1] usb usb32: Product: USB/IP Virtual Host Controller
[    9.632171][    T1] usb usb32: Manufacturer: Linux 6.7.0-rc2-gbc9807868dfa-dirty vhci_hcd
[    9.633187][    T1] usb usb32: SerialNumber: vhci_hcd.11
[    9.636182][    T1] hub 32-0:1.0: USB hub found
[    9.637815][    T1] hub 32-0:1.0: 8 ports detected
[    9.648168][    T1] vhci_hcd vhci_hcd.12: USB/IP Virtual Host Controller
[    9.650283][    T1] vhci_hcd vhci_hcd.12: new USB bus registered, assigned bus number 33
[    9.652041][    T1] usb usb33: New USB device found, idVendor=1d6b, idProduct=0002, bcdDevice= 6.07
[    9.653243][    T1] usb usb33: New USB device strings: Mfr=3, Product=2, SerialNumber=1
[    9.654303][    T1] usb usb33: Product: USB/IP Virtual Host Controller
[    9.655170][    T1] usb usb33: Manufacturer: Linux 6.7.0-rc2-gbc9807868dfa-dirty vhci_hcd
[    9.656363][    T1] usb usb33: SerialNumber: vhci_hcd.12
[    9.659796][    T1] hub 33-0:1.0: USB hub found
[    9.660791][    T1] hub 33-0:1.0: 8 ports detected
[    9.668745][    T1] vhci_hcd vhci_hcd.12: USB/IP Virtual Host Controller
[    9.671106][    T1] vhci_hcd vhci_hcd.12: new USB bus registered, assigned bus number 34
[    9.672480][    T1] usb usb34: We don't know the algorithms for LPM for this host, disabling LPM.
[    9.674251][    T1] usb usb34: New USB device found, idVendor=1d6b, idProduct=0003, bcdDevice= 6.07
[    9.675461][    T1] usb usb34: New USB device strings: Mfr=3, Product=2, SerialNumber=1
[    9.676897][    T1] usb usb34: Product: USB/IP Virtual Host Controller
[    9.677801][    T1] usb usb34: Manufacturer: Linux 6.7.0-rc2-gbc9807868dfa-dirty vhci_hcd
[    9.679109][    T1] usb usb34: SerialNumber: vhci_hcd.12
[    9.683284][    T1] hub 34-0:1.0: USB hub found
[    9.684727][    T1] hub 34-0:1.0: 8 ports detected
[    9.696191][    T1] vhci_hcd vhci_hcd.13: USB/IP Virtual Host Controller
[    9.699232][    T1] vhci_hcd vhci_hcd.13: new USB bus registered, assigned bus number 35
[    9.701241][    T1] usb usb35: New USB device found, idVendor=1d6b, idProduct=0002, bcdDevice= 6.07
[    9.702569][    T1] usb usb35: New USB device strings: Mfr=3, Product=2, SerialNumber=1
[    9.703858][    T1] usb usb35: Product: USB/IP Virtual Host Controller
[    9.704795][    T1] usb usb35: Manufacturer: Linux 6.7.0-rc2-gbc9807868dfa-dirty vhci_hcd
[    9.706319][    T1] usb usb35: SerialNumber: vhci_hcd.13
[    9.709344][    T1] hub 35-0:1.0: USB hub found
[    9.710598][    T1] hub 35-0:1.0: 8 ports detected
[    9.719198][    T1] vhci_hcd vhci_hcd.13: USB/IP Virtual Host Controller
[    9.721604][    T1] vhci_hcd vhci_hcd.13: new USB bus registered, assigned bus number 36
[    9.723154][    T1] usb usb36: We don't know the algorithms for LPM for this host, disabling LPM.
[    9.724960][    T1] usb usb36: New USB device found, idVendor=1d6b, idProduct=0003, bcdDevice= 6.07
[    9.726551][    T1] usb usb36: New USB device strings: Mfr=3, Product=2, SerialNumber=1
[    9.727701][    T1] usb usb36: Product: USB/IP Virtual Host Controller
[    9.728610][    T1] usb usb36: Manufacturer: Linux 6.7.0-rc2-gbc9807868dfa-dirty vhci_hcd
[    9.729727][    T1] usb usb36: SerialNumber: vhci_hcd.13
[    9.733875][    T1] hub 36-0:1.0: USB hub found
[    9.734807][    T1] hub 36-0:1.0: 8 ports detected
[    9.744904][    T1] vhci_hcd vhci_hcd.14: USB/IP Virtual Host Controller
[    9.748794][    T1] vhci_hcd vhci_hcd.14: new USB bus registered, assigned bus number 37
[    9.750649][    T1] usb usb37: New USB device found, idVendor=1d6b, idProduct=0002, bcdDevice= 6.07
[    9.751926][    T1] usb usb37: New USB device strings: Mfr=3, Product=2, SerialNumber=1
[    9.752997][    T1] usb usb37: Product: USB/IP Virtual Host Controller
[    9.753873][    T1] usb usb37: Manufacturer: Linux 6.7.0-rc2-gbc9807868dfa-dirty vhci_hcd
[    9.755020][    T1] usb usb37: SerialNumber: vhci_hcd.14
[    9.759163][    T1] hub 37-0:1.0: USB hub found
[    9.759963][    T1] hub 37-0:1.0: 8 ports detected
[    9.768298][    T1] vhci_hcd vhci_hcd.14: USB/IP Virtual Host Controller
[    9.770808][    T1] vhci_hcd vhci_hcd.14: new USB bus registered, assigned bus number 38
[    9.772294][    T1] usb usb38: We don't know the algorithms for LPM for this host, disabling LPM.
[    9.774170][    T1] usb usb38: New USB device found, idVendor=1d6b, idProduct=0003, bcdDevice= 6.07
[    9.775466][    T1] usb usb38: New USB device strings: Mfr=3, Product=2, SerialNumber=1
[    9.776894][    T1] usb usb38: Product: USB/IP Virtual Host Controller
[    9.777813][    T1] usb usb38: Manufacturer: Linux 6.7.0-rc2-gbc9807868dfa-dirty vhci_hcd
[    9.778906][    T1] usb usb38: SerialNumber: vhci_hcd.14
[    9.781893][    T1] hub 38-0:1.0: USB hub found
[    9.783044][    T1] hub 38-0:1.0: 8 ports detected
[    9.793342][    T1] vhci_hcd vhci_hcd.15: USB/IP Virtual Host Controller
[    9.795011][    T1] vhci_hcd vhci_hcd.15: new USB bus registered, assigned bus number 39
[    9.797384][    T1] usb usb39: New USB device found, idVendor=1d6b, idProduct=0002, bcdDevice= 6.07
[    9.798590][    T1] usb usb39: New USB device strings: Mfr=3, Product=2, SerialNumber=1
[    9.799616][    T1] usb usb39: Product: USB/IP Virtual Host Controller
[    9.800451][    T1] usb usb39: Manufacturer: Linux 6.7.0-rc2-gbc9807868dfa-dirty vhci_hcd
[    9.801495][    T1] usb usb39: SerialNumber: vhci_hcd.15
[    9.804859][    T1] hub 39-0:1.0: USB hub found
[    9.806121][    T1] hub 39-0:1.0: 8 ports detected
[    9.812415][    T1] vhci_hcd vhci_hcd.15: USB/IP Virtual Host Controller
[    9.816656][    T1] vhci_hcd vhci_hcd.15: new USB bus registered, assigned bus number 40
[    9.818077][    T1] usb usb40: We don't know the algorithms for LPM for this host, disabling LPM.
[    9.819963][    T1] usb usb40: New USB device found, idVendor=1d6b, idProduct=0003, bcdDevice= 6.07
[    9.821499][    T1] usb usb40: New USB device strings: Mfr=3, Product=2, SerialNumber=1
[    9.822644][    T1] usb usb40: Product: USB/IP Virtual Host Controller
[    9.823538][    T1] usb usb40: Manufacturer: Linux 6.7.0-rc2-gbc9807868dfa-dirty vhci_hcd
[    9.824692][    T1] usb usb40: SerialNumber: vhci_hcd.15
[    9.828792][    T1] hub 40-0:1.0: USB hub found
[    9.829764][    T1] hub 40-0:1.0: 8 ports detected
[    9.840330][    T1] usbcore: registered new device driver usbip-host
[    9.849957][    T1] i8042: PNP: PS/2 Controller [PNP0303:KBD,PNP0f13:MOU] at 0x60,0x64 irq 1,12
[    9.854474][    T1] serio: i8042 KBD port at 0x60,0x64 irq 1
[    9.857692][    T1] serio: i8042 AUX port at 0x60,0x64 irq 12
[    9.862748][    T1] mousedev: PS/2 mouse device common for all mice
[    9.868002][    T9] input: AT Translated Set 2 keyboard as /devices/platform/i8042/serio0/input/input1
[    9.872848][    T1] usbcore: registered new interface driver appletouch
[    9.874026][    T1] usbcore: registered new interface driver bcm5974
[    9.875275][    T1] usbcore: registered new interface driver synaptics_usb
[    9.885725][    T1] usbcore: registered new interface driver iforce
[    9.887318][    T1] usbcore: registered new interface driver xpad
[    9.888340][    T1] usbcore: registered new interface driver usb_acecad
[    9.889419][    T1] usbcore: registered new interface driver aiptek
[    9.890468][    T1] usbcore: registered new interface driver hanwang
[    9.891539][    T1] usbcore: registered new interface driver kbtab
[    9.892561][    T1] usbcore: registered new interface driver pegasus_notetaker
[    9.893754][    T1] usbcore: registered new interface driver usbtouchscreen
[    9.894859][    T1] usbcore: registered new interface driver sur40
[    9.902326][    T1] usbcore: registered new interface driver ati_remote2
[    9.903401][    T1] cm109: Keymap for Komunikate KIP1000 phone loaded
[    9.905057][    T1] usbcore: registered new interface driver cm109
[    9.906124][    T1] cm109: CM109 phone driver: 20080805 (C) Alfred E. Heggestad
[    9.907873][    T1] usbcore: registered new interface driver ims_pcu
[    9.909458][    T1] usbcore: registered new interface driver keyspan_remote
[    9.911164][    T1] usbcore: registered new interface driver powermate
[    9.913560][    T1] usbcore: registered new interface driver yealink
[    9.920397][    T1] rtc_cmos 00:05: RTC can wake from S4
[    9.930298][    T1] rtc_cmos 00:05: registered as rtc0
[    9.931411][    T1] rtc_cmos 00:05: alarms up to one day, y3k, 242 bytes nvram, hpet irqs
[    9.933728][    T1] i2c_dev: i2c /dev entries driver
[    9.934871][    T1] usbcore: registered new interface driver i2c-diolan-u2c
[    9.939958][    T1] usbcore: registered new interface driver RobotFuzz Open Source InterFace, OSIF
[    9.941867][    T1] usbcore: registered new interface driver i2c-tiny-usb
[    9.951275][    T1] usbcore: registered new interface driver igorplugusb
[    9.953000][    T1] usbcore: registered new interface driver iguanair
[    9.954067][    T1] usbcore: registered new interface driver imon
[    9.957635][    T1] usbcore: registered new interface driver mceusb
[    9.958921][    T1] usbcore: registered new interface driver redrat3
[    9.960258][    T1] usbcore: registered new interface driver streamzap
[    9.961670][    T1] usbcore: registered new interface driver ttusbir
[    9.962996][    T1] usbcore: registered new interface driver ati_remote
[    9.964088][    T1] b2c2-flexcop: B2C2 FlexcopII/II(b)/III digital TV receiver chip loaded successfully
[    9.965427][    T1] usbcore: registered new interface driver b2c2_flexcop_usb
[    9.968199][    T1] usbcore: registered new interface driver dvb_usb_vp7045
[    9.969724][    T1] usbcore: registered new interface driver dvb_usb_vp702x
[    9.971208][    T1] usbcore: registered new interface driver dvb_usb_gp8psk
[    9.972697][    T1] usbcore: registered new interface driver dvb_usb_dtt200u
[    9.974229][    T1] usbcore: registered new interface driver dvb_usb_a800
[    9.976367][    T1] usbcore: registered new interface driver dvb_usb_dibusb_mb
[    9.978203][    T1] usbcore: registered new interface driver dvb_usb_dibusb_mc
[    9.979780][    T1] usbcore: registered new interface driver dvb_usb_nova_t_usb2
[    9.981363][    T1] usbcore: registered new interface driver dvb_usb_umt_010
[    9.982916][    T1] usbcore: registered new interface driver dvb_usb_m920x
[    9.984423][    T1] usbcore: registered new interface driver dvb_usb_digitv
[    9.986529][    T1] usbcore: registered new interface driver dvb_usb_cxusb
[    9.988040][    T1] usbcore: registered new interface driver dvb_usb_ttusb2
[    9.989667][    T1] usbcore: registered new interface driver dvb_usb_dib0700
[    9.990909][    T1] usbcore: registered new interface driver opera1
[    9.992663][    T1] usbcore: registered new interface driver dvb_usb_af9005
[    9.993712][    T1] failing symbol_get of non-GPLONLY symbol af9005_rc_decode.
[    9.995221][    T1] failing symbol_get of non-GPLONLY symbol af9005_rc_decode.
[    9.997221][    T1] failing symbol_get of non-GPLONLY symbol rc_map_af9005_table.
[    9.999093][    T1] failing symbol_get of non-GPLONLY symbol rc_map_af9005_table.
[   10.000165][    T1] failing symbol_get of non-GPLONLY symbol rc_map_af9005_table_size.
[   10.001788][    T1] failing symbol_get of non-GPLONLY symbol rc_map_af9005_table_size.
[   10.002918][    T1] af9005: af9005_rc_decode function not found, disabling remote
[   10.004645][    T1] usbcore: registered new interface driver pctv452e
[   10.006339][    T1] usbcore: registered new interface driver dw2102
[   10.007888][    T1] usbcore: registered new interface driver dvb_usb_dtv5100
[   10.009542][    T1] usbcore: registered new interface driver cinergyT2
[   10.011047][    T1] usbcore: registered new interface driver dvb_usb_az6027
[   10.012592][    T1] usbcore: registered new interface driver dvb_usb_technisat_usb2
[   10.014249][    T1] usbcore: registered new interface driver dvb_usb_af9015
[   10.015870][    T1] usbcore: registered new interface driver dvb_usb_af9035
[   10.017422][    T1] usbcore: registered new interface driver dvb_usb_anysee
[   10.019008][    T1] usbcore: registered new interface driver dvb_usb_au6610
[   10.020560][    T1] usbcore: registered new interface driver dvb_usb_az6007
[   10.022090][    T1] usbcore: registered new interface driver dvb_usb_ce6230
[   10.023632][    T1] usbcore: registered new interface driver dvb_usb_ec168
[   10.025369][    T1] usbcore: registered new interface driver dvb_usb_lmedm04
[   10.027722][    T1] usbcore: registered new interface driver dvb_usb_gl861
[   10.029354][    T1] usbcore: registered new interface driver dvb_usb_mxl111sf
[   10.031004][    T1] usbcore: registered new interface driver dvb_usb_rtl28xxu
[   10.032656][    T1] usbcore: registered new interface driver dvb_usb_dvbsky
[   10.034227][    T1] usbcore: registered new interface driver zd1301
[   10.036338][    T1] usbcore: registered new interface driver s2255
[   10.037900][    T1] usbcore: registered new interface driver smsusb
[   10.039401][    T1] usbcore: registered new interface driver ttusb
[   10.041041][    T1] usbcore: registered new interface driver ttusb-dec
[   10.042588][    T1] usbcore: registered new interface driver Abilis Systems as10x usb driver
[   10.044405][    T1] usbcore: registered new interface driver airspy
[   10.045323][    T1] gspca_main: v2.14.0 registered
[   10.047103][    T1] usbcore: registered new interface driver benq
[   10.048648][    T1] usbcore: registered new interface driver conex
[   10.050188][    T1] usbcore: registered new interface driver cpia1
[   10.051678][    T1] usbcore: registered new interface driver dtcs033
[   10.053121][    T1] usbcore: registered new interface driver etoms
[   10.054998][    T1] usbcore: registered new interface driver finepix
[   10.057286][    T1] usbcore: registered new interface driver jeilinj
[   10.058704][    T1] usbcore: registered new interface driver jl2005bcd
[   10.060309][    T1] usbcore: registered new interface driver kinect
[   10.061362][    T1] usbcore: registered new interface driver konica
[   10.063011][    T1] usbcore: registered new interface driver mars
[   10.064340][    T1] usbcore: registered new interface driver mr97310a
[   10.065938][    T1] usbcore: registered new interface driver nw80x
[   10.067530][    T1] usbcore: registered new interface driver ov519
[   10.068931][    T1] usbcore: registered new interface driver ov534
[   10.070247][    T1] usbcore: registered new interface driver ov534_9
[   10.071787][    T1] usbcore: registered new interface driver pac207
[   10.073208][    T1] usbcore: registered new interface driver gspca_pac7302
[   10.074686][    T1] usbcore: registered new interface driver pac7311
[   10.076677][    T1] usbcore: registered new interface driver se401
[   10.077707][    T1] usbcore: registered new interface driver sn9c2028
[   10.079447][    T1] usbcore: registered new interface driver gspca_sn9c20x
[   10.080885][    T1] usbcore: registered new interface driver sonixb
[   10.082365][    T1] usbcore: registered new interface driver sonixj
[   10.083816][    T1] usbcore: registered new interface driver spca500
[   10.085297][    T1] usbcore: registered new interface driver spca501
[   10.087742][    T1] usbcore: registered new interface driver spca505
[   10.089599][    T1] usbcore: registered new interface driver spca506
[   10.091134][    T1] usbcore: registered new interface driver spca508
[   10.092638][    T1] usbcore: registered new interface driver spca561
[   10.094133][    T1] usbcore: registered new interface driver spca1528
[   10.096122][    T1] usbcore: registered new interface driver sq905
[   10.098086][    T1] usbcore: registered new interface driver sq905c
[   10.099557][    T1] usbcore: registered new interface driver sq930x
[   10.101032][    T1] usbcore: registered new interface driver sunplus
[   10.102469][    T1] usbcore: registered new interface driver stk014
[   10.103536][    T1] usbcore: registered new interface driver stk1135
[   10.105214][    T1] usbcore: registered new interface driver stv0680
[   10.107047][    T1] usbcore: registered new interface driver t613
[   10.108457][    T1] usbcore: registered new interface driver gspca_topro
[   10.109901][    T1] usbcore: registered new interface driver touptek
[   10.111283][    T1] usbcore: registered new interface driver tv8532
[   10.112668][    T1] usbcore: registered new interface driver vc032x
[   10.113712][    T1] usbcore: registered new interface driver vicam
[   10.116113][    T1] usbcore: registered new interface driver xirlink-cit
[   10.117664][    T1] usbcore: registered new interface driver gspca_zc3xx
[   10.119248][    T1] usbcore: registered new interface driver ALi m5602
[   10.120858][    T1] usbcore: registered new interface driver STV06xx
[   10.122145][    T1] usbcore: registered new interface driver gspca_gl860
[   10.124124][    T1] usbcore: registered new interface driver hackrf
