c[?7l[2J[0mSeaBIOS (version 1.15.0-1)


iPXE (https://ipxe.org) 00:03.0 CA00 PCI2.10 PnP PMM+7FF8B310+7FECB310 CA00
Press Ctrl-B to configure iPXE (PCI 00:03.0)...                                                                               


Booting from ROM...
c[?7l[2Jearly console in extract_kernel
input_data: 0x000000000d989298
input_len: 0x000000000505d0ab
output: 0x0000000001000000
output_len: 0x000000000fd14b28
kernel_total_size: 0x0000000011a26000
needed_size: 0x0000000011c00000
trampoline_32bit: 0x0000000000000000

Decompressing Linux... Parsing ELF... done.
Booting the kernel (entry_offset: 0x0000000000000080).
[    0.000000][    T0] Linux version 6.7.0-rc2-gbc9807868dfa-dirty (vmware@LAPTOP-BUKH5KQI) (gcc (Ubuntu 11.4.0-1ubuntu1~22.04) 11.4.0, GNU ld (GNU Binutils for Ubuntu) 2.38) #18 SMP PREEMPT_DYNAMIC Wed Nov 29 16:57:15 KST 2023
[    0.000000][    T0] Command line: console=ttyS0 root=/dev/sda earlyprintk=serial net.ifnames=0
[    0.000000][    T0] KERNEL supported cpus:
[    0.000000][    T0]   Intel GenuineIntel
[    0.000000][    T0]   AMD AuthenticAMD
[    0.000000][    T0] BIOS-provided physical RAM map:
[    0.000000][    T0] BIOS-e820: [mem 0x0000000000000000-0x000000000009fbff] usable
[    0.000000][    T0] BIOS-e820: [mem 0x000000000009fc00-0x000000000009ffff] reserved
[    0.000000][    T0] BIOS-e820: [mem 0x00000000000f0000-0x00000000000fffff] reserved
[    0.000000][    T0] BIOS-e820: [mem 0x0000000000100000-0x000000007ffdffff] usable
[    0.000000][    T0] BIOS-e820: [mem 0x000000007ffe0000-0x000000007fffffff] reserved
[    0.000000][    T0] BIOS-e820: [mem 0x00000000feffc000-0x00000000feffffff] reserved
[    0.000000][    T0] BIOS-e820: [mem 0x00000000fffc0000-0x00000000ffffffff] reserved
[    0.000000][    T0] printk: legacy bootconsole [earlyser0] enabled
[    0.000000][    T0] ERROR: earlyprintk= earlyser already used
[    0.000000][    T0] ERROR: earlyprintk= earlyser already used
[    0.000000][    T0] ERROR: earlyprintk= earlyser already used
[    0.000000][    T0] **********************************************************
[    0.000000][    T0] **   NOTICE NOTICE NOTICE NOTICE NOTICE NOTICE NOTICE   **
[    0.000000][    T0] **                                                      **
[    0.000000][    T0] ** This system shows unhashed kernel memory addresses   **
[    0.000000][    T0] ** via the console, logs, and other interfaces. This    **
[    0.000000][    T0] ** might reduce the security of your system.            **
[    0.000000][    T0] **                                                      **
[    0.000000][    T0] ** If you see this message and you are not debugging    **
[    0.000000][    T0] ** the kernel, report this immediately to your system   **
[    0.000000][    T0] ** administrator!                                       **
[    0.000000][    T0] **                                                      **
[    0.000000][    T0] **   NOTICE NOTICE NOTICE NOTICE NOTICE NOTICE NOTICE   **
[    0.000000][    T0] **********************************************************
[    0.000000][    T0] Malformed early option 'vsyscall'
[    0.000000][    T0] NX (Execute Disable) protection: active
[    0.000000][    T0] APIC: Static calls initialized
[    0.000000][    T0] SMBIOS 2.8 present.
[    0.000000][    T0] DMI: QEMU Standard PC (i440FX + PIIX, 1996), BIOS 1.15.0-1 04/01/2014
[    0.000000][    T0] Hypervisor detected: KVM
[    0.000000][    T0] kvm-clock: Using msrs 4b564d01 and 4b564d00
[    0.000004][    T0] kvm-clock: using sched offset of 982515167 cycles
[    0.001993][    T0] clocksource: kvm-clock: mask: 0xffffffffffffffff max_cycles: 0x1cd42e4dffb, max_idle_ns: 881590591483 ns
[    0.006716][    T0] tsc: Detected 2688.010 MHz processor
[    0.013061][    T0] last_pfn = 0x7ffe0 max_arch_pfn = 0x400000000
[    0.014703][    T0] MTRR map: 4 entries (3 fixed + 1 variable; max 19), built from 8 variable MTRRs
[    0.017316][    T0] x86/PAT: Configuration [0-7]: WB  WC  UC- UC  WB  WP  UC- WT  
[    0.026992][    T0] found SMP MP-table at [mem 0x000f5ba0-0x000f5baf]
[    0.029725][    T0] ACPI: Early table checksum verification disabled
[    0.031202][    T0] ACPI: RSDP 0x00000000000F59E0 000014 (v00 BOCHS )
[    0.032796][    T0] ACPI: RSDT 0x000000007FFE1905 000034 (v01 BOCHS  BXPC     00000001 BXPC 00000001)
[    0.034919][    T0] ACPI: FACP 0x000000007FFE17B9 000074 (v01 BOCHS  BXPC     00000001 BXPC 00000001)
[    0.037094][    T0] ACPI: DSDT 0x000000007FFE0040 001779 (v01 BOCHS  BXPC     00000001 BXPC 00000001)
[    0.039238][    T0] ACPI: FACS 0x000000007FFE0000 000040
[    0.040482][    T0] ACPI: APIC 0x000000007FFE182D 000078 (v01 BOCHS  BXPC     00000001 BXPC 00000001)
[    0.042625][    T0] ACPI: HPET 0x000000007FFE18A5 000038 (v01 BOCHS  BXPC     00000001 BXPC 00000001)
[    0.044880][    T0] ACPI: WAET 0x000000007FFE18DD 000028 (v01 BOCHS  BXPC     00000001 BXPC 00000001)
[    0.047013][    T0] ACPI: Reserving FACP table memory at [mem 0x7ffe17b9-0x7ffe182c]
[    0.048747][    T0] ACPI: Reserving DSDT table memory at [mem 0x7ffe0040-0x7ffe17b8]
[    0.050553][    T0] ACPI: Reserving FACS table memory at [mem 0x7ffe0000-0x7ffe003f]
[    0.052337][    T0] ACPI: Reserving APIC table memory at [mem 0x7ffe182d-0x7ffe18a4]
[    0.054121][    T0] ACPI: Reserving HPET table memory at [mem 0x7ffe18a5-0x7ffe18dc]
[    0.056332][    T0] ACPI: Reserving WAET table memory at [mem 0x7ffe18dd-0x7ffe1904]
[    0.059065][    T0] No NUMA configuration found
[    0.060265][    T0] Faking a node at [mem 0x0000000000000000-0x000000007ffdffff]
[    0.062046][    T0] Faking node 0 at [mem 0x0000000000000000-0x000000003fffffff] (1024MB)
[    0.063926][    T0] Faking node 1 at [mem 0x0000000040000000-0x000000007ffdffff] (1023MB)
[    0.065956][    T0] NODE_DATA(0) allocated [mem 0x3fffa000-0x3fffffff]
[    0.067945][    T0] NODE_DATA(1) allocated [mem 0x7ffd9000-0x7ffdefff]
[    0.075909][    T0] Zone ranges:
[    0.076700][    T0]   DMA      [mem 0x0000000000001000-0x0000000000ffffff]
[    0.078458][    T0]   DMA32    [mem 0x0000000001000000-0x000000007ffdffff]
[    0.080042][    T0]   Normal   empty
[    0.080931][    T0]   Device   empty
[    0.081714][    T0] Movable zone start for each node
[    0.082904][    T0] Early memory node ranges
[    0.083856][    T0]   node   0: [mem 0x0000000000001000-0x000000000009efff]
[    0.085564][    T0]   node   0: [mem 0x0000000000100000-0x000000003fffffff]
[    0.087360][    T0]   node   1: [mem 0x0000000040000000-0x000000007ffdffff]
[    0.089024][    T0] Initmem setup node 0 [mem 0x0000000000001000-0x000000003fffffff]
[    0.090871][    T0] Initmem setup node 1 [mem 0x0000000040000000-0x000000007ffdffff]
[    0.092744][    T0] On node 0, zone DMA: 1 pages in unavailable ranges
[    0.092862][    T0] On node 0, zone DMA: 97 pages in unavailable ranges
[    0.110391][    T0] On node 1, zone DMA32: 32 pages in unavailable ranges
[    0.189991][    T0] kasan: KernelAddressSanitizer initialized
[    0.208165][    T0] ACPI: PM-Timer IO Port: 0x608
[    0.214651][    T0] ACPI: LAPIC_NMI (acpi_id[0xff] dfl dfl lint[0x1])
[    0.222421][    T0] IOAPIC[0]: apic_id 0, version 17, address 0xfec00000, GSI 0-23
[    0.228562][    T0] ACPI: INT_SRC_OVR (bus 0 bus_irq 0 global_irq 2 dfl dfl)
[    0.231559][    T0] ACPI: INT_SRC_OVR (bus 0 bus_irq 5 global_irq 5 high level)
[    0.236573][    T0] ACPI: INT_SRC_OVR (bus 0 bus_irq 9 global_irq 9 high level)
[    0.240938][    T0] ACPI: INT_SRC_OVR (bus 0 bus_irq 10 global_irq 10 high level)
[    0.248459][    T0] ACPI: INT_SRC_OVR (bus 0 bus_irq 11 global_irq 11 high level)
[    0.255303][    T0] ACPI: Using ACPI (MADT) for SMP configuration information
[    0.260362][    T0] ACPI: HPET id: 0x8086a201 base: 0xfed00000
[    0.263463][    T0] smpboot: Allowing 1 CPUs, 0 hotplug CPUs
[    0.266223][    T0] kvm-guest: APIC: eoi() replaced with kvm_guest_apic_eoi_write()
[    0.279572][    T0] PM: hibernation: Registered nosave memory: [mem 0x00000000-0x00000fff]
[    0.287609][    T0] PM: hibernation: Registered nosave memory: [mem 0x0009f000-0x0009ffff]
[    0.294170][    T0] PM: hibernation: Registered nosave memory: [mem 0x000a0000-0x000effff]
[    0.302007][    T0] PM: hibernation: Registered nosave memory: [mem 0x000f0000-0x000fffff]
[    0.309025][    T0] [mem 0x80000000-0xfeffbfff] available for PCI devices
[    0.313074][    T0] Booting paravirtualized kernel on KVM
[    0.316795][    T0] clocksource: refined-jiffies: mask: 0xffffffff max_cycles: 0xffffffff, max_idle_ns: 19112604462750000 ns
[    0.612645][    T0] setup_percpu: NR_CPUS:8 nr_cpumask_bits:1 nr_cpu_ids:1 nr_node_ids:2
[    0.621507][    T0] percpu: Embedded 72 pages/cpu s255176 r8192 d31544 u2097152
[    0.631859][    T0] kvm-guest: PV spinlocks disabled, no host support
[    0.646495][    T0] Kernel command line: earlyprintk=serial net.ifnames=0 sysctl.kernel.hung_task_all_cpu_backtrace=1 ima_policy=tcb nf-conntrack-ftp.ports=20000 nf-conntrack-tftp.ports=20000 nf-conntrack-sip.ports=20000 nf-conntrack-irc.ports=20000 nf-conntrack-sane.ports=20000 binder.debug_mask=0 rcupdate.rcu_expedited=1 rcupdate.rcu_cpu_stall_cputime=1 no_hash_pointers page_owner=on sysctl.vm.nr_hugepages=4 sysctl.vm.nr_overcommit_hugepages=4 secretmem.enable=1 sysctl.max_rcu_stall_to_panic=1 msr.allow_writes=off coredump_filter=0xffff root=/dev/sda console=ttyS0 vsyscall=native numa=fake=2 kvm-intel.nested=1 spec_store_bypass_disable=prctl nopcid vivid.n_devs=16 vivid.multiplanar=1,2,1,2,1,2,1,2,1,2,1,2,1,2,1,2 netrom.nr_ndevs=16 rose.rose_ndevs=16 smp.csd_lock_timeout=100000 watchdog_thresh=55 workqueue.watchdog_thresh=140 sysctl.net.core.netdev_unregister_timeout_secs=140 dummy_hcd.num=8 panic_on_warn=1 console=ttyS0 root=/dev/sda earlyprintk=serial net.ifnames=0
[    0.724148][    T0] Unknown kernel command line parameters "spec_store_bypass_disable=prctl", will be passed to user space.
[    0.731453][    T0] Fallback order for Node 0: 0 1 
[    0.731473][    T0] Fallback order for Node 1: 1 0 
[    0.732051][    T0] Built 2 zonelists, mobility grouping on.  Total pages: 515808
[    0.757174][    T0] Policy zone: DMA32
[    0.766949][    T0] mem auto-init: stack:off, heap alloc:on, heap free:off
[    0.769566][    T0] stackdepot: allocating hash table via alloc_large_system_hash
[    0.774510][    T0] stackdepot hash table entries: 1048576 (order: 11, 8388608 bytes, linear)
[    1.256191][    T0] Memory: 1464876K/2096632K available (157696K kernel code, 38570K rwdata, 32680K rodata, 3420K init, 33712K bss, 631500K reserved, 0K cma-reserved)
[    1.317350][    T0] SLUB: HWalign=64, Order=0-3, MinObjects=0, CPUs=1, Nodes=2
[    1.424707][    T0] allocated 37748736 bytes of page_ext
[    1.430293][    T0] Node 0, zone      DMA: page owner found early allocated 0 pages
[    1.465733][    T0] Node 0, zone    DMA32: page owner found early allocated 4704 pages
[    1.480124][    T0] Node 1, zone    DMA32: page owner found early allocated 4611 pages
[    1.498256][    T0] Dynamic Preempt: full
[    1.522294][    T0] Running RCU self tests
[    1.524709][    T0] Running RCU synchronous self tests
[    1.534612][    T0] rcu: Preemptible hierarchical RCU implementation.
[    1.538832][    T0] rcu: 	RCU lockdep checking is enabled.
[    1.544060][    T0] rcu: 	RCU restricting CPUs from NR_CPUS=8 to nr_cpu_ids=1.
[    1.553006][    T0] rcu: 	RCU callback double-/use-after-free debug is enabled.
[    1.559545][    T0] rcu: 	RCU debug extended QS entry/exit.
[    1.565521][    T0] 	All grace periods are expedited (rcu_expedited).
[    1.568836][    T0] 	Trampoline variant of Tasks RCU enabled.
[    1.571598][    T0] 	Tracing variant of Tasks RCU enabled.
[    1.573430][    T0] rcu: RCU calculated value of scheduler-enlistment delay is 10 jiffies.
[    1.576962][    T0] rcu: Adjusting geometry for rcu_fanout_leaf=16, nr_cpu_ids=1
[    1.595802][    T0] Running RCU synchronous self tests
[    1.728185][    T0] NR_IRQS: 4352, nr_irqs: 256, preallocated irqs: 16
[    1.730004][    T0] rcu: srcu_init: Setting srcu_struct sizes based on contention.
[    1.731561][    T0] kfence: initialized - using 2097152 bytes for 255 objects at 0xffff88807ec00000-0xffff88807ee00000
[    1.748783][    T0] Console: colour VGA+ 80x25
[    1.749770][    T0] printk: legacy console [ttyS0] enabled
[    1.749770][    T0] printk: legacy console [ttyS0] enabled
[    1.751634][    T0] printk: legacy bootconsole [earlyser0] disabled
[    1.751634][    T0] printk: legacy bootconsole [earlyser0] disabled
[    1.755906][    T0] Lock dependency validator: Copyright (c) 2006 Red Hat, Inc., Ingo Molnar
[    1.759171][    T0] ... MAX_LOCKDEP_SUBCLASSES:  8
[    1.761103][    T0] ... MAX_LOCK_DEPTH:          48
[    1.762636][    T0] ... MAX_LOCKDEP_KEYS:        8192
[    1.763567][    T0] ... CLASSHASH_SIZE:          4096
[    1.764483][    T0] ... MAX_LOCKDEP_ENTRIES:     131072
[    1.765398][    T0] ... MAX_LOCKDEP_CHAINS:      262144
[    1.766367][    T0] ... CHAINHASH_SIZE:          131072
[    1.767295][    T0]  memory used by lock dependency info: 20785 kB
[    1.768438][    T0]  memory used for stack traces: 8320 kB
[    1.769411][    T0]  per task-struct memory footprint: 1920 bytes
[    1.770512][    T0] mempolicy: Enabling automatic NUMA balancing. Configure with numa_balancing= or the kernel.numa_balancing sysctl
[    1.772635][    T0] ACPI: Core revision 20230628
[    1.774344][    T0] clocksource: hpet: mask: 0xffffffff max_cycles: 0xffffffff, max_idle_ns: 19112604467 ns
[    1.777146][    T0] APIC: Switch to symmetric I/O mode setup
[    1.779240][    T0] x2apic enabled
[    1.780869][    T0] APIC: Switched APIC routing to: physical x2apic
[    1.787032][    T0] ..TIMER: vector=0x30 apic1=0 pin1=2 apic2=-1 pin2=-1
[    1.788738][    T0] clocksource: tsc-early: mask: 0xffffffffffffffff max_cycles: 0x26beffa22e4, max_idle_ns: 440795217853 ns
[    1.791458][    T0] Calibrating delay loop (skipped) preset value.. 5376.02 BogoMIPS (lpj=26880100)
[    1.793942][    T0] Last level iTLB entries: 4KB 0, 2MB 0, 4MB 0
[    1.795411][    T0] Last level dTLB entries: 4KB 0, 2MB 0, 4MB 0, 1GB 0
[    1.796695][    T0] Spectre V1 : Mitigation: usercopy/swapgs barriers and __user pointer sanitization
[    1.801544][    T0] Spectre V2 : Kernel not compiled with retpoline; no mitigation available!
[    1.801549][    T0] Spectre V2 : Vulnerable
[    1.803982][    T0] Spectre V2 : Spectre v2 / SpectreRSB mitigation: Filling RSB on context switch
[    1.805642][    T0] Speculative Store Bypass: Vulnerable
[    1.806817][    T0] MDS: Vulnerable: Clear CPU buffers attempted, no microcode
[    1.808266][    T0] MMIO Stale Data: Unknown: No mitigations
[    1.809522][    T0] x86/fpu: x87 FPU will use FXSAVE
[    1.858746][    T0] Freeing SMP alternatives memory: 120K
[    1.860902][    T0] pid_max: default: 32768 minimum: 301
[    1.861866][    T0] LSM: initializing lsm=lockdown,capability,landlock,yama,safesetid,tomoyo,apparmor,bpf,integrity
[    1.864012][    T0] landlock: Up and running.
[    1.864877][    T0] Yama: becoming mindful.
[    1.865826][    T0] TOMOYO Linux initialized
[    1.866936][    T0] AppArmor: AppArmor initialized
[    1.867898][    T0] LSM support for eBPF active
[    1.873524][    T0] Dentry cache hash table entries: 262144 (order: 9, 2097152 bytes, vmalloc)
[    1.877111][    T0] Inode-cache hash table entries: 131072 (order: 8, 1048576 bytes, vmalloc)
[    1.879002][    T0] Mount-cache hash table entries: 4096 (order: 3, 32768 bytes, vmalloc)
[    1.880749][    T0] Mountpoint-cache hash table entries: 4096 (order: 3, 32768 bytes, vmalloc)
[    1.885029][    T0] Running RCU synchronous self tests
[    1.886081][    T0] Running RCU synchronous self tests
[    2.009178][    T1] smpboot: CPU0: Intel QEMU Virtual CPU version 2.5+ (family: 0xf, model: 0x6b, stepping: 0x1)
[    2.011429][    T1] RCU Tasks: Setting shift to 0 and lim to 1 rcu_task_cb_adjust=1.
[    2.011690][    T1] RCU Tasks Trace: Setting shift to 0 and lim to 1 rcu_task_cb_adjust=1.
[    2.014742][    T1] Running RCU Tasks wait API self tests
[    2.122212][    T1] Running RCU Tasks Trace wait API self tests
[    2.129271][    T1] Performance Events: unsupported Netburst CPU model 107 no PMU driver, software events only.
[    2.131572][    T1] signal: max sigframe size: 1440
[    2.133924][    T1] rcu: Hierarchical SRCU implementation.
[    2.135012][    T1] rcu: 	Max phase no-delay instances is 1000.
[    2.141589][   T15] Callback from call_rcu_tasks_trace() invoked.
[    2.145425][    T1] NMI watchdog: Perf NMI watchdog permanently disabled
[    2.147199][    T1] smp: Bringing up secondary CPUs ...
[    2.148454][    T1] smp: Brought up 2 nodes, 1 CPU
[    2.149317][    T1] smpboot: Max logical packages: 1
[    2.150223][    T1] smpboot: Total of 1 processors activated (5376.02 BogoMIPS)
[    2.153432][    T1] devtmpfs: initialized
[    2.155246][    T1] x86/mm: Memory block size: 128MB
[    2.178308][    T1] Running RCU synchronous self tests
[    2.179402][    T1] Running RCU synchronous self tests
[    2.180579][    T1] clocksource: jiffies: mask: 0xffffffff max_cycles: 0xffffffff, max_idle_ns: 19112604462750000 ns
[    2.181551][    T1] futex hash table entries: 256 (order: 3, 32768 bytes, vmalloc)
[    2.186784][    T1] PM: RTC time: 04:57:05, date: 2023-12-01
[    2.200409][    T1] NET: Registered PF_NETLINK/PF_ROUTE protocol family
[    2.205251][    T1] audit: initializing netlink subsys (disabled)
[    2.206694][   T22] audit: type=2000 audit(1701406625.966:1): state=initialized audit_enabled=0 res=1
[    2.211634][    T1] thermal_sys: Registered thermal governor 'step_wise'
[    2.211641][    T1] thermal_sys: Registered thermal governor 'user_space'
[    2.213184][    T1] cpuidle: using governor menu
[    2.215770][    T1] NET: Registered PF_QIPCRTR protocol family
[    2.220965][    T1] dca service started, version 1.12.1
[    2.221749][    T1] PCI: Using configuration type 1 for base access
[    2.227410][    T1] HugeTLB: registered 2.00 MiB page size, pre-allocated 0 pages
[    2.228800][    T1] HugeTLB: 28 KiB vmemmap can be freed for a 2.00 MiB page
[    2.245638][    T1] cryptd: max_cpu_qlen set to 1000
[    2.253523][    T1] raid6: skipped pq benchmark and selected sse2x4
[    2.260423][    T1] raid6: using intx1 recovery algorithm
[    2.272609][    T1] ACPI: Added _OSI(Module Device)
[    2.274481][    T1] ACPI: Added _OSI(Processor Device)
[    2.276668][    T1] ACPI: Added _OSI(3.0 _SCP Extensions)
[    2.278799][    T1] ACPI: Added _OSI(Processor Aggregator Device)
[    2.377313][    T1] ACPI: 1 ACPI AML tables successfully acquired and loaded
[    2.403834][    T1] ACPI: _OSC evaluation for CPUs failed, trying _PDC
[    2.414146][    T1] ACPI: Interpreter enabled
[    2.415596][    T1] ACPI: PM: (supports S0 S3 S4 S5)
[    2.416546][    T1] ACPI: Using IOAPIC for interrupt routing
[    2.418125][    T1] PCI: Using host bridge windows from ACPI; if necessary, use "pci=nocrs" and report a bug
[    2.420296][    T1] PCI: Using E820 reservations for host bridge windows
[    2.424245][    T1] ACPI: Enabled 2 GPEs in block 00 to 0F
[    2.587385][    T1] ACPI: PCI Root Bridge [PCI0] (domain 0000 [bus 00-ff])
[    2.590524][    T1] acpi PNP0A03:00: _OSC: OS supports [ASPM ClockPM Segments MSI HPX-Type3]
[    2.601536][    T1] acpi PNP0A03:00: _OSC: not requesting OS control; OS requires [ExtendedConfig ASPM ClockPM MSI]
[    2.604255][    T1] acpi PNP0A03:00: fail to add MMCONFIG information, can't access extended configuration space under this bridge
[    2.608017][    T1] PCI host bridge to bus 0000:00
[    2.608937][    T1] pci_bus 0000:00: Unknown NUMA node; performance will be reduced
[    2.610378][    T1] pci_bus 0000:00: root bus resource [io  0x0000-0x0cf7 window]
[    2.621459][    T1] pci_bus 0000:00: root bus resource [io  0x0d00-0xffff window]
[    2.622987][    T1] pci_bus 0000:00: root bus resource [mem 0x000a0000-0x000bffff window]
[    2.624620][    T1] pci_bus 0000:00: root bus resource [mem 0x80000000-0xfebfffff window]
[    2.626232][    T1] pci_bus 0000:00: root bus resource [mem 0x100000000-0x17fffffff window]
[    2.627891][    T1] pci_bus 0000:00: root bus resource [bus 00-ff]
[    2.629840][    T1] pci 0000:00:00.0: [8086:1237] type 00 class 0x060000
[    2.687199][    T1] pci 0000:00:01.0: [8086:7000] type 00 class 0x060100
[    2.691342][    T1] pci 0000:00:01.1: [8086:7010] type 00 class 0x010180
[    2.703656][    T1] pci 0000:00:01.1: reg 0x20: [io  0xc020-0xc02f]
[    2.706455][    T1] pci 0000:00:01.1: legacy IDE quirk: reg 0x10: [io  0x01f0-0x01f7]
[    2.708122][    T1] pci 0000:00:01.1: legacy IDE quirk: reg 0x14: [io  0x03f6]
[    2.709322][    T1] pci 0000:00:01.1: legacy IDE quirk: reg 0x18: [io  0x0170-0x0177]
[    2.710512][    T1] pci 0000:00:01.1: legacy IDE quirk: reg 0x1c: [io  0x0376]
[    2.712792][    T1] pci 0000:00:01.3: [8086:7113] type 00 class 0x068000
[    2.714883][    T1] pci 0000:00:01.3: quirk: [io  0x0600-0x063f] claimed by PIIX4 ACPI
[    2.720254][    T1] pci 0000:00:01.3: quirk: [io  0x0700-0x070f] claimed by PIIX4 SMB
[    2.731543][    T1] pci 0000:00:01.3: quirk_piix4_acpi+0x0/0x200 took 19531 usecs
[    2.734106][    T1] pci 0000:00:02.0: [1234:1111] type 00 class 0x030000
[    2.737579][    T1] pci 0000:00:02.0: reg 0x10: [mem 0xfd000000-0xfdffffff pref]
[    2.752054][    T1] pci 0000:00:02.0: reg 0x18: [mem 0xfeb90000-0xfeb90fff]
[    2.759673][    T1] pci 0000:00:02.0: reg 0x30: [mem 0xfeb80000-0xfeb8ffff pref]
[    2.771893][    T1] pci 0000:00:02.0: Video device with shadowed ROM at [mem 0x000c0000-0x000dffff]
[    2.820275][    T1] pci 0000:00:03.0: [1af4:1000] type 00 class 0x020000
[    2.832618][    T1] pci 0000:00:03.0: reg 0x10: [io  0xc000-0xc01f]
[    2.834358][    T1] pci 0000:00:03.0: reg 0x14: [mem 0xfeb91000-0xfeb91fff]
[    2.839386][    T1] pci 0000:00:03.0: reg 0x20: [mem 0xfe000000-0xfe003fff 64bit pref]
[    2.853053][    T1] pci 0000:00:03.0: reg 0x30: [mem 0xfeb00000-0xfeb7ffff pref]
[    2.934528][    T1] ACPI: PCI: Interrupt link LNKA configured for IRQ 10
[    2.940897][    T1] ACPI: PCI: Interrupt link LNKB configured for IRQ 10
[    2.954449][    T1] ACPI: PCI: Interrupt link LNKC configured for IRQ 11
[    2.959202][    T1] ACPI: PCI: Interrupt link LNKD configured for IRQ 11
[    2.972704][    T1] ACPI: PCI: Interrupt link LNKS configured for IRQ 9
[    2.981452][    T1] iommu: Default domain type: Translated
[    2.982541][    T1] iommu: DMA domain TLB invalidation policy: lazy mode
[    2.986853][    T1] SCSI subsystem initialized
[    3.002488][    T1] ACPI: bus type USB registered
[    3.003776][    T1] usbcore: registered new interface driver usbfs
[    3.005084][    T1] usbcore: registered new interface driver hub
[    3.006327][    T1] usbcore: registered new device driver usb
[    3.008521][    T1] mc: Linux media interface: v0.10
[    3.009602][    T1] videodev: Linux video capture interface: v2.00
[    3.011125][    T1] pps_core: LinuxPPS API ver. 1 registered
[    3.021441][    T1] pps_core: Software ver. 5.3.6 - Copyright 2005-2007 Rodolfo Giometti <giometti@linux.it>
[    3.023631][    T1] PTP clock support registered
[    3.025360][    T1] EDAC MC: Ver: 3.0.0
[    3.028809][    T1] Advanced Linux Sound Architecture Driver Initialized.
[    3.043321][    T1] Bluetooth: Core ver 2.22
[    3.044177][    T1] NET: Registered PF_BLUETOOTH protocol family
[    3.045256][    T1] Bluetooth: HCI device and connection manager initialized
[    3.046670][    T1] Bluetooth: HCI socket layer initialized
[    3.047801][    T1] Bluetooth: L2CAP socket layer initialized
[    3.049014][    T1] Bluetooth: SCO socket layer initialized
[    3.050183][    T1] NET: Registered PF_ATMPVC protocol family
[    3.051215][    T1] NET: Registered PF_ATMSVC protocol family
[    3.061769][    T1] NetLabel: Initializing
[    3.062616][    T1] NetLabel:  domain hash size = 128
[    3.063612][    T1] NetLabel:  protocols = UNLABELED CIPSOv4 CALIPSO
[    3.065178][    T1] NetLabel:  unlabeled traffic allowed by default
[    3.067744][    T1] nfc: nfc_init: NFC Core ver 0.1
[    3.068965][    T1] NET: Registered PF_NFC protocol family
[    3.070114][    T1] PCI: Using ACPI for IRQ routing
[    3.082224][    T1] pci 0000:00:02.0: vgaarb: setting as boot VGA device
[    3.084192][    T1] pci 0000:00:02.0: vgaarb: bridge control possible
[    3.085460][    T1] pci 0000:00:02.0: vgaarb: VGA device added: decodes=io+mem,owns=io+mem,locks=none
[    3.087299][    T1] vgaarb: loaded
[    3.090908][    T1] hpet: 3 channels of 0 reserved for per-cpu timers
[    3.101480][    T1] hpet0: at MMIO 0xfed00000, IRQs 2, 8, 0
[    3.102428][    T1] hpet0: 3 comparators, 64-bit 100.000000 MHz counter
[    3.106257][    T1] clocksource: Switched to clocksource kvm-clock
[    3.109969][    T1] VFS: Disk quotas dquot_6.6.0
[    3.110975][    T1] VFS: Dquot-cache hash table entries: 512 (order 0, 4096 bytes)
[    3.120624][    T1] FS-Cache: Loaded
[    3.122011][    T1] CacheFiles: Loaded
[    3.123079][    T1] TOMOYO: 2.6.0
[    3.123770][    T1] Mandatory Access Control activated.
[    3.126874][    T1] AppArmor: AppArmor Filesystem Enabled
[    3.128380][    T1] pnp: PnP ACPI init
[    3.147818][    T1] pnp: PnP ACPI: found 6 devices
[    3.195729][    T1] clocksource: acpi_pm: mask: 0xffffff max_cycles: 0xffffff, max_idle_ns: 2085701024 ns
[    3.197952][    T1] NET: Registered PF_INET protocol family
[    3.211590][    T1] IP idents hash table entries: 32768 (order: 6, 262144 bytes, vmalloc)
[    3.235907][    T1] tcp_listen_portaddr_hash hash table entries: 1024 (order: 4, 73728 bytes, vmalloc)
[    3.238192][    T1] Table-perturb hash table entries: 65536 (order: 6, 262144 bytes, vmalloc)
[    3.239883][    T1] TCP established hash table entries: 16384 (order: 5, 131072 bytes, vmalloc)
[    3.246342][    T1] TCP bind hash table entries: 16384 (order: 9, 2359296 bytes, vmalloc)
[    3.248742][    T1] TCP: Hash tables configured (established 16384 bind 16384)
[    3.261554][    T1] MPTCP token hash table entries: 2048 (order: 5, 180224 bytes, vmalloc)
[    3.263668][    T1] UDP hash table entries: 1024 (order: 5, 163840 bytes, vmalloc)
[    3.265550][    T1] UDP-Lite hash table entries: 1024 (order: 5, 163840 bytes, vmalloc)
[    3.267775][    T1] NET: Registered PF_UNIX/PF_LOCAL protocol family
[    3.281179][    T1] RPC: Registered named UNIX socket transport module.
[    3.282395][    T1] RPC: Registered udp transport module.
[    3.283287][    T1] RPC: Registered tcp transport module.
[    3.284696][    T1] RPC: Registered tcp-with-tls transport module.
[    3.287174][    T1] RPC: Registered tcp NFSv4.1 backchannel transport module.
[    3.301901][    T1] NET: Registered PF_XDP protocol family
[    3.303228][    T1] pci_bus 0000:00: resource 4 [io  0x0000-0x0cf7 window]
[    3.304640][    T1] pci_bus 0000:00: resource 5 [io  0x0d00-0xffff window]
[    3.306438][    T1] pci_bus 0000:00: resource 6 [mem 0x000a0000-0x000bffff window]
[    3.307816][    T1] pci_bus 0000:00: resource 7 [mem 0x80000000-0xfebfffff window]
[    3.309297][    T1] pci_bus 0000:00: resource 8 [mem 0x100000000-0x17fffffff window]
[    3.320982][    T1] pci 0000:00:01.0: PIIX3: Enabling Passive Release
[    3.322069][    T1] pci 0000:00:00.0: Limiting direct PCI/PCI transfers
[    3.323285][    T1] PCI: CLS 0 bytes, default 64
[    3.330527][    T1] ACPI: bus type thunderbolt registered
[    3.341326][   T52] kworker/u2:1 (52) used greatest stack depth: 27952 bytes left
[    3.345500][    T1] kvm_intel: VMX not supported by CPU 0
[    3.346619][    T1] kvm_amd: CPU 0 isn't AMD or Hygon
[    3.347654][    T1] clocksource: tsc: mask: 0xffffffffffffffff max_cycles: 0x26beffa22e4, max_idle_ns: 440795217853 ns
[    3.352623][   T55] kworker/u2:3 (55) used greatest stack depth: 26928 bytes left
[    3.361104][    T1] twofish-x86_64-3way: performance on this CPU would be suboptimal: disabling twofish-x86_64-3way.
[    3.363238][    T1] CPU feature 'AVX registers' is not supported.
[    3.364555][    T1] CPU feature 'AVX registers' is not supported.
[    3.365766][    T1] AVX2 instructions are not detected.
[    3.366802][    T1] des3_ede-x86_64: performance on this CPU would be suboptimal: disabling des3_ede-x86_64.
[    3.368760][    T1] camellia-x86_64: performance on this CPU would be suboptimal: disabling camellia-x86_64.
[    3.380460][    T1] AVX or AES-NI instructions are not detected.
[    3.381848][    T1] AVX2 or AES-NI instructions are not detected.
[    3.383426][    T1] blowfish-x86_64: performance on this CPU would be suboptimal: disabling blowfish-x86_64.
[    3.440172][    T1] CPU feature 'AVX registers' is not supported.
[    3.441478][    T1] CPU feature 'AVX registers' is not supported.
[    3.442736][    T1] PCLMULQDQ-NI instructions are not detected.
[    3.443948][    T1] sm3_avx_x86_64: AVX instruction are not detected.
[    3.445217][    T1] AVX or AES-NI instructions are not detected.
[    3.446396][    T1] AVX2 or AES-NI instructions are not detected.
[    3.448176][    T1] AVX or AES-NI instructions are not detected.
[    4.995963][    T1] Initialise system trusted keyrings
[    4.998550][    T1] workingset: timestamp_bits=40 max_order=19 bucket_order=0
[    5.008867][    T1] DLM installed
[    5.012655][    T1] squashfs: version 4.0 (2009/01/31) Phillip Lougher
[    5.021141][    T1] NFS: Registering the id_resolver key type
[    5.022944][    T1] Key type id_resolver registered
[    5.023985][    T1] Key type id_legacy registered
[    5.024995][    T1] nfs4filelayout_init: NFSv4 File Layout Driver Registering...
[    5.026543][    T1] nfs4flexfilelayout_init: NFSv4 Flexfile Layout Driver Registering...
[    5.033222][    T1] Key type cifs.spnego registered
[    5.034349][    T1] Key type cifs.idmap registered
[    5.035437][    T1] ntfs: driver 2.1.32 [Flags: R/W].
[    5.036757][    T1] ntfs3: Max link count 4000
[    5.037698][    T1] ntfs3: Enabled Linux POSIX ACLs support
[    5.038864][    T1] ntfs3: Read-only LZX/Xpress compression included
[    5.040673][    T1] efs: 1.0a - http://aeschi.ch.eu.org/efs/
[    5.042027][    T1] jffs2: version 2.2. (NAND) (SUMMARY)  Â© 2001-2006 Red Hat, Inc.
[    5.045764][    T1] romfs: ROMFS MTD (C) 2007 Red Hat, Inc.
[    5.047077][    T1] QNX4 filesystem 0.2.3 registered.
[    5.048238][    T1] qnx6: QNX6 filesystem 1.0.0 registered.
[    5.050715][    T1] fuse: init (API version 7.39)
[    5.054244][    T1] orangefs_debugfs_init: called with debug mask: :none: :0:
[    5.056669][    T1] orangefs_init: module version upstream loaded
[    5.058991][    T1] JFS: nTxBlock = 8192, nTxLock = 65536
[    5.091634][    T1] SGI XFS with ACLs, security attributes, realtime, quota, no debug enabled
[    5.100691][    T1] 9p: Installing v9fs 9p2000 file system support
[    5.103521][    T1] NILFS version 2 loaded
[    5.105064][    T1] befs: version: 0.9.3
[    5.108133][    T1] ocfs2: Registered cluster interface o2cb
[    5.111572][    T1] ocfs2: Registered cluster interface user
[    5.114007][    T1] OCFS2 User DLM kernel interface loaded
[    5.144478][    T1] gfs2: GFS2 installed
[    5.160721][    T1] ceph: loaded (mds proto 32)
[    5.178639][    T1] NET: Registered PF_ALG protocol family
[    5.180497][    T1] xor: measuring software checksum speed
[    5.182244][    T1]    prefetch64-sse  : 25421 MB/sec
[    5.183908][    T1]    generic_sse     : 23466 MB/sec
[    5.185050][    T1] xor: using function: prefetch64-sse (25421 MB/sec)
[    5.186777][    T1] async_tx: api initialized (async)
[    5.187975][    T1] Key type asymmetric registered
[    5.189154][    T1] Asymmetric key parser 'x509' registered
[    5.190401][    T1] Asymmetric key parser 'pkcs8' registered
[    5.191580][    T1] Key type pkcs7_test registered
[    5.193633][    T1] Block layer SCSI generic (bsg) driver version 0.4 loaded (major 239)
[    5.206033][    T1] io scheduler mq-deadline registered
[    5.207254][    T1] io scheduler kyber registered
[    5.208412][    T1] io scheduler bfq registered
[    5.220381][   T14] Callback from call_rcu_tasks() invoked.
[    5.227614][    T1] input: Power Button as /devices/LNXSYSTM:00/LNXPWRBN:00/input/input0
[    5.253960][    T1] ACPI: button: Power Button [PWRF]
[    5.271314][    T1] ioatdma: Intel(R) QuickData Technology Driver 5.00
[    8.458001][    T1] ACPI: \_SB_.LNKC: Enabled at IRQ 11
[    8.628004][  T351] kworker/u2:2 (351) used greatest stack depth: 26592 bytes left
[    8.905227][    T1] N_HDLC line discipline registered with maxframe=4096
[    8.908374][    T1] Serial: 8250/16550 driver, 4 ports, IRQ sharing enabled
[    8.916357][    T1] 00:04: ttyS0 at I/O 0x3f8 (irq = 4, base_baud = 115200) is a 16550A
[    8.950075][    T1] Non-volatile memory driver v1.3
[    8.951645][    T1] Linux agpgart interface v0.103
[    8.962815][    T1] ACPI: bus type drm_connector registered
[    8.972735][    T1] [drm] Initialized vgem 1.0.0 20120112 for vgem on minor 0
[    8.981629][    T1] [drm] Initialized vkms 1.0.0 20180514 for vkms on minor 1
[    9.052432][    T1] Console: switching to colour frame buffer device 128x48
[    9.071059][    T1] platform vkms: [drm] fb0: vkmsdrmfb frame buffer device
[    9.073243][    T1] usbcore: registered new interface driver udl
[    9.075934][    T1] bochs-drm 0000:00:02.0: vgaarb: deactivate vga console
[    9.087699][    T1] [drm] Found bochs VGA, ID 0xb0c5.
[    9.088763][    T1] [drm] Framebuffer size 16384 kB @ 0xfd000000, mmio @ 0xfeb90000.
[    9.103950][    T1] [drm] Found EDID data blob.
[    9.108539][    T1] [drm] Initialized bochs-drm 1.0.0 20130925 for 0000:00:02.0 on minor 2
[    9.119494][    T1] fbcon: bochs-drmdrmfb (fb1) is primary device
[    9.119505][    T1] fbcon: Remapping primary device, fb1, to tty 1-63
[    9.486042][    T1] bochs-drm 0000:00:02.0: [drm] fb1: bochs-drmdrmfb frame buffer device
[    9.552326][    T1] brd: module loaded
[    9.624392][    T1] loop: module loaded
[    9.777657][    T1] zram: Added device: zram0
[    9.786965][    T1] null_blk: disk nullb0 created
[    9.788112][    T1] null_blk: module loaded
[    9.789827][    T1] Guest personality initialized and is inactive
[    9.792157][    T1] VMCI host device registered (name=vmci, major=10, minor=118)
[    9.793772][    T1] Initialized host personality
[    9.794984][    T1] usbcore: registered new interface driver rtsx_usb
[    9.798543][    T1] usbcore: registered new interface driver viperboard
[    9.801977][    T1] usbcore: registered new interface driver dln2
[    9.804381][    T1] usbcore: registered new interface driver pn533_usb
[    9.810576][    T1] nfcsim 0.2 initialized
[    9.812341][    T1] usbcore: registered new interface driver port100
[    9.814473][    T1] usbcore: registered new interface driver nfcmrvl
[    9.823295][    T1] Loading iSCSI transport class v2.0-870.
[    9.841283][    T1] st: Version 20160209, fixed bufsize 32768, s/g segs 256
[    9.874001][    T1] scsi host0: ata_piix
[    9.878225][    T1] scsi host1: ata_piix
[    9.882318][    T1] ata1: PATA max MWDMA2 cmd 0x1f0 ctl 0x3f6 bmdma 0xc020 irq 14 lpm-pol 0
[    9.883899][    T1] ata2: PATA max MWDMA2 cmd 0x170 ctl 0x376 bmdma 0xc028 irq 15 lpm-pol 0
[    9.891786][    T1] Rounding down aligned max_sectors from 4294967295 to 4294967288
[    9.894072][    T1] db_root: cannot open: /etc/target
[    9.896869][    T1] slram: not enough parameters.
[    9.903278][    T1] ftl_cs: FTL header not found.
[    9.956759][    T1] wireguard: WireGuard 1.0.0 loaded. See www.wireguard.com for information.
[    9.959913][    T1] wireguard: Copyright (C) 2015-2019 Jason A. Donenfeld <Jason@zx2c4.com>. All Rights Reserved.
[    9.963739][    T1] eql: Equalizer2002: Simon Janes (simon@ncm.com) and David S. Miller (davem@redhat.com)
[    9.975117][    T1] MACsec IEEE 802.1AE
[   10.003575][    T1] tun: Universal TUN/TAP device driver, 1.6
[   10.018565][    T1] vcan: Virtual CAN interface driver
[   10.019678][    T1] vxcan: Virtual CAN Tunnel driver
[   10.021316][    T1] slcan: serial line CAN interface driver
[   10.022462][    T1] CAN device driver interface
[   10.024182][    T1] usbcore: registered new interface driver usb_8dev
[   10.026037][    T1] usbcore: registered new interface driver ems_usb
[   10.027748][    T1] usbcore: registered new interface driver gs_usb
[   10.029136][    T1] usbcore: registered new interface driver kvaser_usb
[   10.033236][    T1] usbcore: registered new interface driver mcba_usb
[   10.035873][    T1] usbcore: registered new interface driver peak_usb
[   10.038240][    T1] e100: Intel(R) PRO/100 Network Driver
[   10.039408][    T1] e100: Copyright(c) 1999-2006 Intel Corporation
[   10.041992][    T1] e1000: Intel(R) PRO/1000 Network Driver
[   10.043233][    T1] e1000: Copyright (c) 1999-2006 Intel Corporation.
[   10.045138][    T1] e1000e: Intel(R) PRO/1000 Network Driver
[   10.046301][    T1] e1000e: Copyright(c) 1999 - 2015 Intel Corporation.
[   10.049000][    T1] mkiss: AX.25 Multikiss, Hans Albas PE1AYX
[   10.050865][  T969] ata1: found unknown device (class 0)
[   10.052499][    T1] AX.25: 6pack driver, Revision: 0.3.0
[   10.053591][    T1] AX.25: bpqether driver version 004
[   10.054631][    T1] PPP generic driver version 2.4.2
[   10.056121][  T969] ata1.00: ATA-7: QEMU HARDDISK, 2.5+, max UDMA/100
[   10.057419][  T969] ata1.00: 16777208 sectors, multi 16: LBA48 
[   10.060688][  T974] ata2: found unknown device (class 0)
[   10.062389][  T974] ata2.00: ATAPI: QEMU DVD-ROM, 2.5+, max UDMA/100
[   10.063960][    T1] PPP BSD Compression module registered
[   10.065036][    T1] PPP Deflate Compression module registered
[   10.066401][    T1] PPP MPPE Compression module registered
[   10.067552][    T1] NET: Registered PF_PPPOX protocol family
[   10.068634][    T1] PPTP driver version 0.8.5
[   10.072569][   T59] scsi 0:0:0:0: Direct-Access     ATA      QEMU HARDDISK    2.5+ PQ: 0 ANSI: 5
[   10.078685][   T47] sd 0:0:0:0: [sda] 16777208 512-byte logical blocks: (8.59 GB/8.00 GiB)
[   10.083900][    T1] SLIP: version 0.8.4-NET3.019-NEWTTY (dynamic channels, max=256) (6 bit encapsulation enabled).
[   10.086104][    T1] CSLIP: code copyright 1989 Regents of the University of California.
[   10.087804][    T1] SLIP linefill/keepalive option.
[   10.088857][    T1] hdlc: HDLC support module revision 1.22
[   10.090061][    T1] LAPB Ethernet driver version 0.02
[   10.091345][   T47] sd 0:0:0:0: [sda] Write Protect is off
[   10.092618][   T47] sd 0:0:0:0: [sda] Write cache: enabled, read cache: enabled, doesn't support DPO or FUA
[   10.094549][   T47] sd 0:0:0:0: [sda] Preferred minimum I/O size 512 bytes
[   10.097241][   T59] sd 0:0:0:0: Attached scsi generic sg0 type 0
[   10.101241][   T28] scsi 1:0:0:0: CD-ROM            QEMU     QEMU DVD-ROM     2.5+ PQ: 0 ANSI: 5
[   10.111258][    T1] usbcore: registered new interface driver ath9k_htc
[   10.115282][    T1] usbcore: registered new interface driver carl9170
[   10.118080][    T1] usbcore: registered new interface driver ath6kl_usb
[   10.119772][   T47] sd 0:0:0:0: [sda] Attached SCSI disk
[   10.122049][    T1] usbcore: registered new interface driver ar5523
[   10.124862][    T1] usbcore: registered new interface driver ath10k_usb
[   10.126861][    T1] usbcore: registered new interface driver rndis_wlan
[   10.129935][    T1] mac80211_hwsim: initializing netlink
[   10.151596][   T28] sr 1:0:0:0: [sr0] scsi3-mmc drive: 4x/4x cd/rw xa/form2 tray
[   10.153251][   T28] cdrom: Uniform CD-ROM driver Revision: 3.20
[   10.175455][    T1] usbcore: registered new interface driver atusb
[   10.212566][   T28] sr 1:0:0:0: Attached scsi generic sg1 type 5
[   10.216072][    T1] mac802154_hwsim mac802154_hwsim: Added 2 mac802154 hwsim hardware radios
[   10.223226][    T1] VMware vmxnet3 virtual NIC driver - version 1.7.0.0-k-NAPI
[   10.226209][    T1] usbcore: registered new interface driver catc
[   10.228697][    T1] usbcore: registered new interface driver kaweth
[   10.230899][    T1] pegasus: Pegasus/Pegasus II USB Ethernet driver
[   10.233049][    T1] usbcore: registered new interface driver pegasus
[   10.235211][    T1] usbcore: registered new interface driver rtl8150
[   10.237306][    T1] usbcore: registered new device driver r8152-cfgselector
[   10.239041][    T1] usbcore: registered new interface driver r8152
[   10.241466][    T1] hso: drivers/net/usb/hso.c: Option Wireless
[   10.243049][    T1] usbcore: registered new interface driver hso
[   10.244342][    T1] usbcore: registered new interface driver lan78xx
[   10.245595][    T1] usbcore: registered new interface driver asix
[   10.247052][    T1] usbcore: registered new interface driver ax88179_178a
[   10.249223][    T1] usbcore: registered new interface driver cdc_ether
[   10.256702][    T1] usbcore: registered new interface driver cdc_eem
[   10.259378][    T1] usbcore: registered new interface driver dm9601
[   10.262341][    T1] usbcore: registered new interface driver sr9700
[   10.264898][    T1] usbcore: registered new interface driver CoreChips
[   10.267750][    T1] usbcore: registered new interface driver smsc75xx
[   10.270006][    T1] usbcore: registered new interface driver smsc95xx
[   10.272806][    T1] usbcore: registered new interface driver gl620a
[   10.275404][    T1] usbcore: registered new interface driver net1080
[   10.278177][    T1] usbcore: registered new interface driver plusb
[   10.284185][    T1] usbcore: registered new interface driver rndis_host
[   10.286849][    T1] usbcore: registered new interface driver cdc_subset
[   10.289611][    T1] usbcore: registered new interface driver zaurus
[   10.292535][    T1] usbcore: registered new interface driver MOSCHIP usb-ethernet driver
[   10.295028][    T1] usbcore: registered new interface driver int51x1
[   10.297472][    T1] usbcore: registered new interface driver cdc_phonet
[   10.300809][    T1] usbcore: registered new interface driver kalmia
[   10.303613][    T1] usbcore: registered new interface driver ipheth
[   10.306418][    T1] usbcore: registered new interface driver sierra_net
[   10.309130][    T1] usbcore: registered new interface driver cx82310_eth
[   10.312560][    T1] usbcore: registered new interface driver cdc_ncm
[   10.315180][    T1] usbcore: registered new interface driver huawei_cdc_ncm
[   10.317781][    T1] usbcore: registered new interface driver lg-vl600
[   10.319928][    T1] usbcore: registered new interface driver qmi_wwan
[   10.322613][    T1] usbcore: registered new interface driver cdc_mbim
[   10.324924][    T1] usbcore: registered new interface driver ch9200
[   10.327250][    T1] usbcore: registered new interface driver r8153_ecm
[   10.335044][    T1] VFIO - User Level meta-driver version: 0.3
[   10.345983][    T1] aoe: AoE v85 initialised.
[   10.366964][    T1] SPI driver max3421-hcd has no spi_device_id for maxim,max3421
[   10.369106][    T1] usbcore: registered new interface driver cdc_acm
[   10.396875][    T1] cdc_acm: USB Abstract Control Model driver for USB modems and ISDN adapters
[   10.403997][    T1] usbcore: registered new interface driver usblp
[   10.407804][    T1] usbcore: registered new interface driver cdc_wdm
[   10.411863][    T1] usbcore: registered new interface driver usbtmc
[   10.415551][    T1] usbcore: registered new interface driver uas
[   10.419159][    T1] usbcore: registered new interface driver usb-storage
[   10.426985][    T1] usbcore: registered new interface driver ums-alauda
[   10.431406][    T1] usbcore: registered new interface driver ums-cypress
[   10.435928][    T1] usbcore: registered new interface driver ums-datafab
[   10.440752][    T1] usbcore: registered new interface driver ums_eneub6250
[   10.446427][    T1] usbcore: registered new interface driver ums-freecom
[   10.451587][    T1] usbcore: registered new interface driver ums-isd200
[   10.454493][    T1] usbcore: registered new interface driver ums-jumpshot
[   10.456918][    T1] usbcore: registered new interface driver ums-karma
[   10.459939][    T1] usbcore: registered new interface driver ums-onetouch
[   10.463573][    T1] usbcore: registered new interface driver ums-realtek
[   10.466141][    T1] usbcore: registered new interface driver ums-sddr09
[   10.468599][    T1] usbcore: registered new interface driver ums-sddr55
[   10.471716][    T1] usbcore: registered new interface driver ums-usbat
[   10.474174][    T1] usbcore: registered new interface driver mdc800
[   10.475751][    T1] mdc800: v0.7.5 (30/10/2000):USB Driver for Mustek MDC800 Digital Camera
[   10.479189][    T1] usbcore: registered new interface driver microtekX6
[   10.482725][    T1] usbcore: registered new interface driver usbserial_generic
[   10.485954][    T1] usbserial: USB Serial support registered for generic
[   10.488359][    T1] usbcore: registered new interface driver aircable
[   10.490883][    T1] usbserial: USB Serial support registered for aircable
[   10.492984][    T1] usbcore: registered new interface driver ark3116
[   10.494911][    T1] usbserial: USB Serial support registered for ark3116
[   10.496596][    T1] usbcore: registered new interface driver belkin_sa
[   10.499164][    T1] usbserial: USB Serial support registered for Belkin / Peracom / GoHubs USB Serial Adapter
[   10.502455][    T1] usbcore: registered new interface driver ch341
[   10.504601][    T1] usbserial: USB Serial support registered for ch341-uart
[   10.507248][    T1] usbcore: registered new interface driver cp210x
[   10.509478][    T1] usbserial: USB Serial support registered for cp210x
[   10.512453][    T1] usbcore: registered new interface driver cyberjack
[   10.514602][    T1] usbserial: USB Serial support registered for Reiner SCT Cyberjack USB card reader
[   10.517542][    T1] usbcore: registered new interface driver cypress_m8
[   10.520623][    T1] usbserial: USB Serial support registered for DeLorme Earthmate USB
[   10.523440][    T1] usbserial: USB Serial support registered for HID->COM RS232 Adapter
[   10.525803][    T1] usbserial: USB Serial support registered for Nokia CA-42 V2 Adapter
[   10.528314][    T1] usbcore: registered new interface driver usb_debug
[   10.531120][    T1] usbserial: USB Serial support registered for debug
[   10.536517][    T1] usbserial: USB Serial support registered for xhci_dbc
[   10.539036][    T1] usbcore: registered new interface driver digi_acceleport
[   10.541582][    T1] usbserial: USB Serial support registered for Digi 2 port USB adapter
[   10.543843][    T1] usbserial: USB Serial support registered for Digi 4 port USB adapter
[   10.546118][    T1] usbcore: registered new interface driver io_edgeport
[   10.548348][    T1] usbserial: USB Serial support registered for Edgeport 2 port adapter
[   10.550751][    T1] usbserial: USB Serial support registered for Edgeport 4 port adapter
[   10.553855][    T1] usbserial: USB Serial support registered for Edgeport 8 port adapter
[   10.556412][    T1] usbserial: USB Serial support registered for EPiC device
[   10.558815][    T1] usbcore: registered new interface driver io_ti
[   10.561381][    T1] usbserial: USB Serial support registered for Edgeport TI 1 port adapter
[   10.563987][    T1] usbserial: USB Serial support registered for Edgeport TI 2 port adapter
[   10.566745][    T1] usbcore: registered new interface driver empeg
[   10.569023][    T1] usbserial: USB Serial support registered for empeg
[   10.571773][    T1] usbcore: registered new interface driver f81534a_ctrl
[   10.573739][    T1] usbcore: registered new interface driver f81232
[   10.579733][    T1] usbserial: USB Serial support registered for f81232
[   10.583138][    T1] usbserial: USB Serial support registered for f81534a
[   10.585782][    T1] usbcore: registered new interface driver f81534
[   10.590824][    T1] usbserial: USB Serial support registered for Fintek F81532/F81534
[   10.593756][    T1] usbcore: registered new interface driver ftdi_sio
[   10.595991][    T1] usbserial: USB Serial support registered for FTDI USB Serial Device
[   10.598643][    T1] usbcore: registered new interface driver garmin_gps
[   10.601323][    T1] usbserial: USB Serial support registered for Garmin GPS usb/tty
[   10.603848][    T1] usbcore: registered new interface driver ipaq
[   10.605995][    T1] usbserial: USB Serial support registered for PocketPC PDA
[   10.608428][    T1] usbcore: registered new interface driver ipw
[   10.611372][    T1] usbserial: USB Serial support registered for IPWireless converter
[   10.614008][    T1] usbcore: registered new interface driver ir_usb
[   10.615784][    T1] usbserial: USB Serial support registered for IR Dongle
[   10.618502][    T1] usbcore: registered new interface driver iuu_phoenix
[   10.621085][    T1] usbserial: USB Serial support registered for iuu_phoenix
[   10.623226][    T1] usbcore: registered new interface driver keyspan
[   10.625267][    T1] usbserial: USB Serial support registered for Keyspan - (without firmware)
[   10.628816][    T1] usbserial: USB Serial support registered for Keyspan 1 port adapter
[   10.634897][    T1] usbserial: USB Serial support registered for Keyspan 2 port adapter
[   10.637102][    T1] usbserial: USB Serial support registered for Keyspan 4 port adapter
[   10.639542][    T1] usbcore: registered new interface driver keyspan_pda
[   10.642056][    T1] usbserial: USB Serial support registered for Keyspan PDA
[   10.644394][    T1] usbserial: USB Serial support registered for Keyspan PDA - (prerenumeration)
[   10.647196][    T1] usbcore: registered new interface driver kl5kusb105
[   10.649165][    T1] usbserial: USB Serial support registered for KL5KUSB105D / PalmConnect
[   10.651902][    T1] usbcore: registered new interface driver kobil_sct
[   10.653486][    T1] usbserial: USB Serial support registered for KOBIL USB smart card terminal
[   10.655554][    T1] usbcore: registered new interface driver mct_u232
[   10.657089][    T1] usbserial: USB Serial support registered for MCT U232
[   10.658707][    T1] usbcore: registered new interface driver metro_usb
[   10.663960][    T1] usbserial: USB Serial support registered for Metrologic USB to Serial
[   10.666535][    T1] usbcore: registered new interface driver mos7720
[   10.668460][    T1] usbserial: USB Serial support registered for Moschip 2 port adapter
[   10.671519][    T1] usbcore: registered new interface driver mos7840
[   10.673620][    T1] usbserial: USB Serial support registered for Moschip 7840/7820 USB Serial Driver
[   10.676343][    T1] usbcore: registered new interface driver mxuport
[   10.678698][    T1] usbserial: USB Serial support registered for MOXA UPort
[   10.681031][    T1] usbcore: registered new interface driver navman
[   10.683184][    T1] usbserial: USB Serial support registered for navman
[   10.685338][    T1] usbcore: registered new interface driver omninet
[   10.687415][    T1] usbserial: USB Serial support registered for ZyXEL - omni.net usb
[   10.689743][    T1] usbcore: registered new interface driver opticon
[   10.692748][    T1] usbserial: USB Serial support registered for opticon
[   10.694860][    T1] usbcore: registered new interface driver option
[   10.696855][    T1] usbserial: USB Serial support registered for GSM modem (1-port)
[   10.699236][    T1] usbcore: registered new interface driver oti6858
[   10.702053][    T1] usbserial: USB Serial support registered for oti6858
[   10.704001][    T1] usbcore: registered new interface driver pl2303
[   10.706558][    T1] usbserial: USB Serial support registered for pl2303
[   10.708930][    T1] usbcore: registered new interface driver qcaux
[   10.711493][    T1] usbserial: USB Serial support registered for qcaux
[   10.713732][    T1] usbcore: registered new interface driver qcserial
[   10.718224][    T1] usbserial: USB Serial support registered for Qualcomm USB modem
[   10.721519][    T1] usbcore: registered new interface driver quatech2
[   10.723666][    T1] usbserial: USB Serial support registered for Quatech 2nd gen USB to Serial Driver
[   10.726394][    T1] usbcore: registered new interface driver safe_serial
[   10.728480][    T1] usbserial: USB Serial support registered for safe_serial
[   10.731479][    T1] usbcore: registered new interface driver sierra
[   10.733877][    T1] usbserial: USB Serial support registered for Sierra USB modem
[   10.736359][    T1] usbcore: registered new interface driver usb_serial_simple
[   10.738709][    T1] usbserial: USB Serial support registered for carelink
[   10.741251][    T1] usbserial: USB Serial support registered for flashloader
[   10.743496][    T1] usbserial: USB Serial support registered for funsoft
[   10.745481][    T1] usbserial: USB Serial support registered for google
[   10.747596][    T1] usbserial: USB Serial support registered for hp4x
[   10.749963][    T1] usbserial: USB Serial support registered for kaufmann
[   10.752563][    T1] usbserial: USB Serial support registered for libtransistor
[   10.754442][    T1] usbserial: USB Serial support registered for moto_modem
[   10.756966][    T1] usbserial: USB Serial support registered for motorola_tetra
[   10.759241][    T1] usbserial: USB Serial support registered for nokia
[   10.761857][    T1] usbserial: USB Serial support registered for novatel_gps
[   10.764017][    T1] usbserial: USB Serial support registered for siemens_mpi
[   10.766000][    T1] usbserial: USB Serial support registered for suunto
[   10.768189][    T1] usbserial: USB Serial support registered for vivopay
[   10.769803][    T1] usbserial: USB Serial support registered for zio
[   10.772251][    T1] usbcore: registered new interface driver spcp8x5
[   10.773588][    T1] usbserial: USB Serial support registered for SPCP8x5
[   10.775265][    T1] usbcore: registered new interface driver ssu100
[   10.776803][    T1] usbserial: USB Serial support registered for Quatech SSU-100 USB to Serial Driver
[   10.778924][    T1] usbcore: registered new interface driver symbolserial
[   10.784332][    T1] usbserial: USB Serial support registered for symbol
[   10.786667][    T1] usbcore: registered new interface driver ti_usb_3410_5052
[   10.789056][    T1] usbserial: USB Serial support registered for TI USB 3410 1 port adapter
[   10.791961][    T1] usbserial: USB Serial support registered for TI USB 5052 2 port adapter
[   10.794711][    T1] usbcore: registered new interface driver upd78f0730
[   10.796812][    T1] usbserial: USB Serial support registered for upd78f0730
[   10.799222][    T1] usbcore: registered new interface driver visor
[   10.801502][    T1] usbserial: USB Serial support registered for Handspring Visor / Palm OS
[   10.804162][    T1] usbserial: USB Serial support registered for Sony Clie 5.0
[   10.806509][    T1] usbserial: USB Serial support registered for Sony Clie 3.5
[   10.812410][    T1] usbcore: registered new interface driver wishbone_serial
[   10.814780][    T1] usbserial: USB Serial support registered for wishbone_serial
[   10.817323][    T1] usbcore: registered new interface driver whiteheat
[   10.819573][    T1] usbserial: USB Serial support registered for Connect Tech - WhiteHEAT - (prerenumeration)
[   10.823042][    T1] usbserial: USB Serial support registered for Connect Tech - WhiteHEAT
[   10.825699][    T1] usbcore: registered new interface driver xr_serial
[   10.828220][    T1] usbserial: USB Serial support registered for xr_serial
[   10.831001][    T1] usbcore: registered new interface driver xsens_mt
[   10.833197][    T1] usbserial: USB Serial support registered for xsens_mt
[   10.835465][    T1] usbcore: registered new interface driver adutux
[   10.837429][    T1] usbcore: registered new interface driver appledisplay
[   10.839584][    T1] usbcore: registered new interface driver cypress_cy7c63
[   10.842619][    T1] usbcore: registered new interface driver cytherm
[   10.846218][    T1] usbcore: registered new interface driver emi26 - firmware loader
[   10.849049][    T1] usbcore: registered new interface driver emi62 - firmware loader
[   10.852173][    T1] usbcore: registered new interface driver idmouse
[   10.854573][    T1] usbcore: registered new interface driver iowarrior
[   10.857069][    T1] usbcore: registered new interface driver isight_firmware
[   10.860574][    T1] usbcore: registered new interface driver usblcd
[   10.864387][    T1] usbcore: registered new interface driver ldusb
[   10.867442][    T1] usbcore: registered new interface driver legousbtower
[   10.870839][    T1] usbcore: registered new interface driver usbtest
[   10.874569][    T1] usbcore: registered new interface driver usb_ehset_test
[   10.877312][    T1] usbcore: registered new interface driver trancevibrator
[   10.879862][    T1] usbcore: registered new interface driver uss720
[   10.881813][    T1] uss720: USB Parport Cable driver for Cables using the Lucent Technologies USS720 Chip
[   10.884339][    T1] uss720: NOTE: this is a special purpose driver to allow nonstandard
[   10.886428][    T1] uss720: protocols (eg. bitbang) over USS720 usb to parallel cables
[   10.888326][    T1] uss720: If you just want to connect to a printer, use usblp instead
[   10.891648][    T1] usbcore: registered new interface driver usbsevseg
[   10.894105][    T1] usbcore: registered new interface driver yurex
[   10.897587][    T1] usbcore: registered new interface driver chaoskey
[   10.899329][    T1] usbcore: registered new interface driver sisusb
[   10.906083][    T1] usbcore: registered new interface driver lvs
[   10.908971][    T1] usbcore: registered new interface driver cxacru
[   10.911480][    T1] usbcore: registered new interface driver speedtch
[   10.913929][    T1] usbcore: registered new interface driver ueagle-atm
[   10.915660][    T1] xusbatm: malformed module parameters
[   10.922760][    T1] dummy_hcd dummy_hcd.0: USB Host+Gadget Emulator, driver 02 May 2005
[   10.924692][    T1] dummy_hcd dummy_hcd.0: Dummy host controller
[   10.928119][    T1] dummy_hcd dummy_hcd.0: new USB bus registered, assigned bus number 1
[   10.931888][    T1] usb usb1: New USB device found, idVendor=1d6b, idProduct=0002, bcdDevice= 6.07
[   10.933987][    T1] usb usb1: New USB device strings: Mfr=3, Product=2, SerialNumber=1
[   10.935596][    T1] usb usb1: Product: Dummy host controller
[   10.936870][    T1] usb usb1: Manufacturer: Linux 6.7.0-rc2-gbc9807868dfa-dirty dummy_hcd
[   10.938718][    T1] usb usb1: SerialNumber: dummy_hcd.0
[   10.945983][    T1] hub 1-0:1.0: USB hub found
[   10.947460][    T1] hub 1-0:1.0: 1 port detected
[   10.954510][    T1] dummy_hcd dummy_hcd.1: USB Host+Gadget Emulator, driver 02 May 2005
[   10.956353][    T1] dummy_hcd dummy_hcd.1: Dummy host controller
[   10.958689][    T1] dummy_hcd dummy_hcd.1: new USB bus registered, assigned bus number 2
[   10.961327][    T1] usb usb2: New USB device found, idVendor=1d6b, idProduct=0002, bcdDevice= 6.07
[   10.963285][    T1] usb usb2: New USB device strings: Mfr=3, Product=2, SerialNumber=1
[   10.965047][    T1] usb usb2: Product: Dummy host controller
[   10.966153][    T1] usb usb2: Manufacturer: Linux 6.7.0-rc2-gbc9807868dfa-dirty dummy_hcd
[   10.967657][    T1] usb usb2: SerialNumber: dummy_hcd.1
[   10.972247][    T1] hub 2-0:1.0: USB hub found
[   10.973377][    T1] hub 2-0:1.0: 1 port detected
[   10.978595][    T1] dummy_hcd dummy_hcd.2: USB Host+Gadget Emulator, driver 02 May 2005
[   10.980727][    T1] dummy_hcd dummy_hcd.2: Dummy host controller
[   10.984177][    T1] dummy_hcd dummy_hcd.2: new USB bus registered, assigned bus number 3
[   10.986490][    T1] usb usb3: New USB device found, idVendor=1d6b, idProduct=0002, bcdDevice= 6.07
[   10.988153][    T1] usb usb3: New USB device strings: Mfr=3, Product=2, SerialNumber=1
[   10.990028][    T1] usb usb3: Product: Dummy host controller
[   10.991611][    T1] usb usb3: Manufacturer: Linux 6.7.0-rc2-gbc9807868dfa-dirty dummy_hcd
[   11.009332][    T1] usb usb3: SerialNumber: dummy_hcd.2
[   11.019198][    T1] hub 3-0:1.0: USB hub found
[   11.021237][    T1] hub 3-0:1.0: 1 port detected
[   11.029006][    T1] dummy_hcd dummy_hcd.3: USB Host+Gadget Emulator, driver 02 May 2005
[   11.031463][    T1] dummy_hcd dummy_hcd.3: Dummy host controller
[   11.035520][    T1] dummy_hcd dummy_hcd.3: new USB bus registered, assigned bus number 4
[   11.038620][    T1] usb usb4: New USB device found, idVendor=1d6b, idProduct=0002, bcdDevice= 6.07
[   11.042375][    T1] usb usb4: New USB device strings: Mfr=3, Product=2, SerialNumber=1
[   11.045337][    T1] usb usb4: Product: Dummy host controller
[   11.047074][    T1] usb usb4: Manufacturer: Linux 6.7.0-rc2-gbc9807868dfa-dirty dummy_hcd
[   11.049606][    T1] usb usb4: SerialNumber: dummy_hcd.3
[   11.054728][    T1] hub 4-0:1.0: USB hub found
[   11.056846][    T1] hub 4-0:1.0: 1 port detected
[   11.063673][    T1] dummy_hcd dummy_hcd.4: USB Host+Gadget Emulator, driver 02 May 2005
[   11.066532][    T1] dummy_hcd dummy_hcd.4: Dummy host controller
[   11.069842][    T1] dummy_hcd dummy_hcd.4: new USB bus registered, assigned bus number 5
[   11.073371][    T1] usb usb5: New USB device found, idVendor=1d6b, idProduct=0002, bcdDevice= 6.07
[   11.075636][    T1] usb usb5: New USB device strings: Mfr=3, Product=2, SerialNumber=1
[   11.077879][    T1] usb usb5: Product: Dummy host controller
[   11.079708][    T1] usb usb5: Manufacturer: Linux 6.7.0-rc2-gbc9807868dfa-dirty dummy_hcd
[   11.082938][    T1] usb usb5: SerialNumber: dummy_hcd.4
[   11.087616][    T1] hub 5-0:1.0: USB hub found
[   11.089050][    T1] hub 5-0:1.0: 1 port detected
[   11.094690][    T1] dummy_hcd dummy_hcd.5: USB Host+Gadget Emulator, driver 02 May 2005
[   11.097215][    T1] dummy_hcd dummy_hcd.5: Dummy host controller
[   11.100444][    T1] dummy_hcd dummy_hcd.5: new USB bus registered, assigned bus number 6
[   11.103739][    T1] usb usb6: New USB device found, idVendor=1d6b, idProduct=0002, bcdDevice= 6.07
[   11.106417][    T1] usb usb6: New USB device strings: Mfr=3, Product=2, SerialNumber=1
[   11.108542][    T1] usb usb6: Product: Dummy host controller
[   11.110038][    T1] usb usb6: Manufacturer: Linux 6.7.0-rc2-gbc9807868dfa-dirty dummy_hcd
[   11.113243][    T1] usb usb6: SerialNumber: dummy_hcd.5
[   11.118037][    T1] hub 6-0:1.0: USB hub found
[   11.119295][    T1] hub 6-0:1.0: 1 port detected
[   11.125508][    T1] dummy_hcd dummy_hcd.6: USB Host+Gadget Emulator, driver 02 May 2005
[   11.127551][    T1] dummy_hcd dummy_hcd.6: Dummy host controller
[   11.131212][    T1] dummy_hcd dummy_hcd.6: new USB bus registered, assigned bus number 7
[   11.134046][    T1] usb usb7: New USB device found, idVendor=1d6b, idProduct=0002, bcdDevice= 6.07
[   11.136022][    T1] usb usb7: New USB device strings: Mfr=3, Product=2, SerialNumber=1
[   11.139267][    T1] usb usb7: Product: Dummy host controller
[   11.142340][    T1] usb usb7: Manufacturer: Linux 6.7.0-rc2-gbc9807868dfa-dirty dummy_hcd
[   11.144482][    T1] usb usb7: SerialNumber: dummy_hcd.6
[   11.149635][    T1] hub 7-0:1.0: USB hub found
[   11.151171][    T1] hub 7-0:1.0: 1 port detected
[   11.158808][    T1] dummy_hcd dummy_hcd.7: USB Host+Gadget Emulator, driver 02 May 2005
[   11.161155][    T1] dummy_hcd dummy_hcd.7: Dummy host controller
[   11.165347][    T1] dummy_hcd dummy_hcd.7: new USB bus registered, assigned bus number 8
[   11.168645][    T1] usb usb8: New USB device found, idVendor=1d6b, idProduct=0002, bcdDevice= 6.07
[   11.171517][    T1] usb usb8: New USB device strings: Mfr=3, Product=2, SerialNumber=1
[   11.173538][    T1] usb usb8: Product: Dummy host controller
[   11.175027][    T1] usb usb8: Manufacturer: Linux 6.7.0-rc2-gbc9807868dfa-dirty dummy_hcd
[   11.177059][    T1] usb usb8: SerialNumber: dummy_hcd.7
[   11.183306][    T1] hub 8-0:1.0: USB hub found
[   11.185167][    T1] hub 8-0:1.0: 1 port detected
[   11.227246][    T1] gadgetfs: USB Gadget filesystem, version 24 Aug 2004
[   11.242286][    T1] vhci_hcd vhci_hcd.0: USB/IP Virtual Host Controller
[   11.245257][    T1] vhci_hcd vhci_hcd.0: new USB bus registered, assigned bus number 9
[   11.252096][    T1] vhci_hcd: created sysfs vhci_hcd.0
[   11.254330][    T1] usb usb9: New USB device found, idVendor=1d6b, idProduct=0002, bcdDevice= 6.07
[   11.256499][    T1] usb usb9: New USB device strings: Mfr=3, Product=2, SerialNumber=1
[   11.258486][    T1] usb usb9: Product: USB/IP Virtual Host Controller
[   11.260780][    T1] usb usb9: Manufacturer: Linux 6.7.0-rc2-gbc9807868dfa-dirty vhci_hcd
[   11.263412][    T1] usb usb9: SerialNumber: vhci_hcd.0
[   11.268939][    T1] hub 9-0:1.0: USB hub found
[   11.270589][    T1] hub 9-0:1.0: 8 ports detected
[   11.279459][    T1] vhci_hcd vhci_hcd.0: USB/IP Virtual Host Controller
[   11.282871][    T1] vhci_hcd vhci_hcd.0: new USB bus registered, assigned bus number 10
[   11.285328][    T1] usb usb10: We don't know the algorithms for LPM for this host, disabling LPM.
[   11.288196][    T1] usb usb10: New USB device found, idVendor=1d6b, idProduct=0003, bcdDevice= 6.07
[   11.290992][    T1] usb usb10: New USB device strings: Mfr=3, Product=2, SerialNumber=1
[   11.292989][    T1] usb usb10: Product: USB/IP Virtual Host Controller
[   11.294594][    T1] usb usb10: Manufacturer: Linux 6.7.0-rc2-gbc9807868dfa-dirty vhci_hcd
[   11.296811][    T1] usb usb10: SerialNumber: vhci_hcd.0
[   11.302144][    T1] hub 10-0:1.0: USB hub found
[   11.303690][    T1] hub 10-0:1.0: 8 ports detected
[   11.315928][    T1] vhci_hcd vhci_hcd.1: USB/IP Virtual Host Controller
[   11.318858][    T1] vhci_hcd vhci_hcd.1: new USB bus registered, assigned bus number 11
[   11.321727][    T1] usb usb11: New USB device found, idVendor=1d6b, idProduct=0002, bcdDevice= 6.07
[   11.324161][    T1] usb usb11: New USB device strings: Mfr=3, Product=2, SerialNumber=1
[   11.326420][    T1] usb usb11: Product: USB/IP Virtual Host Controller
[   11.328244][    T1] usb usb11: Manufacturer: Linux 6.7.0-rc2-gbc9807868dfa-dirty vhci_hcd
[   11.331010][    T1] usb usb11: SerialNumber: vhci_hcd.1
[   11.335015][    T1] hub 11-0:1.0: USB hub found
[   11.336833][    T1] hub 11-0:1.0: 8 ports detected
[   11.346225][    T1] vhci_hcd vhci_hcd.1: USB/IP Virtual Host Controller
[   11.349328][    T1] vhci_hcd vhci_hcd.1: new USB bus registered, assigned bus number 12
[   11.351959][    T1] usb usb12: We don't know the algorithms for LPM for this host, disabling LPM.
[   11.354728][    T1] usb usb12: New USB device found, idVendor=1d6b, idProduct=0003, bcdDevice= 6.07
[   11.356777][    T1] usb usb12: New USB device strings: Mfr=3, Product=2, SerialNumber=1
[   11.358862][    T1] usb usb12: Product: USB/IP Virtual Host Controller
[   11.361058][    T1] usb usb12: Manufacturer: Linux 6.7.0-rc2-gbc9807868dfa-dirty vhci_hcd
[   11.363990][    T1] usb usb12: SerialNumber: vhci_hcd.1
[   11.368722][    T1] hub 12-0:1.0: USB hub found
[   11.370087][    T1] hub 12-0:1.0: 8 ports detected
[   11.382002][    T1] vhci_hcd vhci_hcd.2: USB/IP Virtual Host Controller
[   11.391573][    T1] vhci_hcd vhci_hcd.2: new USB bus registered, assigned bus number 13
[   11.394558][    T1] usb usb13: New USB device found, idVendor=1d6b, idProduct=0002, bcdDevice= 6.07
[   11.396777][    T1] usb usb13: New USB device strings: Mfr=3, Product=2, SerialNumber=1
[   11.399322][    T1] usb usb13: Product: USB/IP Virtual Host Controller
[   11.405228][    T1] usb usb13: Manufacturer: Linux 6.7.0-rc2-gbc9807868dfa-dirty vhci_hcd
[   11.407308][    T1] usb usb13: SerialNumber: vhci_hcd.2
[   11.413234][    T1] hub 13-0:1.0: USB hub found
[   11.415088][    T1] hub 13-0:1.0: 8 ports detected
[   11.426167][    T1] vhci_hcd vhci_hcd.2: USB/IP Virtual Host Controller
[   11.429367][    T1] vhci_hcd vhci_hcd.2: new USB bus registered, assigned bus number 14
[   11.431966][    T1] usb usb14: We don't know the algorithms for LPM for this host, disabling LPM.
[   11.435670][    T1] usb usb14: New USB device found, idVendor=1d6b, idProduct=0003, bcdDevice= 6.07
[   11.438690][    T1] usb usb14: New USB device strings: Mfr=3, Product=2, SerialNumber=1
[   11.441741][    T1] usb usb14: Product: USB/IP Virtual Host Controller
[   11.443601][    T1] usb usb14: Manufacturer: Linux 6.7.0-rc2-gbc9807868dfa-dirty vhci_hcd
[   11.446770][    T1] usb usb14: SerialNumber: vhci_hcd.2
[   11.452083][    T1] hub 14-0:1.0: USB hub found
[   11.453453][    T1] hub 14-0:1.0: 8 ports detected
[   11.463595][    T1] vhci_hcd vhci_hcd.3: USB/IP Virtual Host Controller
[   11.468481][    T1] vhci_hcd vhci_hcd.3: new USB bus registered, assigned bus number 15
[   11.471290][    T1] usb usb15: New USB device found, idVendor=1d6b, idProduct=0002, bcdDevice= 6.07
[   11.473770][    T1] usb usb15: New USB device strings: Mfr=3, Product=2, SerialNumber=1
[   11.475968][    T1] usb usb15: Product: USB/IP Virtual Host Controller
[   11.477814][    T1] usb usb15: Manufacturer: Linux 6.7.0-rc2-gbc9807868dfa-dirty vhci_hcd
[   11.479803][    T1] usb usb15: SerialNumber: vhci_hcd.3
[   11.485803][    T1] hub 15-0:1.0: USB hub found
[   11.487658][    T1] hub 15-0:1.0: 8 ports detected
[   11.496731][    T1] vhci_hcd vhci_hcd.3: USB/IP Virtual Host Controller
[   11.500794][    T1] vhci_hcd vhci_hcd.3: new USB bus registered, assigned bus number 16
[   11.503127][    T1] usb usb16: We don't know the algorithms for LPM for this host, disabling LPM.
[   11.505975][    T1] usb usb16: New USB device found, idVendor=1d6b, idProduct=0003, bcdDevice= 6.07
[   11.508540][    T1] usb usb16: New USB device strings: Mfr=3, Product=2, SerialNumber=1
[   11.511157][    T1] usb usb16: Product: USB/IP Virtual Host Controller
[   11.512993][    T1] usb usb16: Manufacturer: Linux 6.7.0-rc2-gbc9807868dfa-dirty vhci_hcd
[   11.515339][    T1] usb usb16: SerialNumber: vhci_hcd.3
[   11.520381][    T1] hub 16-0:1.0: USB hub found
[   11.521853][    T1] hub 16-0:1.0: 8 ports detected
[   11.534128][    T1] vhci_hcd vhci_hcd.4: USB/IP Virtual Host Controller
[   11.536932][    T1] vhci_hcd vhci_hcd.4: new USB bus registered, assigned bus number 17
[   11.540822][    T1] usb usb17: New USB device found, idVendor=1d6b, idProduct=0002, bcdDevice= 6.07
[   11.543152][    T1] usb usb17: New USB device strings: Mfr=3, Product=2, SerialNumber=1
[   11.545117][    T1] usb usb17: Product: USB/IP Virtual Host Controller
[   11.546868][    T1] usb usb17: Manufacturer: Linux 6.7.0-rc2-gbc9807868dfa-dirty vhci_hcd
[   11.549317][    T1] usb usb17: SerialNumber: vhci_hcd.4
[   11.554295][    T1] hub 17-0:1.0: USB hub found
[   11.555621][    T1] hub 17-0:1.0: 8 ports detected
[   11.565485][    T1] vhci_hcd vhci_hcd.4: USB/IP Virtual Host Controller
[   11.568743][    T1] vhci_hcd vhci_hcd.4: new USB bus registered, assigned bus number 18
[   11.571420][    T1] usb usb18: We don't know the algorithms for LPM for this host, disabling LPM.
[   11.574538][    T1] usb usb18: New USB device found, idVendor=1d6b, idProduct=0003, bcdDevice= 6.07
[   11.576804][    T1] usb usb18: New USB device strings: Mfr=3, Product=2, SerialNumber=1
[   11.580987][    T1] usb usb18: Product: USB/IP Virtual Host Controller
[   11.583004][    T1] usb usb18: Manufacturer: Linux 6.7.0-rc2-gbc9807868dfa-dirty vhci_hcd
[   11.584972][    T1] usb usb18: SerialNumber: vhci_hcd.4
[   11.589696][    T1] hub 18-0:1.0: USB hub found
[   11.591440][    T1] hub 18-0:1.0: 8 ports detected
[   11.603451][    T1] vhci_hcd vhci_hcd.5: USB/IP Virtual Host Controller
[   11.606042][    T1] vhci_hcd vhci_hcd.5: new USB bus registered, assigned bus number 19
[   11.611663][    T1] usb usb19: New USB device found, idVendor=1d6b, idProduct=0002, bcdDevice= 6.07
[   11.618543][    T1] usb usb19: New USB device strings: Mfr=3, Product=2, SerialNumber=1
[   11.622701][    T1] usb usb19: Product: USB/IP Virtual Host Controller
[   11.624328][    T1] usb usb19: Manufacturer: Linux 6.7.0-rc2-gbc9807868dfa-dirty vhci_hcd
[   11.626147][    T1] usb usb19: SerialNumber: vhci_hcd.5
[   11.632828][    T1] hub 19-0:1.0: USB hub found
[   11.634556][    T1] hub 19-0:1.0: 8 ports detected
[   11.643933][    T1] vhci_hcd vhci_hcd.5: USB/IP Virtual Host Controller
[   11.647264][    T1] vhci_hcd vhci_hcd.5: new USB bus registered, assigned bus number 20
[   11.650759][    T1] usb usb20: We don't know the algorithms for LPM for this host, disabling LPM.
[   11.654024][    T1] usb usb20: New USB device found, idVendor=1d6b, idProduct=0003, bcdDevice= 6.07
[   11.656204][    T1] usb usb20: New USB device strings: Mfr=3, Product=2, SerialNumber=1
[   11.658393][    T1] usb usb20: Product: USB/IP Virtual Host Controller
[   11.660690][    T1] usb usb20: Manufacturer: Linux 6.7.0-rc2-gbc9807868dfa-dirty vhci_hcd
[   11.662810][    T1] usb usb20: SerialNumber: vhci_hcd.5
[   11.668600][    T1] hub 20-0:1.0: USB hub found
[   11.670007][    T1] hub 20-0:1.0: 8 ports detected
[   11.681435][    T1] vhci_hcd vhci_hcd.6: USB/IP Virtual Host Controller
[   11.684944][    T1] vhci_hcd vhci_hcd.6: new USB bus registered, assigned bus number 21
[   11.687856][    T1] usb usb21: New USB device found, idVendor=1d6b, idProduct=0002, bcdDevice= 6.07
[   11.690688][    T1] usb usb21: New USB device strings: Mfr=3, Product=2, SerialNumber=1
[   11.692662][    T1] usb usb21: Product: USB/IP Virtual Host Controller
[   11.694236][    T1] usb usb21: Manufacturer: Linux 6.7.0-rc2-gbc9807868dfa-dirty vhci_hcd
[   11.696286][    T1] usb usb21: SerialNumber: vhci_hcd.6
[   11.702132][    T1] hub 21-0:1.0: USB hub found
[   11.703501][    T1] hub 21-0:1.0: 8 ports detected
[   11.712016][    T1] vhci_hcd vhci_hcd.6: USB/IP Virtual Host Controller
[   11.717309][    T1] vhci_hcd vhci_hcd.6: new USB bus registered, assigned bus number 22
[   11.719856][    T1] usb usb22: We don't know the algorithms for LPM for this host, disabling LPM.
[   11.722992][    T1] usb usb22: New USB device found, idVendor=1d6b, idProduct=0003, bcdDevice= 6.07
[   11.725384][    T1] usb usb22: New USB device strings: Mfr=3, Product=2, SerialNumber=1
[   11.727688][    T1] usb usb22: Product: USB/IP Virtual Host Controller
[   11.731918][    T1] usb usb22: Manufacturer: Linux 6.7.0-rc2-gbc9807868dfa-dirty vhci_hcd
[   11.733918][    T1] usb usb22: SerialNumber: vhci_hcd.6
[   11.738375][    T1] hub 22-0:1.0: USB hub found
[   11.739657][    T1] hub 22-0:1.0: 8 ports detected
[   11.752153][    T1] vhci_hcd vhci_hcd.7: USB/IP Virtual Host Controller
[   11.754808][    T1] vhci_hcd vhci_hcd.7: new USB bus registered, assigned bus number 23
[   11.757432][    T1] usb usb23: New USB device found, idVendor=1d6b, idProduct=0002, bcdDevice= 6.07
[   11.759609][    T1] usb usb23: New USB device strings: Mfr=3, Product=2, SerialNumber=1
[   11.762097][    T1] usb usb23: Product: USB/IP Virtual Host Controller
[   11.763851][    T1] usb usb23: Manufacturer: Linux 6.7.0-rc2-gbc9807868dfa-dirty vhci_hcd
[   11.766192][    T1] usb usb23: SerialNumber: vhci_hcd.7
[   11.774880][    T1] hub 23-0:1.0: USB hub found
[   11.777511][    T1] hub 23-0:1.0: 8 ports detected
[   11.789831][    T1] vhci_hcd vhci_hcd.7: USB/IP Virtual Host Controller
[   11.793465][    T1] vhci_hcd vhci_hcd.7: new USB bus registered, assigned bus number 24
[   11.799210][    T1] usb usb24: We don't know the algorithms for LPM for this host, disabling LPM.
[   11.803615][    T1] usb usb24: New USB device found, idVendor=1d6b, idProduct=0003, bcdDevice= 6.07
[   11.806106][    T1] usb usb24: New USB device strings: Mfr=3, Product=2, SerialNumber=1
[   11.808415][    T1] usb usb24: Product: USB/IP Virtual Host Controller
[   11.810523][    T1] usb usb24: Manufacturer: Linux 6.7.0-rc2-gbc9807868dfa-dirty vhci_hcd
[   11.813163][    T1] usb usb24: SerialNumber: vhci_hcd.7
[   11.819001][    T1] hub 24-0:1.0: USB hub found
[   11.820732][    T1] hub 24-0:1.0: 8 ports detected
[   11.833446][    T1] vhci_hcd vhci_hcd.8: USB/IP Virtual Host Controller
[   11.836472][    T1] vhci_hcd vhci_hcd.8: new USB bus registered, assigned bus number 25
[   11.840834][    T1] usb usb25: New USB device found, idVendor=1d6b, idProduct=0002, bcdDevice= 6.07
[   11.843406][    T1] usb usb25: New USB device strings: Mfr=3, Product=2, SerialNumber=1
[   11.845499][    T1] usb usb25: Product: USB/IP Virtual Host Controller
[   11.847704][    T1] usb usb25: Manufacturer: Linux 6.7.0-rc2-gbc9807868dfa-dirty vhci_hcd
[   11.850703][    T1] usb usb25: SerialNumber: vhci_hcd.8
[   11.856041][    T1] hub 25-0:1.0: USB hub found
[   11.857615][    T1] hub 25-0:1.0: 8 ports detected
[   11.867269][    T1] vhci_hcd vhci_hcd.8: USB/IP Virtual Host Controller
[   11.870495][    T1] vhci_hcd vhci_hcd.8: new USB bus registered, assigned bus number 26
[   11.872734][    T1] usb usb26: We don't know the algorithms for LPM for this host, disabling LPM.
[   11.875614][    T1] usb usb26: New USB device found, idVendor=1d6b, idProduct=0003, bcdDevice= 6.07
[   11.877823][    T1] usb usb26: New USB device strings: Mfr=3, Product=2, SerialNumber=1
[   11.880681][    T1] usb usb26: Product: USB/IP Virtual Host Controller
[   11.882672][    T1] usb usb26: Manufacturer: Linux 6.7.0-rc2-gbc9807868dfa-dirty vhci_hcd
[   11.884804][    T1] usb usb26: SerialNumber: vhci_hcd.8
[   11.889129][    T1] hub 26-0:1.0: USB hub found
[   11.890744][    T1] hub 26-0:1.0: 8 ports detected
[   11.902472][    T1] vhci_hcd vhci_hcd.9: USB/IP Virtual Host Controller
[   11.905391][    T1] vhci_hcd vhci_hcd.9: new USB bus registered, assigned bus number 27
[   11.908113][    T1] usb usb27: New USB device found, idVendor=1d6b, idProduct=0002, bcdDevice= 6.07
[   11.911264][    T1] usb usb27: New USB device strings: Mfr=3, Product=2, SerialNumber=1
[   11.913152][    T1] usb usb27: Product: USB/IP Virtual Host Controller
[   11.915328][    T1] usb usb27: Manufacturer: Linux 6.7.0-rc2-gbc9807868dfa-dirty vhci_hcd
[   11.918078][    T1] usb usb27: SerialNumber: vhci_hcd.9
[   11.922962][    T1] hub 27-0:1.0: USB hub found
[   11.924285][    T1] hub 27-0:1.0: 8 ports detected
[   11.933487][    T1] vhci_hcd vhci_hcd.9: USB/IP Virtual Host Controller
[   11.936842][    T1] vhci_hcd vhci_hcd.9: new USB bus registered, assigned bus number 28
[   11.939382][    T1] usb usb28: We don't know the algorithms for LPM for this host, disabling LPM.
[   11.942494][    T1] usb usb28: New USB device found, idVendor=1d6b, idProduct=0003, bcdDevice= 6.07
[   11.944398][    T1] usb usb28: New USB device strings: Mfr=3, Product=2, SerialNumber=1
[   11.946436][    T1] usb usb28: Product: USB/IP Virtual Host Controller
[   11.948218][    T1] usb usb28: Manufacturer: Linux 6.7.0-rc2-gbc9807868dfa-dirty vhci_hcd
[   11.951010][    T1] usb usb28: SerialNumber: vhci_hcd.9
[   11.955147][    T1] hub 28-0:1.0: USB hub found
[   11.957111][    T1] hub 28-0:1.0: 8 ports detected
[   11.970072][    T1] vhci_hcd vhci_hcd.10: USB/IP Virtual Host Controller
[   11.973133][    T1] vhci_hcd vhci_hcd.10: new USB bus registered, assigned bus number 29
[   11.975892][    T1] usb usb29: New USB device found, idVendor=1d6b, idProduct=0002, bcdDevice= 6.07
[   11.978331][    T1] usb usb29: New USB device strings: Mfr=3, Product=2, SerialNumber=1
[   11.982430][    T1] usb usb29: Product: USB/IP Virtual Host Controller
[   11.984475][    T1] usb usb29: Manufacturer: Linux 6.7.0-rc2-gbc9807868dfa-dirty vhci_hcd
[   11.986635][    T1] usb usb29: SerialNumber: vhci_hcd.10
[   11.991659][    T1] hub 29-0:1.0: USB hub found
[   11.993219][    T1] hub 29-0:1.0: 8 ports detected
[   12.003600][    T1] vhci_hcd vhci_hcd.10: USB/IP Virtual Host Controller
[   12.006342][    T1] vhci_hcd vhci_hcd.10: new USB bus registered, assigned bus number 30
[   12.009140][    T1] usb usb30: We don't know the algorithms for LPM for this host, disabling LPM.
[   12.012976][    T1] usb usb30: New USB device found, idVendor=1d6b, idProduct=0003, bcdDevice= 6.07
[   12.015952][    T1] usb usb30: New USB device strings: Mfr=3, Product=2, SerialNumber=1
[   12.018124][    T1] usb usb30: Product: USB/IP Virtual Host Controller
[   12.019899][    T1] usb usb30: Manufacturer: Linux 6.7.0-rc2-gbc9807868dfa-dirty vhci_hcd
[   12.022115][    T1] usb usb30: SerialNumber: vhci_hcd.10
[   12.026395][    T1] hub 30-0:1.0: USB hub found
[   12.029048][    T1] hub 30-0:1.0: 8 ports detected
[   12.046324][    T1] vhci_hcd vhci_hcd.11: USB/IP Virtual Host Controller
[   12.050672][    T1] vhci_hcd vhci_hcd.11: new USB bus registered, assigned bus number 31
[   12.054649][    T1] usb usb31: New USB device found, idVendor=1d6b, idProduct=0002, bcdDevice= 6.07
[   12.058403][    T1] usb usb31: New USB device strings: Mfr=3, Product=2, SerialNumber=1
[   12.060772][    T1] usb usb31: Product: USB/IP Virtual Host Controller
[   12.062320][    T1] usb usb31: Manufacturer: Linux 6.7.0-rc2-gbc9807868dfa-dirty vhci_hcd
[   12.065111][    T1] usb usb31: SerialNumber: vhci_hcd.11
[   12.069636][    T1] hub 31-0:1.0: USB hub found
[   12.071606][    T1] hub 31-0:1.0: 8 ports detected
[   12.082396][    T1] vhci_hcd vhci_hcd.11: USB/IP Virtual Host Controller
[   12.086160][    T1] vhci_hcd vhci_hcd.11: new USB bus registered, assigned bus number 32
[   12.088968][    T1] usb usb32: We don't know the algorithms for LPM for this host, disabling LPM.
[   12.092614][    T1] usb usb32: New USB device found, idVendor=1d6b, idProduct=0003, bcdDevice= 6.07
[   12.094511][    T1] usb usb32: New USB device strings: Mfr=3, Product=2, SerialNumber=1
[   12.096614][    T1] usb usb32: Product: USB/IP Virtual Host Controller
[   12.098881][    T1] usb usb32: Manufacturer: Linux 6.7.0-rc2-gbc9807868dfa-dirty vhci_hcd
[   12.101123][    T1] usb usb32: SerialNumber: vhci_hcd.11
[   12.106438][    T1] hub 32-0:1.0: USB hub found
[   12.108020][    T1] hub 32-0:1.0: 8 ports detected
[   12.121525][    T1] vhci_hcd vhci_hcd.12: USB/IP Virtual Host Controller
[   12.124494][    T1] vhci_hcd vhci_hcd.12: new USB bus registered, assigned bus number 33
[   12.127461][    T1] usb usb33: New USB device found, idVendor=1d6b, idProduct=0002, bcdDevice= 6.07
[   12.129795][    T1] usb usb33: New USB device strings: Mfr=3, Product=2, SerialNumber=1
[   12.132727][    T1] usb usb33: Product: USB/IP Virtual Host Controller
[   12.134589][    T1] usb usb33: Manufacturer: Linux 6.7.0-rc2-gbc9807868dfa-dirty vhci_hcd
[   12.136780][    T1] usb usb33: SerialNumber: vhci_hcd.12
[   12.141606][    T1] hub 33-0:1.0: USB hub found
[   12.143103][    T1] hub 33-0:1.0: 8 ports detected
[   12.153715][    T1] vhci_hcd vhci_hcd.12: USB/IP Virtual Host Controller
[   12.156122][    T1] vhci_hcd vhci_hcd.12: new USB bus registered, assigned bus number 34
[   12.158781][    T1] usb usb34: We don't know the algorithms for LPM for this host, disabling LPM.
[   12.161788][    T1] usb usb34: New USB device found, idVendor=1d6b, idProduct=0003, bcdDevice= 6.07
[   12.165281][    T1] usb usb34: New USB device strings: Mfr=3, Product=2, SerialNumber=1
[   12.167643][    T1] usb usb34: Product: USB/IP Virtual Host Controller
[   12.169468][    T1] usb usb34: Manufacturer: Linux 6.7.0-rc2-gbc9807868dfa-dirty vhci_hcd
[   12.172115][    T1] usb usb34: SerialNumber: vhci_hcd.12
[   12.176965][    T1] hub 34-0:1.0: USB hub found
[   12.178313][    T1] hub 34-0:1.0: 8 ports detected
[   12.190821][    T1] vhci_hcd vhci_hcd.13: USB/IP Virtual Host Controller
[   12.194250][    T1] vhci_hcd vhci_hcd.13: new USB bus registered, assigned bus number 35
[   12.198502][    T1] usb usb35: New USB device found, idVendor=1d6b, idProduct=0002, bcdDevice= 6.07
[   12.201381][    T1] usb usb35: New USB device strings: Mfr=3, Product=2, SerialNumber=1
[   12.203397][    T1] usb usb35: Product: USB/IP Virtual Host Controller
[   12.205049][    T1] usb usb35: Manufacturer: Linux 6.7.0-rc2-gbc9807868dfa-dirty vhci_hcd
[   12.207042][    T1] usb usb35: SerialNumber: vhci_hcd.13
[   12.211583][    T1] hub 35-0:1.0: USB hub found
[   12.213030][    T1] hub 35-0:1.0: 8 ports detected
[   12.222914][    T1] vhci_hcd vhci_hcd.13: USB/IP Virtual Host Controller
[   12.225462][    T1] vhci_hcd vhci_hcd.13: new USB bus registered, assigned bus number 36
[   12.228238][    T1] usb usb36: We don't know the algorithms for LPM for this host, disabling LPM.
[   12.233315][    T1] usb usb36: New USB device found, idVendor=1d6b, idProduct=0003, bcdDevice= 6.07
[   12.235915][    T1] usb usb36: New USB device strings: Mfr=3, Product=2, SerialNumber=1
[   12.238209][    T1] usb usb36: Product: USB/IP Virtual Host Controller
[   12.240024][    T1] usb usb36: Manufacturer: Linux 6.7.0-rc2-gbc9807868dfa-dirty vhci_hcd
[   12.242592][    T1] usb usb36: SerialNumber: vhci_hcd.13
[   12.247663][    T1] hub 36-0:1.0: USB hub found
[   12.251379][    T1] hub 36-0:1.0: 8 ports detected
[   12.262961][    T1] vhci_hcd vhci_hcd.14: USB/IP Virtual Host Controller
[   12.266312][    T1] vhci_hcd vhci_hcd.14: new USB bus registered, assigned bus number 37
[   12.270403][    T1] usb usb37: New USB device found, idVendor=1d6b, idProduct=0002, bcdDevice= 6.07
[   12.272632][    T1] usb usb37: New USB device strings: Mfr=3, Product=2, SerialNumber=1
[   12.275961][    T1] usb usb37: Product: USB/IP Virtual Host Controller
[   12.282672][    T1] usb usb37: Manufacturer: Linux 6.7.0-rc2-gbc9807868dfa-dirty vhci_hcd
[   12.285651][    T1] usb usb37: SerialNumber: vhci_hcd.14
[   12.292618][    T1] hub 37-0:1.0: USB hub found
[   12.294146][    T1] hub 37-0:1.0: 8 ports detected
[   12.308573][    T1] vhci_hcd vhci_hcd.14: USB/IP Virtual Host Controller
[   12.311942][    T1] vhci_hcd vhci_hcd.14: new USB bus registered, assigned bus number 38
[   12.315086][    T1] usb usb38: We don't know the algorithms for LPM for this host, disabling LPM.
[   12.319345][    T1] usb usb38: New USB device found, idVendor=1d6b, idProduct=0003, bcdDevice= 6.07
[   12.322353][    T1] usb usb38: New USB device strings: Mfr=3, Product=2, SerialNumber=1
[   12.324753][    T1] usb usb38: Product: USB/IP Virtual Host Controller
[   12.326642][    T1] usb usb38: Manufacturer: Linux 6.7.0-rc2-gbc9807868dfa-dirty vhci_hcd
[   12.331173][    T1] usb usb38: SerialNumber: vhci_hcd.14
[   12.336233][    T1] hub 38-0:1.0: USB hub found
[   12.337695][    T1] hub 38-0:1.0: 8 ports detected
[   12.351348][    T1] vhci_hcd vhci_hcd.15: USB/IP Virtual Host Controller
[   12.355789][    T1] vhci_hcd vhci_hcd.15: new USB bus registered, assigned bus number 39
[   12.358918][    T1] usb usb39: New USB device found, idVendor=1d6b, idProduct=0002, bcdDevice= 6.07
[   12.362075][    T1] usb usb39: New USB device strings: Mfr=3, Product=2, SerialNumber=1
[   12.364750][    T1] usb usb39: Product: USB/IP Virtual Host Controller
[   12.366797][    T1] usb usb39: Manufacturer: Linux 6.7.0-rc2-gbc9807868dfa-dirty vhci_hcd
[   12.369678][    T1] usb usb39: SerialNumber: vhci_hcd.15
[   12.375263][    T1] hub 39-0:1.0: USB hub found
[   12.376724][    T1] hub 39-0:1.0: 8 ports detected
[   12.392455][    T1] vhci_hcd vhci_hcd.15: USB/IP Virtual Host Controller
[   12.395839][    T1] vhci_hcd vhci_hcd.15: new USB bus registered, assigned bus number 40
[   12.398482][    T1] usb usb40: We don't know the algorithms for LPM for this host, disabling LPM.
[   12.402940][    T1] usb usb40: New USB device found, idVendor=1d6b, idProduct=0003, bcdDevice= 6.07
[   12.405196][    T1] usb usb40: New USB device strings: Mfr=3, Product=2, SerialNumber=1
[   12.407227][    T1] usb usb40: Product: USB/IP Virtual Host Controller
[   12.408829][    T1] usb usb40: Manufacturer: Linux 6.7.0-rc2-gbc9807868dfa-dirty vhci_hcd
[   12.411331][    T1] usb usb40: SerialNumber: vhci_hcd.15
[   12.416981][    T1] hub 40-0:1.0: USB hub found
[   12.418421][    T1] hub 40-0:1.0: 8 ports detected
[   12.428569][    T1] usbcore: registered new device driver usbip-host
[   12.447235][    T1] i8042: PNP: PS/2 Controller [PNP0303:KBD,PNP0f13:MOU] at 0x60,0x64 irq 1,12
[   12.455603][    T1] serio: i8042 KBD port at 0x60,0x64 irq 1
[   12.459666][    T1] serio: i8042 AUX port at 0x60,0x64 irq 12
[   12.470910][    T1] mousedev: PS/2 mouse device common for all mice
[   12.479121][    T1] usbcore: registered new interface driver appletouch
[   12.484296][    T8] input: AT Translated Set 2 keyboard as /devices/platform/i8042/serio0/input/input1
[   12.491137][    T1] usbcore: registered new interface driver bcm5974
[   12.497880][    T1] usbcore: registered new interface driver synaptics_usb
[   12.507426][    T1] usbcore: registered new interface driver iforce
[   12.516279][    T1] usbcore: registered new interface driver xpad
[   12.519396][    T1] usbcore: registered new interface driver usb_acecad
[   12.522963][    T1] usbcore: registered new interface driver aiptek
[   12.526978][    T1] usbcore: registered new interface driver hanwang
[   12.531194][    T1] usbcore: registered new interface driver kbtab
[   12.535298][    T1] usbcore: registered new interface driver pegasus_notetaker
[   12.540745][    T1] usbcore: registered new interface driver usbtouchscreen
[   12.543616][    T1] usbcore: registered new interface driver sur40
[   12.546947][    T1] usbcore: registered new interface driver ati_remote2
[   12.549803][    T1] cm109: Keymap for Komunikate KIP1000 phone loaded
[   12.553704][    T1] usbcore: registered new interface driver cm109
[   12.556570][    T1] cm109: CM109 phone driver: 20080805 (C) Alfred E. Heggestad
[   12.562358][    T1] usbcore: registered new interface driver ims_pcu
[   12.567581][    T1] usbcore: registered new interface driver keyspan_remote
[   12.572034][    T1] usbcore: registered new interface driver powermate
[   12.577375][    T1] usbcore: registered new interface driver yealink
[   12.592438][    T1] rtc_cmos 00:05: RTC can wake from S4
[   12.605544][    T1] rtc_cmos 00:05: registered as rtc0
[   12.607949][    T1] rtc_cmos 00:05: alarms up to one day, y3k, 242 bytes nvram, hpet irqs
[   12.620757][    T1] i2c_dev: i2c /dev entries driver
[   12.625994][    T1] usbcore: registered new interface driver i2c-diolan-u2c
[   12.633038][    T1] usbcore: registered new interface driver RobotFuzz Open Source InterFace, OSIF
[   12.638119][    T1] usbcore: registered new interface driver i2c-tiny-usb
[   12.654173][    T1] usbcore: registered new interface driver igorplugusb
[   12.657949][    T1] usbcore: registered new interface driver iguanair
[   12.671825][    T1] usbcore: registered new interface driver imon
[   12.674815][    T1] usbcore: registered new interface driver mceusb
[   12.677998][    T1] usbcore: registered new interface driver redrat3
[   12.683749][    T1] usbcore: registered new interface driver streamzap
[   12.686568][    T1] usbcore: registered new interface driver ttusbir
[   12.689243][    T1] usbcore: registered new interface driver ati_remote
[   12.693397][    T1] b2c2-flexcop: B2C2 FlexcopII/II(b)/III digital TV receiver chip loaded successfully
[   12.697340][    T1] usbcore: registered new interface driver b2c2_flexcop_usb
[   12.700728][    T1] usbcore: registered new interface driver dvb_usb_vp7045
[   12.703860][    T1] usbcore: registered new interface driver dvb_usb_vp702x
[   12.706501][    T1] usbcore: registered new interface driver dvb_usb_gp8psk
[   12.709101][    T1] usbcore: registered new interface driver dvb_usb_dtt200u
[   12.712300][    T1] usbcore: registered new interface driver dvb_usb_a800
[   12.715899][    T1] usbcore: registered new interface driver dvb_usb_dibusb_mb
[   12.719122][    T1] usbcore: registered new interface driver dvb_usb_dibusb_mc
[   12.723205][    T1] usbcore: registered new interface driver dvb_usb_nova_t_usb2
[   12.726035][    T1] usbcore: registered new interface driver dvb_usb_umt_010
[   12.728278][    T1] usbcore: registered new interface driver dvb_usb_m920x
[   12.731231][    T1] usbcore: registered new interface driver dvb_usb_digitv
[   12.733769][    T1] usbcore: registered new interface driver dvb_usb_cxusb
[   12.735837][    T1] usbcore: registered new interface driver dvb_usb_ttusb2
[   12.737918][    T1] usbcore: registered new interface driver dvb_usb_dib0700
[   12.739869][    T1] usbcore: registered new interface driver opera1
[   12.745107][    T1] usbcore: registered new interface driver dvb_usb_af9005
[   12.747087][    T1] failing symbol_get of non-GPLONLY symbol af9005_rc_decode.
[   12.750036][    T1] failing symbol_get of non-GPLONLY symbol af9005_rc_decode.
[   12.751921][    T1] failing symbol_get of non-GPLONLY symbol rc_map_af9005_table.
[   12.754134][    T1] failing symbol_get of non-GPLONLY symbol rc_map_af9005_table.
[   12.755939][    T1] failing symbol_get of non-GPLONLY symbol rc_map_af9005_table_size.
[   12.758843][    T1] failing symbol_get of non-GPLONLY symbol rc_map_af9005_table_size.
[   12.761280][    T1] af9005: af9005_rc_decode function not found, disabling remote
[   12.764570][    T1] usbcore: registered new interface driver pctv452e
[   12.767699][    T1] usbcore: registered new interface driver dw2102
[   12.771751][    T1] usbcore: registered new interface driver dvb_usb_dtv5100
[   12.777927][    T1] usbcore: registered new interface driver cinergyT2
[   12.782732][    T1] usbcore: registered new interface driver dvb_usb_az6027
[   12.785507][    T1] usbcore: registered new interface driver dvb_usb_technisat_usb2
[   12.788742][    T1] usbcore: registered new interface driver dvb_usb_af9015
[   12.792832][    T1] usbcore: registered new interface driver dvb_usb_af9035
[   12.799676][    T1] usbcore: registered new interface driver dvb_usb_anysee
[   12.805079][    T1] usbcore: registered new interface driver dvb_usb_au6610
[   12.808341][    T1] usbcore: registered new interface driver dvb_usb_az6007
[   12.811674][    T1] usbcore: registered new interface driver dvb_usb_ce6230
[   12.815706][    T1] usbcore: registered new interface driver dvb_usb_ec168
[   12.819694][    T1] usbcore: registered new interface driver dvb_usb_lmedm04
[   12.822991][    T1] usbcore: registered new interface driver dvb_usb_gl861
[   12.825833][    T1] usbcore: registered new interface driver dvb_usb_mxl111sf
[   12.828857][    T1] usbcore: registered new interface driver dvb_usb_rtl28xxu
[   12.833448][    T1] usbcore: registered new interface driver dvb_usb_dvbsky
[   12.836016][    T1] usbcore: registered new interface driver zd1301
[   12.838560][    T1] usbcore: registered new interface driver s2255
[   12.841318][    T1] usbcore: registered new interface driver smsusb
[   12.843624][    T1] usbcore: registered new interface driver ttusb
[   12.845634][    T1] usbcore: registered new interface driver ttusb-dec
[   12.849781][    T1] usbcore: registered new interface driver Abilis Systems as10x usb driver
[   12.853790][    T1] usbcore: registered new interface driver airspy
[   12.855413][    T1] gspca_main: v2.14.0 registered
[   12.857681][    T1] usbcore: registered new interface driver benq
[   12.860076][    T1] usbcore: registered new interface driver conex
[   12.863096][    T1] usbcore: registered new interface driver cpia1
[   12.866212][    T1] usbcore: registered new interface driver dtcs033
[   12.868761][    T1] usbcore: registered new interface driver etoms
[   12.871070][    T1] usbcore: registered new interface driver finepix
[   12.873816][    T1] usbcore: registered new interface driver jeilinj
[   12.876270][    T1] usbcore: registered new interface driver jl2005bcd
[   12.878579][    T1] usbcore: registered new interface driver kinect
[   12.881445][    T1] usbcore: registered new interface driver konica
[   12.884125][    T1] usbcore: registered new interface driver mars
[   12.886654][    T1] usbcore: registered new interface driver mr97310a
[   12.889022][    T1] usbcore: registered new interface driver nw80x
[   12.891407][    T1] usbcore: registered new interface driver ov519
[   12.893955][    T1] usbcore: registered new interface driver ov534
[   12.896315][    T1] usbcore: registered new interface driver ov534_9
[   12.899439][    T1] usbcore: registered new interface driver pac207
[   12.902697][    T1] usbcore: registered new interface driver gspca_pac7302
[   12.905229][    T1] usbcore: registered new interface driver pac7311
[   12.907522][    T1] usbcore: registered new interface driver se401
[   12.909449][    T1] usbcore: registered new interface driver sn9c2028
[   12.912429][    T1] usbcore: registered new interface driver gspca_sn9c20x
[   12.915231][    T1] usbcore: registered new interface driver sonixb
[   12.917929][    T1] usbcore: registered new interface driver sonixj
[   12.919759][    T1] usbcore: registered new interface driver spca500
[   12.924447][    T1] usbcore: registered new interface driver spca501
[   12.926814][    T1] usbcore: registered new interface driver spca505
[   12.929171][    T1] usbcore: registered new interface driver spca506
[   12.933449][    T1] usbcore: registered new interface driver spca508
[   12.935738][    T1] usbcore: registered new interface driver spca561
[   12.938194][    T1] usbcore: registered new interface driver spca1528
[   12.940936][    T1] usbcore: registered new interface driver sq905
[   12.944496][    T1] usbcore: registered new interface driver sq905c
[   12.948655][    T1] usbcore: registered new interface driver sq930x
[   12.953106][    T1] usbcore: registered new interface driver sunplus
[   12.955901][    T1] usbcore: registered new interface driver stk014
[   12.959240][    T1] usbcore: registered new interface driver stk1135
[   12.964005][    T1] usbcore: registered new interface driver stv0680
[   12.969537][    T1] usbcore: registered new interface driver t613
[   12.974184][    T1] usbcore: registered new interface driver gspca_topro
[   12.977721][    T1] usbcore: registered new interface driver touptek
[   12.982639][    T1] usbcore: registered new interface driver tv8532
[   12.986159][    T1] usbcore: registered new interface driver vc032x
[   12.988566][    T1] usbcore: registered new interface driver vicam
[   12.991259][    T1] usbcore: registered new interface driver xirlink-cit
[   12.994072][    T1] usbcore: registered new interface driver gspca_zc3xx
[   12.996996][    T1] usbcore: registered new interface driver ALi m5602
[   13.000782][    T1] usbcore: registered new interface driver STV06xx
[   13.003041][    T1] usbcore: registered new interface driver gspca_gl860
[   13.005306][    T1] usbcore: registered new interface driver hackrf
