c[?7l[2J[0mSeaBIOS (version 1.15.0-1)


iPXE (https://ipxe.org) 00:03.0 CA00 PCI2.10 PnP PMM+7FF8B310+7FECB310 CA00
Press Ctrl-B to configure iPXE (PCI 00:03.0)...                                                                               


Booting from ROM...
c[?7l[2Jearly console in extract_kernel
input_data: 0x000000000d989298
input_len: 0x000000000505d0ab
output: 0x0000000001000000
output_len: 0x000000000fd14b28
kernel_total_size: 0x0000000011a26000
needed_size: 0x0000000011c00000
trampoline_32bit: 0x0000000000000000

Decompressing Linux... Parsing ELF... done.
Booting the kernel (entry_offset: 0x0000000000000080).
[    0.000000][    T0] Linux version 6.7.0-rc2-gbc9807868dfa-dirty (vmware@LAPTOP-BUKH5KQI) (gcc (Ubuntu 11.4.0-1ubuntu1~22.04) 11.4.0, GNU ld (GNU Binutils for Ubuntu) 2.38) #18 SMP PREEMPT_DYNAMIC Wed Nov 29 16:57:15 KST 2023
[    0.000000][    T0] Command line: console=ttyS0 root=/dev/sda earlyprintk=serial net.ifnames=0
[    0.000000][    T0] KERNEL supported cpus:
[    0.000000][    T0]   Intel GenuineIntel
[    0.000000][    T0]   AMD AuthenticAMD
[    0.000000][    T0] BIOS-provided physical RAM map:
[    0.000000][    T0] BIOS-e820: [mem 0x0000000000000000-0x000000000009fbff] usable
[    0.000000][    T0] BIOS-e820: [mem 0x000000000009fc00-0x000000000009ffff] reserved
[    0.000000][    T0] BIOS-e820: [mem 0x00000000000f0000-0x00000000000fffff] reserved
[    0.000000][    T0] BIOS-e820: [mem 0x0000000000100000-0x000000007ffdffff] usable
[    0.000000][    T0] BIOS-e820: [mem 0x000000007ffe0000-0x000000007fffffff] reserved
[    0.000000][    T0] BIOS-e820: [mem 0x00000000feffc000-0x00000000feffffff] reserved
[    0.000000][    T0] BIOS-e820: [mem 0x00000000fffc0000-0x00000000ffffffff] reserved
[    0.000000][    T0] printk: legacy bootconsole [earlyser0] enabled
[    0.000000][    T0] ERROR: earlyprintk= earlyser already used
[    0.000000][    T0] ERROR: earlyprintk= earlyser already used
[    0.000000][    T0] ERROR: earlyprintk= earlyser already used
[    0.000000][    T0] **********************************************************
[    0.000000][    T0] **   NOTICE NOTICE NOTICE NOTICE NOTICE NOTICE NOTICE   **
[    0.000000][    T0] **                                                      **
[    0.000000][    T0] ** This system shows unhashed kernel memory addresses   **
[    0.000000][    T0] ** via the console, logs, and other interfaces. This    **
[    0.000000][    T0] ** might reduce the security of your system.            **
[    0.000000][    T0] **                                                      **
[    0.000000][    T0] ** If you see this message and you are not debugging    **
[    0.000000][    T0] ** the kernel, report this immediately to your system   **
[    0.000000][    T0] ** administrator!                                       **
[    0.000000][    T0] **                                                      **
[    0.000000][    T0] **   NOTICE NOTICE NOTICE NOTICE NOTICE NOTICE NOTICE   **
[    0.000000][    T0] **********************************************************
[    0.000000][    T0] Malformed early option 'vsyscall'
[    0.000000][    T0] NX (Execute Disable) protection: active
[    0.000000][    T0] APIC: Static calls initialized
[    0.000000][    T0] SMBIOS 2.8 present.
[    0.000000][    T0] DMI: QEMU Standard PC (i440FX + PIIX, 1996), BIOS 1.15.0-1 04/01/2014
[    0.000000][    T0] Hypervisor detected: KVM
[    0.000000][    T0] kvm-clock: Using msrs 4b564d01 and 4b564d00
[    0.000003][    T0] kvm-clock: using sched offset of 997423191 cycles
[    0.001406][    T0] clocksource: kvm-clock: mask: 0xffffffffffffffff max_cycles: 0x1cd42e4dffb, max_idle_ns: 881590591483 ns
[    0.005929][    T0] tsc: Detected 2688.010 MHz processor
[    0.012269][    T0] last_pfn = 0x7ffe0 max_arch_pfn = 0x400000000
[    0.013906][    T0] MTRR map: 4 entries (3 fixed + 1 variable; max 19), built from 8 variable MTRRs
[    0.016159][    T0] x86/PAT: Configuration [0-7]: WB  WC  UC- UC  WB  WP  UC- WT  
[    0.025559][    T0] found SMP MP-table at [mem 0x000f5ba0-0x000f5baf]
[    0.028478][    T0] ACPI: Early table checksum verification disabled
[    0.029921][    T0] ACPI: RSDP 0x00000000000F59E0 000014 (v00 BOCHS )
[    0.031498][    T0] ACPI: RSDT 0x000000007FFE1905 000034 (v01 BOCHS  BXPC     00000001 BXPC 00000001)
[    0.033811][    T0] ACPI: FACP 0x000000007FFE17B9 000074 (v01 BOCHS  BXPC     00000001 BXPC 00000001)
[    0.036105][    T0] ACPI: DSDT 0x000000007FFE0040 001779 (v01 BOCHS  BXPC     00000001 BXPC 00000001)
[    0.038433][    T0] ACPI: FACS 0x000000007FFE0000 000040
[    0.039734][    T0] ACPI: APIC 0x000000007FFE182D 000078 (v01 BOCHS  BXPC     00000001 BXPC 00000001)
[    0.041997][    T0] ACPI: HPET 0x000000007FFE18A5 000038 (v01 BOCHS  BXPC     00000001 BXPC 00000001)
[    0.044246][    T0] ACPI: WAET 0x000000007FFE18DD 000028 (v01 BOCHS  BXPC     00000001 BXPC 00000001)
[    0.046768][    T0] ACPI: Reserving FACP table memory at [mem 0x7ffe17b9-0x7ffe182c]
[    0.048783][    T0] ACPI: Reserving DSDT table memory at [mem 0x7ffe0040-0x7ffe17b8]
[    0.050789][    T0] ACPI: Reserving FACS table memory at [mem 0x7ffe0000-0x7ffe003f]
[    0.052760][    T0] ACPI: Reserving APIC table memory at [mem 0x7ffe182d-0x7ffe18a4]
[    0.054778][    T0] ACPI: Reserving HPET table memory at [mem 0x7ffe18a5-0x7ffe18dc]
[    0.056746][    T0] ACPI: Reserving WAET table memory at [mem 0x7ffe18dd-0x7ffe1904]
[    0.059398][    T0] No NUMA configuration found
[    0.060557][    T0] Faking a node at [mem 0x0000000000000000-0x000000007ffdffff]
[    0.062621][    T0] Faking node 0 at [mem 0x0000000000000000-0x000000003fffffff] (1024MB)
[    0.064763][    T0] Faking node 1 at [mem 0x0000000040000000-0x000000007ffdffff] (1023MB)
[    0.067014][    T0] NODE_DATA(0) allocated [mem 0x3fffa000-0x3fffffff]
[    0.069230][    T0] NODE_DATA(1) allocated [mem 0x7ffd9000-0x7ffdefff]
[    0.077384][    T0] Zone ranges:
[    0.078518][    T0]   DMA      [mem 0x0000000000001000-0x0000000000ffffff]
[    0.080438][    T0]   DMA32    [mem 0x0000000001000000-0x000000007ffdffff]
[    0.082392][    T0]   Normal   empty
[    0.083714][    T0]   Device   empty
[    0.084880][    T0] Movable zone start for each node
[    0.086251][    T0] Early memory node ranges
[    0.087263][    T0]   node   0: [mem 0x0000000000001000-0x000000000009efff]
[    0.088961][    T0]   node   0: [mem 0x0000000000100000-0x000000003fffffff]
[    0.090607][    T0]   node   1: [mem 0x0000000040000000-0x000000007ffdffff]
[    0.092310][    T0] Initmem setup node 0 [mem 0x0000000000001000-0x000000003fffffff]
[    0.094140][    T0] Initmem setup node 1 [mem 0x0000000040000000-0x000000007ffdffff]
[    0.096008][    T0] On node 0, zone DMA: 1 pages in unavailable ranges
[    0.096124][    T0] On node 0, zone DMA: 97 pages in unavailable ranges
[    0.112120][    T0] On node 1, zone DMA32: 32 pages in unavailable ranges
[    0.168610][    T0] kasan: KernelAddressSanitizer initialized
[    0.172747][    T0] ACPI: PM-Timer IO Port: 0x608
[    0.174499][    T0] ACPI: LAPIC_NMI (acpi_id[0xff] dfl dfl lint[0x1])
[    0.176185][    T0] IOAPIC[0]: apic_id 0, version 17, address 0xfec00000, GSI 0-23
[    0.177971][    T0] ACPI: INT_SRC_OVR (bus 0 bus_irq 0 global_irq 2 dfl dfl)
[    0.179676][    T0] ACPI: INT_SRC_OVR (bus 0 bus_irq 5 global_irq 5 high level)
[    0.181486][    T0] ACPI: INT_SRC_OVR (bus 0 bus_irq 9 global_irq 9 high level)
[    0.183282][    T0] ACPI: INT_SRC_OVR (bus 0 bus_irq 10 global_irq 10 high level)
[    0.185035][    T0] ACPI: INT_SRC_OVR (bus 0 bus_irq 11 global_irq 11 high level)
[    0.186827][    T0] ACPI: Using ACPI (MADT) for SMP configuration information
[    0.188649][    T0] ACPI: HPET id: 0x8086a201 base: 0xfed00000
[    0.190036][    T0] smpboot: Allowing 1 CPUs, 0 hotplug CPUs
[    0.191831][    T0] kvm-guest: APIC: eoi() replaced with kvm_guest_apic_eoi_write()
[    0.193848][    T0] PM: hibernation: Registered nosave memory: [mem 0x00000000-0x00000fff]
[    0.195867][    T0] PM: hibernation: Registered nosave memory: [mem 0x0009f000-0x0009ffff]
[    0.197976][    T0] PM: hibernation: Registered nosave memory: [mem 0x000a0000-0x000effff]
[    0.200007][    T0] PM: hibernation: Registered nosave memory: [mem 0x000f0000-0x000fffff]
[    0.202006][    T0] [mem 0x80000000-0xfeffbfff] available for PCI devices
[    0.203657][    T0] Booting paravirtualized kernel on KVM
[    0.205035][    T0] clocksource: refined-jiffies: mask: 0xffffffff max_cycles: 0xffffffff, max_idle_ns: 19112604462750000 ns
[    0.333839][    T0] setup_percpu: NR_CPUS:8 nr_cpumask_bits:1 nr_cpu_ids:1 nr_node_ids:2
[    0.336869][    T0] percpu: Embedded 72 pages/cpu s255176 r8192 d31544 u2097152
[    0.338965][    T0] kvm-guest: PV spinlocks disabled, no host support
[    0.340567][    T0] Kernel command line: earlyprintk=serial net.ifnames=0 sysctl.kernel.hung_task_all_cpu_backtrace=1 ima_policy=tcb nf-conntrack-ftp.ports=20000 nf-conntrack-tftp.ports=20000 nf-conntrack-sip.ports=20000 nf-conntrack-irc.ports=20000 nf-conntrack-sane.ports=20000 binder.debug_mask=0 rcupdate.rcu_expedited=1 rcupdate.rcu_cpu_stall_cputime=1 no_hash_pointers page_owner=on sysctl.vm.nr_hugepages=4 sysctl.vm.nr_overcommit_hugepages=4 secretmem.enable=1 sysctl.max_rcu_stall_to_panic=1 msr.allow_writes=off coredump_filter=0xffff root=/dev/sda console=ttyS0 vsyscall=native numa=fake=2 kvm-intel.nested=1 spec_store_bypass_disable=prctl nopcid vivid.n_devs=16 vivid.multiplanar=1,2,1,2,1,2,1,2,1,2,1,2,1,2,1,2 netrom.nr_ndevs=16 rose.rose_ndevs=16 smp.csd_lock_timeout=100000 watchdog_thresh=55 workqueue.watchdog_thresh=140 sysctl.net.core.netdev_unregister_timeout_secs=140 dummy_hcd.num=8 panic_on_warn=1 console=ttyS0 root=/dev/sda earlyprintk=serial net.ifnames=0
[    0.364315][    T0] Unknown kernel command line parameters "spec_store_bypass_disable=prctl", will be passed to user space.
[    0.367130][    T0] Fallback order for Node 0: 0 1 
[    0.367140][    T0] Fallback order for Node 1: 1 0 
[    0.367147][    T0] Built 2 zonelists, mobility grouping on.  Total pages: 515808
[    0.370599][    T0] Policy zone: DMA32
[    0.371791][    T0] mem auto-init: stack:off, heap alloc:on, heap free:off
[    0.373146][    T0] stackdepot: allocating hash table via alloc_large_system_hash
[    0.376208][    T0] stackdepot hash table entries: 1048576 (order: 11, 8388608 bytes, linear)
[    0.456137][    T0] Memory: 1464876K/2096632K available (157696K kernel code, 38570K rwdata, 32680K rodata, 3420K init, 33712K bss, 631500K reserved, 0K cma-reserved)
[    0.462414][    T0] SLUB: HWalign=64, Order=0-3, MinObjects=0, CPUs=1, Nodes=2
[    0.484987][    T0] allocated 37748736 bytes of page_ext
[    0.486103][    T0] Node 0, zone      DMA: page owner found early allocated 0 pages
[    0.492633][    T0] Node 0, zone    DMA32: page owner found early allocated 4704 pages
[    0.495930][    T0] Node 1, zone    DMA32: page owner found early allocated 4611 pages
[    0.498495][    T0] Dynamic Preempt: full
[    0.500079][    T0] Running RCU self tests
[    0.500925][    T0] Running RCU synchronous self tests
[    0.501994][    T0] rcu: Preemptible hierarchical RCU implementation.
[    0.503269][    T0] rcu: 	RCU lockdep checking is enabled.
[    0.504328][    T0] rcu: 	RCU restricting CPUs from NR_CPUS=8 to nr_cpu_ids=1.
[    0.505867][    T0] rcu: 	RCU callback double-/use-after-free debug is enabled.
[    0.508168][    T0] rcu: 	RCU debug extended QS entry/exit.
[    0.509640][    T0] 	All grace periods are expedited (rcu_expedited).
[    0.511270][    T0] 	Trampoline variant of Tasks RCU enabled.
[    0.512869][    T0] 	Tracing variant of Tasks RCU enabled.
[    0.514129][    T0] rcu: RCU calculated value of scheduler-enlistment delay is 10 jiffies.
[    0.515790][    T0] rcu: Adjusting geometry for rcu_fanout_leaf=16, nr_cpu_ids=1
[    0.517248][    T0] Running RCU synchronous self tests
[    0.591158][    T0] NR_IRQS: 4352, nr_irqs: 256, preallocated irqs: 16
[    0.593247][    T0] rcu: srcu_init: Setting srcu_struct sizes based on contention.
[    0.595032][    T0] kfence: initialized - using 2097152 bytes for 255 objects at 0xffff88807ec00000-0xffff88807ee00000
[    0.606410][    T0] Console: colour VGA+ 80x25
[    0.607765][    T0] printk: legacy console [ttyS0] enabled
[    0.607765][    T0] printk: legacy console [ttyS0] enabled
[    0.610130][    T0] printk: legacy bootconsole [earlyser0] disabled
[    0.610130][    T0] printk: legacy bootconsole [earlyser0] disabled
[    0.612618][    T0] Lock dependency validator: Copyright (c) 2006 Red Hat, Inc., Ingo Molnar
[    0.614289][    T0] ... MAX_LOCKDEP_SUBCLASSES:  8
[    0.615252][    T0] ... MAX_LOCK_DEPTH:          48
[    0.616112][    T0] ... MAX_LOCKDEP_KEYS:        8192
[    0.616984][    T0] ... CLASSHASH_SIZE:          4096
[    0.617967][    T0] ... MAX_LOCKDEP_ENTRIES:     131072
[    0.618996][    T0] ... MAX_LOCKDEP_CHAINS:      262144
[    0.620211][    T0] ... CHAINHASH_SIZE:          131072
[    0.621613][    T0]  memory used by lock dependency info: 20785 kB
[    0.623089][    T0]  memory used for stack traces: 8320 kB
[    0.624291][    T0]  per task-struct memory footprint: 1920 bytes
[    0.625760][    T0] mempolicy: Enabling automatic NUMA balancing. Configure with numa_balancing= or the kernel.numa_balancing sysctl
[    0.628661][    T0] ACPI: Core revision 20230628
[    0.630390][    T0] clocksource: hpet: mask: 0xffffffff max_cycles: 0xffffffff, max_idle_ns: 19112604467 ns
[    0.635180][    T0] APIC: Switch to symmetric I/O mode setup
[    0.636742][    T0] x2apic enabled
[    0.638107][    T0] APIC: Switched APIC routing to: physical x2apic
[    0.642518][    T0] ..TIMER: vector=0x30 apic1=0 pin1=2 apic2=-1 pin2=-1
[    0.644020][    T0] clocksource: tsc-early: mask: 0xffffffffffffffff max_cycles: 0x26beffa22e4, max_idle_ns: 440795217853 ns
[    0.646973][    T0] Calibrating delay loop (skipped) preset value.. 5376.02 BogoMIPS (lpj=26880100)
[    0.649263][    T0] Last level iTLB entries: 4KB 0, 2MB 0, 4MB 0
[    0.650525][    T0] Last level dTLB entries: 4KB 0, 2MB 0, 4MB 0, 1GB 0
[    0.651803][    T0] Spectre V1 : Mitigation: usercopy/swapgs barriers and __user pointer sanitization
[    0.653726][    T0] Spectre V2 : Kernel not compiled with retpoline; no mitigation available!
[    0.653733][    T0] Spectre V2 : Vulnerable
[    0.658036][    T0] Spectre V2 : Spectre v2 / SpectreRSB mitigation: Filling RSB on context switch
[    0.659961][    T0] Speculative Store Bypass: Vulnerable
[    0.661113][    T0] MDS: Vulnerable: Clear CPU buffers attempted, no microcode
[    0.662813][    T0] MMIO Stale Data: Unknown: No mitigations
[    0.664145][    T0] x86/fpu: x87 FPU will use FXSAVE
[    0.710376][    T0] Freeing SMP alternatives memory: 120K
[    0.711695][    T0] pid_max: default: 32768 minimum: 301
[    0.713322][    T0] LSM: initializing lsm=lockdown,capability,landlock,yama,safesetid,tomoyo,apparmor,bpf,integrity
[    0.717094][    T0] landlock: Up and running.
[    0.718010][    T0] Yama: becoming mindful.
[    0.719269][    T0] TOMOYO Linux initialized
[    0.720645][    T0] AppArmor: AppArmor initialized
[    0.721587][    T0] LSM support for eBPF active
[    0.726347][    T0] Dentry cache hash table entries: 262144 (order: 9, 2097152 bytes, vmalloc)
[    0.728874][    T0] Inode-cache hash table entries: 131072 (order: 8, 1048576 bytes, vmalloc)
[    0.731670][    T0] Mount-cache hash table entries: 4096 (order: 3, 32768 bytes, vmalloc)
[    0.733535][    T0] Mountpoint-cache hash table entries: 4096 (order: 3, 32768 bytes, vmalloc)
[    0.740376][    T0] Running RCU synchronous self tests
[    0.741415][    T0] Running RCU synchronous self tests
[    0.863162][    T1] smpboot: CPU0: Intel QEMU Virtual CPU version 2.5+ (family: 0xf, model: 0x6b, stepping: 0x1)
[    0.866963][    T1] RCU Tasks: Setting shift to 0 and lim to 1 rcu_task_cb_adjust=1.
[    0.866963][    T1] RCU Tasks Trace: Setting shift to 0 and lim to 1 rcu_task_cb_adjust=1.
[    0.867075][    T1] Running RCU Tasks wait API self tests
[    0.977232][    T1] Running RCU Tasks Trace wait API self tests
[    0.978438][    T1] Performance Events: unsupported Netburst CPU model 107 no PMU driver, software events only.
[    0.980239][    T1] signal: max sigframe size: 1440
[    0.981355][    T1] rcu: Hierarchical SRCU implementation.
[    0.982356][    T1] rcu: 	Max phase no-delay instances is 1000.
[    0.988434][    T1] NMI watchdog: Perf NMI watchdog permanently disabled
[    0.990448][    T1] smp: Bringing up secondary CPUs ...
[    0.992490][    T1] smp: Brought up 2 nodes, 1 CPU
[    0.993723][    T1] smpboot: Max logical packages: 1
[    0.994713][    T1] smpboot: Total of 1 processors activated (5376.02 BogoMIPS)
[    0.997010][   T15] Callback from call_rcu_tasks_trace() invoked.
[    0.999642][    T1] devtmpfs: initialized
[    1.001493][    T1] x86/mm: Memory block size: 128MB
[    1.024785][    T1] Running RCU synchronous self tests
[    1.025942][    T1] Running RCU synchronous self tests
[    1.027069][    T1] clocksource: jiffies: mask: 0xffffffff max_cycles: 0xffffffff, max_idle_ns: 19112604462750000 ns
[    1.029730][    T1] futex hash table entries: 256 (order: 3, 32768 bytes, vmalloc)
[    1.035563][    T1] PM: RTC time: 05:07:00, date: 2023-12-01
[    1.048698][    T1] NET: Registered PF_NETLINK/PF_ROUTE protocol family
[    1.054953][    T1] audit: initializing netlink subsys (disabled)
[    1.057064][   T22] audit: type=2000 audit(1701407220.744:1): state=initialized audit_enabled=0 res=1
[    1.062367][    T1] thermal_sys: Registered thermal governor 'step_wise'
[    1.062376][    T1] thermal_sys: Registered thermal governor 'user_space'
[    1.063931][    T1] cpuidle: using governor menu
[    1.066878][    T1] NET: Registered PF_QIPCRTR protocol family
[    1.070934][    T1] dca service started, version 1.12.1
[    1.072214][    T1] PCI: Using configuration type 1 for base access
[    1.088199][    T1] HugeTLB: registered 2.00 MiB page size, pre-allocated 0 pages
[    1.089727][    T1] HugeTLB: 28 KiB vmemmap can be freed for a 2.00 MiB page
[    1.099919][    T1] cryptd: max_cpu_qlen set to 1000
[    1.108261][    T1] raid6: skipped pq benchmark and selected sse2x4
[    1.109587][    T1] raid6: using intx1 recovery algorithm
[    1.111616][    T1] ACPI: Added _OSI(Module Device)
[    1.112465][    T1] ACPI: Added _OSI(Processor Device)
[    1.113521][    T1] ACPI: Added _OSI(3.0 _SCP Extensions)
[    1.114622][    T1] ACPI: Added _OSI(Processor Aggregator Device)
[    1.211700][    T1] ACPI: 1 ACPI AML tables successfully acquired and loaded
[    1.228673][    T1] ACPI: _OSC evaluation for CPUs failed, trying _PDC
[    1.235903][    T1] ACPI: Interpreter enabled
[    1.247097][    T1] ACPI: PM: (supports S0 S3 S4 S5)
[    1.248716][    T1] ACPI: Using IOAPIC for interrupt routing
[    1.250499][    T1] PCI: Using host bridge windows from ACPI; if necessary, use "pci=nocrs" and report a bug
[    1.254101][    T1] PCI: Using E820 reservations for host bridge windows
[    1.268555][    T1] ACPI: Enabled 2 GPEs in block 00 to 0F
[    1.477811][    T1] ACPI: PCI Root Bridge [PCI0] (domain 0000 [bus 00-ff])
[    1.480537][    T1] acpi PNP0A03:00: _OSC: OS supports [ASPM ClockPM Segments MSI HPX-Type3]
[    1.482150][    T1] acpi PNP0A03:00: _OSC: not requesting OS control; OS requires [ExtendedConfig ASPM ClockPM MSI]
[    1.484475][    T1] acpi PNP0A03:00: fail to add MMCONFIG information, can't access extended configuration space under this bridge
[    1.498374][    T1] PCI host bridge to bus 0000:00
[    1.499298][    T1] pci_bus 0000:00: Unknown NUMA node; performance will be reduced
[    1.500852][    T1] pci_bus 0000:00: root bus resource [io  0x0000-0x0cf7 window]
[    1.502341][    T1] pci_bus 0000:00: root bus resource [io  0x0d00-0xffff window]
[    1.504006][    T1] pci_bus 0000:00: root bus resource [mem 0x000a0000-0x000bffff window]
[    1.505700][    T1] pci_bus 0000:00: root bus resource [mem 0x80000000-0xfebfffff window]
[    1.516985][    T1] pci_bus 0000:00: root bus resource [mem 0x100000000-0x17fffffff window]
[    1.518637][    T1] pci_bus 0000:00: root bus resource [bus 00-ff]
[    1.520313][    T1] pci 0000:00:00.0: [8086:1237] type 00 class 0x060000
[    1.578404][    T1] pci 0000:00:01.0: [8086:7000] type 00 class 0x060100
[    1.582536][    T1] pci 0000:00:01.1: [8086:7010] type 00 class 0x010180
[    1.585545][    T1] pci 0000:00:01.1: reg 0x20: [io  0xc020-0xc02f]
[    1.597448][    T1] pci 0000:00:01.1: legacy IDE quirk: reg 0x10: [io  0x01f0-0x01f7]
[    1.599008][    T1] pci 0000:00:01.1: legacy IDE quirk: reg 0x14: [io  0x03f6]
[    1.600472][    T1] pci 0000:00:01.1: legacy IDE quirk: reg 0x18: [io  0x0170-0x0177]
[    1.602097][    T1] pci 0000:00:01.1: legacy IDE quirk: reg 0x1c: [io  0x0376]
[    1.604480][    T1] pci 0000:00:01.3: [8086:7113] type 00 class 0x068000
[    1.606502][    T1] pci 0000:00:01.3: quirk: [io  0x0600-0x063f] claimed by PIIX4 ACPI
[    1.617007][    T1] pci 0000:00:01.3: quirk: [io  0x0700-0x070f] claimed by PIIX4 SMB
[    1.619236][    T1] pci 0000:00:01.3: quirk_piix4_acpi+0x0/0x200 took 19531 usecs
[    1.621713][    T1] pci 0000:00:02.0: [1234:1111] type 00 class 0x030000
[    1.624413][    T1] pci 0000:00:02.0: reg 0x10: [mem 0xfd000000-0xfdffffff pref]
[    1.638724][    T1] pci 0000:00:02.0: reg 0x18: [mem 0xfeb90000-0xfeb90fff]
[    1.645058][    T1] pci 0000:00:02.0: reg 0x30: [mem 0xfeb80000-0xfeb8ffff pref]
[    1.657509][    T1] pci 0000:00:02.0: Video device with shadowed ROM at [mem 0x000c0000-0x000dffff]
[    1.706091][    T1] pci 0000:00:03.0: [1af4:1000] type 00 class 0x020000
[    1.717755][    T1] pci 0000:00:03.0: reg 0x10: [io  0xc000-0xc01f]
[    1.719461][    T1] pci 0000:00:03.0: reg 0x14: [mem 0xfeb91000-0xfeb91fff]
[    1.723873][    T1] pci 0000:00:03.0: reg 0x20: [mem 0xfe000000-0xfe003fff 64bit pref]
[    1.737373][    T1] pci 0000:00:03.0: reg 0x30: [mem 0xfeb00000-0xfeb7ffff pref]
[    1.804453][    T1] ACPI: PCI: Interrupt link LNKA configured for IRQ 10
[    1.818562][    T1] ACPI: PCI: Interrupt link LNKB configured for IRQ 10
[    1.823130][    T1] ACPI: PCI: Interrupt link LNKC configured for IRQ 11
[    1.826937][    T1] ACPI: PCI: Interrupt link LNKD configured for IRQ 11
[    1.838087][    T1] ACPI: PCI: Interrupt link LNKS configured for IRQ 9
[    1.847015][    T1] iommu: Default domain type: Translated
[    1.848010][    T1] iommu: DMA domain TLB invalidation policy: lazy mode
[    1.852253][    T1] SCSI subsystem initialized
[    1.857935][    T1] ACPI: bus type USB registered
[    1.859371][    T1] usbcore: registered new interface driver usbfs
[    1.861147][    T1] usbcore: registered new interface driver hub
[    1.862761][    T1] usbcore: registered new device driver usb
[    1.864973][    T1] mc: Linux media interface: v0.10
[    1.866080][    T1] videodev: Linux video capture interface: v2.00
[    1.877392][    T1] pps_core: LinuxPPS API ver. 1 registered
[    1.878492][    T1] pps_core: Software ver. 5.3.6 - Copyright 2005-2007 Rodolfo Giometti <giometti@linux.it>
[    1.880743][    T1] PTP clock support registered
[    1.887368][    T1] EDAC MC: Ver: 3.0.0
[    1.898287][    T1] Advanced Linux Sound Architecture Driver Initialized.
[    1.903225][    T1] Bluetooth: Core ver 2.22
[    1.904197][    T1] NET: Registered PF_BLUETOOTH protocol family
[    1.905418][    T1] Bluetooth: HCI device and connection manager initialized
[    1.906728][    T1] Bluetooth: HCI socket layer initialized
[    1.916992][    T1] Bluetooth: L2CAP socket layer initialized
[    1.918292][    T1] Bluetooth: SCO socket layer initialized
[    1.919422][    T1] NET: Registered PF_ATMPVC protocol family
[    1.920577][    T1] NET: Registered PF_ATMSVC protocol family
[    1.921942][    T1] NetLabel: Initializing
[    1.922818][    T1] NetLabel:  domain hash size = 128
[    1.923963][    T1] NetLabel:  protocols = UNLABELED CIPSOv4 CALIPSO
[    1.925533][    T1] NetLabel:  unlabeled traffic allowed by default
[    1.938141][    T1] nfc: nfc_init: NFC Core ver 0.1
[    1.939401][    T1] NET: Registered PF_NFC protocol family
[    1.940830][    T1] PCI: Using ACPI for IRQ routing
[    1.947079][    T1] pci 0000:00:02.0: vgaarb: setting as boot VGA device
[    1.948439][    T1] pci 0000:00:02.0: vgaarb: bridge control possible
[    1.949601][    T1] pci 0000:00:02.0: vgaarb: VGA device added: decodes=io+mem,owns=io+mem,locks=none
[    1.951435][    T1] vgaarb: loaded
[    1.954951][    T1] hpet: 3 channels of 0 reserved for per-cpu timers
[    1.956696][    T1] hpet0: at MMIO 0xfed00000, IRQs 2, 8, 0
[    1.966974][    T1] hpet0: 3 comparators, 64-bit 100.000000 MHz counter
[    1.988021][    T1] clocksource: Switched to clocksource kvm-clock
[    1.991597][    T1] VFS: Disk quotas dquot_6.6.0
[    1.992577][    T1] VFS: Dquot-cache hash table entries: 512 (order 0, 4096 bytes)
[    1.994391][    T1] FS-Cache: Loaded
[    1.995706][    T1] CacheFiles: Loaded
[    1.996835][    T1] TOMOYO: 2.6.0
[    1.997515][    T1] Mandatory Access Control activated.
[    2.014241][    T1] AppArmor: AppArmor Filesystem Enabled
[    2.015446][    T1] pnp: PnP ACPI init
[    2.024516][    T1] pnp: PnP ACPI: found 6 devices
[    2.070686][    T1] clocksource: acpi_pm: mask: 0xffffff max_cycles: 0xffffff, max_idle_ns: 2085701024 ns
[    2.082778][    T1] NET: Registered PF_INET protocol family
[    2.084616][    T1] IP idents hash table entries: 32768 (order: 6, 262144 bytes, vmalloc)
[    2.103949][    T1] tcp_listen_portaddr_hash hash table entries: 1024 (order: 4, 73728 bytes, vmalloc)
[    2.106017][    T1] Table-perturb hash table entries: 65536 (order: 6, 262144 bytes, vmalloc)
[    2.107790][    T1] TCP established hash table entries: 16384 (order: 5, 131072 bytes, vmalloc)
[    2.123985][    T1] TCP bind hash table entries: 16384 (order: 9, 2359296 bytes, vmalloc)
[    2.125951][    T1] TCP: Hash tables configured (established 16384 bind 16384)
[    2.128240][    T1] MPTCP token hash table entries: 2048 (order: 5, 180224 bytes, vmalloc)
[    2.130272][    T1] UDP hash table entries: 1024 (order: 5, 163840 bytes, vmalloc)
[    2.142267][    T1] UDP-Lite hash table entries: 1024 (order: 5, 163840 bytes, vmalloc)
[    2.144188][    T1] NET: Registered PF_UNIX/PF_LOCAL protocol family
[    2.147147][    T1] RPC: Registered named UNIX socket transport module.
[    2.148546][    T1] RPC: Registered udp transport module.
[    2.149627][    T1] RPC: Registered tcp transport module.
[    2.150701][    T1] RPC: Registered tcp-with-tls transport module.
[    2.151930][    T1] RPC: Registered tcp NFSv4.1 backchannel transport module.
[    2.163662][    T1] NET: Registered PF_XDP protocol family
[    2.164805][    T1] pci_bus 0000:00: resource 4 [io  0x0000-0x0cf7 window]
[    2.166196][    T1] pci_bus 0000:00: resource 5 [io  0x0d00-0xffff window]
[    2.167587][    T1] pci_bus 0000:00: resource 6 [mem 0x000a0000-0x000bffff window]
[    2.169152][    T1] pci_bus 0000:00: resource 7 [mem 0x80000000-0xfebfffff window]
[    2.170684][    T1] pci_bus 0000:00: resource 8 [mem 0x100000000-0x17fffffff window]
[    2.182930][    T1] pci 0000:00:01.0: PIIX3: Enabling Passive Release
[    2.184224][    T1] pci 0000:00:00.0: Limiting direct PCI/PCI transfers
[    2.185654][    T1] PCI: CLS 0 bytes, default 64
[    2.202343][    T1] ACPI: bus type thunderbolt registered
[    2.206330][    T1] kvm_intel: VMX not supported by CPU 0
[    2.207560][    T1] kvm_amd: CPU 0 isn't AMD or Hygon
[    2.208642][    T1] clocksource: tsc: mask: 0xffffffffffffffff max_cycles: 0x26beffa22e4, max_idle_ns: 440795217853 ns
[    2.212566][   T52] kworker/u2:2 (52) used greatest stack depth: 27952 bytes left
[    2.216295][   T55] kworker/u2:3 (55) used greatest stack depth: 26928 bytes left
[    2.220099][    T1] twofish-x86_64-3way: performance on this CPU would be suboptimal: disabling twofish-x86_64-3way.
[    2.232275][    T1] CPU feature 'AVX registers' is not supported.
[    2.233662][    T1] CPU feature 'AVX registers' is not supported.
[    2.235081][    T1] AVX2 instructions are not detected.
[    2.236434][    T1] des3_ede-x86_64: performance on this CPU would be suboptimal: disabling des3_ede-x86_64.
[    2.238405][    T1] camellia-x86_64: performance on this CPU would be suboptimal: disabling camellia-x86_64.
[    2.240538][    T1] AVX or AES-NI instructions are not detected.
[    2.241771][    T1] AVX2 or AES-NI instructions are not detected.
[    2.252380][    T1] blowfish-x86_64: performance on this CPU would be suboptimal: disabling blowfish-x86_64.
[    2.254328][    T1] CPU feature 'AVX registers' is not supported.
[    2.255645][    T1] CPU feature 'AVX registers' is not supported.
[    2.257055][    T1] PCLMULQDQ-NI instructions are not detected.
[    2.258247][    T1] sm3_avx_x86_64: AVX instruction are not detected.
[    2.259524][    T1] AVX or AES-NI instructions are not detected.
[    2.260707][    T1] AVX2 or AES-NI instructions are not detected.
[    2.261905][    T1] AVX or AES-NI instructions are not detected.
[    3.701625][    T1] Initialise system trusted keyrings
[    3.707254][    T1] workingset: timestamp_bits=40 max_order=19 bucket_order=0
[    3.714984][    T1] DLM installed
[    3.717249][    T1] squashfs: version 4.0 (2009/01/31) Phillip Lougher
[    3.722366][    T1] NFS: Registering the id_resolver key type
[    3.723563][    T1] Key type id_resolver registered
[    3.724511][    T1] Key type id_legacy registered
[    3.725516][    T1] nfs4filelayout_init: NFSv4 File Layout Driver Registering...
[    3.727139][    T1] nfs4flexfilelayout_init: NFSv4 Flexfile Layout Driver Registering...
[    3.733564][    T1] Key type cifs.spnego registered
[    3.734729][    T1] Key type cifs.idmap registered
[    3.735862][    T1] ntfs: driver 2.1.32 [Flags: R/W].
[    3.737012][    T1] ntfs3: Max link count 4000
[    3.737929][    T1] ntfs3: Enabled Linux POSIX ACLs support
[    3.739049][    T1] ntfs3: Read-only LZX/Xpress compression included
[    3.740433][    T1] efs: 1.0a - http://aeschi.ch.eu.org/efs/
[    3.741630][    T1] jffs2: version 2.2. (NAND) (SUMMARY)  Â© 2001-2006 Red Hat, Inc.
[    3.745557][    T1] romfs: ROMFS MTD (C) 2007 Red Hat, Inc.
[    3.746804][    T1] QNX4 filesystem 0.2.3 registered.
[    3.747882][    T1] qnx6: QNX6 filesystem 1.0.0 registered.
[    3.749892][    T1] fuse: init (API version 7.39)
[    3.753700][    T1] orangefs_debugfs_init: called with debug mask: :none: :0:
[    3.755673][    T1] orangefs_init: module version upstream loaded
[    3.757172][    T1] JFS: nTxBlock = 8192, nTxLock = 65536
[    3.774824][    T1] SGI XFS with ACLs, security attributes, realtime, quota, no debug enabled
[    3.778659][    T1] 9p: Installing v9fs 9p2000 file system support
[    3.780175][    T1] NILFS version 2 loaded
[    3.780997][    T1] befs: version: 0.9.3
[    3.782069][    T1] ocfs2: Registered cluster interface o2cb
[    3.784630][    T1] ocfs2: Registered cluster interface user
[    3.786019][    T1] OCFS2 User DLM kernel interface loaded
[    3.796930][    T1] gfs2: GFS2 installed
[    3.802241][   T14] Callback from call_rcu_tasks() invoked.
[    3.806259][    T1] ceph: loaded (mds proto 32)
[    3.819036][    T1] NET: Registered PF_ALG protocol family
[    3.820509][    T1] xor: measuring software checksum speed
[    3.821939][    T1]    prefetch64-sse  : 32286 MB/sec
[    3.823313][    T1]    generic_sse     : 30155 MB/sec
[    3.824381][    T1] xor: using function: prefetch64-sse (32286 MB/sec)
[    3.825750][    T1] async_tx: api initialized (async)
[    3.826892][    T1] Key type asymmetric registered
[    3.827967][    T1] Asymmetric key parser 'x509' registered
[    3.829111][    T1] Asymmetric key parser 'pkcs8' registered
[    3.830238][    T1] Key type pkcs7_test registered
[    3.831889][    T1] Block layer SCSI generic (bsg) driver version 0.4 loaded (major 239)
[    3.834102][    T1] io scheduler mq-deadline registered
[    3.835344][    T1] io scheduler kyber registered
[    3.836387][    T1] io scheduler bfq registered
[    3.849680][    T1] input: Power Button as /devices/LNXSYSTM:00/LNXPWRBN:00/input/input0
[    3.874670][    T1] ACPI: button: Power Button [PWRF]
[    3.885155][    T1] ioatdma: Intel(R) QuickData Technology Driver 5.00
[    6.515582][    T1] ACPI: \_SB_.LNKC: Enabled at IRQ 11
[    6.558528][  T204] kworker/u2:1 (204) used greatest stack depth: 26592 bytes left
[    6.904318][    T1] N_HDLC line discipline registered with maxframe=4096
[    6.905555][    T1] Serial: 8250/16550 driver, 4 ports, IRQ sharing enabled
[    6.910776][    T1] 00:04: ttyS0 at I/O 0x3f8 (irq = 4, base_baud = 115200) is a 16550A
[    6.941696][    T1] Non-volatile memory driver v1.3
[    6.946005][    T1] Linux agpgart interface v0.103
[    6.953781][    T1] ACPI: bus type drm_connector registered
[    6.959763][    T1] [drm] Initialized vgem 1.0.0 20120112 for vgem on minor 0
[    6.964242][    T1] [drm] Initialized vkms 1.0.0 20180514 for vkms on minor 1
[    7.031409][    T1] Console: switching to colour frame buffer device 128x48
[    7.048994][    T1] platform vkms: [drm] fb0: vkmsdrmfb frame buffer device
[    7.050418][    T1] usbcore: registered new interface driver udl
[    7.054425][    T1] bochs-drm 0000:00:02.0: vgaarb: deactivate vga console
[    7.059569][    T1] [drm] Found bochs VGA, ID 0xb0c5.
[    7.060430][    T1] [drm] Framebuffer size 16384 kB @ 0xfd000000, mmio @ 0xfeb90000.
[    7.065324][    T1] [drm] Found EDID data blob.
[    7.069081][    T1] [drm] Initialized bochs-drm 1.0.0 20130925 for 0000:00:02.0 on minor 2
[    7.078293][    T1] fbcon: bochs-drmdrmfb (fb1) is primary device
[    7.078301][    T1] fbcon: Remapping primary device, fb1, to tty 1-63
[    7.396575][    T1] bochs-drm 0000:00:02.0: [drm] fb1: bochs-drmdrmfb frame buffer device
[    7.453365][    T1] brd: module loaded
[    7.515303][    T1] loop: module loaded
[    7.600121][    T1] zram: Added device: zram0
[    7.607624][    T1] null_blk: disk nullb0 created
[    7.609405][    T1] null_blk: module loaded
[    7.610975][    T1] Guest personality initialized and is inactive
[    7.613611][    T1] VMCI host device registered (name=vmci, major=10, minor=118)
[    7.614939][    T1] Initialized host personality
[    7.616393][    T1] usbcore: registered new interface driver rtsx_usb
[    7.618737][    T1] usbcore: registered new interface driver viperboard
[    7.620142][    T1] usbcore: registered new interface driver dln2
[    7.621437][    T1] usbcore: registered new interface driver pn533_usb
[    7.629455][    T1] nfcsim 0.2 initialized
[    7.631091][    T1] usbcore: registered new interface driver port100
[    7.633729][    T1] usbcore: registered new interface driver nfcmrvl
[    7.644447][    T1] Loading iSCSI transport class v2.0-870.
[    7.655202][    T1] st: Version 20160209, fixed bufsize 32768, s/g segs 256
[    7.687001][    T1] scsi host0: ata_piix
[    7.690663][    T1] scsi host1: ata_piix
[    7.692954][    T1] ata1: PATA max MWDMA2 cmd 0x1f0 ctl 0x3f6 bmdma 0xc020 irq 14 lpm-pol 0
[    7.694559][    T1] ata2: PATA max MWDMA2 cmd 0x170 ctl 0x376 bmdma 0xc028 irq 15 lpm-pol 0
[    7.703266][    T1] Rounding down aligned max_sectors from 4294967295 to 4294967288
[    7.705433][    T1] db_root: cannot open: /etc/target
[    7.707971][    T1] slram: not enough parameters.
[    7.714730][    T1] ftl_cs: FTL header not found.
[    7.749114][    T1] wireguard: WireGuard 1.0.0 loaded. See www.wireguard.com for information.
[    7.750479][    T1] wireguard: Copyright (C) 2015-2019 Jason A. Donenfeld <Jason@zx2c4.com>. All Rights Reserved.
[    7.754118][    T1] eql: Equalizer2002: Simon Janes (simon@ncm.com) and David S. Miller (davem@redhat.com)
[    7.765993][    T1] MACsec IEEE 802.1AE
[    7.776412][    T1] tun: Universal TUN/TAP device driver, 1.6
[    7.802504][    T1] vcan: Virtual CAN interface driver
[    7.803743][    T1] vxcan: Virtual CAN Tunnel driver
[    7.805234][    T1] slcan: serial line CAN interface driver
[    7.806533][    T1] CAN device driver interface
[    7.808032][    T1] usbcore: registered new interface driver usb_8dev
[    7.809895][    T1] usbcore: registered new interface driver ems_usb
[    7.813873][    T1] usbcore: registered new interface driver gs_usb
[    7.815673][    T1] usbcore: registered new interface driver kvaser_usb
[    7.817905][    T1] usbcore: registered new interface driver mcba_usb
[    7.820084][    T1] usbcore: registered new interface driver peak_usb
[    7.824389][    T1] e100: Intel(R) PRO/100 Network Driver
[    7.825964][    T1] e100: Copyright(c) 1999-2006 Intel Corporation
[    7.827767][    T1] e1000: Intel(R) PRO/1000 Network Driver
[    7.828932][    T1] e1000: Copyright (c) 1999-2006 Intel Corporation.
[    7.830762][    T1] e1000e: Intel(R) PRO/1000 Network Driver
[    7.831899][    T1] e1000e: Copyright(c) 1999 - 2015 Intel Corporation.
[    7.834936][    T1] mkiss: AX.25 Multikiss, Hans Albas PE1AYX
[    7.836779][    T1] AX.25: 6pack driver, Revision: 0.3.0
[    7.838648][    T1] AX.25: bpqether driver version 004
[    7.839753][    T1] PPP generic driver version 2.4.2
[    7.842843][    T1] PPP BSD Compression module registered
[    7.844090][    T1] PPP Deflate Compression module registered
[    7.845344][    T1] PPP MPPE Compression module registered
[    7.846547][    T1] NET: Registered PF_PPPOX protocol family
[    7.847831][    T1] PPTP driver version 0.8.5
[    7.849752][    T1] SLIP: version 0.8.4-NET3.019-NEWTTY (dynamic channels, max=256) (6 bit encapsulation enabled).
[    7.851930][    T1] CSLIP: code copyright 1989 Regents of the University of California.
[    7.854088][    T1] SLIP linefill/keepalive option.
[    7.855142][    T1] hdlc: HDLC support module revision 1.22
[    7.856313][    T1] LAPB Ethernet driver version 0.02
[    7.859183][    T1] usbcore: registered new interface driver ath9k_htc
[    7.861117][    T1] usbcore: registered new interface driver carl9170
[    7.862758][  T974] ata2: found unknown device (class 0)
[    7.864910][    T1] usbcore: registered new interface driver ath6kl_usb
[    7.867329][  T967] ata1: found unknown device (class 0)
[    7.868642][    T1] usbcore: registered new interface driver ar5523
[    7.870659][  T967] ata1.00: ATA-7: QEMU HARDDISK, 2.5+, max UDMA/100
[    7.871959][  T967] ata1.00: 16777208 sectors, multi 16: LBA48 
[    7.873750][    T1] usbcore: registered new interface driver ath10k_usb
[    7.875174][    T1] usbcore: registered new interface driver rndis_wlan
[    7.876689][    T1] mac80211_hwsim: initializing netlink
[    7.885694][  T974] ata2.00: ATAPI: QEMU DVD-ROM, 2.5+, max UDMA/100
[    7.892822][   T12] scsi 0:0:0:0: Direct-Access     ATA      QEMU HARDDISK    2.5+ PQ: 0 ANSI: 5
[    7.908131][ T1015] sd 0:0:0:0: [sda] 16777208 512-byte logical blocks: (8.59 GB/8.00 GiB)
[    7.909657][ T1015] sd 0:0:0:0: [sda] Write Protect is off
[    7.910898][ T1015] sd 0:0:0:0: [sda] Write cache: enabled, read cache: enabled, doesn't support DPO or FUA
[    7.915635][   T12] sd 0:0:0:0: Attached scsi generic sg0 type 0
[    7.921573][   T30] scsi 1:0:0:0: CD-ROM            QEMU     QEMU DVD-ROM     2.5+ PQ: 0 ANSI: 5
[    7.932981][    T1] usbcore: registered new interface driver atusb
[    7.934831][ T1015] sd 0:0:0:0: [sda] Preferred minimum I/O size 512 bytes
[    7.959299][    T1] mac802154_hwsim mac802154_hwsim: Added 2 mac802154 hwsim hardware radios
[    7.963073][ T1015] sd 0:0:0:0: [sda] Attached SCSI disk
[    7.966678][    T1] VMware vmxnet3 virtual NIC driver - version 1.7.0.0-k-NAPI
[    7.968350][    T1] usbcore: registered new interface driver catc
[    7.969830][    T1] usbcore: registered new interface driver kaweth
[    7.971319][    T1] pegasus: Pegasus/Pegasus II USB Ethernet driver
[    7.974473][   T30] sr 1:0:0:0: [sr0] scsi3-mmc drive: 4x/4x cd/rw xa/form2 tray
[    7.976572][   T30] cdrom: Uniform CD-ROM driver Revision: 3.20
[    7.979610][    T1] usbcore: registered new interface driver pegasus
[    7.981420][    T1] usbcore: registered new interface driver rtl8150
[    7.983730][    T1] usbcore: registered new device driver r8152-cfgselector
[    7.985688][    T1] usbcore: registered new interface driver r8152
[    7.986927][    T1] hso: drivers/net/usb/hso.c: Option Wireless
[    7.988691][    T1] usbcore: registered new interface driver hso
[    7.990583][    T1] usbcore: registered new interface driver lan78xx
[    7.997742][    T1] usbcore: registered new interface driver asix
[    7.999483][    T1] usbcore: registered new interface driver ax88179_178a
[    8.000952][    T1] usbcore: registered new interface driver cdc_ether
[    8.007818][   T30] sr 1:0:0:0: Attached scsi generic sg1 type 5
[    8.010627][    T1] usbcore: registered new interface driver cdc_eem
[    8.014094][    T1] usbcore: registered new interface driver dm9601
[    8.015664][    T1] usbcore: registered new interface driver sr9700
[    8.017944][    T1] usbcore: registered new interface driver CoreChips
[    8.019952][    T1] usbcore: registered new interface driver smsc75xx
[    8.021805][    T1] usbcore: registered new interface driver smsc95xx
[    8.023745][    T1] usbcore: registered new interface driver gl620a
[    8.025510][    T1] usbcore: registered new interface driver net1080
[    8.027432][    T1] usbcore: registered new interface driver plusb
[    8.029434][    T1] usbcore: registered new interface driver rndis_host
[    8.031026][    T1] usbcore: registered new interface driver cdc_subset
[    8.036139][    T1] usbcore: registered new interface driver zaurus
[    8.038003][    T1] usbcore: registered new interface driver MOSCHIP usb-ethernet driver
[    8.040168][    T1] usbcore: registered new interface driver int51x1
[    8.041838][    T1] usbcore: registered new interface driver cdc_phonet
[    8.043873][    T1] usbcore: registered new interface driver kalmia
[    8.045831][    T1] usbcore: registered new interface driver ipheth
[    8.047710][    T1] usbcore: registered new interface driver sierra_net
[    8.049541][    T1] usbcore: registered new interface driver cx82310_eth
[    8.051081][    T1] usbcore: registered new interface driver cdc_ncm
[    8.053007][    T1] usbcore: registered new interface driver huawei_cdc_ncm
[    8.054556][    T1] usbcore: registered new interface driver lg-vl600
[    8.056018][    T1] usbcore: registered new interface driver qmi_wwan
[    8.057421][    T1] usbcore: registered new interface driver cdc_mbim
[    8.058821][    T1] usbcore: registered new interface driver ch9200
[    8.060158][    T1] usbcore: registered new interface driver r8153_ecm
[    8.070044][    T1] VFIO - User Level meta-driver version: 0.3
[    8.077878][    T1] aoe: AoE v85 initialised.
[    8.094706][    T1] SPI driver max3421-hcd has no spi_device_id for maxim,max3421
[    8.096556][    T1] usbcore: registered new interface driver cdc_acm
[    8.097703][    T1] cdc_acm: USB Abstract Control Model driver for USB modems and ISDN adapters
[    8.099526][    T1] usbcore: registered new interface driver usblp
[    8.100858][    T1] usbcore: registered new interface driver cdc_wdm
[    8.109128][    T1] usbcore: registered new interface driver usbtmc
[    8.111217][    T1] usbcore: registered new interface driver uas
[    8.113431][    T1] usbcore: registered new interface driver usb-storage
[    8.115336][    T1] usbcore: registered new interface driver ums-alauda
[    8.117214][    T1] usbcore: registered new interface driver ums-cypress
[    8.119125][    T1] usbcore: registered new interface driver ums-datafab
[    8.120994][    T1] usbcore: registered new interface driver ums_eneub6250
[    8.126223][    T1] usbcore: registered new interface driver ums-freecom
[    8.128362][    T1] usbcore: registered new interface driver ums-isd200
[    8.130444][    T1] usbcore: registered new interface driver ums-jumpshot
[    8.133091][    T1] usbcore: registered new interface driver ums-karma
[    8.134953][    T1] usbcore: registered new interface driver ums-onetouch
[    8.136818][    T1] usbcore: registered new interface driver ums-realtek
[    8.138681][    T1] usbcore: registered new interface driver ums-sddr09
[    8.140551][    T1] usbcore: registered new interface driver ums-sddr55
[    8.142617][    T1] usbcore: registered new interface driver ums-usbat
[    8.144533][    T1] usbcore: registered new interface driver mdc800
[    8.146037][    T1] mdc800: v0.7.5 (30/10/2000):USB Driver for Mustek MDC800 Digital Camera
[    8.148349][    T1] usbcore: registered new interface driver microtekX6
[    8.151198][    T1] usbcore: registered new interface driver usbserial_generic
[    8.153672][    T1] usbserial: USB Serial support registered for generic
[    8.155595][    T1] usbcore: registered new interface driver aircable
[    8.157503][    T1] usbserial: USB Serial support registered for aircable
[    8.159476][    T1] usbcore: registered new interface driver ark3116
[    8.161301][    T1] usbserial: USB Serial support registered for ark3116
[    8.163792][    T1] usbcore: registered new interface driver belkin_sa
[    8.166174][    T1] usbserial: USB Serial support registered for Belkin / Peracom / GoHubs USB Serial Adapter
[    8.168812][    T1] usbcore: registered new interface driver ch341
[    8.170603][    T1] usbserial: USB Serial support registered for ch341-uart
[    8.172569][    T1] usbcore: registered new interface driver cp210x
[    8.174724][    T1] usbserial: USB Serial support registered for cp210x
[    8.176621][    T1] usbcore: registered new interface driver cyberjack
[    8.178462][    T1] usbserial: USB Serial support registered for Reiner SCT Cyberjack USB card reader
[    8.181314][    T1] usbcore: registered new interface driver cypress_m8
[    8.183613][    T1] usbserial: USB Serial support registered for DeLorme Earthmate USB
[    8.185804][    T1] usbserial: USB Serial support registered for HID->COM RS232 Adapter
[    8.187969][    T1] usbserial: USB Serial support registered for Nokia CA-42 V2 Adapter
[    8.190096][    T1] usbcore: registered new interface driver usb_debug
[    8.191916][    T1] usbserial: USB Serial support registered for debug
[    8.196447][    T1] usbserial: USB Serial support registered for xhci_dbc
[    8.198490][    T1] usbcore: registered new interface driver digi_acceleport
[    8.200527][    T1] usbserial: USB Serial support registered for Digi 2 port USB adapter
[    8.203136][    T1] usbserial: USB Serial support registered for Digi 4 port USB adapter
[    8.205304][    T1] usbcore: registered new interface driver io_edgeport
[    8.206780][    T1] usbserial: USB Serial support registered for Edgeport 2 port adapter
[    8.208476][    T1] usbserial: USB Serial support registered for Edgeport 4 port adapter
[    8.210172][    T1] usbserial: USB Serial support registered for Edgeport 8 port adapter
[    8.211757][    T1] usbserial: USB Serial support registered for EPiC device
[    8.216171][    T1] usbcore: registered new interface driver io_ti
[    8.218140][    T1] usbserial: USB Serial support registered for Edgeport TI 1 port adapter
[    8.220695][    T1] usbserial: USB Serial support registered for Edgeport TI 2 port adapter
[    8.223311][    T1] usbcore: registered new interface driver empeg
[    8.225213][    T1] usbserial: USB Serial support registered for empeg
[    8.227232][    T1] usbcore: registered new interface driver f81534a_ctrl
[    8.229372][    T1] usbcore: registered new interface driver f81232
[    8.231439][    T1] usbserial: USB Serial support registered for f81232
[    8.234115][    T1] usbserial: USB Serial support registered for f81534a
[    8.236138][    T1] usbcore: registered new interface driver f81534
[    8.237994][    T1] usbserial: USB Serial support registered for Fintek F81532/F81534
[    8.240203][    T1] usbcore: registered new interface driver ftdi_sio
[    8.242028][    T1] usbserial: USB Serial support registered for FTDI USB Serial Device
[    8.244581][    T1] usbcore: registered new interface driver garmin_gps
[    8.246512][    T1] usbserial: USB Serial support registered for Garmin GPS usb/tty
[    8.248605][    T1] usbcore: registered new interface driver ipaq
[    8.250340][    T1] usbserial: USB Serial support registered for PocketPC PDA
[    8.252885][    T1] usbcore: registered new interface driver ipw
[    8.254721][    T1] usbserial: USB Serial support registered for IPWireless converter
[    8.256863][    T1] usbcore: registered new interface driver ir_usb
[    8.258665][    T1] usbserial: USB Serial support registered for IR Dongle
[    8.260573][    T1] usbcore: registered new interface driver iuu_phoenix
[    8.262837][    T1] usbserial: USB Serial support registered for iuu_phoenix
[    8.264857][    T1] usbcore: registered new interface driver keyspan
[    8.266734][    T1] usbserial: USB Serial support registered for Keyspan - (without firmware)
[    8.271182][    T1] usbserial: USB Serial support registered for Keyspan 1 port adapter
[    8.273921][    T1] usbserial: USB Serial support registered for Keyspan 2 port adapter
[    8.276685][    T1] usbserial: USB Serial support registered for Keyspan 4 port adapter
[    8.279378][    T1] usbcore: registered new interface driver keyspan_pda
[    8.281300][    T1] usbserial: USB Serial support registered for Keyspan PDA
[    8.283613][    T1] usbserial: USB Serial support registered for Keyspan PDA - (prerenumeration)
[    8.285945][    T1] usbcore: registered new interface driver kl5kusb105
[    8.287800][    T1] usbserial: USB Serial support registered for KL5KUSB105D / PalmConnect
[    8.290050][    T1] usbcore: registered new interface driver kobil_sct
[    8.291911][    T1] usbserial: USB Serial support registered for KOBIL USB smart card terminal
[    8.294638][    T1] usbcore: registered new interface driver mct_u232
[    8.296659][    T1] usbserial: USB Serial support registered for MCT U232
[    8.298584][    T1] usbcore: registered new interface driver metro_usb
[    8.300436][    T1] usbserial: USB Serial support registered for Metrologic USB to Serial
[    8.303039][    T1] usbcore: registered new interface driver mos7720
[    8.304893][    T1] usbserial: USB Serial support registered for Moschip 2 port adapter
[    8.306668][    T1] usbcore: registered new interface driver mos7840
[    8.313379][    T1] usbserial: USB Serial support registered for Moschip 7840/7820 USB Serial Driver
[    8.315869][    T1] usbcore: registered new interface driver mxuport
[    8.317689][    T1] usbserial: USB Serial support registered for MOXA UPort
[    8.319634][    T1] usbcore: registered new interface driver navman
[    8.321483][    T1] usbserial: USB Serial support registered for navman
[    8.323526][    T1] usbcore: registered new interface driver omninet
[    8.325395][    T1] usbserial: USB Serial support registered for ZyXEL - omni.net usb
[    8.327618][    T1] usbcore: registered new interface driver opticon
[    8.330153][    T1] usbserial: USB Serial support registered for opticon
[    8.332134][    T1] usbcore: registered new interface driver option
[    8.334579][    T1] usbserial: USB Serial support registered for GSM modem (1-port)
[    8.336655][    T1] usbcore: registered new interface driver oti6858
[    8.338422][    T1] usbserial: USB Serial support registered for oti6858
[    8.340348][    T1] usbcore: registered new interface driver pl2303
[    8.342569][    T1] usbserial: USB Serial support registered for pl2303
[    8.344567][    T1] usbcore: registered new interface driver qcaux
[    8.346842][    T1] usbserial: USB Serial support registered for qcaux
[    8.350834][    T1] usbcore: registered new interface driver qcserial
[    8.353239][    T1] usbserial: USB Serial support registered for Qualcomm USB modem
[    8.355352][    T1] usbcore: registered new interface driver quatech2
[    8.357180][    T1] usbserial: USB Serial support registered for Quatech 2nd gen USB to Serial Driver
[    8.359582][    T1] usbcore: registered new interface driver safe_serial
[    8.361436][    T1] usbserial: USB Serial support registered for safe_serial
[    8.363947][    T1] usbcore: registered new interface driver sierra
[    8.365795][    T1] usbserial: USB Serial support registered for Sierra USB modem
[    8.368047][    T1] usbcore: registered new interface driver usb_serial_simple
[    8.369978][    T1] usbserial: USB Serial support registered for carelink
[    8.372544][    T1] usbserial: USB Serial support registered for flashloader
[    8.374548][    T1] usbserial: USB Serial support registered for funsoft
[    8.376442][    T1] usbserial: USB Serial support registered for google
[    8.378285][    T1] usbserial: USB Serial support registered for hp4x
[    8.380097][    T1] usbserial: USB Serial support registered for kaufmann
[    8.381980][    T1] usbserial: USB Serial support registered for libtransistor
[    8.384734][    T1] usbserial: USB Serial support registered for moto_modem
[    8.386770][    T1] usbserial: USB Serial support registered for motorola_tetra
[    8.388820][    T1] usbserial: USB Serial support registered for nokia
[    8.390684][    T1] usbserial: USB Serial support registered for novatel_gps
[    8.393139][    T1] usbserial: USB Serial support registered for siemens_mpi
[    8.395228][    T1] usbserial: USB Serial support registered for suunto
[    8.397131][    T1] usbserial: USB Serial support registered for vivopay
[    8.398888][    T1] usbserial: USB Serial support registered for zio
[    8.401618][    T1] usbcore: registered new interface driver spcp8x5
[    8.403984][    T1] usbserial: USB Serial support registered for SPCP8x5
[    8.406089][    T1] usbcore: registered new interface driver ssu100
[    8.408203][    T1] usbserial: USB Serial support registered for Quatech SSU-100 USB to Serial Driver
[    8.410783][    T1] usbcore: registered new interface driver symbolserial
[    8.413189][    T1] usbserial: USB Serial support registered for symbol
[    8.415035][    T1] usbcore: registered new interface driver ti_usb_3410_5052
[    8.417031][    T1] usbserial: USB Serial support registered for TI USB 3410 1 port adapter
[    8.418965][    T1] usbserial: USB Serial support registered for TI USB 5052 2 port adapter
[    8.421664][    T1] usbcore: registered new interface driver upd78f0730
[    8.426061][    T1] usbserial: USB Serial support registered for upd78f0730
[    8.428219][    T1] usbcore: registered new interface driver visor
[    8.430413][    T1] usbserial: USB Serial support registered for Handspring Visor / Palm OS
[    8.433417][    T1] usbserial: USB Serial support registered for Sony Clie 5.0
[    8.435403][    T1] usbserial: USB Serial support registered for Sony Clie 3.5
[    8.437438][    T1] usbcore: registered new interface driver wishbone_serial
[    8.439190][    T1] usbserial: USB Serial support registered for wishbone_serial
[    8.441587][    T1] usbcore: registered new interface driver whiteheat
[    8.443723][    T1] usbserial: USB Serial support registered for Connect Tech - WhiteHEAT - (prerenumeration)
[    8.446566][    T1] usbserial: USB Serial support registered for Connect Tech - WhiteHEAT
[    8.449024][    T1] usbcore: registered new interface driver xr_serial
[    8.450892][    T1] usbserial: USB Serial support registered for xr_serial
[    8.453198][    T1] usbcore: registered new interface driver xsens_mt
[    8.455007][    T1] usbserial: USB Serial support registered for xsens_mt
[    8.457102][    T1] usbcore: registered new interface driver adutux
[    8.458663][    T1] usbcore: registered new interface driver appledisplay
[    8.460888][    T1] usbcore: registered new interface driver cypress_cy7c63
[    8.463781][    T1] usbcore: registered new interface driver cytherm
[    8.465712][    T1] usbcore: registered new interface driver emi26 - firmware loader
[    8.467875][    T1] usbcore: registered new interface driver emi62 - firmware loader
[    8.470071][    T1] usbcore: registered new interface driver idmouse
[    8.471951][    T1] usbcore: registered new interface driver iowarrior
[    8.474651][    T1] usbcore: registered new interface driver isight_firmware
[    8.476947][    T1] usbcore: registered new interface driver usblcd
[    8.479143][    T1] usbcore: registered new interface driver ldusb
[    8.481664][    T1] usbcore: registered new interface driver legousbtower
[    8.484291][    T1] usbcore: registered new interface driver usbtest
[    8.486287][    T1] usbcore: registered new interface driver usb_ehset_test
[    8.488416][    T1] usbcore: registered new interface driver trancevibrator
[    8.490535][    T1] usbcore: registered new interface driver uss720
[    8.491999][    T1] uss720: USB Parport Cable driver for Cables using the Lucent Technologies USS720 Chip
[    8.494646][    T1] uss720: NOTE: this is a special purpose driver to allow nonstandard
[    8.496448][    T1] uss720: protocols (eg. bitbang) over USS720 usb to parallel cables
[    8.498409][    T1] uss720: If you just want to connect to a printer, use usblp instead
[    8.500850][    T1] usbcore: registered new interface driver usbsevseg
[    8.502856][    T1] usbcore: registered new interface driver yurex
[    8.509476][    T1] usbcore: registered new interface driver chaoskey
[    8.511413][    T1] usbcore: registered new interface driver sisusb
[    8.513731][    T1] usbcore: registered new interface driver lvs
[    8.515510][    T1] usbcore: registered new interface driver cxacru
[    8.517041][    T1] usbcore: registered new interface driver speedtch
[    8.519328][    T1] usbcore: registered new interface driver ueagle-atm
[    8.520709][    T1] xusbatm: malformed module parameters
[    8.525207][    T1] dummy_hcd dummy_hcd.0: USB Host+Gadget Emulator, driver 02 May 2005
[    8.526884][    T1] dummy_hcd dummy_hcd.0: Dummy host controller
[    8.530381][    T1] dummy_hcd dummy_hcd.0: new USB bus registered, assigned bus number 1
[    8.534287][    T1] usb usb1: New USB device found, idVendor=1d6b, idProduct=0002, bcdDevice= 6.07
[    8.536197][    T1] usb usb1: New USB device strings: Mfr=3, Product=2, SerialNumber=1
[    8.537892][    T1] usb usb1: Product: Dummy host controller
[    8.539106][    T1] usb usb1: Manufacturer: Linux 6.7.0-rc2-gbc9807868dfa-dirty dummy_hcd
[    8.540798][    T1] usb usb1: SerialNumber: dummy_hcd.0
[    8.546640][    T1] hub 1-0:1.0: USB hub found
[    8.547989][    T1] hub 1-0:1.0: 1 port detected
[    8.554251][    T1] dummy_hcd dummy_hcd.1: USB Host+Gadget Emulator, driver 02 May 2005
[    8.556011][    T1] dummy_hcd dummy_hcd.1: Dummy host controller
[    8.558283][    T1] dummy_hcd dummy_hcd.1: new USB bus registered, assigned bus number 2
[    8.560716][    T1] usb usb2: New USB device found, idVendor=1d6b, idProduct=0002, bcdDevice= 6.07
[    8.562515][    T1] usb usb2: New USB device strings: Mfr=3, Product=2, SerialNumber=1
[    8.564121][    T1] usb usb2: Product: Dummy host controller
[    8.565271][    T1] usb usb2: Manufacturer: Linux 6.7.0-rc2-gbc9807868dfa-dirty dummy_hcd
[    8.566906][    T1] usb usb2: SerialNumber: dummy_hcd.1
[    8.570635][    T1] hub 2-0:1.0: USB hub found
[    8.571763][    T1] hub 2-0:1.0: 1 port detected
[    8.577329][    T1] dummy_hcd dummy_hcd.2: USB Host+Gadget Emulator, driver 02 May 2005
[    8.578829][    T1] dummy_hcd dummy_hcd.2: Dummy host controller
[    8.581027][    T1] dummy_hcd dummy_hcd.2: new USB bus registered, assigned bus number 3
[    8.583500][    T1] usb usb3: New USB device found, idVendor=1d6b, idProduct=0002, bcdDevice= 6.07
[    8.585291][    T1] usb usb3: New USB device strings: Mfr=3, Product=2, SerialNumber=1
[    8.587036][    T1] usb usb3: Product: Dummy host controller
[    8.588196][    T1] usb usb3: Manufacturer: Linux 6.7.0-rc2-gbc9807868dfa-dirty dummy_hcd
[    8.589971][    T1] usb usb3: SerialNumber: dummy_hcd.2
[    8.593809][    T1] hub 3-0:1.0: USB hub found
[    8.594840][    T1] hub 3-0:1.0: 1 port detected
[    8.601036][    T1] dummy_hcd dummy_hcd.3: USB Host+Gadget Emulator, driver 02 May 2005
[    8.603917][    T1] dummy_hcd dummy_hcd.3: Dummy host controller
[    8.606235][    T1] dummy_hcd dummy_hcd.3: new USB bus registered, assigned bus number 4
[    8.609152][    T1] usb usb4: New USB device found, idVendor=1d6b, idProduct=0002, bcdDevice= 6.07
[    8.610976][    T1] usb usb4: New USB device strings: Mfr=3, Product=2, SerialNumber=1
[    8.613533][    T1] usb usb4: Product: Dummy host controller
[    8.614663][    T1] usb usb4: Manufacturer: Linux 6.7.0-rc2-gbc9807868dfa-dirty dummy_hcd
[    8.616277][    T1] usb usb4: SerialNumber: dummy_hcd.3
[    8.620102][    T1] hub 4-0:1.0: USB hub found
[    8.621149][    T1] hub 4-0:1.0: 1 port detected
[    8.626433][    T1] dummy_hcd dummy_hcd.4: USB Host+Gadget Emulator, driver 02 May 2005
[    8.628516][    T1] dummy_hcd dummy_hcd.4: Dummy host controller
[    8.631072][    T1] dummy_hcd dummy_hcd.4: new USB bus registered, assigned bus number 5
[    8.633936][    T1] usb usb5: New USB device found, idVendor=1d6b, idProduct=0002, bcdDevice= 6.07
[    8.635759][    T1] usb usb5: New USB device strings: Mfr=3, Product=2, SerialNumber=1
[    8.637441][    T1] usb usb5: Product: Dummy host controller
[    8.638660][    T1] usb usb5: Manufacturer: Linux 6.7.0-rc2-gbc9807868dfa-dirty dummy_hcd
[    8.640362][    T1] usb usb5: SerialNumber: dummy_hcd.4
[    8.644707][    T1] hub 5-0:1.0: USB hub found
[    8.646181][    T1] hub 5-0:1.0: 1 port detected
[    8.651970][    T1] dummy_hcd dummy_hcd.5: USB Host+Gadget Emulator, driver 02 May 2005
[    8.653819][    T1] dummy_hcd dummy_hcd.5: Dummy host controller
[    8.656133][    T1] dummy_hcd dummy_hcd.5: new USB bus registered, assigned bus number 6
[    8.658500][    T1] usb usb6: New USB device found, idVendor=1d6b, idProduct=0002, bcdDevice= 6.07
[    8.660410][    T1] usb usb6: New USB device strings: Mfr=3, Product=2, SerialNumber=1
[    8.662287][    T1] usb usb6: Product: Dummy host controller
[    8.663529][    T1] usb usb6: Manufacturer: Linux 6.7.0-rc2-gbc9807868dfa-dirty dummy_hcd
[    8.667052][    T1] usb usb6: SerialNumber: dummy_hcd.5
[    8.672941][    T1] hub 6-0:1.0: USB hub found
[    8.674541][    T1] hub 6-0:1.0: 1 port detected
[    8.679429][    T1] dummy_hcd dummy_hcd.6: USB Host+Gadget Emulator, driver 02 May 2005
[    8.680995][    T1] dummy_hcd dummy_hcd.6: Dummy host controller
[    8.683115][    T1] dummy_hcd dummy_hcd.6: new USB bus registered, assigned bus number 7
[    8.685835][    T1] usb usb7: New USB device found, idVendor=1d6b, idProduct=0002, bcdDevice= 6.07
[    8.687527][    T1] usb usb7: New USB device strings: Mfr=3, Product=2, SerialNumber=1
[    8.689094][    T1] usb usb7: Product: Dummy host controller
[    8.690204][    T1] usb usb7: Manufacturer: Linux 6.7.0-rc2-gbc9807868dfa-dirty dummy_hcd
[    8.691850][    T1] usb usb7: SerialNumber: dummy_hcd.6
[    8.696571][    T1] hub 7-0:1.0: USB hub found
[    8.698031][    T1] hub 7-0:1.0: 1 port detected
[    8.706027][    T1] dummy_hcd dummy_hcd.7: USB Host+Gadget Emulator, driver 02 May 2005
[    8.707848][    T1] dummy_hcd dummy_hcd.7: Dummy host controller
[    8.711209][    T1] dummy_hcd dummy_hcd.7: new USB bus registered, assigned bus number 8
[    8.714190][    T1] usb usb8: New USB device found, idVendor=1d6b, idProduct=0002, bcdDevice= 6.07
[    8.716105][    T1] usb usb8: New USB device strings: Mfr=3, Product=2, SerialNumber=1
[    8.717782][    T1] usb usb8: Product: Dummy host controller
[    8.718932][    T1] usb usb8: Manufacturer: Linux 6.7.0-rc2-gbc9807868dfa-dirty dummy_hcd
[    8.720602][    T1] usb usb8: SerialNumber: dummy_hcd.7
[    8.725131][    T1] hub 8-0:1.0: USB hub found
[    8.726355][    T1] hub 8-0:1.0: 1 port detected
[    8.760707][    T1] gadgetfs: USB Gadget filesystem, version 24 Aug 2004
[    8.773365][    T1] vhci_hcd vhci_hcd.0: USB/IP Virtual Host Controller
[    8.775779][    T1] vhci_hcd vhci_hcd.0: new USB bus registered, assigned bus number 9
[    8.778229][    T1] vhci_hcd: created sysfs vhci_hcd.0
[    8.780490][    T1] usb usb9: New USB device found, idVendor=1d6b, idProduct=0002, bcdDevice= 6.07
[    8.783757][    T1] usb usb9: New USB device strings: Mfr=3, Product=2, SerialNumber=1
[    8.785239][    T1] usb usb9: Product: USB/IP Virtual Host Controller
[    8.786416][    T1] usb usb9: Manufacturer: Linux 6.7.0-rc2-gbc9807868dfa-dirty vhci_hcd
[    8.787890][    T1] usb usb9: SerialNumber: vhci_hcd.0
[    8.791309][    T1] hub 9-0:1.0: USB hub found
[    8.793638][    T1] hub 9-0:1.0: 8 ports detected
[    8.802647][    T1] vhci_hcd vhci_hcd.0: USB/IP Virtual Host Controller
[    8.805107][    T1] vhci_hcd vhci_hcd.0: new USB bus registered, assigned bus number 10
[    8.807142][    T1] usb usb10: We don't know the algorithms for LPM for this host, disabling LPM.
[    8.809336][    T1] usb usb10: New USB device found, idVendor=1d6b, idProduct=0003, bcdDevice= 6.07
[    8.811018][    T1] usb usb10: New USB device strings: Mfr=3, Product=2, SerialNumber=1
[    8.812700][    T1] usb usb10: Product: USB/IP Virtual Host Controller
[    8.813998][    T1] usb usb10: Manufacturer: Linux 6.7.0-rc2-gbc9807868dfa-dirty vhci_hcd
[    8.815700][    T1] usb usb10: SerialNumber: vhci_hcd.0
[    8.819691][    T1] hub 10-0:1.0: USB hub found
[    8.820904][    T1] hub 10-0:1.0: 8 ports detected
[    8.832546][    T1] vhci_hcd vhci_hcd.1: USB/IP Virtual Host Controller
[    8.835104][    T1] vhci_hcd vhci_hcd.1: new USB bus registered, assigned bus number 11
[    8.837658][    T1] usb usb11: New USB device found, idVendor=1d6b, idProduct=0002, bcdDevice= 6.07
[    8.839677][    T1] usb usb11: New USB device strings: Mfr=3, Product=2, SerialNumber=1
[    8.841437][    T1] usb usb11: Product: USB/IP Virtual Host Controller
[    8.843283][    T1] usb usb11: Manufacturer: Linux 6.7.0-rc2-gbc9807868dfa-dirty vhci_hcd
[    8.844993][    T1] usb usb11: SerialNumber: vhci_hcd.1
[    8.848833][    T1] hub 11-0:1.0: USB hub found
[    8.850029][    T1] hub 11-0:1.0: 8 ports detected
[    8.858599][    T1] vhci_hcd vhci_hcd.1: USB/IP Virtual Host Controller
[    8.860522][    T1] vhci_hcd vhci_hcd.1: new USB bus registered, assigned bus number 12
[    8.863174][    T1] usb usb12: We don't know the algorithms for LPM for this host, disabling LPM.
[    8.865532][    T1] usb usb12: New USB device found, idVendor=1d6b, idProduct=0003, bcdDevice= 6.07
[    8.867367][    T1] usb usb12: New USB device strings: Mfr=3, Product=2, SerialNumber=1
[    8.868826][    T1] usb usb12: Product: USB/IP Virtual Host Controller
[    8.870041][    T1] usb usb12: Manufacturer: Linux 6.7.0-rc2-gbc9807868dfa-dirty vhci_hcd
[    8.871678][    T1] usb usb12: SerialNumber: vhci_hcd.1
[    8.875613][    T1] hub 12-0:1.0: USB hub found
[    8.877188][    T1] hub 12-0:1.0: 8 ports detected
[    8.888036][    T1] vhci_hcd vhci_hcd.2: USB/IP Virtual Host Controller
[    8.890604][    T1] vhci_hcd vhci_hcd.2: new USB bus registered, assigned bus number 13
[    8.893103][    T1] usb usb13: New USB device found, idVendor=1d6b, idProduct=0002, bcdDevice= 6.07
[    8.894987][    T1] usb usb13: New USB device strings: Mfr=3, Product=2, SerialNumber=1
[    8.896562][    T1] usb usb13: Product: USB/IP Virtual Host Controller
[    8.897766][    T1] usb usb13: Manufacturer: Linux 6.7.0-rc2-gbc9807868dfa-dirty vhci_hcd
[    8.900065][    T1] usb usb13: SerialNumber: vhci_hcd.2
[    8.904533][    T1] hub 13-0:1.0: USB hub found
[    8.905641][    T1] hub 13-0:1.0: 8 ports detected
[    8.913602][    T1] vhci_hcd vhci_hcd.2: USB/IP Virtual Host Controller
[    8.915736][    T1] vhci_hcd vhci_hcd.2: new USB bus registered, assigned bus number 14
[    8.918172][    T1] usb usb14: We don't know the algorithms for LPM for this host, disabling LPM.
[    8.920375][    T1] usb usb14: New USB device found, idVendor=1d6b, idProduct=0003, bcdDevice= 6.07
[    8.922078][    T1] usb usb14: New USB device strings: Mfr=3, Product=2, SerialNumber=1
[    8.923747][    T1] usb usb14: Product: USB/IP Virtual Host Controller
[    8.925071][    T1] usb usb14: Manufacturer: Linux 6.7.0-rc2-gbc9807868dfa-dirty vhci_hcd
[    8.926707][    T1] usb usb14: SerialNumber: vhci_hcd.2
[    8.930980][    T1] hub 14-0:1.0: USB hub found
[    8.932119][    T1] hub 14-0:1.0: 8 ports detected
[    8.942873][    T1] vhci_hcd vhci_hcd.3: USB/IP Virtual Host Controller
[    8.945938][    T1] vhci_hcd vhci_hcd.3: new USB bus registered, assigned bus number 15
[    8.948508][    T1] usb usb15: New USB device found, idVendor=1d6b, idProduct=0002, bcdDevice= 6.07
[    8.950447][    T1] usb usb15: New USB device strings: Mfr=3, Product=2, SerialNumber=1
[    8.952119][    T1] usb usb15: Product: USB/IP Virtual Host Controller
[    8.953848][    T1] usb usb15: Manufacturer: Linux 6.7.0-rc2-gbc9807868dfa-dirty vhci_hcd
[    8.955582][    T1] usb usb15: SerialNumber: vhci_hcd.3
[    8.959673][    T1] hub 15-0:1.0: USB hub found
[    8.960897][    T1] hub 15-0:1.0: 8 ports detected
[    8.970167][    T1] vhci_hcd vhci_hcd.3: USB/IP Virtual Host Controller
[    8.972021][    T1] vhci_hcd vhci_hcd.3: new USB bus registered, assigned bus number 16
[    8.974723][    T1] usb usb16: We don't know the algorithms for LPM for this host, disabling LPM.
[    8.977127][    T1] usb usb16: New USB device found, idVendor=1d6b, idProduct=0003, bcdDevice= 6.07
[    8.979811][    T1] usb usb16: New USB device strings: Mfr=3, Product=2, SerialNumber=1
[    8.981570][    T1] usb usb16: Product: USB/IP Virtual Host Controller
[    8.983283][    T1] usb usb16: Manufacturer: Linux 6.7.0-rc2-gbc9807868dfa-dirty vhci_hcd
[    8.985016][    T1] usb usb16: SerialNumber: vhci_hcd.3
[    8.988986][    T1] hub 16-0:1.0: USB hub found
[    8.990138][    T1] hub 16-0:1.0: 8 ports detected
[    9.001109][    T1] vhci_hcd vhci_hcd.4: USB/IP Virtual Host Controller
[    9.003668][    T1] vhci_hcd vhci_hcd.4: new USB bus registered, assigned bus number 17
[    9.005985][    T1] usb usb17: New USB device found, idVendor=1d6b, idProduct=0002, bcdDevice= 6.07
[    9.007783][    T1] usb usb17: New USB device strings: Mfr=3, Product=2, SerialNumber=1
[    9.009412][    T1] usb usb17: Product: USB/IP Virtual Host Controller
[    9.010740][    T1] usb usb17: Manufacturer: Linux 6.7.0-rc2-gbc9807868dfa-dirty vhci_hcd
[    9.013078][    T1] usb usb17: SerialNumber: vhci_hcd.4
[    9.016768][    T1] hub 17-0:1.0: USB hub found
[    9.017865][    T1] hub 17-0:1.0: 8 ports detected
[    9.025920][    T1] vhci_hcd vhci_hcd.4: USB/IP Virtual Host Controller
[    9.028574][    T1] vhci_hcd vhci_hcd.4: new USB bus registered, assigned bus number 18
[    9.030256][    T1] usb usb18: We don't know the algorithms for LPM for this host, disabling LPM.
[    9.032857][    T1] usb usb18: New USB device found, idVendor=1d6b, idProduct=0003, bcdDevice= 6.07
[    9.034736][    T1] usb usb18: New USB device strings: Mfr=3, Product=2, SerialNumber=1
[    9.036395][    T1] usb usb18: Product: USB/IP Virtual Host Controller
[    9.037747][    T1] usb usb18: Manufacturer: Linux 6.7.0-rc2-gbc9807868dfa-dirty vhci_hcd
[    9.039670][    T1] usb usb18: SerialNumber: vhci_hcd.4
[    9.044113][    T1] hub 18-0:1.0: USB hub found
[    9.045370][    T1] hub 18-0:1.0: 8 ports detected
[    9.055990][    T1] vhci_hcd vhci_hcd.5: USB/IP Virtual Host Controller
[    9.058482][    T1] vhci_hcd vhci_hcd.5: new USB bus registered, assigned bus number 19
[    9.061523][    T1] usb usb19: New USB device found, idVendor=1d6b, idProduct=0002, bcdDevice= 6.07
[    9.063924][    T1] usb usb19: New USB device strings: Mfr=3, Product=2, SerialNumber=1
[    9.065643][    T1] usb usb19: Product: USB/IP Virtual Host Controller
[    9.066987][    T1] usb usb19: Manufacturer: Linux 6.7.0-rc2-gbc9807868dfa-dirty vhci_hcd
[    9.068699][    T1] usb usb19: SerialNumber: vhci_hcd.5
[    9.073186][    T1] hub 19-0:1.0: USB hub found
[    9.074327][    T1] hub 19-0:1.0: 8 ports detected
[    9.082810][    T1] vhci_hcd vhci_hcd.5: USB/IP Virtual Host Controller
[    9.085393][    T1] vhci_hcd vhci_hcd.5: new USB bus registered, assigned bus number 20
[    9.087340][    T1] usb usb20: We don't know the algorithms for LPM for this host, disabling LPM.
[    9.089900][    T1] usb usb20: New USB device found, idVendor=1d6b, idProduct=0003, bcdDevice= 6.07
[    9.091808][    T1] usb usb20: New USB device strings: Mfr=3, Product=2, SerialNumber=1
[    9.093650][    T1] usb usb20: Product: USB/IP Virtual Host Controller
[    9.094963][    T1] usb usb20: Manufacturer: Linux 6.7.0-rc2-gbc9807868dfa-dirty vhci_hcd
[    9.097012][    T1] usb usb20: SerialNumber: vhci_hcd.5
[    9.101084][    T1] hub 20-0:1.0: USB hub found
[    9.102706][    T1] hub 20-0:1.0: 8 ports detected
[    9.113140][    T1] vhci_hcd vhci_hcd.6: USB/IP Virtual Host Controller
[    9.115183][    T1] vhci_hcd vhci_hcd.6: new USB bus registered, assigned bus number 21
[    9.118288][    T1] usb usb21: New USB device found, idVendor=1d6b, idProduct=0002, bcdDevice= 6.07
[    9.120136][    T1] usb usb21: New USB device strings: Mfr=3, Product=2, SerialNumber=1
[    9.121792][    T1] usb usb21: Product: USB/IP Virtual Host Controller
[    9.123501][    T1] usb usb21: Manufacturer: Linux 6.7.0-rc2-gbc9807868dfa-dirty vhci_hcd
[    9.125192][    T1] usb usb21: SerialNumber: vhci_hcd.6
[    9.129047][    T1] hub 21-0:1.0: USB hub found
[    9.130124][    T1] hub 21-0:1.0: 8 ports detected
[    9.138766][    T1] vhci_hcd vhci_hcd.6: USB/IP Virtual Host Controller
[    9.141447][    T1] vhci_hcd vhci_hcd.6: new USB bus registered, assigned bus number 22
[    9.143779][    T1] usb usb22: We don't know the algorithms for LPM for this host, disabling LPM.
[    9.146005][    T1] usb usb22: New USB device found, idVendor=1d6b, idProduct=0003, bcdDevice= 6.07
[    9.147749][    T1] usb usb22: New USB device strings: Mfr=3, Product=2, SerialNumber=1
[    9.149543][    T1] usb usb22: Product: USB/IP Virtual Host Controller
[    9.150919][    T1] usb usb22: Manufacturer: Linux 6.7.0-rc2-gbc9807868dfa-dirty vhci_hcd
[    9.152947][    T1] usb usb22: SerialNumber: vhci_hcd.6
[    9.157054][    T1] hub 22-0:1.0: USB hub found
[    9.158342][    T1] hub 22-0:1.0: 8 ports detected
[    9.169713][    T1] vhci_hcd vhci_hcd.7: USB/IP Virtual Host Controller
[    9.172899][    T1] vhci_hcd vhci_hcd.7: new USB bus registered, assigned bus number 23
[    9.175324][    T1] usb usb23: New USB device found, idVendor=1d6b, idProduct=0002, bcdDevice= 6.07
[    9.177269][    T1] usb usb23: New USB device strings: Mfr=3, Product=2, SerialNumber=1
[    9.179347][    T1] usb usb23: Product: USB/IP Virtual Host Controller
[    9.180888][    T1] usb usb23: Manufacturer: Linux 6.7.0-rc2-gbc9807868dfa-dirty vhci_hcd
[    9.182993][    T1] usb usb23: SerialNumber: vhci_hcd.7
[    9.186804][    T1] hub 23-0:1.0: USB hub found
[    9.187951][    T1] hub 23-0:1.0: 8 ports detected
[    9.196374][    T1] vhci_hcd vhci_hcd.7: USB/IP Virtual Host Controller
[    9.198683][    T1] vhci_hcd vhci_hcd.7: new USB bus registered, assigned bus number 24
[    9.201002][    T1] usb usb24: We don't know the algorithms for LPM for this host, disabling LPM.
[    9.203531][    T1] usb usb24: New USB device found, idVendor=1d6b, idProduct=0003, bcdDevice= 6.07
[    9.205365][    T1] usb usb24: New USB device strings: Mfr=3, Product=2, SerialNumber=1
[    9.206969][    T1] usb usb24: Product: USB/IP Virtual Host Controller
[    9.208295][    T1] usb usb24: Manufacturer: Linux 6.7.0-rc2-gbc9807868dfa-dirty vhci_hcd
[    9.209928][    T1] usb usb24: SerialNumber: vhci_hcd.7
[    9.214664][    T1] hub 24-0:1.0: USB hub found
[    9.215786][    T1] hub 24-0:1.0: 8 ports detected
[    9.225053][    T1] vhci_hcd vhci_hcd.8: USB/IP Virtual Host Controller
[    9.228285][    T1] vhci_hcd vhci_hcd.8: new USB bus registered, assigned bus number 25
[    9.231317][    T1] usb usb25: New USB device found, idVendor=1d6b, idProduct=0002, bcdDevice= 6.07
[    9.233284][    T1] usb usb25: New USB device strings: Mfr=3, Product=2, SerialNumber=1
[    9.234924][    T1] usb usb25: Product: USB/IP Virtual Host Controller
[    9.236257][    T1] usb usb25: Manufacturer: Linux 6.7.0-rc2-gbc9807868dfa-dirty vhci_hcd
[    9.237916][    T1] usb usb25: SerialNumber: vhci_hcd.8
[    9.241940][    T1] hub 25-0:1.0: USB hub found
[    9.243786][    T1] hub 25-0:1.0: 8 ports detected
[    9.251666][    T1] vhci_hcd vhci_hcd.8: USB/IP Virtual Host Controller
[    9.254543][    T1] vhci_hcd vhci_hcd.8: new USB bus registered, assigned bus number 26
[    9.256463][    T1] usb usb26: We don't know the algorithms for LPM for this host, disabling LPM.
[    9.258840][    T1] usb usb26: New USB device found, idVendor=1d6b, idProduct=0003, bcdDevice= 6.07
[    9.260606][    T1] usb usb26: New USB device strings: Mfr=3, Product=2, SerialNumber=1
[    9.262499][    T1] usb usb26: Product: USB/IP Virtual Host Controller
[    9.263698][    T1] usb usb26: Manufacturer: Linux 6.7.0-rc2-gbc9807868dfa-dirty vhci_hcd
[    9.265374][    T1] usb usb26: SerialNumber: vhci_hcd.8
[    9.269261][    T1] hub 26-0:1.0: USB hub found
[    9.270327][    T1] hub 26-0:1.0: 8 ports detected
[    9.278936][    T1] vhci_hcd vhci_hcd.9: USB/IP Virtual Host Controller
[    9.283333][    T1] vhci_hcd vhci_hcd.9: new USB bus registered, assigned bus number 27
[    9.285762][    T1] usb usb27: New USB device found, idVendor=1d6b, idProduct=0002, bcdDevice= 6.07
[    9.287819][    T1] usb usb27: New USB device strings: Mfr=3, Product=2, SerialNumber=1
[    9.289495][    T1] usb usb27: Product: USB/IP Virtual Host Controller
[    9.290973][    T1] usb usb27: Manufacturer: Linux 6.7.0-rc2-gbc9807868dfa-dirty vhci_hcd
[    9.293104][    T1] usb usb27: SerialNumber: vhci_hcd.9
[    9.297481][    T1] hub 27-0:1.0: USB hub found
[    9.298632][    T1] hub 27-0:1.0: 8 ports detected
[    9.309589][    T1] vhci_hcd vhci_hcd.9: USB/IP Virtual Host Controller
[    9.313995][    T1] vhci_hcd vhci_hcd.9: new USB bus registered, assigned bus number 28
[    9.315747][    T1] usb usb28: We don't know the algorithms for LPM for this host, disabling LPM.
[    9.318106][    T1] usb usb28: New USB device found, idVendor=1d6b, idProduct=0003, bcdDevice= 6.07
[    9.319596][    T1] usb usb28: New USB device strings: Mfr=3, Product=2, SerialNumber=1
[    9.321052][    T1] usb usb28: Product: USB/IP Virtual Host Controller
[    9.322599][    T1] usb usb28: Manufacturer: Linux 6.7.0-rc2-gbc9807868dfa-dirty vhci_hcd
[    9.324453][    T1] usb usb28: SerialNumber: vhci_hcd.9
[    9.328608][    T1] hub 28-0:1.0: USB hub found
[    9.330729][    T1] hub 28-0:1.0: 8 ports detected
[    9.341564][    T1] vhci_hcd vhci_hcd.10: USB/IP Virtual Host Controller
[    9.344236][    T1] vhci_hcd vhci_hcd.10: new USB bus registered, assigned bus number 29
[    9.346857][    T1] usb usb29: New USB device found, idVendor=1d6b, idProduct=0002, bcdDevice= 6.07
[    9.348741][    T1] usb usb29: New USB device strings: Mfr=3, Product=2, SerialNumber=1
[    9.350383][    T1] usb usb29: Product: USB/IP Virtual Host Controller
[    9.351727][    T1] usb usb29: Manufacturer: Linux 6.7.0-rc2-gbc9807868dfa-dirty vhci_hcd
[    9.354015][    T1] usb usb29: SerialNumber: vhci_hcd.10
[    9.358042][    T1] hub 29-0:1.0: USB hub found
[    9.359175][    T1] hub 29-0:1.0: 8 ports detected
[    9.367524][    T1] vhci_hcd vhci_hcd.10: USB/IP Virtual Host Controller
[    9.370608][    T1] vhci_hcd vhci_hcd.10: new USB bus registered, assigned bus number 30
[    9.372819][    T1] usb usb30: We don't know the algorithms for LPM for this host, disabling LPM.
[    9.375258][    T1] usb usb30: New USB device found, idVendor=1d6b, idProduct=0003, bcdDevice= 6.07
[    9.377161][    T1] usb usb30: New USB device strings: Mfr=3, Product=2, SerialNumber=1
[    9.378752][    T1] usb usb30: Product: USB/IP Virtual Host Controller
[    9.380192][    T1] usb usb30: Manufacturer: Linux 6.7.0-rc2-gbc9807868dfa-dirty vhci_hcd
[    9.381685][    T1] usb usb30: SerialNumber: vhci_hcd.10
[    9.385719][    T1] hub 30-0:1.0: USB hub found
[    9.387314][    T1] hub 30-0:1.0: 8 ports detected
[    9.398381][    T1] vhci_hcd vhci_hcd.11: USB/IP Virtual Host Controller
[    9.401089][    T1] vhci_hcd vhci_hcd.11: new USB bus registered, assigned bus number 31
[    9.403657][    T1] usb usb31: New USB device found, idVendor=1d6b, idProduct=0002, bcdDevice= 6.07
[    9.405639][    T1] usb usb31: New USB device strings: Mfr=3, Product=2, SerialNumber=1
[    9.407377][    T1] usb usb31: Product: USB/IP Virtual Host Controller
[    9.408790][    T1] usb usb31: Manufacturer: Linux 6.7.0-rc2-gbc9807868dfa-dirty vhci_hcd
[    9.410515][    T1] usb usb31: SerialNumber: vhci_hcd.11
[    9.415095][    T1] hub 31-0:1.0: USB hub found
[    9.416178][    T1] hub 31-0:1.0: 8 ports detected
[    9.424313][    T1] vhci_hcd vhci_hcd.11: USB/IP Virtual Host Controller
[    9.426467][    T1] vhci_hcd vhci_hcd.11: new USB bus registered, assigned bus number 32
[    9.429013][    T1] usb usb32: We don't know the algorithms for LPM for this host, disabling LPM.
[    9.431478][    T1] usb usb32: New USB device found, idVendor=1d6b, idProduct=0003, bcdDevice= 6.07
[    9.433561][    T1] usb usb32: New USB device strings: Mfr=3, Product=2, SerialNumber=1
[    9.435222][    T1] usb usb32: Product: USB/IP Virtual Host Controller
[    9.436557][    T1] usb usb32: Manufacturer: Linux 6.7.0-rc2-gbc9807868dfa-dirty vhci_hcd
[    9.438228][    T1] usb usb32: SerialNumber: vhci_hcd.11
[    9.441817][    T1] hub 32-0:1.0: USB hub found
[    9.443870][    T1] hub 32-0:1.0: 8 ports detected
[    9.451391][    T1] vhci_hcd vhci_hcd.12: USB/IP Virtual Host Controller
[    9.457085][    T1] vhci_hcd vhci_hcd.12: new USB bus registered, assigned bus number 33
[    9.459588][    T1] usb usb33: New USB device found, idVendor=1d6b, idProduct=0002, bcdDevice= 6.07
[    9.461416][    T1] usb usb33: New USB device strings: Mfr=3, Product=2, SerialNumber=1
[    9.463158][    T1] usb usb33: Product: USB/IP Virtual Host Controller
[    9.464483][    T1] usb usb33: Manufacturer: Linux 6.7.0-rc2-gbc9807868dfa-dirty vhci_hcd
[    9.466131][    T1] usb usb33: SerialNumber: vhci_hcd.12
[    9.470148][    T1] hub 33-0:1.0: USB hub found
[    9.471338][    T1] hub 33-0:1.0: 8 ports detected
[    9.479984][    T1] vhci_hcd vhci_hcd.12: USB/IP Virtual Host Controller
[    9.482883][    T1] vhci_hcd vhci_hcd.12: new USB bus registered, assigned bus number 34
[    9.485216][    T1] usb usb34: We don't know the algorithms for LPM for this host, disabling LPM.
[    9.487584][    T1] usb usb34: New USB device found, idVendor=1d6b, idProduct=0003, bcdDevice= 6.07
[    9.489390][    T1] usb usb34: New USB device strings: Mfr=3, Product=2, SerialNumber=1
[    9.490987][    T1] usb usb34: Product: USB/IP Virtual Host Controller
[    9.492625][    T1] usb usb34: Manufacturer: Linux 6.7.0-rc2-gbc9807868dfa-dirty vhci_hcd
[    9.494705][    T1] usb usb34: SerialNumber: vhci_hcd.12
[    9.498697][    T1] hub 34-0:1.0: USB hub found
[    9.499801][    T1] hub 34-0:1.0: 8 ports detected
[    9.509848][    T1] vhci_hcd vhci_hcd.13: USB/IP Virtual Host Controller
[    9.513631][    T1] vhci_hcd vhci_hcd.13: new USB bus registered, assigned bus number 35
[    9.516019][    T1] usb usb35: New USB device found, idVendor=1d6b, idProduct=0002, bcdDevice= 6.07
[    9.517926][    T1] usb usb35: New USB device strings: Mfr=3, Product=2, SerialNumber=1
[    9.519572][    T1] usb usb35: Product: USB/IP Virtual Host Controller
[    9.520897][    T1] usb usb35: Manufacturer: Linux 6.7.0-rc2-gbc9807868dfa-dirty vhci_hcd
[    9.522978][    T1] usb usb35: SerialNumber: vhci_hcd.13
[    9.526717][    T1] hub 35-0:1.0: USB hub found
[    9.527906][    T1] hub 35-0:1.0: 8 ports detected
[    9.536192][    T1] vhci_hcd vhci_hcd.13: USB/IP Virtual Host Controller
[    9.538769][    T1] vhci_hcd vhci_hcd.13: new USB bus registered, assigned bus number 36
[    9.540761][    T1] usb usb36: We don't know the algorithms for LPM for this host, disabling LPM.
[    9.543481][    T1] usb usb36: New USB device found, idVendor=1d6b, idProduct=0003, bcdDevice= 6.07
[    9.545384][    T1] usb usb36: New USB device strings: Mfr=3, Product=2, SerialNumber=1
[    9.547784][    T1] usb usb36: Product: USB/IP Virtual Host Controller
[    9.549187][    T1] usb usb36: Manufacturer: Linux 6.7.0-rc2-gbc9807868dfa-dirty vhci_hcd
[    9.550871][    T1] usb usb36: SerialNumber: vhci_hcd.13
[    9.555340][    T1] hub 36-0:1.0: USB hub found
[    9.556563][    T1] hub 36-0:1.0: 8 ports detected
[    9.566939][    T1] vhci_hcd vhci_hcd.14: USB/IP Virtual Host Controller
[    9.570969][    T1] vhci_hcd vhci_hcd.14: new USB bus registered, assigned bus number 37
[    9.573761][    T1] usb usb37: New USB device found, idVendor=1d6b, idProduct=0002, bcdDevice= 6.07
[    9.575911][    T1] usb usb37: New USB device strings: Mfr=3, Product=2, SerialNumber=1
[    9.577794][    T1] usb usb37: Product: USB/IP Virtual Host Controller
[    9.579368][    T1] usb usb37: Manufacturer: Linux 6.7.0-rc2-gbc9807868dfa-dirty vhci_hcd
[    9.581175][    T1] usb usb37: SerialNumber: vhci_hcd.14
[    9.586173][    T1] hub 37-0:1.0: USB hub found
[    9.587479][    T1] hub 37-0:1.0: 8 ports detected
[    9.596019][    T1] vhci_hcd vhci_hcd.14: USB/IP Virtual Host Controller
[    9.598349][    T1] vhci_hcd vhci_hcd.14: new USB bus registered, assigned bus number 38
[    9.600281][    T1] usb usb38: We don't know the algorithms for LPM for this host, disabling LPM.
[    9.602844][    T1] usb usb38: New USB device found, idVendor=1d6b, idProduct=0003, bcdDevice= 6.07
[    9.604744][    T1] usb usb38: New USB device strings: Mfr=3, Product=2, SerialNumber=1
[    9.606481][    T1] usb usb38: Product: USB/IP Virtual Host Controller
[    9.607892][    T1] usb usb38: Manufacturer: Linux 6.7.0-rc2-gbc9807868dfa-dirty vhci_hcd
[    9.609672][    T1] usb usb38: SerialNumber: vhci_hcd.14
[    9.614283][    T1] hub 38-0:1.0: USB hub found
[    9.615381][    T1] hub 38-0:1.0: 8 ports detected
[    9.625427][    T1] vhci_hcd vhci_hcd.15: USB/IP Virtual Host Controller
[    9.627828][    T1] vhci_hcd vhci_hcd.15: new USB bus registered, assigned bus number 39
[    9.630282][    T1] usb usb39: New USB device found, idVendor=1d6b, idProduct=0002, bcdDevice= 6.07
[    9.632108][    T1] usb usb39: New USB device strings: Mfr=3, Product=2, SerialNumber=1
[    9.634092][    T1] usb usb39: Product: USB/IP Virtual Host Controller
[    9.635407][    T1] usb usb39: Manufacturer: Linux 6.7.0-rc2-gbc9807868dfa-dirty vhci_hcd
[    9.637040][    T1] usb usb39: SerialNumber: vhci_hcd.15
[    9.640898][    T1] hub 39-0:1.0: USB hub found
[    9.642011][    T1] hub 39-0:1.0: 8 ports detected
[    9.650308][    T1] vhci_hcd vhci_hcd.15: USB/IP Virtual Host Controller
[    9.652536][    T1] vhci_hcd vhci_hcd.15: new USB bus registered, assigned bus number 40
[    9.654732][    T1] usb usb40: We don't know the algorithms for LPM for this host, disabling LPM.
[    9.657086][    T1] usb usb40: New USB device found, idVendor=1d6b, idProduct=0003, bcdDevice= 6.07
[    9.658919][    T1] usb usb40: New USB device strings: Mfr=3, Product=2, SerialNumber=1
[    9.660536][    T1] usb usb40: Product: USB/IP Virtual Host Controller
[    9.661887][    T1] usb usb40: Manufacturer: Linux 6.7.0-rc2-gbc9807868dfa-dirty vhci_hcd
[    9.663827][    T1] usb usb40: SerialNumber: vhci_hcd.15
[    9.667687][    T1] hub 40-0:1.0: USB hub found
[    9.668832][    T1] hub 40-0:1.0: 8 ports detected
[    9.678638][    T1] usbcore: registered new device driver usbip-host
[    9.685521][    T1] i8042: PNP: PS/2 Controller [PNP0303:KBD,PNP0f13:MOU] at 0x60,0x64 irq 1,12
[    9.688832][    T1] serio: i8042 KBD port at 0x60,0x64 irq 1
[    9.695795][    T1] serio: i8042 AUX port at 0x60,0x64 irq 12
[    9.701940][    T1] mousedev: PS/2 mouse device common for all mice
[    9.707375][  T893] input: AT Translated Set 2 keyboard as /devices/platform/i8042/serio0/input/input1
[    9.713201][    T1] usbcore: registered new interface driver appletouch
[    9.719975][    T1] usbcore: registered new interface driver bcm5974
[    9.722153][    T1] usbcore: registered new interface driver synaptics_usb
[    9.728100][    T1] usbcore: registered new interface driver iforce
[    9.730290][    T1] usbcore: registered new interface driver xpad
[    9.732243][    T1] usbcore: registered new interface driver usb_acecad
[    9.734180][    T1] usbcore: registered new interface driver aiptek
[    9.736069][    T1] usbcore: registered new interface driver hanwang
[    9.737947][    T1] usbcore: registered new interface driver kbtab
[    9.739758][    T1] usbcore: registered new interface driver pegasus_notetaker
[    9.741813][    T1] usbcore: registered new interface driver usbtouchscreen
[    9.743847][    T1] usbcore: registered new interface driver sur40
[    9.745982][    T1] usbcore: registered new interface driver ati_remote2
[    9.747803][    T1] cm109: Keymap for Komunikate KIP1000 phone loaded
[    9.750045][    T1] usbcore: registered new interface driver cm109
[    9.751403][    T1] cm109: CM109 phone driver: 20080805 (C) Alfred E. Heggestad
[    9.754437][    T1] usbcore: registered new interface driver ims_pcu
[    9.756247][    T1] usbcore: registered new interface driver keyspan_remote
[    9.758257][    T1] usbcore: registered new interface driver powermate
[    9.760669][    T1] usbcore: registered new interface driver yealink
[    9.764168][    T1] rtc_cmos 00:05: RTC can wake from S4
[    9.774085][    T1] rtc_cmos 00:05: registered as rtc0
[    9.775213][    T1] rtc_cmos 00:05: alarms up to one day, y3k, 242 bytes nvram, hpet irqs
[    9.778866][    T1] i2c_dev: i2c /dev entries driver
[    9.780860][    T1] usbcore: registered new interface driver i2c-diolan-u2c
[    9.785113][    T1] usbcore: registered new interface driver RobotFuzz Open Source InterFace, OSIF
[    9.787742][    T1] usbcore: registered new interface driver i2c-tiny-usb
[    9.796727][    T1] usbcore: registered new interface driver igorplugusb
[    9.798304][    T1] usbcore: registered new interface driver iguanair
[    9.799761][    T1] usbcore: registered new interface driver imon
[    9.801164][    T1] usbcore: registered new interface driver mceusb
[    9.806244][    T1] usbcore: registered new interface driver redrat3
[    9.808365][    T1] usbcore: registered new interface driver streamzap
[    9.810256][    T1] usbcore: registered new interface driver ttusbir
[    9.812843][    T1] usbcore: registered new interface driver ati_remote
[    9.815478][    T1] b2c2-flexcop: B2C2 FlexcopII/II(b)/III digital TV receiver chip loaded successfully
[    9.818027][    T1] usbcore: registered new interface driver b2c2_flexcop_usb
[    9.820035][    T1] usbcore: registered new interface driver dvb_usb_vp7045
[    9.821997][    T1] usbcore: registered new interface driver dvb_usb_vp702x
[    9.824751][    T1] usbcore: registered new interface driver dvb_usb_gp8psk
[    9.826720][    T1] usbcore: registered new interface driver dvb_usb_dtt200u
[    9.828813][    T1] usbcore: registered new interface driver dvb_usb_a800
[    9.831270][    T1] usbcore: registered new interface driver dvb_usb_dibusb_mb
[    9.833484][    T1] usbcore: registered new interface driver dvb_usb_dibusb_mc
[    9.835569][    T1] usbcore: registered new interface driver dvb_usb_nova_t_usb2
[    9.837760][    T1] usbcore: registered new interface driver dvb_usb_umt_010
[    9.839901][    T1] usbcore: registered new interface driver dvb_usb_m920x
[    9.842049][    T1] usbcore: registered new interface driver dvb_usb_digitv
[    9.844498][    T1] usbcore: registered new interface driver dvb_usb_cxusb
[    9.846654][    T1] usbcore: registered new interface driver dvb_usb_ttusb2
[    9.848977][    T1] usbcore: registered new interface driver dvb_usb_dib0700
[    9.851017][    T1] usbcore: registered new interface driver opera1
[    9.853279][    T1] usbcore: registered new interface driver dvb_usb_af9005
[    9.854748][    T1] failing symbol_get of non-GPLONLY symbol af9005_rc_decode.
[    9.856872][    T1] failing symbol_get of non-GPLONLY symbol af9005_rc_decode.
[    9.858441][    T1] failing symbol_get of non-GPLONLY symbol rc_map_af9005_table.
[    9.860776][    T1] failing symbol_get of non-GPLONLY symbol rc_map_af9005_table.
[    9.862878][    T1] failing symbol_get of non-GPLONLY symbol rc_map_af9005_table_size.
[    9.864997][    T1] failing symbol_get of non-GPLONLY symbol rc_map_af9005_table_size.
[    9.866674][    T1] af9005: af9005_rc_decode function not found, disabling remote
[    9.869560][    T1] usbcore: registered new interface driver pctv452e
[    9.871626][    T1] usbcore: registered new interface driver dw2102
[    9.873907][    T1] usbcore: registered new interface driver dvb_usb_dtv5100
[    9.876119][    T1] usbcore: registered new interface driver cinergyT2
[    9.878245][    T1] usbcore: registered new interface driver dvb_usb_az6027
[    9.880642][    T1] usbcore: registered new interface driver dvb_usb_technisat_usb2
[    9.883172][    T1] usbcore: registered new interface driver dvb_usb_af9015
[    9.885440][    T1] usbcore: registered new interface driver dvb_usb_af9035
[    9.887378][    T1] usbcore: registered new interface driver dvb_usb_anysee
[    9.889272][    T1] usbcore: registered new interface driver dvb_usb_au6610
[    9.891115][    T1] usbcore: registered new interface driver dvb_usb_az6007
[    9.893328][    T1] usbcore: registered new interface driver dvb_usb_ce6230
[    9.896051][    T1] usbcore: registered new interface driver dvb_usb_ec168
[    9.898300][    T1] usbcore: registered new interface driver dvb_usb_lmedm04
[    9.901971][    T1] usbcore: registered new interface driver dvb_usb_gl861
[    9.904689][    T1] usbcore: registered new interface driver dvb_usb_mxl111sf
[    9.906850][    T1] usbcore: registered new interface driver dvb_usb_rtl28xxu
[    9.909034][    T1] usbcore: registered new interface driver dvb_usb_dvbsky
[    9.911113][    T1] usbcore: registered new interface driver zd1301
[    9.913432][    T1] usbcore: registered new interface driver s2255
[    9.915400][    T1] usbcore: registered new interface driver smsusb
[    9.917336][    T1] usbcore: registered new interface driver ttusb
[    9.919171][    T1] usbcore: registered new interface driver ttusb-dec
[    9.921059][    T1] usbcore: registered new interface driver Abilis Systems as10x usb driver
[    9.923673][    T1] usbcore: registered new interface driver airspy
[    9.924952][    T1] gspca_main: v2.14.0 registered
[    9.926519][    T1] usbcore: registered new interface driver benq
[    9.927986][    T1] usbcore: registered new interface driver conex
[    9.930176][    T1] usbcore: registered new interface driver cpia1
[    9.931988][    T1] usbcore: registered new interface driver dtcs033
[    9.935126][    T1] usbcore: registered new interface driver etoms
[    9.937210][    T1] usbcore: registered new interface driver finepix
[    9.939226][    T1] usbcore: registered new interface driver jeilinj
[    9.941194][    T1] usbcore: registered new interface driver jl2005bcd
[    9.943571][    T1] usbcore: registered new interface driver kinect
[    9.945999][    T1] usbcore: registered new interface driver konica
[    9.948044][    T1] usbcore: registered new interface driver mars
[    9.949986][    T1] usbcore: registered new interface driver mr97310a
[    9.951967][    T1] usbcore: registered new interface driver nw80x
[    9.954303][    T1] usbcore: registered new interface driver ov519
[    9.956207][    T1] usbcore: registered new interface driver ov534
[    9.958170][    T1] usbcore: registered new interface driver ov534_9
[    9.960084][    T1] usbcore: registered new interface driver pac207
[    9.961655][    T1] usbcore: registered new interface driver gspca_pac7302
[    9.964389][    T1] usbcore: registered new interface driver pac7311
[    9.965838][    T1] usbcore: registered new interface driver se401
[    9.967226][    T1] usbcore: registered new interface driver sn9c2028
[    9.968683][    T1] usbcore: registered new interface driver gspca_sn9c20x
[    9.970226][    T1] usbcore: registered new interface driver sonixb
[    9.971657][    T1] usbcore: registered new interface driver sonixj
[    9.976493][    T1] usbcore: registered new interface driver spca500
[    9.978638][    T1] usbcore: registered new interface driver spca501
[    9.980708][    T1] usbcore: registered new interface driver spca505
[    9.982930][    T1] usbcore: registered new interface driver spca506
[    9.984806][    T1] usbcore: registered new interface driver spca508
[    9.986659][    T1] usbcore: registered new interface driver spca561
[    9.988528][    T1] usbcore: registered new interface driver spca1528
[    9.990422][    T1] usbcore: registered new interface driver sq905
[    9.992482][    T1] usbcore: registered new interface driver sq905c
[    9.994454][    T1] usbcore: registered new interface driver sq930x
[    9.996514][    T1] usbcore: registered new interface driver sunplus
[    9.998453][    T1] usbcore: registered new interface driver stk014
[   10.000383][    T1] usbcore: registered new interface driver stk1135
[   10.002989][    T1] usbcore: registered new interface driver stv0680
[   10.004881][    T1] usbcore: registered new interface driver t613
[   10.006688][    T1] usbcore: registered new interface driver gspca_topro
[   10.008645][    T1] usbcore: registered new interface driver touptek
[   10.010577][    T1] usbcore: registered new interface driver tv8532
[   10.013860][    T1] usbcore: registered new interface driver vc032x
[   10.015945][    T1] usbcore: registered new interface driver vicam
[   10.017913][    T1] usbcore: registered new interface driver xirlink-cit
[   10.019890][    T1] usbcore: registered new interface driver gspca_zc3xx
[   10.021791][    T1] usbcore: registered new interface driver ALi m5602
[   10.024266][    T1] usbcore: registered new interface driver STV06xx
[   10.026811][    T1] usbcore: registered new interface driver gspca_gl860
[   10.029434][    T1] usbcore: registered new interface driver hackrf
