c[?7l[2J[0mSeaBIOS (version 1.15.0-1)


iPXE (https://ipxe.org) 00:03.0 CA00 PCI2.10 PnP PMM+7FF8B310+7FECB310 CA00
Press Ctrl-B to configure iPXE (PCI 00:03.0)...                                                                               


Booting from ROM..c[?7l[2J[0m.early console in extract_kernel
input_data: 0x000000000d989298
input_len: 0x000000000505d0ab
output: 0x0000000001000000
output_len: 0x000000000fd14b28
kernel_total_size: 0x0000000011a26000
needed_size: 0x0000000011c00000
trampoline_32bit: 0x0000000000000000

Decompressing Linux... Parsing ELF... done.
Booting the kernel (entry_offset: 0x0000000000000080).
[    0.000000][    T0] Linux version 6.7.0-rc2-gbc9807868dfa-dirty (vmware@LAPTOP-BUKH5KQI) (gcc (Ubuntu 11.4.0-1ubuntu1~22.04) 11.4.0, GNU ld (GNU Binutils for Ubuntu) 2.38) #18 SMP PREEMPT_DYNAMIC Wed Nov 29 16:57:15 KST 2023
[    0.000000][    T0] Command line: console=ttyS0 root=/dev/sda earlyprintk=serial net.ifnames=0
[    0.000000][    T0] KERNEL supported cpus:
[    0.000000][    T0]   Intel GenuineIntel
[    0.000000][    T0]   AMD AuthenticAMD
[    0.000000][    T0] BIOS-provided physical RAM map:
[    0.000000][    T0] BIOS-e820: [mem 0x0000000000000000-0x000000000009fbff] usable
[    0.000000][    T0] BIOS-e820: [mem 0x000000000009fc00-0x000000000009ffff] reserved
[    0.000000][    T0] BIOS-e820: [mem 0x00000000000f0000-0x00000000000fffff] reserved
[    0.000000][    T0] BIOS-e820: [mem 0x0000000000100000-0x000000007ffdffff] usable
[    0.000000][    T0] BIOS-e820: [mem 0x000000007ffe0000-0x000000007fffffff] reserved
[    0.000000][    T0] BIOS-e820: [mem 0x00000000feffc000-0x00000000feffffff] reserved
[    0.000000][    T0] BIOS-e820: [mem 0x00000000fffc0000-0x00000000ffffffff] reserved
[    0.000000][    T0] printk: legacy bootconsole [earlyser0] enabled
[    0.000000][    T0] ERROR: earlyprintk= earlyser already used
[    0.000000][    T0] ERROR: earlyprintk= earlyser already used
[    0.000000][    T0] ERROR: earlyprintk= earlyser already used
[    0.000000][    T0] **********************************************************
[    0.000000][    T0] **   NOTICE NOTICE NOTICE NOTICE NOTICE NOTICE NOTICE   **
[    0.000000][    T0] **                                                      **
[    0.000000][    T0] ** This system shows unhashed kernel memory addresses   **
[    0.000000][    T0] ** via the console, logs, and other interfaces. This    **
[    0.000000][    T0] ** might reduce the security of your system.            **
[    0.000000][    T0] **                                                      **
[    0.000000][    T0] ** If you see this message and you are not debugging    **
[    0.000000][    T0] ** the kernel, report this immediately to your system   **
[    0.000000][    T0] ** administrator!                                       **
[    0.000000][    T0] **                                                      **
[    0.000000][    T0] **   NOTICE NOTICE NOTICE NOTICE NOTICE NOTICE NOTICE   **
[    0.000000][    T0] **********************************************************
[    0.000000][    T0] Malformed early option 'vsyscall'
[    0.000000][    T0] NX (Execute Disable) protection: active
[    0.000000][    T0] APIC: Static calls initialized
[    0.000000][    T0] SMBIOS 2.8 present.
[    0.000000][    T0] DMI: QEMU Standard PC (i440FX + PIIX, 1996), BIOS 1.15.0-1 04/01/2014
[    0.000000][    T0] Hypervisor detected: KVM
[    0.000000][    T0] kvm-clock: Using msrs 4b564d01 and 4b564d00
[    0.000002][    T0] kvm-clock: using sched offset of 935843258 cycles
[    0.000972][    T0] clocksource: kvm-clock: mask: 0xffffffffffffffff max_cycles: 0x1cd42e4dffb, max_idle_ns: 881590591483 ns
[    0.003889][    T0] tsc: Detected 2688.010 MHz processor
[    0.009579][    T0] last_pfn = 0x7ffe0 max_arch_pfn = 0x400000000
[    0.010699][    T0] MTRR map: 4 entries (3 fixed + 1 variable; max 19), built from 8 variable MTRRs
[    0.012215][    T0] x86/PAT: Configuration [0-7]: WB  WC  UC- UC  WB  WP  UC- WT  
[    0.143344][    T0] found SMP MP-table at [mem 0x000f5ba0-0x000f5baf]
[    0.229295][    T0] ACPI: Early table checksum verification disabled
[    0.230508][    T0] ACPI: RSDP 0x00000000000F59E0 000014 (v00 BOCHS )
[    0.231706][    T0] ACPI: RSDT 0x000000007FFE1905 000034 (v01 BOCHS  BXPC     00000001 BXPC 00000001)
[    0.233386][    T0] ACPI: FACP 0x000000007FFE17B9 000074 (v01 BOCHS  BXPC     00000001 BXPC 00000001)
[    0.235029][    T0] ACPI: DSDT 0x000000007FFE0040 001779 (v01 BOCHS  BXPC     00000001 BXPC 00000001)
[    0.236758][    T0] ACPI: FACS 0x000000007FFE0000 000040
[    0.237689][    T0] ACPI: APIC 0x000000007FFE182D 000078 (v01 BOCHS  BXPC     00000001 BXPC 00000001)
[    0.239291][    T0] ACPI: HPET 0x000000007FFE18A5 000038 (v01 BOCHS  BXPC     00000001 BXPC 00000001)
[    0.240881][    T0] ACPI: WAET 0x000000007FFE18DD 000028 (v01 BOCHS  BXPC     00000001 BXPC 00000001)
[    0.242427][    T0] ACPI: Reserving FACP table memory at [mem 0x7ffe17b9-0x7ffe182c]
[    0.243696][    T0] ACPI: Reserving DSDT table memory at [mem 0x7ffe0040-0x7ffe17b8]
[    0.244964][    T0] ACPI: Reserving FACS table memory at [mem 0x7ffe0000-0x7ffe003f]
[    0.246244][    T0] ACPI: Reserving APIC table memory at [mem 0x7ffe182d-0x7ffe18a4]
[    0.247513][    T0] ACPI: Reserving HPET table memory at [mem 0x7ffe18a5-0x7ffe18dc]
[    0.248780][    T0] ACPI: Reserving WAET table memory at [mem 0x7ffe18dd-0x7ffe1904]
[    0.250666][    T0] No NUMA configuration found
[    0.251397][    T0] Faking a node at [mem 0x0000000000000000-0x000000007ffdffff]
[    0.252713][    T0] Faking node 0 at [mem 0x0000000000000000-0x000000003fffffff] (1024MB)
[    0.254053][    T0] Faking node 1 at [mem 0x0000000040000000-0x000000007ffdffff] (1023MB)
[    0.255467][    T0] NODE_DATA(0) allocated [mem 0x3fffa000-0x3fffffff]
[    0.256602][    T0] NODE_DATA(1) allocated [mem 0x7ffd9000-0x7ffdefff]
[    0.261061][    T0] Zone ranges:
[    0.261594][    T0]   DMA      [mem 0x0000000000001000-0x0000000000ffffff]
[    0.262623][    T0]   DMA32    [mem 0x0000000001000000-0x000000007ffdffff]
[    0.263650][    T0]   Normal   empty
[    0.264180][    T0]   Device   empty
[    0.264717][    T0] Movable zone start for each node
[    0.265458][    T0] Early memory node ranges
[    0.266088][    T0]   node   0: [mem 0x0000000000001000-0x000000000009efff]
[    0.267185][    T0]   node   0: [mem 0x0000000000100000-0x000000003fffffff]
[    0.268343][    T0]   node   1: [mem 0x0000000040000000-0x000000007ffdffff]
[    0.269452][    T0] Initmem setup node 0 [mem 0x0000000000001000-0x000000003fffffff]
[    0.270622][    T0] Initmem setup node 1 [mem 0x0000000040000000-0x000000007ffdffff]
[    0.271803][    T0] On node 0, zone DMA: 1 pages in unavailable ranges
[    0.271902][    T0] On node 0, zone DMA: 97 pages in unavailable ranges
[    0.287514][    T0] On node 1, zone DMA32: 32 pages in unavailable ranges
[    0.330064][    T0] kasan: KernelAddressSanitizer initialized
[    0.337237][    T0] ACPI: PM-Timer IO Port: 0x608
[    0.338966][    T0] ACPI: LAPIC_NMI (acpi_id[0xff] dfl dfl lint[0x1])
[    0.341463][    T0] IOAPIC[0]: apic_id 0, version 17, address 0xfec00000, GSI 0-23
[    0.344211][    T0] ACPI: INT_SRC_OVR (bus 0 bus_irq 0 global_irq 2 dfl dfl)
[    0.346381][    T0] ACPI: INT_SRC_OVR (bus 0 bus_irq 5 global_irq 5 high level)
[    0.347476][    T0] ACPI: INT_SRC_OVR (bus 0 bus_irq 9 global_irq 9 high level)
[    0.348572][    T0] ACPI: INT_SRC_OVR (bus 0 bus_irq 10 global_irq 10 high level)
[    0.349698][    T0] ACPI: INT_SRC_OVR (bus 0 bus_irq 11 global_irq 11 high level)
[    0.350856][    T0] ACPI: Using ACPI (MADT) for SMP configuration information
[    0.351919][    T0] ACPI: HPET id: 0x8086a201 base: 0xfed00000
[    0.352793][    T0] smpboot: Allowing 1 CPUs, 0 hotplug CPUs
[    0.353680][    T0] kvm-guest: APIC: eoi() replaced with kvm_guest_apic_eoi_write()
[    0.355061][    T0] PM: hibernation: Registered nosave memory: [mem 0x00000000-0x00000fff]
[    0.356288][    T0] PM: hibernation: Registered nosave memory: [mem 0x0009f000-0x0009ffff]
[    0.357565][    T0] PM: hibernation: Registered nosave memory: [mem 0x000a0000-0x000effff]
[    0.358785][    T0] PM: hibernation: Registered nosave memory: [mem 0x000f0000-0x000fffff]
[    0.360029][    T0] [mem 0x80000000-0xfeffbfff] available for PCI devices
[    0.361026][    T0] Booting paravirtualized kernel on KVM
[    0.361832][    T0] clocksource: refined-jiffies: mask: 0xffffffff max_cycles: 0xffffffff, max_idle_ns: 19112604462750000 ns
[    0.470097][    T0] setup_percpu: NR_CPUS:8 nr_cpumask_bits:1 nr_cpu_ids:1 nr_node_ids:2
[    0.473981][    T0] percpu: Embedded 72 pages/cpu s255176 r8192 d31544 u2097152
[    0.476945][    T0] kvm-guest: PV spinlocks disabled, no host support
[    0.478154][    T0] Kernel command line: earlyprintk=serial net.ifnames=0 sysctl.kernel.hung_task_all_cpu_backtrace=1 ima_policy=tcb nf-conntrack-ftp.ports=20000 nf-conntrack-tftp.ports=20000 nf-conntrack-sip.ports=20000 nf-conntrack-irc.ports=20000 nf-conntrack-sane.ports=20000 binder.debug_mask=0 rcupdate.rcu_expedited=1 rcupdate.rcu_cpu_stall_cputime=1 no_hash_pointers page_owner=on sysctl.vm.nr_hugepages=4 sysctl.vm.nr_overcommit_hugepages=4 secretmem.enable=1 sysctl.max_rcu_stall_to_panic=1 msr.allow_writes=off coredump_filter=0xffff root=/dev/sda console=ttyS0 vsyscall=native numa=fake=2 kvm-intel.nested=1 spec_store_bypass_disable=prctl nopcid vivid.n_devs=16 vivid.multiplanar=1,2,1,2,1,2,1,2,1,2,1,2,1,2,1,2 netrom.nr_ndevs=16 rose.rose_ndevs=16 smp.csd_lock_timeout=100000 watchdog_thresh=55 workqueue.watchdog_thresh=140 sysctl.net.core.netdev_unregister_timeout_secs=140 dummy_hcd.num=8 panic_on_warn=1 console=ttyS0 root=/dev/sda earlyprintk=serial net.ifnames=0
[    0.493964][    T0] Unknown kernel command line parameters "spec_store_bypass_disable=prctl", will be passed to user space.
[    0.495868][    T0] Fallback order for Node 0: 0 1 
[    0.495876][    T0] Fallback order for Node 1: 1 0 
[    0.495883][    T0] Built 2 zonelists, mobility grouping on.  Total pages: 515808
[    0.498071][    T0] Policy zone: DMA32
[    0.498859][    T0] mem auto-init: stack:off, heap alloc:on, heap free:off
[    0.499729][    T0] stackdepot: allocating hash table via alloc_large_system_hash
[    0.502219][    T0] stackdepot hash table entries: 1048576 (order: 11, 8388608 bytes, linear)
[    0.576010][    T0] Memory: 1464876K/2096632K available (157696K kernel code, 38570K rwdata, 32680K rodata, 3420K init, 33712K bss, 631500K reserved, 0K cma-reserved)
[    0.581107][    T0] SLUB: HWalign=64, Order=0-3, MinObjects=0, CPUs=1, Nodes=2
[    0.598595][    T0] allocated 37748736 bytes of page_ext
[    0.599325][    T0] Node 0, zone      DMA: page owner found early allocated 0 pages
[    0.604735][    T0] Node 0, zone    DMA32: page owner found early allocated 4704 pages
[    0.607930][    T0] Node 1, zone    DMA32: page owner found early allocated 4611 pages
[    0.610616][    T0] Dynamic Preempt: full
[    0.612174][    T0] Running RCU self tests
[    0.613183][    T0] Running RCU synchronous self tests
[    0.614441][    T0] rcu: Preemptible hierarchical RCU implementation.
[    0.615956][    T0] rcu: 	RCU lockdep checking is enabled.
[    0.617264][    T0] rcu: 	RCU restricting CPUs from NR_CPUS=8 to nr_cpu_ids=1.
[    0.619162][    T0] rcu: 	RCU callback double-/use-after-free debug is enabled.
[    0.620026][    T0] rcu: 	RCU debug extended QS entry/exit.
[    0.620700][    T0] 	All grace periods are expedited (rcu_expedited).
[    0.621453][    T0] 	Trampoline variant of Tasks RCU enabled.
[    0.622130][    T0] 	Tracing variant of Tasks RCU enabled.
[    0.622770][    T0] rcu: RCU calculated value of scheduler-enlistment delay is 10 jiffies.
[    0.623736][    T0] rcu: Adjusting geometry for rcu_fanout_leaf=16, nr_cpu_ids=1
[    0.624699][    T0] Running RCU synchronous self tests
[    0.693054][    T0] NR_IRQS: 4352, nr_irqs: 256, preallocated irqs: 16
[    0.694787][    T0] rcu: srcu_init: Setting srcu_struct sizes based on contention.
[    0.695935][    T0] kfence: initialized - using 2097152 bytes for 255 objects at 0xffff88807ec00000-0xffff88807ee00000
[    0.707036][    T0] Console: colour VGA+ 80x25
[    0.708204][    T0] printk: legacy console [ttyS0] enabled
[    0.708204][    T0] printk: legacy console [ttyS0] enabled
[    0.710803][    T0] printk: legacy bootconsole [earlyser0] disabled
[    0.710803][    T0] printk: legacy bootconsole [earlyser0] disabled
[    0.713714][    T0] Lock dependency validator: Copyright (c) 2006 Red Hat, Inc., Ingo Molnar
[    0.715644][    T0] ... MAX_LOCKDEP_SUBCLASSES:  8
[    0.716526][    T0] ... MAX_LOCK_DEPTH:          48
[    0.717123][    T0] ... MAX_LOCKDEP_KEYS:        8192
[    0.717738][    T0] ... CLASSHASH_SIZE:          4096
[    0.718367][    T0] ... MAX_LOCKDEP_ENTRIES:     131072
[    0.719031][    T0] ... MAX_LOCKDEP_CHAINS:      262144
[    0.719681][    T0] ... CHAINHASH_SIZE:          131072
[    0.720329][    T0]  memory used by lock dependency info: 20785 kB
[    0.721085][    T0]  memory used for stack traces: 8320 kB
[    0.721761][    T0]  per task-struct memory footprint: 1920 bytes
[    0.722605][    T0] mempolicy: Enabling automatic NUMA balancing. Configure with numa_balancing= or the kernel.numa_balancing sysctl
[    0.724100][    T0] ACPI: Core revision 20230628
[    0.725537][    T0] clocksource: hpet: mask: 0xffffffff max_cycles: 0xffffffff, max_idle_ns: 19112604467 ns
[    0.727050][    T0] APIC: Switch to symmetric I/O mode setup
[    0.728064][    T0] x2apic enabled
[    0.728967][    T0] APIC: Switched APIC routing to: physical x2apic
[    0.733042][    T0] ..TIMER: vector=0x30 apic1=0 pin1=2 apic2=-1 pin2=-1
[    0.733910][    T0] clocksource: tsc-early: mask: 0xffffffffffffffff max_cycles: 0x26beffa22e4, max_idle_ns: 440795217853 ns
[    0.735303][    T0] Calibrating delay loop (skipped) preset value.. 5376.02 BogoMIPS (lpj=26880100)
[    0.736818][    T0] Last level iTLB entries: 4KB 0, 2MB 0, 4MB 0
[    0.745359][    T0] Last level dTLB entries: 4KB 0, 2MB 0, 4MB 0, 1GB 0
[    0.746182][    T0] Spectre V1 : Mitigation: usercopy/swapgs barriers and __user pointer sanitization
[    0.747318][    T0] Spectre V2 : Kernel not compiled with retpoline; no mitigation available!
[    0.747321][    T0] Spectre V2 : Vulnerable
[    0.749360][    T0] Spectre V2 : Spectre v2 / SpectreRSB mitigation: Filling RSB on context switch
[    0.750917][    T0] Speculative Store Bypass: Vulnerable
[    0.751569][    T0] MDS: Vulnerable: Clear CPU buffers attempted, no microcode
[    0.752425][    T0] MMIO Stale Data: Unknown: No mitigations
[    0.753118][    T0] x86/fpu: x87 FPU will use FXSAVE
[    0.794390][    T0] Freeing SMP alternatives memory: 120K
[    0.795138][    T0] pid_max: default: 32768 minimum: 301
[    0.795651][    T0] LSM: initializing lsm=lockdown,capability,landlock,yama,safesetid,tomoyo,apparmor,bpf,integrity
[    0.797091][    T0] landlock: Up and running.
[    0.797730][    T0] Yama: becoming mindful.
[    0.798437][    T0] TOMOYO Linux initialized
[    0.799235][    T0] AppArmor: AppArmor initialized
[    0.799837][    T0] LSM support for eBPF active
[    0.803661][    T0] Dentry cache hash table entries: 262144 (order: 9, 2097152 bytes, vmalloc)
[    0.806901][    T0] Inode-cache hash table entries: 131072 (order: 8, 1048576 bytes, vmalloc)
[    0.808022][    T0] Mount-cache hash table entries: 4096 (order: 3, 32768 bytes, vmalloc)
[    0.809066][    T0] Mountpoint-cache hash table entries: 4096 (order: 3, 32768 bytes, vmalloc)
[    0.814512][    T0] Running RCU synchronous self tests
[    0.815304][    T0] Running RCU synchronous self tests
[    0.938485][    T1] smpboot: CPU0: Intel QEMU Virtual CPU version 2.5+ (family: 0xf, model: 0x6b, stepping: 0x1)
[    0.941829][    T1] RCU Tasks: Setting shift to 0 and lim to 1 rcu_task_cb_adjust=1.
[    0.942969][    T1] RCU Tasks Trace: Setting shift to 0 and lim to 1 rcu_task_cb_adjust=1.
[    0.944115][    T1] Running RCU Tasks wait API self tests
[    1.046270][    T1] Running RCU Tasks Trace wait API self tests
[    1.049660][    T1] Performance Events: unsupported Netburst CPU model 107 no PMU driver, software events only.
[    1.052094][    T1] signal: max sigframe size: 1440
[    1.053022][    T1] rcu: Hierarchical SRCU implementation.
[    1.053688][    T1] rcu: 	Max phase no-delay instances is 1000.
[    1.060758][    T1] NMI watchdog: Perf NMI watchdog permanently disabled
[    1.063392][    T1] smp: Bringing up secondary CPUs ...
[    1.065554][   T15] Callback from call_rcu_tasks_trace() invoked.
[    1.066885][    T1] smp: Brought up 2 nodes, 1 CPU
[    1.067456][    T1] smpboot: Max logical packages: 1
[    1.068039][    T1] smpboot: Total of 1 processors activated (5376.02 BogoMIPS)
[    1.070938][    T1] devtmpfs: initialized
[    1.072335][    T1] x86/mm: Memory block size: 128MB
[    1.096966][    T1] Running RCU synchronous self tests
[    1.097681][    T1] Running RCU synchronous self tests
[    1.098447][    T1] clocksource: jiffies: mask: 0xffffffff max_cycles: 0xffffffff, max_idle_ns: 19112604462750000 ns
[    1.099860][    T1] futex hash table entries: 256 (order: 3, 32768 bytes, vmalloc)
[    1.103910][    T1] PM: RTC time: 05:08:49, date: 2023-12-01
[    1.114782][    T1] NET: Registered PF_NETLINK/PF_ROUTE protocol family
[    1.119010][    T1] audit: initializing netlink subsys (disabled)
[    1.120179][   T22] audit: type=2000 audit(1701407329.576:1): state=initialized audit_enabled=0 res=1
[    1.123481][    T1] thermal_sys: Registered thermal governor 'step_wise'
[    1.123487][    T1] thermal_sys: Registered thermal governor 'user_space'
[    1.124512][    T1] cpuidle: using governor menu
[    1.125957][    T1] NET: Registered PF_QIPCRTR protocol family
[    1.130376][    T1] dca service started, version 1.12.1
[    1.131284][    T1] PCI: Using configuration type 1 for base access
[    1.146380][    T1] HugeTLB: registered 2.00 MiB page size, pre-allocated 0 pages
[    1.147377][    T1] HugeTLB: 28 KiB vmemmap can be freed for a 2.00 MiB page
[    1.156310][    T1] cryptd: max_cpu_qlen set to 1000
[    1.159332][    T1] raid6: skipped pq benchmark and selected sse2x4
[    1.160174][    T1] raid6: using intx1 recovery algorithm
[    1.161687][    T1] ACPI: Added _OSI(Module Device)
[    1.162324][    T1] ACPI: Added _OSI(Processor Device)
[    1.162980][    T1] ACPI: Added _OSI(3.0 _SCP Extensions)
[    1.163668][    T1] ACPI: Added _OSI(Processor Aggregator Device)
[    1.258182][    T1] ACPI: 1 ACPI AML tables successfully acquired and loaded
[    1.296723][    T1] ACPI: _OSC evaluation for CPUs failed, trying _PDC
[    1.302266][    T1] ACPI: Interpreter enabled
[    1.303080][    T1] ACPI: PM: (supports S0 S3 S4 S5)
[    1.303731][    T1] ACPI: Using IOAPIC for interrupt routing
[    1.304612][    T1] PCI: Using host bridge windows from ACPI; if necessary, use "pci=nocrs" and report a bug
[    1.315311][    T1] PCI: Using E820 reservations for host bridge windows
[    1.318763][    T1] ACPI: Enabled 2 GPEs in block 00 to 0F
[    1.482825][    T1] ACPI: PCI Root Bridge [PCI0] (domain 0000 [bus 00-ff])
[    1.483966][    T1] acpi PNP0A03:00: _OSC: OS supports [ASPM ClockPM Segments MSI HPX-Type3]
[    1.485185][    T1] acpi PNP0A03:00: _OSC: not requesting OS control; OS requires [ExtendedConfig ASPM ClockPM MSI]
[    1.495758][    T1] acpi PNP0A03:00: fail to add MMCONFIG information, can't access extended configuration space under this bridge
[    1.498874][    T1] PCI host bridge to bus 0000:00
[    1.499514][    T1] pci_bus 0000:00: Unknown NUMA node; performance will be reduced
[    1.500504][    T1] pci_bus 0000:00: root bus resource [io  0x0000-0x0cf7 window]
[    1.501578][    T1] pci_bus 0000:00: root bus resource [io  0x0d00-0xffff window]
[    1.502551][    T1] pci_bus 0000:00: root bus resource [mem 0x000a0000-0x000bffff window]
[    1.503600][    T1] pci_bus 0000:00: root bus resource [mem 0x80000000-0xfebfffff window]
[    1.504625][    T1] pci_bus 0000:00: root bus resource [mem 0x100000000-0x17fffffff window]
[    1.505314][    T1] pci_bus 0000:00: root bus resource [bus 00-ff]
[    1.506647][    T1] pci 0000:00:00.0: [8086:1237] type 00 class 0x060000
[    1.553534][    T1] pci 0000:00:01.0: [8086:7000] type 00 class 0x060100
[    1.567558][    T1] pci 0000:00:01.1: [8086:7010] type 00 class 0x010180
[    1.569914][    T1] pci 0000:00:01.1: reg 0x20: [io  0xc020-0xc02f]
[    1.571331][    T1] pci 0000:00:01.1: legacy IDE quirk: reg 0x10: [io  0x01f0-0x01f7]
[    1.572330][    T1] pci 0000:00:01.1: legacy IDE quirk: reg 0x14: [io  0x03f6]
[    1.573275][    T1] pci 0000:00:01.1: legacy IDE quirk: reg 0x18: [io  0x0170-0x0177]
[    1.574266][    T1] pci 0000:00:01.1: legacy IDE quirk: reg 0x1c: [io  0x0376]
[    1.586186][    T1] pci 0000:00:01.3: [8086:7113] type 00 class 0x068000
[    1.587720][    T1] pci 0000:00:01.3: quirk: [io  0x0600-0x063f] claimed by PIIX4 ACPI
[    1.588776][    T1] pci 0000:00:01.3: quirk: [io  0x0700-0x070f] claimed by PIIX4 SMB
[    1.591290][    T1] pci 0000:00:02.0: [1234:1111] type 00 class 0x030000
[    1.593512][    T1] pci 0000:00:02.0: reg 0x10: [mem 0xfd000000-0xfdffffff pref]
[    1.608487][    T1] pci 0000:00:02.0: reg 0x18: [mem 0xfeb90000-0xfeb90fff]
[    1.613561][    T1] pci 0000:00:02.0: reg 0x30: [mem 0xfeb80000-0xfeb8ffff pref]
[    1.615020][    T1] pci 0000:00:02.0: Video device with shadowed ROM at [mem 0x000c0000-0x000dffff]
[    1.625311][    T1] pci 0000:00:02.0: pci_fixup_video+0x0/0x330 took 19531 usecs
[    1.673395][    T1] pci 0000:00:03.0: [1af4:1000] type 00 class 0x020000
[    1.685317][    T1] pci 0000:00:03.0: reg 0x10: [io  0xc000-0xc01f]
[    1.687325][    T1] pci 0000:00:03.0: reg 0x14: [mem 0xfeb91000-0xfeb91fff]
[    1.689975][    T1] pci 0000:00:03.0: reg 0x20: [mem 0xfe000000-0xfe003fff 64bit pref]
[    1.691667][    T1] pci 0000:00:03.0: reg 0x30: [mem 0xfeb00000-0xfeb7ffff pref]
[    1.769607][    T1] ACPI: PCI: Interrupt link LNKA configured for IRQ 10
[    1.773521][    T1] ACPI: PCI: Interrupt link LNKB configured for IRQ 10
[    1.787511][    T1] ACPI: PCI: Interrupt link LNKC configured for IRQ 11
[    1.791370][    T1] ACPI: PCI: Interrupt link LNKD configured for IRQ 11
[    1.793515][    T1] ACPI: PCI: Interrupt link LNKS configured for IRQ 9
[    1.815334][    T1] iommu: Default domain type: Translated
[    1.816104][    T1] iommu: DMA domain TLB invalidation policy: lazy mode
[    1.819870][    T1] SCSI subsystem initialized
[    1.826267][    T1] ACPI: bus type USB registered
[    1.827207][    T1] usbcore: registered new interface driver usbfs
[    1.828226][    T1] usbcore: registered new interface driver hub
[    1.829157][    T1] usbcore: registered new device driver usb
[    1.830914][    T1] mc: Linux media interface: v0.10
[    1.831716][    T1] videodev: Linux video capture interface: v2.00
[    1.832950][    T1] pps_core: LinuxPPS API ver. 1 registered
[    1.833713][    T1] pps_core: Software ver. 5.3.6 - Copyright 2005-2007 Rodolfo Giometti <giometti@linux.it>
[    1.835096][    T1] PTP clock support registered
[    1.846235][    T1] EDAC MC: Ver: 3.0.0
[    1.849036][    T1] Advanced Linux Sound Architecture Driver Initialized.
[    1.852839][    T1] Bluetooth: Core ver 2.22
[    1.853533][    T1] NET: Registered PF_BLUETOOTH protocol family
[    1.854356][    T1] Bluetooth: HCI device and connection manager initialized
[    1.865338][    T1] Bluetooth: HCI socket layer initialized
[    1.866113][    T1] Bluetooth: L2CAP socket layer initialized
[    1.866925][    T1] Bluetooth: SCO socket layer initialized
[    1.867721][    T1] NET: Registered PF_ATMPVC protocol family
[    1.868443][    T1] NET: Registered PF_ATMSVC protocol family
[    1.869362][    T1] NetLabel: Initializing
[    1.869888][    T1] NetLabel:  domain hash size = 128
[    1.870592][    T1] NetLabel:  protocols = UNLABELED CIPSOv4 CALIPSO
[    1.871898][    T1] NetLabel:  unlabeled traffic allowed by default
[    1.885846][    T1] nfc: nfc_init: NFC Core ver 0.1
[    1.886715][    T1] NET: Registered PF_NFC protocol family
[    1.887521][    T1] PCI: Using ACPI for IRQ routing
[    1.888737][    T1] pci 0000:00:02.0: vgaarb: setting as boot VGA device
[    1.889626][    T1] pci 0000:00:02.0: vgaarb: bridge control possible
[    1.890452][    T1] pci 0000:00:02.0: vgaarb: VGA device added: decodes=io+mem,owns=io+mem,locks=none
[    1.891633][    T1] vgaarb: loaded
[    1.894782][    T1] hpet: 3 channels of 0 reserved for per-cpu timers
[    1.905389][    T1] hpet0: at MMIO 0xfed00000, IRQs 2, 8, 0
[    1.906146][    T1] hpet0: 3 comparators, 64-bit 100.000000 MHz counter
[    1.912593][    T1] clocksource: Switched to clocksource kvm-clock
[    1.919984][    T1] VFS: Disk quotas dquot_6.6.0
[    1.920682][    T1] VFS: Dquot-cache hash table entries: 512 (order 0, 4096 bytes)
[    1.922030][    T1] FS-Cache: Loaded
[    1.923118][    T1] CacheFiles: Loaded
[    1.923943][    T1] TOMOYO: 2.6.0
[    1.924406][    T1] Mandatory Access Control activated.
[    1.927302][    T1] AppArmor: AppArmor Filesystem Enabled
[    1.928316][    T1] pnp: PnP ACPI init
[    1.947106][    T1] pnp: PnP ACPI: found 6 devices
[    2.007715][    T1] clocksource: acpi_pm: mask: 0xffffff max_cycles: 0xffffff, max_idle_ns: 2085701024 ns
[    2.009520][    T1] NET: Registered PF_INET protocol family
[    2.020516][    T1] IP idents hash table entries: 32768 (order: 6, 262144 bytes, vmalloc)
[    2.043224][    T1] tcp_listen_portaddr_hash hash table entries: 1024 (order: 4, 73728 bytes, vmalloc)
[    2.045088][    T1] Table-perturb hash table entries: 65536 (order: 6, 262144 bytes, vmalloc)
[    2.046574][    T1] TCP established hash table entries: 16384 (order: 5, 131072 bytes, vmalloc)
[    2.052238][    T1] TCP bind hash table entries: 16384 (order: 9, 2359296 bytes, vmalloc)
[    2.054032][    T1] TCP: Hash tables configured (established 16384 bind 16384)
[    2.056052][    T1] MPTCP token hash table entries: 2048 (order: 5, 180224 bytes, vmalloc)
[    2.070129][    T1] UDP hash table entries: 1024 (order: 5, 163840 bytes, vmalloc)
[    2.071597][    T1] UDP-Lite hash table entries: 1024 (order: 5, 163840 bytes, vmalloc)
[    2.073276][    T1] NET: Registered PF_UNIX/PF_LOCAL protocol family
[    2.080647][    T1] RPC: Registered named UNIX socket transport module.
[    2.081620][    T1] RPC: Registered udp transport module.
[    2.082368][    T1] RPC: Registered tcp transport module.
[    2.083113][    T1] RPC: Registered tcp-with-tls transport module.
[    2.084091][    T1] RPC: Registered tcp NFSv4.1 backchannel transport module.
[    2.099724][    T1] NET: Registered PF_XDP protocol family
[    2.100730][    T1] pci_bus 0000:00: resource 4 [io  0x0000-0x0cf7 window]
[    2.101624][    T1] pci_bus 0000:00: resource 5 [io  0x0d00-0xffff window]
[    2.102498][    T1] pci_bus 0000:00: resource 6 [mem 0x000a0000-0x000bffff window]
[    2.103454][    T1] pci_bus 0000:00: resource 7 [mem 0x80000000-0xfebfffff window]
[    2.104417][    T1] pci_bus 0000:00: resource 8 [mem 0x100000000-0x17fffffff window]
[    2.106084][    T1] pci 0000:00:01.0: PIIX3: Enabling Passive Release
[    2.106928][    T1] pci 0000:00:00.0: Limiting direct PCI/PCI transfers
[    2.107887][    T1] PCI: CLS 0 bytes, default 64
[    2.119722][    T1] ACPI: bus type thunderbolt registered
[    2.123568][    T1] kvm_intel: VMX not supported by CPU 0
[    2.124320][    T1] kvm_amd: CPU 0 isn't AMD or Hygon
[    2.125060][    T1] clocksource: tsc: mask: 0xffffffffffffffff max_cycles: 0x26beffa22e4, max_idle_ns: 440795217853 ns
[    2.128372][   T52] kworker/u2:2 (52) used greatest stack depth: 27952 bytes left
[    2.131084][   T55] kworker/u2:3 (55) used greatest stack depth: 26928 bytes left
[    2.140749][    T1] twofish-x86_64-3way: performance on this CPU would be suboptimal: disabling twofish-x86_64-3way.
[    2.142087][    T1] CPU feature 'AVX registers' is not supported.
[    2.142919][    T1] CPU feature 'AVX registers' is not supported.
[    2.143686][    T1] AVX2 instructions are not detected.
[    2.144356][    T1] des3_ede-x86_64: performance on this CPU would be suboptimal: disabling des3_ede-x86_64.
[    2.145578][    T1] camellia-x86_64: performance on this CPU would be suboptimal: disabling camellia-x86_64.
[    2.146847][    T1] AVX or AES-NI instructions are not detected.
[    2.147876][    T1] AVX2 or AES-NI instructions are not detected.
[    2.148669][    T1] blowfish-x86_64: performance on this CPU would be suboptimal: disabling blowfish-x86_64.
[    2.159948][    T1] CPU feature 'AVX registers' is not supported.
[    2.160831][    T1] CPU feature 'AVX registers' is not supported.
[    2.161644][    T1] PCLMULQDQ-NI instructions are not detected.
[    2.162422][    T1] sm3_avx_x86_64: AVX instruction are not detected.
[    2.163325][    T1] AVX or AES-NI instructions are not detected.
[    2.164103][    T1] AVX2 or AES-NI instructions are not detected.
[    2.164893][    T1] AVX or AES-NI instructions are not detected.
[    3.808504][    T1] Initialise system trusted keyrings
[    3.813087][    T1] workingset: timestamp_bits=40 max_order=19 bucket_order=0
[    3.820853][    T1] DLM installed
[    3.824062][    T1] squashfs: version 4.0 (2009/01/31) Phillip Lougher
[    3.830577][    T1] NFS: Registering the id_resolver key type
[    3.832522][    T1] Key type id_resolver registered
[    3.833244][    T1] Key type id_legacy registered
[    3.833996][    T1] nfs4filelayout_init: NFSv4 File Layout Driver Registering...
[    3.835103][    T1] nfs4flexfilelayout_init: NFSv4 Flexfile Layout Driver Registering...
[    3.841265][    T1] Key type cifs.spnego registered
[    3.843023][    T1] Key type cifs.idmap registered
[    3.843849][    T1] ntfs: driver 2.1.32 [Flags: R/W].
[    3.844718][    T1] ntfs3: Max link count 4000
[    3.845323][    T1] ntfs3: Enabled Linux POSIX ACLs support
[    3.846075][    T1] ntfs3: Read-only LZX/Xpress compression included
[    3.847065][    T1] efs: 1.0a - http://aeschi.ch.eu.org/efs/
[    3.847867][    T1] jffs2: version 2.2. (NAND) (SUMMARY)  Â© 2001-2006 Red Hat, Inc.
[    3.850642][    T1] romfs: ROMFS MTD (C) 2007 Red Hat, Inc.
[    3.851495][    T1] QNX4 filesystem 0.2.3 registered.
[    3.852210][    T1] qnx6: QNX6 filesystem 1.0.0 registered.
[    3.853757][    T1] fuse: init (API version 7.39)
[    3.857015][    T1] orangefs_debugfs_init: called with debug mask: :none: :0:
[    3.858511][    T1] orangefs_init: module version upstream loaded
[    3.859657][    T1] JFS: nTxBlock = 8192, nTxLock = 65536
[    3.874263][    T1] SGI XFS with ACLs, security attributes, realtime, quota, no debug enabled
[    3.877070][    T1] 9p: Installing v9fs 9p2000 file system support
[    3.878087][    T1] NILFS version 2 loaded
[    3.878616][    T1] befs: version: 0.9.3
[    3.879372][    T1] ocfs2: Registered cluster interface o2cb
[    3.881377][    T1] ocfs2: Registered cluster interface user
[    3.882634][    T1] OCFS2 User DLM kernel interface loaded
[    3.893022][    T1] gfs2: GFS2 installed
[    3.900860][    T1] ceph: loaded (mds proto 32)
[    3.913376][    T1] NET: Registered PF_ALG protocol family
[    3.914288][    T1] xor: measuring software checksum speed
[    3.915355][    T1]    prefetch64-sse  : 33119 MB/sec
[    3.916355][    T1]    generic_sse     : 30945 MB/sec
[    3.917020][    T1] xor: using function: prefetch64-sse (33119 MB/sec)
[    3.917934][    T1] async_tx: api initialized (async)
[    3.918611][    T1] Key type asymmetric registered
[    3.919253][    T1] Asymmetric key parser 'x509' registered
[    3.920196][    T1] Asymmetric key parser 'pkcs8' registered
[    3.920926][    T1] Key type pkcs7_test registered
[    3.922165][    T1] Block layer SCSI generic (bsg) driver version 0.4 loaded (major 239)
[    3.923505][    T1] io scheduler mq-deadline registered
[    3.924190][    T1] io scheduler kyber registered
[    3.924898][    T1] io scheduler bfq registered
[    3.937097][    T1] input: Power Button as /devices/LNXSYSTM:00/LNXPWRBN:00/input/input0
[    3.945887][   T14] Callback from call_rcu_tasks() invoked.
[    3.960757][    T1] ACPI: button: Power Button [PWRF]
[    3.967792][    T1] ioatdma: Intel(R) QuickData Technology Driver 5.00
[    6.681057][    T1] ACPI: \_SB_.LNKC: Enabled at IRQ 11
[    6.707315][  T183] kworker/u2:0 (183) used greatest stack depth: 26592 bytes left
[    7.077309][    T1] N_HDLC line discipline registered with maxframe=4096
[    7.078454][    T1] Serial: 8250/16550 driver, 4 ports, IRQ sharing enabled
[    7.083708][    T1] 00:04: ttyS0 at I/O 0x3f8 (irq = 4, base_baud = 115200) is a 16550A
[    7.114507][    T1] Non-volatile memory driver v1.3
[    7.116036][    T1] Linux agpgart interface v0.103
[    7.122989][    T1] ACPI: bus type drm_connector registered
[    7.131503][    T1] [drm] Initialized vgem 1.0.0 20120112 for vgem on minor 0
[    7.138608][    T1] [drm] Initialized vkms 1.0.0 20180514 for vkms on minor 1
[    7.204070][    T1] Console: switching to colour frame buffer device 128x48
[    7.221095][    T1] platform vkms: [drm] fb0: vkmsdrmfb frame buffer device
[    7.222491][    T1] usbcore: registered new interface driver udl
[    7.225497][    T1] bochs-drm 0000:00:02.0: vgaarb: deactivate vga console
[    7.231591][    T1] [drm] Found bochs VGA, ID 0xb0c5.
[    7.232237][    T1] [drm] Framebuffer size 16384 kB @ 0xfd000000, mmio @ 0xfeb90000.
[    7.236636][    T1] [drm] Found EDID data blob.
[    7.240011][    T1] [drm] Initialized bochs-drm 1.0.0 20130925 for 0000:00:02.0 on minor 2
[    7.248170][    T1] fbcon: bochs-drmdrmfb (fb1) is primary device
[    7.248178][    T1] fbcon: Remapping primary device, fb1, to tty 1-63
[    7.555159][    T1] bochs-drm 0000:00:02.0: [drm] fb1: bochs-drmdrmfb frame buffer device
[    7.610734][    T1] brd: module loaded
[    7.674142][    T1] loop: module loaded
[    7.756221][    T1] zram: Added device: zram0
[    7.764130][    T1] null_blk: disk nullb0 created
[    7.765447][    T1] null_blk: module loaded
[    7.766558][    T1] Guest personality initialized and is inactive
[    7.768233][    T1] VMCI host device registered (name=vmci, major=10, minor=118)
[    7.769162][    T1] Initialized host personality
[    7.770640][    T1] usbcore: registered new interface driver rtsx_usb
[    7.772765][    T1] usbcore: registered new interface driver viperboard
[    7.774458][    T1] usbcore: registered new interface driver dln2
[    7.776107][    T1] usbcore: registered new interface driver pn533_usb
[    7.781107][    T1] nfcsim 0.2 initialized
[    7.782133][    T1] usbcore: registered new interface driver port100
[    7.783489][    T1] usbcore: registered new interface driver nfcmrvl
[    7.788964][    T1] Loading iSCSI transport class v2.0-870.
[    7.801161][    T1] st: Version 20160209, fixed bufsize 32768, s/g segs 256
[    7.834488][    T1] scsi host0: ata_piix
[    7.838069][    T1] scsi host1: ata_piix
[    7.840263][    T1] ata1: PATA max MWDMA2 cmd 0x1f0 ctl 0x3f6 bmdma 0xc020 irq 14 lpm-pol 0
[    7.841474][    T1] ata2: PATA max MWDMA2 cmd 0x170 ctl 0x376 bmdma 0xc028 irq 15 lpm-pol 0
[    7.848006][    T1] Rounding down aligned max_sectors from 4294967295 to 4294967288
[    7.849390][    T1] db_root: cannot open: /etc/target
[    7.851834][    T1] slram: not enough parameters.
[    7.857662][    T1] ftl_cs: FTL header not found.
[    7.894119][    T1] wireguard: WireGuard 1.0.0 loaded. See www.wireguard.com for information.
[    7.895253][    T1] wireguard: Copyright (C) 2015-2019 Jason A. Donenfeld <Jason@zx2c4.com>. All Rights Reserved.
[    7.896573][    T1] eql: Equalizer2002: Simon Janes (simon@ncm.com) and David S. Miller (davem@redhat.com)
[    7.904573][    T1] MACsec IEEE 802.1AE
[    7.909061][    T1] tun: Universal TUN/TAP device driver, 1.6
[    7.940515][    T1] vcan: Virtual CAN interface driver
[    7.941251][    T1] vxcan: Virtual CAN Tunnel driver
[    7.941920][    T1] slcan: serial line CAN interface driver
[    7.942658][    T1] CAN device driver interface
[    7.943764][    T1] usbcore: registered new interface driver usb_8dev
[    7.945181][    T1] usbcore: registered new interface driver ems_usb
[    7.946527][    T1] usbcore: registered new interface driver gs_usb
[    7.947883][    T1] usbcore: registered new interface driver kvaser_usb
[    7.949259][    T1] usbcore: registered new interface driver mcba_usb
[    7.950406][    T1] usbcore: registered new interface driver peak_usb
[    7.951420][    T1] e100: Intel(R) PRO/100 Network Driver
[    7.952170][    T1] e100: Copyright(c) 1999-2006 Intel Corporation
[    7.953077][    T1] e1000: Intel(R) PRO/1000 Network Driver
[    7.953808][    T1] e1000: Copyright (c) 1999-2006 Intel Corporation.
[    7.954766][    T1] e1000e: Intel(R) PRO/1000 Network Driver
[    7.955493][    T1] e1000e: Copyright(c) 1999 - 2015 Intel Corporation.
[    7.962465][    T1] mkiss: AX.25 Multikiss, Hans Albas PE1AYX
[    7.963257][    T1] AX.25: 6pack driver, Revision: 0.3.0
[    7.963992][    T1] AX.25: bpqether driver version 004
[    7.964686][    T1] PPP generic driver version 2.4.2
[    7.966559][    T1] PPP BSD Compression module registered
[    7.967314][    T1] PPP Deflate Compression module registered
[    7.968318][    T1] PPP MPPE Compression module registered
[    7.969033][    T1] NET: Registered PF_PPPOX protocol family
[    7.969863][    T1] PPTP driver version 0.8.5
[    7.971236][    T1] SLIP: version 0.8.4-NET3.019-NEWTTY (dynamic channels, max=256) (6 bit encapsulation enabled).
[    7.972556][    T1] CSLIP: code copyright 1989 Regents of the University of California.
[    7.973574][    T1] SLIP linefill/keepalive option.
[    7.974203][    T1] hdlc: HDLC support module revision 1.22
[    7.974958][    T1] LAPB Ethernet driver version 0.02
[    7.977139][    T1] usbcore: registered new interface driver ath9k_htc
[    7.978503][    T1] usbcore: registered new interface driver carl9170
[    7.980525][    T1] usbcore: registered new interface driver ath6kl_usb
[    7.981877][    T1] usbcore: registered new interface driver ar5523
[    7.984127][    T1] usbcore: registered new interface driver ath10k_usb
[    7.985530][    T1] usbcore: registered new interface driver rndis_wlan
[    7.986890][    T1] mac80211_hwsim: initializing netlink
[    8.010377][  T969] ata1: found unknown device (class 0)
[    8.011948][  T974] ata2: found unknown device (class 0)
[    8.012903][  T969] ata1.00: ATA-7: QEMU HARDDISK, 2.5+, max UDMA/100
[    8.013720][  T969] ata1.00: 16777208 sectors, multi 16: LBA48 
[    8.015214][    T1] usbcore: registered new interface driver atusb
[    8.018219][  T974] ata2.00: ATAPI: QEMU DVD-ROM, 2.5+, max UDMA/100
[    8.028738][    T1] mac802154_hwsim mac802154_hwsim: Added 2 mac802154 hwsim hardware radios
[    8.031969][   T12] scsi 0:0:0:0: Direct-Access     ATA      QEMU HARDDISK    2.5+ PQ: 0 ANSI: 5
[    8.034764][    T1] VMware vmxnet3 virtual NIC driver - version 1.7.0.0-k-NAPI
[    8.035940][    T1] usbcore: registered new interface driver catc
[    8.036829][    T1] usbcore: registered new interface driver kaweth
[    8.037638][    T1] pegasus: Pegasus/Pegasus II USB Ethernet driver
[    8.038544][    T1] usbcore: registered new interface driver pegasus
[    8.039450][    T1] usbcore: registered new interface driver rtl8150
[    8.044895][   T32] sd 0:0:0:0: [sda] 16777208 512-byte logical blocks: (8.59 GB/8.00 GiB)
[    8.046093][   T32] sd 0:0:0:0: [sda] Write Protect is off
[    8.046970][   T32] sd 0:0:0:0: [sda] Write cache: enabled, read cache: enabled, doesn't support DPO or FUA
[    8.048361][   T32] sd 0:0:0:0: [sda] Preferred minimum I/O size 512 bytes
[    8.055761][   T12] sd 0:0:0:0: Attached scsi generic sg0 type 0
[    8.058893][   T11] scsi 1:0:0:0: CD-ROM            QEMU     QEMU DVD-ROM     2.5+ PQ: 0 ANSI: 5
[    8.060943][    T1] usbcore: registered new device driver r8152-cfgselector
[    8.062333][    T1] usbcore: registered new interface driver r8152
[    8.063620][    T1] hso: drivers/net/usb/hso.c: Option Wireless
[    8.064563][    T1] usbcore: registered new interface driver hso
[    8.065401][    T1] usbcore: registered new interface driver lan78xx
[    8.066287][    T1] usbcore: registered new interface driver asix
[    8.067167][    T1] usbcore: registered new interface driver ax88179_178a
[    8.068131][    T1] usbcore: registered new interface driver cdc_ether
[    8.069018][    T1] usbcore: registered new interface driver cdc_eem
[    8.084074][   T32] sd 0:0:0:0: [sda] Attached SCSI disk
[    8.085994][    T1] usbcore: registered new interface driver dm9601
[    8.087228][    T1] usbcore: registered new interface driver sr9700
[    8.088574][    T1] usbcore: registered new interface driver CoreChips
[    8.096440][    T1] usbcore: registered new interface driver smsc75xx
[    8.097749][    T1] usbcore: registered new interface driver smsc95xx
[    8.099047][    T1] usbcore: registered new interface driver gl620a
[    8.101276][   T11] sr 1:0:0:0: [sr0] scsi3-mmc drive: 4x/4x cd/rw xa/form2 tray
[    8.102278][   T11] cdrom: Uniform CD-ROM driver Revision: 3.20
[    8.103946][    T1] usbcore: registered new interface driver net1080
[    8.105307][    T1] usbcore: registered new interface driver plusb
[    8.106732][    T1] usbcore: registered new interface driver rndis_host
[    8.108171][    T1] usbcore: registered new interface driver cdc_subset
[    8.109791][    T1] usbcore: registered new interface driver zaurus
[    8.111129][    T1] usbcore: registered new interface driver MOSCHIP usb-ethernet driver
[    8.112689][    T1] usbcore: registered new interface driver int51x1
[    8.114024][    T1] usbcore: registered new interface driver cdc_phonet
[    8.115426][    T1] usbcore: registered new interface driver kalmia
[    8.118748][    T1] usbcore: registered new interface driver ipheth
[    8.120214][    T1] usbcore: registered new interface driver sierra_net
[    8.121570][    T1] usbcore: registered new interface driver cx82310_eth
[    8.122951][    T1] usbcore: registered new interface driver cdc_ncm
[    8.124302][    T1] usbcore: registered new interface driver huawei_cdc_ncm
[    8.125789][    T1] usbcore: registered new interface driver lg-vl600
[    8.127342][    T1] usbcore: registered new interface driver qmi_wwan
[    8.128744][    T1] usbcore: registered new interface driver cdc_mbim
[    8.134860][    T1] usbcore: registered new interface driver ch9200
[    8.135721][    T1] usbcore: registered new interface driver r8153_ecm
[    8.145232][    T1] VFIO - User Level meta-driver version: 0.3
[    8.148356][   T11] sr 1:0:0:0: Attached scsi generic sg1 type 5
[    8.156162][    T1] aoe: AoE v85 initialised.
[    8.167753][    T1] SPI driver max3421-hcd has no spi_device_id for maxim,max3421
[    8.168954][    T1] usbcore: registered new interface driver cdc_acm
[    8.178103][    T1] cdc_acm: USB Abstract Control Model driver for USB modems and ISDN adapters
[    8.181002][    T1] usbcore: registered new interface driver usblp
[    8.182430][    T1] usbcore: registered new interface driver cdc_wdm
[    8.183879][    T1] usbcore: registered new interface driver usbtmc
[    8.185447][    T1] usbcore: registered new interface driver uas
[    8.186773][    T1] usbcore: registered new interface driver usb-storage
[    8.188184][    T1] usbcore: registered new interface driver ums-alauda
[    8.189951][    T1] usbcore: registered new interface driver ums-cypress
[    8.194468][    T1] usbcore: registered new interface driver ums-datafab
[    8.195807][    T1] usbcore: registered new interface driver ums_eneub6250
[    8.197127][    T1] usbcore: registered new interface driver ums-freecom
[    8.198466][    T1] usbcore: registered new interface driver ums-isd200
[    8.199628][    T1] usbcore: registered new interface driver ums-jumpshot
[    8.201180][    T1] usbcore: registered new interface driver ums-karma
[    8.202478][    T1] usbcore: registered new interface driver ums-onetouch
[    8.203754][    T1] usbcore: registered new interface driver ums-realtek
[    8.205136][    T1] usbcore: registered new interface driver ums-sddr09
[    8.206414][    T1] usbcore: registered new interface driver ums-sddr55
[    8.207739][    T1] usbcore: registered new interface driver ums-usbat
[    8.209130][    T1] usbcore: registered new interface driver mdc800
[    8.211039][    T1] mdc800: v0.7.5 (30/10/2000):USB Driver for Mustek MDC800 Digital Camera
[    8.212717][    T1] usbcore: registered new interface driver microtekX6
[    8.213980][    T1] usbcore: registered new interface driver usbserial_generic
[    8.215217][    T1] usbserial: USB Serial support registered for generic
[    8.216240][    T1] usbcore: registered new interface driver aircable
[    8.217195][    T1] usbserial: USB Serial support registered for aircable
[    8.218187][    T1] usbcore: registered new interface driver ark3116
[    8.219078][    T1] usbserial: USB Serial support registered for ark3116
[    8.223441][    T1] usbcore: registered new interface driver belkin_sa
[    8.224768][    T1] usbserial: USB Serial support registered for Belkin / Peracom / GoHubs USB Serial Adapter
[    8.226380][    T1] usbcore: registered new interface driver ch341
[    8.227569][    T1] usbserial: USB Serial support registered for ch341-uart
[    8.228899][    T1] usbcore: registered new interface driver cp210x
[    8.230140][    T1] usbserial: USB Serial support registered for cp210x
[    8.231376][    T1] usbcore: registered new interface driver cyberjack
[    8.232572][    T1] usbserial: USB Serial support registered for Reiner SCT Cyberjack USB card reader
[    8.234154][    T1] usbcore: registered new interface driver cypress_m8
[    8.235410][    T1] usbserial: USB Serial support registered for DeLorme Earthmate USB
[    8.236847][    T1] usbserial: USB Serial support registered for HID->COM RS232 Adapter
[    8.238306][    T1] usbserial: USB Serial support registered for Nokia CA-42 V2 Adapter
[    8.239931][    T1] usbcore: registered new interface driver usb_debug
[    8.241193][    T1] usbserial: USB Serial support registered for debug
[    8.242501][    T1] usbserial: USB Serial support registered for xhci_dbc
[    8.243823][    T1] usbcore: registered new interface driver digi_acceleport
[    8.245211][    T1] usbserial: USB Serial support registered for Digi 2 port USB adapter
[    8.246691][    T1] usbserial: USB Serial support registered for Digi 4 port USB adapter
[    8.248237][    T1] usbcore: registered new interface driver io_edgeport
[    8.250671][    T1] usbserial: USB Serial support registered for Edgeport 2 port adapter
[    8.254363][    T1] usbserial: USB Serial support registered for Edgeport 4 port adapter
[    8.256019][    T1] usbserial: USB Serial support registered for Edgeport 8 port adapter
[    8.257583][    T1] usbserial: USB Serial support registered for EPiC device
[    8.259049][    T1] usbcore: registered new interface driver io_ti
[    8.261520][    T1] usbserial: USB Serial support registered for Edgeport TI 1 port adapter
[    8.263129][    T1] usbserial: USB Serial support registered for Edgeport TI 2 port adapter
[    8.264765][    T1] usbcore: registered new interface driver empeg
[    8.266054][    T1] usbserial: USB Serial support registered for empeg
[    8.267585][    T1] usbcore: registered new interface driver f81534a_ctrl
[    8.269077][    T1] usbcore: registered new interface driver f81232
[    8.270498][    T1] usbserial: USB Serial support registered for f81232
[    8.272157][    T1] usbserial: USB Serial support registered for f81534a
[    8.273540][    T1] usbcore: registered new interface driver f81534
[    8.274855][    T1] usbserial: USB Serial support registered for Fintek F81532/F81534
[    8.276041][    T1] usbcore: registered new interface driver ftdi_sio
[    8.277617][    T1] usbserial: USB Serial support registered for FTDI USB Serial Device
[    8.279215][    T1] usbcore: registered new interface driver garmin_gps
[    8.280691][    T1] usbserial: USB Serial support registered for Garmin GPS usb/tty
[    8.282145][    T1] usbcore: registered new interface driver ipaq
[    8.283507][    T1] usbserial: USB Serial support registered for PocketPC PDA
[    8.284640][    T1] usbcore: registered new interface driver ipw
[    8.286226][    T1] usbserial: USB Serial support registered for IPWireless converter
[    8.287766][    T1] usbcore: registered new interface driver ir_usb
[    8.289057][    T1] usbserial: USB Serial support registered for IR Dongle
[    8.291238][    T1] usbcore: registered new interface driver iuu_phoenix
[    8.292304][    T1] usbserial: USB Serial support registered for iuu_phoenix
[    8.294039][    T1] usbcore: registered new interface driver keyspan
[    8.295355][    T1] usbserial: USB Serial support registered for Keyspan - (without firmware)
[    8.297006][    T1] usbserial: USB Serial support registered for Keyspan 1 port adapter
[    8.298540][    T1] usbserial: USB Serial support registered for Keyspan 2 port adapter
[    8.302261][    T1] usbserial: USB Serial support registered for Keyspan 4 port adapter
[    8.304189][    T1] usbcore: registered new interface driver keyspan_pda
[    8.305632][    T1] usbserial: USB Serial support registered for Keyspan PDA
[    8.307029][    T1] usbserial: USB Serial support registered for Keyspan PDA - (prerenumeration)
[    8.308687][    T1] usbcore: registered new interface driver kl5kusb105
[    8.310462][    T1] usbserial: USB Serial support registered for KL5KUSB105D / PalmConnect
[    8.312046][    T1] usbcore: registered new interface driver kobil_sct
[    8.313085][    T1] usbserial: USB Serial support registered for KOBIL USB smart card terminal
[    8.315049][    T1] usbcore: registered new interface driver mct_u232
[    8.316386][    T1] usbserial: USB Serial support registered for MCT U232
[    8.317848][    T1] usbcore: registered new interface driver metro_usb
[    8.319197][    T1] usbserial: USB Serial support registered for Metrologic USB to Serial
[    8.321160][    T1] usbcore: registered new interface driver mos7720
[    8.322480][    T1] usbserial: USB Serial support registered for Moschip 2 port adapter
[    8.323701][    T1] usbcore: registered new interface driver mos7840
[    8.325341][    T1] usbserial: USB Serial support registered for Moschip 7840/7820 USB Serial Driver
[    8.327064][    T1] usbcore: registered new interface driver mxuport
[    8.328414][    T1] usbserial: USB Serial support registered for MOXA UPort
[    8.329996][    T1] usbcore: registered new interface driver navman
[    8.331847][    T1] usbserial: USB Serial support registered for navman
[    8.333238][    T1] usbcore: registered new interface driver omninet
[    8.334608][    T1] usbserial: USB Serial support registered for ZyXEL - omni.net usb
[    8.336138][    T1] usbcore: registered new interface driver opticon
[    8.337447][    T1] usbserial: USB Serial support registered for opticon
[    8.338809][    T1] usbcore: registered new interface driver option
[    8.340227][    T1] usbserial: USB Serial support registered for GSM modem (1-port)
[    8.342047][    T1] usbcore: registered new interface driver oti6858
[    8.343358][    T1] usbserial: USB Serial support registered for oti6858
[    8.344737][    T1] usbcore: registered new interface driver pl2303
[    8.346124][    T1] usbserial: USB Serial support registered for pl2303
[    8.347541][    T1] usbcore: registered new interface driver qcaux
[    8.348565][    T1] usbserial: USB Serial support registered for qcaux
[    8.352411][    T1] usbcore: registered new interface driver qcserial
[    8.353777][    T1] usbserial: USB Serial support registered for Qualcomm USB modem
[    8.355642][    T1] usbcore: registered new interface driver quatech2
[    8.357011][    T1] usbserial: USB Serial support registered for Quatech 2nd gen USB to Serial Driver
[    8.358726][    T1] usbcore: registered new interface driver safe_serial
[    8.360570][    T1] usbserial: USB Serial support registered for safe_serial
[    8.362141][    T1] usbcore: registered new interface driver sierra
[    8.363473][    T1] usbserial: USB Serial support registered for Sierra USB modem
[    8.364999][    T1] usbcore: registered new interface driver usb_serial_simple
[    8.366100][    T1] usbserial: USB Serial support registered for carelink
[    8.367877][    T1] usbserial: USB Serial support registered for flashloader
[    8.369300][    T1] usbserial: USB Serial support registered for funsoft
[    8.371149][    T1] usbserial: USB Serial support registered for google
[    8.372531][    T1] usbserial: USB Serial support registered for hp4x
[    8.373905][    T1] usbserial: USB Serial support registered for kaufmann
[    8.374967][    T1] usbserial: USB Serial support registered for libtransistor
[    8.376715][    T1] usbserial: USB Serial support registered for moto_modem
[    8.378154][    T1] usbserial: USB Serial support registered for motorola_tetra
[    8.380037][    T1] usbserial: USB Serial support registered for nokia
[    8.381484][    T1] usbserial: USB Serial support registered for novatel_gps
[    8.382900][    T1] usbserial: USB Serial support registered for siemens_mpi
[    8.384357][    T1] usbserial: USB Serial support registered for suunto
[    8.385725][    T1] usbserial: USB Serial support registered for vivopay
[    8.387070][    T1] usbserial: USB Serial support registered for zio
[    8.388102][    T1] usbcore: registered new interface driver spcp8x5
[    8.389993][    T1] usbserial: USB Serial support registered for SPCP8x5
[    8.391527][    T1] usbcore: registered new interface driver ssu100
[    8.392857][    T1] usbserial: USB Serial support registered for Quatech SSU-100 USB to Serial Driver
[    8.394544][    T1] usbcore: registered new interface driver symbolserial
[    8.395992][    T1] usbserial: USB Serial support registered for symbol
[    8.397376][    T1] usbcore: registered new interface driver ti_usb_3410_5052
[    8.398812][    T1] usbserial: USB Serial support registered for TI USB 3410 1 port adapter
[    8.400865][    T1] usbserial: USB Serial support registered for TI USB 5052 2 port adapter
[    8.402114][    T1] usbcore: registered new interface driver upd78f0730
[    8.403766][    T1] usbserial: USB Serial support registered for upd78f0730
[    8.405190][    T1] usbcore: registered new interface driver visor
[    8.408527][    T1] usbserial: USB Serial support registered for Handspring Visor / Palm OS
[    8.410875][    T1] usbserial: USB Serial support registered for Sony Clie 5.0
[    8.412374][    T1] usbserial: USB Serial support registered for Sony Clie 3.5
[    8.414130][    T1] usbcore: registered new interface driver wishbone_serial
[    8.415154][    T1] usbserial: USB Serial support registered for wishbone_serial
[    8.416774][    T1] usbcore: registered new interface driver whiteheat
[    8.418020][    T1] usbserial: USB Serial support registered for Connect Tech - WhiteHEAT - (prerenumeration)
[    8.420292][    T1] usbserial: USB Serial support registered for Connect Tech - WhiteHEAT
[    8.421811][    T1] usbcore: registered new interface driver xr_serial
[    8.423031][    T1] usbserial: USB Serial support registered for xr_serial
[    8.424314][    T1] usbcore: registered new interface driver xsens_mt
[    8.425630][    T1] usbserial: USB Serial support registered for xsens_mt
[    8.426909][    T1] usbcore: registered new interface driver adutux
[    8.428169][    T1] usbcore: registered new interface driver appledisplay
[    8.429229][    T1] usbcore: registered new interface driver cypress_cy7c63
[    8.430557][    T1] usbcore: registered new interface driver cytherm
[    8.431430][    T1] usbcore: registered new interface driver emi26 - firmware loader
[    8.432455][    T1] usbcore: registered new interface driver emi62 - firmware loader
[    8.433520][    T1] usbcore: registered new interface driver idmouse
[    8.434380][    T1] usbcore: registered new interface driver iowarrior
[    8.435251][    T1] usbcore: registered new interface driver isight_firmware
[    8.436198][    T1] usbcore: registered new interface driver usblcd
[    8.437047][    T1] usbcore: registered new interface driver ldusb
[    8.437896][    T1] usbcore: registered new interface driver legousbtower
[    8.438834][    T1] usbcore: registered new interface driver usbtest
[    8.445347][    T1] usbcore: registered new interface driver usb_ehset_test
[    8.446722][    T1] usbcore: registered new interface driver trancevibrator
[    8.448103][    T1] usbcore: registered new interface driver uss720
[    8.448865][    T1] uss720: USB Parport Cable driver for Cables using the Lucent Technologies USS720 Chip
[    8.450548][    T1] uss720: NOTE: this is a special purpose driver to allow nonstandard
[    8.451599][    T1] uss720: protocols (eg. bitbang) over USS720 usb to parallel cables
[    8.452544][    T1] uss720: If you just want to connect to a printer, use usblp instead
[    8.453950][    T1] usbcore: registered new interface driver usbsevseg
[    8.455254][    T1] usbcore: registered new interface driver yurex
[    8.458597][    T1] usbcore: registered new interface driver chaoskey
[    8.462460][    T1] usbcore: registered new interface driver sisusb
[    8.463709][    T1] usbcore: registered new interface driver lvs
[    8.464923][    T1] usbcore: registered new interface driver cxacru
[    8.466176][    T1] usbcore: registered new interface driver speedtch
[    8.467480][    T1] usbcore: registered new interface driver ueagle-atm
[    8.468322][    T1] xusbatm: malformed module parameters
[    8.472664][    T1] dummy_hcd dummy_hcd.0: USB Host+Gadget Emulator, driver 02 May 2005
[    8.473683][    T1] dummy_hcd dummy_hcd.0: Dummy host controller
[    8.475933][    T1] dummy_hcd dummy_hcd.0: new USB bus registered, assigned bus number 1
[    8.477898][    T1] usb usb1: New USB device found, idVendor=1d6b, idProduct=0002, bcdDevice= 6.07
[    8.479032][    T1] usb usb1: New USB device strings: Mfr=3, Product=2, SerialNumber=1
[    8.480730][    T1] usb usb1: Product: Dummy host controller
[    8.481438][    T1] usb usb1: Manufacturer: Linux 6.7.0-rc2-gbc9807868dfa-dirty dummy_hcd
[    8.482426][    T1] usb usb1: SerialNumber: dummy_hcd.0
[    8.486966][    T1] hub 1-0:1.0: USB hub found
[    8.487835][    T1] hub 1-0:1.0: 1 port detected
[    8.493414][    T1] dummy_hcd dummy_hcd.1: USB Host+Gadget Emulator, driver 02 May 2005
[    8.494420][    T1] dummy_hcd dummy_hcd.1: Dummy host controller
[    8.495980][    T1] dummy_hcd dummy_hcd.1: new USB bus registered, assigned bus number 2
[    8.497554][    T1] usb usb2: New USB device found, idVendor=1d6b, idProduct=0002, bcdDevice= 6.07
[    8.498657][    T1] usb usb2: New USB device strings: Mfr=3, Product=2, SerialNumber=1
[    8.499921][    T1] usb usb2: Product: Dummy host controller
[    8.500628][    T1] usb usb2: Manufacturer: Linux 6.7.0-rc2-gbc9807868dfa-dirty dummy_hcd
[    8.501737][    T1] usb usb2: SerialNumber: dummy_hcd.1
[    8.505037][    T1] hub 2-0:1.0: USB hub found
[    8.505729][    T1] hub 2-0:1.0: 1 port detected
[    8.509959][    T1] dummy_hcd dummy_hcd.2: USB Host+Gadget Emulator, driver 02 May 2005
[    8.510946][    T1] dummy_hcd dummy_hcd.2: Dummy host controller
[    8.512585][    T1] dummy_hcd dummy_hcd.2: new USB bus registered, assigned bus number 3
[    8.514183][    T1] usb usb3: New USB device found, idVendor=1d6b, idProduct=0002, bcdDevice= 6.07
[    8.515323][    T1] usb usb3: New USB device strings: Mfr=3, Product=2, SerialNumber=1
[    8.516306][    T1] usb usb3: Product: Dummy host controller
[    8.517026][    T1] usb usb3: Manufacturer: Linux 6.7.0-rc2-gbc9807868dfa-dirty dummy_hcd
[    8.518219][    T1] usb usb3: SerialNumber: dummy_hcd.2
[    8.523976][    T1] hub 3-0:1.0: USB hub found
[    8.524786][    T1] hub 3-0:1.0: 1 port detected
[    8.529005][    T1] dummy_hcd dummy_hcd.3: USB Host+Gadget Emulator, driver 02 May 2005
[    8.530730][    T1] dummy_hcd dummy_hcd.3: Dummy host controller
[    8.532437][    T1] dummy_hcd dummy_hcd.3: new USB bus registered, assigned bus number 4
[    8.534232][    T1] usb usb4: New USB device found, idVendor=1d6b, idProduct=0002, bcdDevice= 6.07
[    8.535715][    T1] usb usb4: New USB device strings: Mfr=3, Product=2, SerialNumber=1
[    8.536703][    T1] usb usb4: Product: Dummy host controller
[    8.537379][    T1] usb usb4: Manufacturer: Linux 6.7.0-rc2-gbc9807868dfa-dirty dummy_hcd
[    8.538363][    T1] usb usb4: SerialNumber: dummy_hcd.3
[    8.541439][    T1] hub 4-0:1.0: USB hub found
[    8.542124][    T1] hub 4-0:1.0: 1 port detected
[    8.546023][    T1] dummy_hcd dummy_hcd.4: USB Host+Gadget Emulator, driver 02 May 2005
[    8.547016][    T1] dummy_hcd dummy_hcd.4: Dummy host controller
[    8.548737][    T1] dummy_hcd dummy_hcd.4: new USB bus registered, assigned bus number 5
[    8.551243][    T1] usb usb5: New USB device found, idVendor=1d6b, idProduct=0002, bcdDevice= 6.07
[    8.552677][    T1] usb usb5: New USB device strings: Mfr=3, Product=2, SerialNumber=1
[    8.553658][    T1] usb usb5: Product: Dummy host controller
[    8.554323][    T1] usb usb5: Manufacturer: Linux 6.7.0-rc2-gbc9807868dfa-dirty dummy_hcd
[    8.555271][    T1] usb usb5: SerialNumber: dummy_hcd.4
[    8.558295][    T1] hub 5-0:1.0: USB hub found
[    8.558980][    T1] hub 5-0:1.0: 1 port detected
[    8.563152][    T1] dummy_hcd dummy_hcd.5: USB Host+Gadget Emulator, driver 02 May 2005
[    8.564255][    T1] dummy_hcd dummy_hcd.5: Dummy host controller
[    8.565846][    T1] dummy_hcd dummy_hcd.5: new USB bus registered, assigned bus number 6
[    8.568163][    T1] usb usb6: New USB device found, idVendor=1d6b, idProduct=0002, bcdDevice= 6.07
[    8.569515][    T1] usb usb6: New USB device strings: Mfr=3, Product=2, SerialNumber=1
[    8.570785][    T1] usb usb6: Product: Dummy host controller
[    8.571475][    T1] usb usb6: Manufacturer: Linux 6.7.0-rc2-gbc9807868dfa-dirty dummy_hcd
[    8.572451][    T1] usb usb6: SerialNumber: dummy_hcd.5
[    8.575481][    T1] hub 6-0:1.0: USB hub found
[    8.576188][    T1] hub 6-0:1.0: 1 port detected
[    8.580511][    T1] dummy_hcd dummy_hcd.6: USB Host+Gadget Emulator, driver 02 May 2005
[    8.581563][    T1] dummy_hcd dummy_hcd.6: Dummy host controller
[    8.583204][    T1] dummy_hcd dummy_hcd.6: new USB bus registered, assigned bus number 7
[    8.584907][    T1] usb usb7: New USB device found, idVendor=1d6b, idProduct=0002, bcdDevice= 6.07
[    8.586081][    T1] usb usb7: New USB device strings: Mfr=3, Product=2, SerialNumber=1
[    8.587102][    T1] usb usb7: Product: Dummy host controller
[    8.587834][    T1] usb usb7: Manufacturer: Linux 6.7.0-rc2-gbc9807868dfa-dirty dummy_hcd
[    8.588864][    T1] usb usb7: SerialNumber: dummy_hcd.6
[    8.592608][    T1] hub 7-0:1.0: USB hub found
[    8.593394][    T1] hub 7-0:1.0: 1 port detected
[    8.599446][    T1] dummy_hcd dummy_hcd.7: USB Host+Gadget Emulator, driver 02 May 2005
[    8.601569][    T1] dummy_hcd dummy_hcd.7: Dummy host controller
[    8.602944][    T1] dummy_hcd dummy_hcd.7: new USB bus registered, assigned bus number 8
[    8.605039][    T1] usb usb8: New USB device found, idVendor=1d6b, idProduct=0002, bcdDevice= 6.07
[    8.606186][    T1] usb usb8: New USB device strings: Mfr=3, Product=2, SerialNumber=1
[    8.607148][    T1] usb usb8: Product: Dummy host controller
[    8.607850][    T1] usb usb8: Manufacturer: Linux 6.7.0-rc2-gbc9807868dfa-dirty dummy_hcd
[    8.608843][    T1] usb usb8: SerialNumber: dummy_hcd.7
[    8.612119][    T1] hub 8-0:1.0: USB hub found
[    8.612835][    T1] hub 8-0:1.0: 1 port detected
[    8.645728][    T1] gadgetfs: USB Gadget filesystem, version 24 Aug 2004
[    8.652644][    T1] vhci_hcd vhci_hcd.0: USB/IP Virtual Host Controller
[    8.655525][    T1] vhci_hcd vhci_hcd.0: new USB bus registered, assigned bus number 9
[    8.656891][    T1] vhci_hcd: created sysfs vhci_hcd.0
[    8.658257][    T1] usb usb9: New USB device found, idVendor=1d6b, idProduct=0002, bcdDevice= 6.07
[    8.659346][    T1] usb usb9: New USB device strings: Mfr=3, Product=2, SerialNumber=1
[    8.660390][    T1] usb usb9: Product: USB/IP Virtual Host Controller
[    8.661382][    T1] usb usb9: Manufacturer: Linux 6.7.0-rc2-gbc9807868dfa-dirty vhci_hcd
[    8.662330][    T1] usb usb9: SerialNumber: vhci_hcd.0
[    8.665337][    T1] hub 9-0:1.0: USB hub found
[    8.666086][    T1] hub 9-0:1.0: 8 ports detected
[    8.673610][    T1] vhci_hcd vhci_hcd.0: USB/IP Virtual Host Controller
[    8.675290][    T1] vhci_hcd vhci_hcd.0: new USB bus registered, assigned bus number 10
[    8.676519][    T1] usb usb10: We don't know the algorithms for LPM for this host, disabling LPM.
[    8.678121][    T1] usb usb10: New USB device found, idVendor=1d6b, idProduct=0003, bcdDevice= 6.07
[    8.679212][    T1] usb usb10: New USB device strings: Mfr=3, Product=2, SerialNumber=1
[    8.680480][    T1] usb usb10: Product: USB/IP Virtual Host Controller
[    8.681251][    T1] usb usb10: Manufacturer: Linux 6.7.0-rc2-gbc9807868dfa-dirty vhci_hcd
[    8.682235][    T1] usb usb10: SerialNumber: vhci_hcd.0
[    8.685466][    T1] hub 10-0:1.0: USB hub found
[    8.686256][    T1] hub 10-0:1.0: 8 ports detected
[    8.695411][    T1] vhci_hcd vhci_hcd.1: USB/IP Virtual Host Controller
[    8.697116][    T1] vhci_hcd vhci_hcd.1: new USB bus registered, assigned bus number 11
[    8.698725][    T1] usb usb11: New USB device found, idVendor=1d6b, idProduct=0002, bcdDevice= 6.07
[    8.700143][    T1] usb usb11: New USB device strings: Mfr=3, Product=2, SerialNumber=1
[    8.701384][    T1] usb usb11: Product: USB/IP Virtual Host Controller
[    8.702306][    T1] usb usb11: Manufacturer: Linux 6.7.0-rc2-gbc9807868dfa-dirty vhci_hcd
[    8.703513][    T1] usb usb11: SerialNumber: vhci_hcd.1
[    8.706541][    T1] hub 11-0:1.0: USB hub found
[    8.707245][    T1] hub 11-0:1.0: 8 ports detected
[    8.714544][    T1] vhci_hcd vhci_hcd.1: USB/IP Virtual Host Controller
[    8.716336][    T1] vhci_hcd vhci_hcd.1: new USB bus registered, assigned bus number 12
[    8.717743][    T1] usb usb12: We don't know the algorithms for LPM for this host, disabling LPM.
[    8.720045][    T1] usb usb12: New USB device found, idVendor=1d6b, idProduct=0003, bcdDevice= 6.07
[    8.721194][    T1] usb usb12: New USB device strings: Mfr=3, Product=2, SerialNumber=1
[    8.722176][    T1] usb usb12: Product: USB/IP Virtual Host Controller
[    8.722960][    T1] usb usb12: Manufacturer: Linux 6.7.0-rc2-gbc9807868dfa-dirty vhci_hcd
[    8.724088][    T1] usb usb12: SerialNumber: vhci_hcd.1
[    8.726727][    T1] hub 12-0:1.0: USB hub found
[    8.727864][    T1] hub 12-0:1.0: 8 ports detected
[    8.736795][    T1] vhci_hcd vhci_hcd.2: USB/IP Virtual Host Controller
[    8.738570][    T1] vhci_hcd vhci_hcd.2: new USB bus registered, assigned bus number 13
[    8.740672][    T1] usb usb13: New USB device found, idVendor=1d6b, idProduct=0002, bcdDevice= 6.07
[    8.741770][    T1] usb usb13: New USB device strings: Mfr=3, Product=2, SerialNumber=1
[    8.742716][    T1] usb usb13: Product: USB/IP Virtual Host Controller
[    8.743491][    T1] usb usb13: Manufacturer: Linux 6.7.0-rc2-gbc9807868dfa-dirty vhci_hcd
[    8.744454][    T1] usb usb13: SerialNumber: vhci_hcd.2
[    8.747344][    T1] hub 13-0:1.0: USB hub found
[    8.748160][    T1] hub 13-0:1.0: 8 ports detected
[    8.755771][    T1] vhci_hcd vhci_hcd.2: USB/IP Virtual Host Controller
[    8.757632][    T1] vhci_hcd vhci_hcd.2: new USB bus registered, assigned bus number 14
[    8.758986][    T1] usb usb14: We don't know the algorithms for LPM for this host, disabling LPM.
[    8.760992][    T1] usb usb14: New USB device found, idVendor=1d6b, idProduct=0003, bcdDevice= 6.07
[    8.762214][    T1] usb usb14: New USB device strings: Mfr=3, Product=2, SerialNumber=1
[    8.763255][    T1] usb usb14: Product: USB/IP Virtual Host Controller
[    8.764107][    T1] usb usb14: Manufacturer: Linux 6.7.0-rc2-gbc9807868dfa-dirty vhci_hcd
[    8.765168][    T1] usb usb14: SerialNumber: vhci_hcd.2
[    8.768536][    T1] hub 14-0:1.0: USB hub found
[    8.769359][    T1] hub 14-0:1.0: 8 ports detected
[    8.777542][    T1] vhci_hcd vhci_hcd.3: USB/IP Virtual Host Controller
[    8.781383][    T1] vhci_hcd vhci_hcd.3: new USB bus registered, assigned bus number 15
[    8.783111][    T1] usb usb15: New USB device found, idVendor=1d6b, idProduct=0002, bcdDevice= 6.07
[    8.784342][    T1] usb usb15: New USB device strings: Mfr=3, Product=2, SerialNumber=1
[    8.785428][    T1] usb usb15: Product: USB/IP Virtual Host Controller
[    8.786292][    T1] usb usb15: Manufacturer: Linux 6.7.0-rc2-gbc9807868dfa-dirty vhci_hcd
[    8.787464][    T1] usb usb15: SerialNumber: vhci_hcd.3
[    8.791090][    T1] hub 15-0:1.0: USB hub found
[    8.791824][    T1] hub 15-0:1.0: 8 ports detected
[    8.798784][    T1] vhci_hcd vhci_hcd.3: USB/IP Virtual Host Controller
[    8.800943][    T1] vhci_hcd vhci_hcd.3: new USB bus registered, assigned bus number 16
[    8.802383][    T1] usb usb16: We don't know the algorithms for LPM for this host, disabling LPM.
[    8.804295][    T1] usb usb16: New USB device found, idVendor=1d6b, idProduct=0003, bcdDevice= 6.07
[    8.805460][    T1] usb usb16: New USB device strings: Mfr=3, Product=2, SerialNumber=1
[    8.806452][    T1] usb usb16: Product: USB/IP Virtual Host Controller
[    8.807249][    T1] usb usb16: Manufacturer: Linux 6.7.0-rc2-gbc9807868dfa-dirty vhci_hcd
[    8.808231][    T1] usb usb16: SerialNumber: vhci_hcd.3
[    8.811612][    T1] hub 16-0:1.0: USB hub found
[    8.812348][    T1] hub 16-0:1.0: 8 ports detected
[    8.822071][    T1] vhci_hcd vhci_hcd.4: USB/IP Virtual Host Controller
[    8.823868][    T1] vhci_hcd vhci_hcd.4: new USB bus registered, assigned bus number 17
[    8.825459][    T1] usb usb17: New USB device found, idVendor=1d6b, idProduct=0002, bcdDevice= 6.07
[    8.826570][    T1] usb usb17: New USB device strings: Mfr=3, Product=2, SerialNumber=1
[    8.827519][    T1] usb usb17: Product: USB/IP Virtual Host Controller
[    8.828323][    T1] usb usb17: Manufacturer: Linux 6.7.0-rc2-gbc9807868dfa-dirty vhci_hcd
[    8.829292][    T1] usb usb17: SerialNumber: vhci_hcd.4
[    8.832618][    T1] hub 17-0:1.0: USB hub found
[    8.833445][    T1] hub 17-0:1.0: 8 ports detected
[    8.841260][    T1] vhci_hcd vhci_hcd.4: USB/IP Virtual Host Controller
[    8.843049][    T1] vhci_hcd vhci_hcd.4: new USB bus registered, assigned bus number 18
[    8.844366][    T1] usb usb18: We don't know the algorithms for LPM for this host, disabling LPM.
[    8.845964][    T1] usb usb18: New USB device found, idVendor=1d6b, idProduct=0003, bcdDevice= 6.07
[    8.847080][    T1] usb usb18: New USB device strings: Mfr=3, Product=2, SerialNumber=1
[    8.848076][    T1] usb usb18: Product: USB/IP Virtual Host Controller
[    8.848886][    T1] usb usb18: Manufacturer: Linux 6.7.0-rc2-gbc9807868dfa-dirty vhci_hcd
[    8.850191][    T1] usb usb18: SerialNumber: vhci_hcd.4
[    8.853914][    T1] hub 18-0:1.0: USB hub found
[    8.854647][    T1] hub 18-0:1.0: 8 ports detected
[    8.864498][    T1] vhci_hcd vhci_hcd.5: USB/IP Virtual Host Controller
[    8.867057][    T1] vhci_hcd vhci_hcd.5: new USB bus registered, assigned bus number 19
[    8.869026][    T1] usb usb19: New USB device found, idVendor=1d6b, idProduct=0002, bcdDevice= 6.07
[    8.870674][    T1] usb usb19: New USB device strings: Mfr=3, Product=2, SerialNumber=1
[    8.871729][    T1] usb usb19: Product: USB/IP Virtual Host Controller
[    8.872587][    T1] usb usb19: Manufacturer: Linux 6.7.0-rc2-gbc9807868dfa-dirty vhci_hcd
[    8.873665][    T1] usb usb19: SerialNumber: vhci_hcd.5
[    8.877003][    T1] hub 19-0:1.0: USB hub found
[    8.877788][    T1] hub 19-0:1.0: 8 ports detected
[    8.885497][    T1] vhci_hcd vhci_hcd.5: USB/IP Virtual Host Controller
[    8.887694][    T1] vhci_hcd vhci_hcd.5: new USB bus registered, assigned bus number 20
[    8.889214][    T1] usb usb20: We don't know the algorithms for LPM for this host, disabling LPM.
[    8.891261][    T1] usb usb20: New USB device found, idVendor=1d6b, idProduct=0003, bcdDevice= 6.07
[    8.892387][    T1] usb usb20: New USB device strings: Mfr=3, Product=2, SerialNumber=1
[    8.893382][    T1] usb usb20: Product: USB/IP Virtual Host Controller
[    8.894189][    T1] usb usb20: Manufacturer: Linux 6.7.0-rc2-gbc9807868dfa-dirty vhci_hcd
[    8.895200][    T1] usb usb20: SerialNumber: vhci_hcd.5
[    8.898331][    T1] hub 20-0:1.0: USB hub found
[    8.899094][    T1] hub 20-0:1.0: 8 ports detected
[    8.909312][    T1] vhci_hcd vhci_hcd.6: USB/IP Virtual Host Controller
[    8.911634][    T1] vhci_hcd vhci_hcd.6: new USB bus registered, assigned bus number 21
[    8.913415][    T1] usb usb21: New USB device found, idVendor=1d6b, idProduct=0002, bcdDevice= 6.07
[    8.914629][    T1] usb usb21: New USB device strings: Mfr=3, Product=2, SerialNumber=1
[    8.915701][    T1] usb usb21: Product: USB/IP Virtual Host Controller
[    8.916579][    T1] usb usb21: Manufacturer: Linux 6.7.0-rc2-gbc9807868dfa-dirty vhci_hcd
[    8.917878][    T1] usb usb21: SerialNumber: vhci_hcd.6
[    8.921911][    T1] hub 21-0:1.0: USB hub found
[    8.922657][    T1] hub 21-0:1.0: 8 ports detected
[    8.929166][    T1] vhci_hcd vhci_hcd.6: USB/IP Virtual Host Controller
[    8.930610][    T1] vhci_hcd vhci_hcd.6: new USB bus registered, assigned bus number 22
[    8.932201][    T1] usb usb22: We don't know the algorithms for LPM for this host, disabling LPM.
[    8.933793][    T1] usb usb22: New USB device found, idVendor=1d6b, idProduct=0003, bcdDevice= 6.07
[    8.935020][    T1] usb usb22: New USB device strings: Mfr=3, Product=2, SerialNumber=1
[    8.936100][    T1] usb usb22: Product: USB/IP Virtual Host Controller
[    8.936931][    T1] usb usb22: Manufacturer: Linux 6.7.0-rc2-gbc9807868dfa-dirty vhci_hcd
[    8.937921][    T1] usb usb22: SerialNumber: vhci_hcd.6
[    8.941080][    T1] hub 22-0:1.0: USB hub found
[    8.942114][    T1] hub 22-0:1.0: 8 ports detected
[    8.951665][    T1] vhci_hcd vhci_hcd.7: USB/IP Virtual Host Controller
[    8.953440][    T1] vhci_hcd vhci_hcd.7: new USB bus registered, assigned bus number 23
[    8.954991][    T1] usb usb23: New USB device found, idVendor=1d6b, idProduct=0002, bcdDevice= 6.07
[    8.956072][    T1] usb usb23: New USB device strings: Mfr=3, Product=2, SerialNumber=1
[    8.957039][    T1] usb usb23: Product: USB/IP Virtual Host Controller
[    8.957841][    T1] usb usb23: Manufacturer: Linux 6.7.0-rc2-gbc9807868dfa-dirty vhci_hcd
[    8.958831][    T1] usb usb23: SerialNumber: vhci_hcd.7
[    8.962233][    T1] hub 23-0:1.0: USB hub found
[    8.962989][    T1] hub 23-0:1.0: 8 ports detected
[    8.970475][    T1] vhci_hcd vhci_hcd.7: USB/IP Virtual Host Controller
[    8.971935][    T1] vhci_hcd vhci_hcd.7: new USB bus registered, assigned bus number 24
[    8.973745][    T1] usb usb24: We don't know the algorithms for LPM for this host, disabling LPM.
[    8.975591][    T1] usb usb24: New USB device found, idVendor=1d6b, idProduct=0003, bcdDevice= 6.07
[    8.976794][    T1] usb usb24: New USB device strings: Mfr=3, Product=2, SerialNumber=1
[    8.977844][    T1] usb usb24: Product: USB/IP Virtual Host Controller
[    8.978695][    T1] usb usb24: Manufacturer: Linux 6.7.0-rc2-gbc9807868dfa-dirty vhci_hcd
[    8.980130][    T1] usb usb24: SerialNumber: vhci_hcd.7
[    8.983292][    T1] hub 24-0:1.0: USB hub found
[    8.984096][    T1] hub 24-0:1.0: 8 ports detected
[    8.994263][    T1] vhci_hcd vhci_hcd.8: USB/IP Virtual Host Controller
[    8.996420][    T1] vhci_hcd vhci_hcd.8: new USB bus registered, assigned bus number 25
[    8.998147][    T1] usb usb25: New USB device found, idVendor=1d6b, idProduct=0002, bcdDevice= 6.07
[    8.999331][    T1] usb usb25: New USB device strings: Mfr=3, Product=2, SerialNumber=1
[    9.000504][    T1] usb usb25: Product: USB/IP Virtual Host Controller
[    9.001442][    T1] usb usb25: Manufacturer: Linux 6.7.0-rc2-gbc9807868dfa-dirty vhci_hcd
[    9.002746][    T1] usb usb25: SerialNumber: vhci_hcd.8
[    9.005894][    T1] hub 25-0:1.0: USB hub found
[    9.007026][    T1] hub 25-0:1.0: 8 ports detected
[    9.014324][    T1] vhci_hcd vhci_hcd.8: USB/IP Virtual Host Controller
[    9.015792][    T1] vhci_hcd vhci_hcd.8: new USB bus registered, assigned bus number 26
[    9.017485][    T1] usb usb26: We don't know the algorithms for LPM for this host, disabling LPM.
[    9.019981][    T1] usb usb26: New USB device found, idVendor=1d6b, idProduct=0003, bcdDevice= 6.07
[    9.021172][    T1] usb usb26: New USB device strings: Mfr=3, Product=2, SerialNumber=1
[    9.022322][    T1] usb usb26: Product: USB/IP Virtual Host Controller
[    9.023135][    T1] usb usb26: Manufacturer: Linux 6.7.0-rc2-gbc9807868dfa-dirty vhci_hcd
[    9.024132][    T1] usb usb26: SerialNumber: vhci_hcd.8
[    9.026924][    T1] hub 26-0:1.0: USB hub found
[    9.028008][    T1] hub 26-0:1.0: 8 ports detected
[    9.037359][    T1] vhci_hcd vhci_hcd.9: USB/IP Virtual Host Controller
[    9.040103][    T1] vhci_hcd vhci_hcd.9: new USB bus registered, assigned bus number 27
[    9.041643][    T1] usb usb27: New USB device found, idVendor=1d6b, idProduct=0002, bcdDevice= 6.07
[    9.042716][    T1] usb usb27: New USB device strings: Mfr=3, Product=2, SerialNumber=1
[    9.043682][    T1] usb usb27: Product: USB/IP Virtual Host Controller
[    9.044447][    T1] usb usb27: Manufacturer: Linux 6.7.0-rc2-gbc9807868dfa-dirty vhci_hcd
[    9.045406][    T1] usb usb27: SerialNumber: vhci_hcd.9
[    9.048376][    T1] hub 27-0:1.0: USB hub found
[    9.049098][    T1] hub 27-0:1.0: 8 ports detected
[    9.056654][    T1] vhci_hcd vhci_hcd.9: USB/IP Virtual Host Controller
[    9.058785][    T1] vhci_hcd vhci_hcd.9: new USB bus registered, assigned bus number 28
[    9.060363][    T1] usb usb28: We don't know the algorithms for LPM for this host, disabling LPM.
[    9.062002][    T1] usb usb28: New USB device found, idVendor=1d6b, idProduct=0003, bcdDevice= 6.07
[    9.063177][    T1] usb usb28: New USB device strings: Mfr=3, Product=2, SerialNumber=1
[    9.064201][    T1] usb usb28: Product: USB/IP Virtual Host Controller
[    9.065018][    T1] usb usb28: Manufacturer: Linux 6.7.0-rc2-gbc9807868dfa-dirty vhci_hcd
[    9.066035][    T1] usb usb28: SerialNumber: vhci_hcd.9
[    9.069324][    T1] hub 28-0:1.0: USB hub found
[    9.070516][    T1] hub 28-0:1.0: 8 ports detected
[    9.080449][    T1] vhci_hcd vhci_hcd.10: USB/IP Virtual Host Controller
[    9.082000][    T1] vhci_hcd vhci_hcd.10: new USB bus registered, assigned bus number 29
[    9.084406][    T1] usb usb29: New USB device found, idVendor=1d6b, idProduct=0002, bcdDevice= 6.07
[    9.085981][    T1] usb usb29: New USB device strings: Mfr=3, Product=2, SerialNumber=1
[    9.087085][    T1] usb usb29: Product: USB/IP Virtual Host Controller
[    9.087956][    T1] usb usb29: Manufacturer: Linux 6.7.0-rc2-gbc9807868dfa-dirty vhci_hcd
[    9.091577][    T1] usb usb29: SerialNumber: vhci_hcd.10
[    9.095385][    T1] hub 29-0:1.0: USB hub found
[    9.096177][    T1] hub 29-0:1.0: 8 ports detected
[    9.104467][    T1] vhci_hcd vhci_hcd.10: USB/IP Virtual Host Controller
[    9.106411][    T1] vhci_hcd vhci_hcd.10: new USB bus registered, assigned bus number 30
[    9.107868][    T1] usb usb30: We don't know the algorithms for LPM for this host, disabling LPM.
[    9.109918][    T1] usb usb30: New USB device found, idVendor=1d6b, idProduct=0003, bcdDevice= 6.07
[    9.111089][    T1] usb usb30: New USB device strings: Mfr=3, Product=2, SerialNumber=1
[    9.112132][    T1] usb usb30: Product: USB/IP Virtual Host Controller
[    9.112987][    T1] usb usb30: Manufacturer: Linux 6.7.0-rc2-gbc9807868dfa-dirty vhci_hcd
[    9.114057][    T1] usb usb30: SerialNumber: vhci_hcd.10
[    9.116979][    T1] hub 30-0:1.0: USB hub found
[    9.118298][    T1] hub 30-0:1.0: 8 ports detected
[    9.127341][    T1] vhci_hcd vhci_hcd.11: USB/IP Virtual Host Controller
[    9.130483][    T1] vhci_hcd vhci_hcd.11: new USB bus registered, assigned bus number 31
[    9.132475][    T1] usb usb31: New USB device found, idVendor=1d6b, idProduct=0002, bcdDevice= 6.07
[    9.133731][    T1] usb usb31: New USB device strings: Mfr=3, Product=2, SerialNumber=1
[    9.134851][    T1] usb usb31: Product: USB/IP Virtual Host Controller
[    9.135803][    T1] usb usb31: Manufacturer: Linux 6.7.0-rc2-gbc9807868dfa-dirty vhci_hcd
[    9.136881][    T1] usb usb31: SerialNumber: vhci_hcd.11
[    9.140674][    T1] hub 31-0:1.0: USB hub found
[    9.141414][    T1] hub 31-0:1.0: 8 ports detected
[    9.149053][    T1] vhci_hcd vhci_hcd.11: USB/IP Virtual Host Controller
[    9.151057][    T1] vhci_hcd vhci_hcd.11: new USB bus registered, assigned bus number 32
[    9.153142][    T1] usb usb32: We don't know the algorithms for LPM for this host, disabling LPM.
[    9.154743][    T1] usb usb32: New USB device found, idVendor=1d6b, idProduct=0003, bcdDevice= 6.07
[    9.155842][    T1] usb usb32: New USB device strings: Mfr=3, Product=2, SerialNumber=1
[    9.156814][    T1] usb usb32: Product: USB/IP Virtual Host Controller
[    9.157611][    T1] usb usb32: Manufacturer: Linux 6.7.0-rc2-gbc9807868dfa-dirty vhci_hcd
[    9.158613][    T1] usb usb32: SerialNumber: vhci_hcd.11
[    9.162037][    T1] hub 32-0:1.0: USB hub found
[    9.162771][    T1] hub 32-0:1.0: 8 ports detected
[    9.172215][    T1] vhci_hcd vhci_hcd.12: USB/IP Virtual Host Controller
[    9.173951][    T1] vhci_hcd vhci_hcd.12: new USB bus registered, assigned bus number 33
[    9.175597][    T1] usb usb33: New USB device found, idVendor=1d6b, idProduct=0002, bcdDevice= 6.07
[    9.176689][    T1] usb usb33: New USB device strings: Mfr=3, Product=2, SerialNumber=1
[    9.177664][    T1] usb usb33: Product: USB/IP Virtual Host Controller
[    9.178465][    T1] usb usb33: Manufacturer: Linux 6.7.0-rc2-gbc9807868dfa-dirty vhci_hcd
[    9.179491][    T1] usb usb33: SerialNumber: vhci_hcd.12
[    9.182957][    T1] hub 33-0:1.0: USB hub found
[    9.183836][    T1] hub 33-0:1.0: 8 ports detected
[    9.190582][    T1] vhci_hcd vhci_hcd.12: USB/IP Virtual Host Controller
[    9.193782][    T1] vhci_hcd vhci_hcd.12: new USB bus registered, assigned bus number 34
[    9.196676][    T1] usb usb34: We don't know the algorithms for LPM for this host, disabling LPM.
[    9.200761][    T1] usb usb34: New USB device found, idVendor=1d6b, idProduct=0003, bcdDevice= 6.07
[    9.202407][    T1] usb usb34: New USB device strings: Mfr=3, Product=2, SerialNumber=1
[    9.203348][    T1] usb usb34: Product: USB/IP Virtual Host Controller
[    9.204115][    T1] usb usb34: Manufacturer: Linux 6.7.0-rc2-gbc9807868dfa-dirty vhci_hcd
[    9.205099][    T1] usb usb34: SerialNumber: vhci_hcd.12
[    9.208029][    T1] hub 34-0:1.0: USB hub found
[    9.208736][    T1] hub 34-0:1.0: 8 ports detected
[    9.218599][    T1] vhci_hcd vhci_hcd.13: USB/IP Virtual Host Controller
[    9.220800][    T1] vhci_hcd vhci_hcd.13: new USB bus registered, assigned bus number 35
[    9.222585][    T1] usb usb35: New USB device found, idVendor=1d6b, idProduct=0002, bcdDevice= 6.07
[    9.223809][    T1] usb usb35: New USB device strings: Mfr=3, Product=2, SerialNumber=1
[    9.224967][    T1] usb usb35: Product: USB/IP Virtual Host Controller
[    9.225842][    T1] usb usb35: Manufacturer: Linux 6.7.0-rc2-gbc9807868dfa-dirty vhci_hcd
[    9.226906][    T1] usb usb35: SerialNumber: vhci_hcd.13
[    9.230811][    T1] hub 35-0:1.0: USB hub found
[    9.231627][    T1] hub 35-0:1.0: 8 ports detected
[    9.238633][    T1] vhci_hcd vhci_hcd.13: USB/IP Virtual Host Controller
[    9.240714][    T1] vhci_hcd vhci_hcd.13: new USB bus registered, assigned bus number 36
[    9.242453][    T1] usb usb36: We don't know the algorithms for LPM for this host, disabling LPM.
[    9.244196][    T1] usb usb36: New USB device found, idVendor=1d6b, idProduct=0003, bcdDevice= 6.07
[    9.245410][    T1] usb usb36: New USB device strings: Mfr=3, Product=2, SerialNumber=1
[    9.246456][    T1] usb usb36: Product: USB/IP Virtual Host Controller
[    9.247312][    T1] usb usb36: Manufacturer: Linux 6.7.0-rc2-gbc9807868dfa-dirty vhci_hcd
[    9.248385][    T1] usb usb36: SerialNumber: vhci_hcd.13
[    9.251730][    T1] hub 36-0:1.0: USB hub found
[    9.252865][    T1] hub 36-0:1.0: 8 ports detected
[    9.262305][    T1] vhci_hcd vhci_hcd.14: USB/IP Virtual Host Controller
[    9.265092][    T1] vhci_hcd vhci_hcd.14: new USB bus registered, assigned bus number 37
[    9.266821][    T1] usb usb37: New USB device found, idVendor=1d6b, idProduct=0002, bcdDevice= 6.07
[    9.268011][    T1] usb usb37: New USB device strings: Mfr=3, Product=2, SerialNumber=1
[    9.269038][    T1] usb usb37: Product: USB/IP Virtual Host Controller
[    9.269958][    T1] usb usb37: Manufacturer: Linux 6.7.0-rc2-gbc9807868dfa-dirty vhci_hcd
[    9.271007][    T1] usb usb37: SerialNumber: vhci_hcd.14
[    9.274206][    T1] hub 37-0:1.0: USB hub found
[    9.275056][    T1] hub 37-0:1.0: 8 ports detected
[    9.283256][    T1] vhci_hcd vhci_hcd.14: USB/IP Virtual Host Controller
[    9.285310][    T1] vhci_hcd vhci_hcd.14: new USB bus registered, assigned bus number 38
[    9.286706][    T1] usb usb38: We don't know the algorithms for LPM for this host, disabling LPM.
[    9.288566][    T1] usb usb38: New USB device found, idVendor=1d6b, idProduct=0003, bcdDevice= 6.07
[    9.290133][    T1] usb usb38: New USB device strings: Mfr=3, Product=2, SerialNumber=1
[    9.291195][    T1] usb usb38: Product: USB/IP Virtual Host Controller
[    9.292041][    T1] usb usb38: Manufacturer: Linux 6.7.0-rc2-gbc9807868dfa-dirty vhci_hcd
[    9.293081][    T1] usb usb38: SerialNumber: vhci_hcd.14
[    9.296553][    T1] hub 38-0:1.0: USB hub found
[    9.297309][    T1] hub 38-0:1.0: 8 ports detected
[    9.306147][    T1] vhci_hcd vhci_hcd.15: USB/IP Virtual Host Controller
[    9.308026][    T1] vhci_hcd vhci_hcd.15: new USB bus registered, assigned bus number 39
[    9.310416][    T1] usb usb39: New USB device found, idVendor=1d6b, idProduct=0002, bcdDevice= 6.07
[    9.311603][    T1] usb usb39: New USB device strings: Mfr=3, Product=2, SerialNumber=1
[    9.312660][    T1] usb usb39: Product: USB/IP Virtual Host Controller
[    9.313497][    T1] usb usb39: Manufacturer: Linux 6.7.0-rc2-gbc9807868dfa-dirty vhci_hcd
[    9.314537][    T1] usb usb39: SerialNumber: vhci_hcd.15
[    9.317644][    T1] hub 39-0:1.0: USB hub found
[    9.318610][    T1] hub 39-0:1.0: 8 ports detected
[    9.325916][    T1] vhci_hcd vhci_hcd.15: USB/IP Virtual Host Controller
[    9.328115][    T1] vhci_hcd vhci_hcd.15: new USB bus registered, assigned bus number 40
[    9.329488][    T1] usb usb40: We don't know the algorithms for LPM for this host, disabling LPM.
[    9.331571][    T1] usb usb40: New USB device found, idVendor=1d6b, idProduct=0003, bcdDevice= 6.07
[    9.332786][    T1] usb usb40: New USB device strings: Mfr=3, Product=2, SerialNumber=1
[    9.333870][    T1] usb usb40: Product: USB/IP Virtual Host Controller
[    9.334724][    T1] usb usb40: Manufacturer: Linux 6.7.0-rc2-gbc9807868dfa-dirty vhci_hcd
[    9.335960][    T1] usb usb40: SerialNumber: vhci_hcd.15
[    9.339094][    T1] hub 40-0:1.0: USB hub found
[    9.340269][    T1] hub 40-0:1.0: 8 ports detected
[    9.349265][    T1] usbcore: registered new device driver usbip-host
[    9.354400][    T1] i8042: PNP: PS/2 Controller [PNP0303:KBD,PNP0f13:MOU] at 0x60,0x64 irq 1,12
[    9.357120][    T1] serio: i8042 KBD port at 0x60,0x64 irq 1
[    9.365056][    T1] serio: i8042 AUX port at 0x60,0x64 irq 12
[    9.370413][    T1] mousedev: PS/2 mouse device common for all mice
[    9.372750][    T1] usbcore: registered new interface driver appletouch
[    9.373763][    T1] usbcore: registered new interface driver bcm5974
[    9.374943][    T1] usbcore: registered new interface driver synaptics_usb
[    9.375991][    T1] usbcore: registered new interface driver iforce
[    9.377120][    T1] usbcore: registered new interface driver xpad
[    9.378010][    T1] usbcore: registered new interface driver usb_acecad
[    9.378925][    T1] usbcore: registered new interface driver aiptek
[    9.382097][    T9] input: AT Translated Set 2 keyboard as /devices/platform/i8042/serio0/input/input1
[    9.396277][    T1] usbcore: registered new interface driver hanwang
[    9.397683][    T1] usbcore: registered new interface driver kbtab
[    9.399270][    T1] usbcore: registered new interface driver pegasus_notetaker
[    9.401651][    T1] usbcore: registered new interface driver usbtouchscreen
[    9.403019][    T1] usbcore: registered new interface driver sur40
[    9.404261][    T1] usbcore: registered new interface driver ati_remote2
[    9.405082][    T1] cm109: Keymap for Komunikate KIP1000 phone loaded
[    9.406385][    T1] usbcore: registered new interface driver cm109
[    9.407180][    T1] cm109: CM109 phone driver: 20080805 (C) Alfred E. Heggestad
[    9.408587][    T1] usbcore: registered new interface driver ims_pcu
[    9.411102][    T1] usbcore: registered new interface driver keyspan_remote
[    9.412643][    T1] usbcore: registered new interface driver powermate
[    9.415030][    T1] usbcore: registered new interface driver yealink
[    9.419066][    T1] rtc_cmos 00:05: RTC can wake from S4
[    9.425558][    T1] rtc_cmos 00:05: registered as rtc0
[    9.426312][    T1] rtc_cmos 00:05: alarms up to one day, y3k, 242 bytes nvram, hpet irqs
[    9.429299][    T1] i2c_dev: i2c /dev entries driver
[    9.432285][    T1] usbcore: registered new interface driver i2c-diolan-u2c
[    9.434373][    T1] usbcore: registered new interface driver RobotFuzz Open Source InterFace, OSIF
[    9.436115][    T1] usbcore: registered new interface driver i2c-tiny-usb
[    9.441809][    T1] usbcore: registered new interface driver igorplugusb
[    9.442842][    T1] usbcore: registered new interface driver iguanair
[    9.443832][    T1] usbcore: registered new interface driver imon
[    9.444886][    T1] usbcore: registered new interface driver mceusb
[    9.445821][    T1] usbcore: registered new interface driver redrat3
[    9.446771][    T1] usbcore: registered new interface driver streamzap
[    9.447759][    T1] usbcore: registered new interface driver ttusbir
[    9.448727][    T1] usbcore: registered new interface driver ati_remote
[    9.458680][    T1] b2c2-flexcop: B2C2 FlexcopII/II(b)/III digital TV receiver chip loaded successfully
[    9.460833][    T1] usbcore: registered new interface driver b2c2_flexcop_usb
[    9.463167][    T1] usbcore: registered new interface driver dvb_usb_vp7045
[    9.464684][    T1] usbcore: registered new interface driver dvb_usb_vp702x
[    9.466180][    T1] usbcore: registered new interface driver dvb_usb_gp8psk
[    9.467836][    T1] usbcore: registered new interface driver dvb_usb_dtt200u
[    9.469326][    T1] usbcore: registered new interface driver dvb_usb_a800
[    9.472434][    T1] usbcore: registered new interface driver dvb_usb_dibusb_mb
[    9.473880][    T1] usbcore: registered new interface driver dvb_usb_dibusb_mc
[    9.475398][    T1] usbcore: registered new interface driver dvb_usb_nova_t_usb2
[    9.477093][    T1] usbcore: registered new interface driver dvb_usb_umt_010
[    9.478647][    T1] usbcore: registered new interface driver dvb_usb_m920x
[    9.480665][    T1] usbcore: registered new interface driver dvb_usb_digitv
[    9.482053][    T1] usbcore: registered new interface driver dvb_usb_cxusb
[    9.483477][    T1] usbcore: registered new interface driver dvb_usb_ttusb2
[    9.485143][    T1] usbcore: registered new interface driver dvb_usb_dib0700
[    9.486628][    T1] usbcore: registered new interface driver opera1
[    9.488040][    T1] usbcore: registered new interface driver dvb_usb_af9005
[    9.488936][    T1] failing symbol_get of non-GPLONLY symbol af9005_rc_decode.
[    9.491237][    T1] failing symbol_get of non-GPLONLY symbol af9005_rc_decode.
[    9.492195][    T1] failing symbol_get of non-GPLONLY symbol rc_map_af9005_table.
[    9.493674][    T1] failing symbol_get of non-GPLONLY symbol rc_map_af9005_table.
[    9.494643][    T1] failing symbol_get of non-GPLONLY symbol rc_map_af9005_table_size.
[    9.496065][    T1] failing symbol_get of non-GPLONLY symbol rc_map_af9005_table_size.
[    9.497082][    T1] af9005: af9005_rc_decode function not found, disabling remote
[    9.498593][    T1] usbcore: registered new interface driver pctv452e
[    9.500433][    T1] usbcore: registered new interface driver dw2102
[    9.501749][    T1] usbcore: registered new interface driver dvb_usb_dtv5100
[    9.503175][    T1] usbcore: registered new interface driver cinergyT2
[    9.504621][    T1] usbcore: registered new interface driver dvb_usb_az6027
[    9.506046][    T1] usbcore: registered new interface driver dvb_usb_technisat_usb2
[    9.507568][    T1] usbcore: registered new interface driver dvb_usb_af9015
[    9.509024][    T1] usbcore: registered new interface driver dvb_usb_af9035
[    9.510862][    T1] usbcore: registered new interface driver dvb_usb_anysee
[    9.512297][    T1] usbcore: registered new interface driver dvb_usb_au6610
[    9.513726][    T1] usbcore: registered new interface driver dvb_usb_az6007
[    9.515144][    T1] usbcore: registered new interface driver dvb_usb_ce6230
[    9.516554][    T1] usbcore: registered new interface driver dvb_usb_ec168
[    9.518009][    T1] usbcore: registered new interface driver dvb_usb_lmedm04
[    9.519449][    T1] usbcore: registered new interface driver dvb_usb_gl861
[    9.521339][    T1] usbcore: registered new interface driver dvb_usb_mxl111sf
[    9.522840][    T1] usbcore: registered new interface driver dvb_usb_rtl28xxu
[    9.524301][    T1] usbcore: registered new interface driver dvb_usb_dvbsky
[    9.525721][    T1] usbcore: registered new interface driver zd1301
[    9.526790][    T1] usbcore: registered new interface driver s2255
[    9.528508][    T1] usbcore: registered new interface driver smsusb
[    9.530048][    T1] usbcore: registered new interface driver ttusb
[    9.531740][    T1] usbcore: registered new interface driver ttusb-dec
[    9.533154][    T1] usbcore: registered new interface driver Abilis Systems as10x usb driver
[    9.534874][    T1] usbcore: registered new interface driver airspy
[    9.535732][    T1] gspca_main: v2.14.0 registered
[    9.536930][    T1] usbcore: registered new interface driver benq
[    9.538282][    T1] usbcore: registered new interface driver conex
[    9.540004][    T1] usbcore: registered new interface driver cpia1
[    9.541424][    T1] usbcore: registered new interface driver dtcs033
[    9.542827][    T1] usbcore: registered new interface driver etoms
[    9.544230][    T1] usbcore: registered new interface driver finepix
[    9.545655][    T1] usbcore: registered new interface driver jeilinj
[    9.546734][    T1] usbcore: registered new interface driver jl2005bcd
[    9.548485][    T1] usbcore: registered new interface driver kinect
[    9.550257][    T1] usbcore: registered new interface driver konica
[    9.551936][    T1] usbcore: registered new interface driver mars
[    9.553293][    T1] usbcore: registered new interface driver mr97310a
[    9.554701][    T1] usbcore: registered new interface driver nw80x
[    9.556044][    T1] usbcore: registered new interface driver ov519
[    9.557441][    T1] usbcore: registered new interface driver ov534
[    9.558802][    T1] usbcore: registered new interface driver ov534_9
[    9.560660][    T1] usbcore: registered new interface driver pac207
[    9.562079][    T1] usbcore: registered new interface driver gspca_pac7302
[    9.563536][    T1] usbcore: registered new interface driver pac7311
[    9.564602][    T1] usbcore: registered new interface driver se401
[    9.566329][    T1] usbcore: registered new interface driver sn9c2028
[    9.567806][    T1] usbcore: registered new interface driver gspca_sn9c20x
[    9.569279][    T1] usbcore: registered new interface driver sonixb
[    9.571170][    T1] usbcore: registered new interface driver sonixj
[    9.572565][    T1] usbcore: registered new interface driver spca500
[    9.573660][    T1] usbcore: registered new interface driver spca501
[    9.575355][    T1] usbcore: registered new interface driver spca505
[    9.576737][    T1] usbcore: registered new interface driver spca506
[    9.578134][    T1] usbcore: registered new interface driver spca508
[    9.579540][    T1] usbcore: registered new interface driver spca561
[    9.581189][    T1] usbcore: registered new interface driver spca1528
[    9.582911][    T1] usbcore: registered new interface driver sq905
[    9.584314][    T1] usbcore: registered new interface driver sq905c
[    9.585705][    T1] usbcore: registered new interface driver sq930x
[    9.587143][    T1] usbcore: registered new interface driver sunplus
[    9.588539][    T1] usbcore: registered new interface driver stk014
[    9.590570][    T1] usbcore: registered new interface driver stk1135
[    9.591557][    T1] usbcore: registered new interface driver stv0680
[    9.592470][    T1] usbcore: registered new interface driver t613
[    9.593328][    T1] usbcore: registered new interface driver gspca_topro
[    9.594239][    T1] usbcore: registered new interface driver touptek
[    9.595350][    T1] usbcore: registered new interface driver tv8532
[    9.596229][    T1] usbcore: registered new interface driver vc032x
[    9.597069][    T1] usbcore: registered new interface driver vicam
[    9.597934][    T1] usbcore: registered new interface driver xirlink-cit
[    9.598884][    T1] usbcore: registered new interface driver gspca_zc3xx
[    9.605188][    T1] usbcore: registered new interface driver ALi m5602
[    9.607590][    T1] usbcore: registered new interface driver STV06xx
[    9.608905][    T1] usbcore: registered new interface driver gspca_gl860
