c[?7l[2J[0mSeaBIOS (version 1.15.0-1)


iPXE (https://ipxe.org) 00:03.0 CA00 PCI2.10 PnP PMM+7FF8B310+7FECB310 CA00
Press Ctrl-B to configure iPXE (PCI 00:03.0)...                                                                               


Booting from ROM..c[?7l[2J[0m.early console in extract_kernel
input_data: 0x000000000d989298
input_len: 0x000000000505d0ab
output: 0x0000000001000000
output_len: 0x000000000fd14b28
kernel_total_size: 0x0000000011a26000
needed_size: 0x0000000011c00000
trampoline_32bit: 0x0000000000000000

Decompressing Linux... Parsing ELF... done.
Booting the kernel (entry_offset: 0x0000000000000080).
[    0.000000][    T0] Linux version 6.7.0-rc2-gbc9807868dfa-dirty (vmware@LAPTOP-BUKH5KQI) (gcc (Ubuntu 11.4.0-1ubuntu1~22.04) 11.4.0, GNU ld (GNU Binutils for Ubuntu) 2.38) #18 SMP PREEMPT_DYNAMIC Wed Nov 29 16:57:15 KST 2023
[    0.000000][    T0] Command line: console=ttyS0 root=/dev/sda earlyprintk=serial net.ifnames=0
[    0.000000][    T0] KERNEL supported cpus:
[    0.000000][    T0]   Intel GenuineIntel
[    0.000000][    T0]   AMD AuthenticAMD
[    0.000000][    T0] BIOS-provided physical RAM map:
[    0.000000][    T0] BIOS-e820: [mem 0x0000000000000000-0x000000000009fbff] usable
[    0.000000][    T0] BIOS-e820: [mem 0x000000000009fc00-0x000000000009ffff] reserved
[    0.000000][    T0] BIOS-e820: [mem 0x00000000000f0000-0x00000000000fffff] reserved
[    0.000000][    T0] BIOS-e820: [mem 0x0000000000100000-0x000000007ffdffff] usable
[    0.000000][    T0] BIOS-e820: [mem 0x000000007ffe0000-0x000000007fffffff] reserved
[    0.000000][    T0] BIOS-e820: [mem 0x00000000feffc000-0x00000000feffffff] reserved
[    0.000000][    T0] BIOS-e820: [mem 0x00000000fffc0000-0x00000000ffffffff] reserved
[    0.000000][    T0] printk: legacy bootconsole [earlyser0] enabled
[    0.000000][    T0] ERROR: earlyprintk= earlyser already used
[    0.000000][    T0] ERROR: earlyprintk= earlyser already used
[    0.000000][    T0] ERROR: earlyprintk= earlyser already used
[    0.000000][    T0] **********************************************************
[    0.000000][    T0] **   NOTICE NOTICE NOTICE NOTICE NOTICE NOTICE NOTICE   **
[    0.000000][    T0] **                                                      **
[    0.000000][    T0] ** This system shows unhashed kernel memory addresses   **
[    0.000000][    T0] ** via the console, logs, and other interfaces. This    **
[    0.000000][    T0] ** might reduce the security of your system.            **
[    0.000000][    T0] **                                                      **
[    0.000000][    T0] ** If you see this message and you are not debugging    **
[    0.000000][    T0] ** the kernel, report this immediately to your system   **
[    0.000000][    T0] ** administrator!                                       **
[    0.000000][    T0] **                                                      **
[    0.000000][    T0] **   NOTICE NOTICE NOTICE NOTICE NOTICE NOTICE NOTICE   **
[    0.000000][    T0] **********************************************************
[    0.000000][    T0] Malformed early option 'vsyscall'
[    0.000000][    T0] NX (Execute Disable) protection: active
[    0.000000][    T0] APIC: Static calls initialized
[    0.000000][    T0] SMBIOS 2.8 present.
[    0.000000][    T0] DMI: QEMU Standard PC (i440FX + PIIX, 1996), BIOS 1.15.0-1 04/01/2014
[    0.000000][    T0] Hypervisor detected: KVM
[    0.000000][    T0] kvm-clock: Using msrs 4b564d01 and 4b564d00
[    0.000023][    T0] kvm-clock: using sched offset of 1027261348 cycles
[    0.000976][    T0] clocksource: kvm-clock: mask: 0xffffffffffffffff max_cycles: 0x1cd42e4dffb, max_idle_ns: 881590591483 ns
[    0.003639][    T0] tsc: Detected 2688.010 MHz processor
[    0.009064][    T0] last_pfn = 0x7ffe0 max_arch_pfn = 0x400000000
[    0.010135][    T0] MTRR map: 4 entries (3 fixed + 1 variable; max 19), built from 8 variable MTRRs
[    0.011605][    T0] x86/PAT: Configuration [0-7]: WB  WC  UC- UC  WB  WP  UC- WT  
[    0.019801][    T0] found SMP MP-table at [mem 0x000f5ba0-0x000f5baf]
[    0.021923][    T0] ACPI: Early table checksum verification disabled
[    0.022935][    T0] ACPI: RSDP 0x00000000000F59E0 000014 (v00 BOCHS )
[    0.024006][    T0] ACPI: RSDT 0x000000007FFE1905 000034 (v01 BOCHS  BXPC     00000001 BXPC 00000001)
[    0.025474][    T0] ACPI: FACP 0x000000007FFE17B9 000074 (v01 BOCHS  BXPC     00000001 BXPC 00000001)
[    0.026937][    T0] ACPI: DSDT 0x000000007FFE0040 001779 (v01 BOCHS  BXPC     00000001 BXPC 00000001)
[    0.028427][    T0] ACPI: FACS 0x000000007FFE0000 000040
[    0.029294][    T0] ACPI: APIC 0x000000007FFE182D 000078 (v01 BOCHS  BXPC     00000001 BXPC 00000001)
[    0.030800][    T0] ACPI: HPET 0x000000007FFE18A5 000038 (v01 BOCHS  BXPC     00000001 BXPC 00000001)
[    0.032318][    T0] ACPI: WAET 0x000000007FFE18DD 000028 (v01 BOCHS  BXPC     00000001 BXPC 00000001)
[    0.033816][    T0] ACPI: Reserving FACP table memory at [mem 0x7ffe17b9-0x7ffe182c]
[    0.035074][    T0] ACPI: Reserving DSDT table memory at [mem 0x7ffe0040-0x7ffe17b8]
[    0.036342][    T0] ACPI: Reserving FACS table memory at [mem 0x7ffe0000-0x7ffe003f]
[    0.037613][    T0] ACPI: Reserving APIC table memory at [mem 0x7ffe182d-0x7ffe18a4]
[    0.038863][    T0] ACPI: Reserving HPET table memory at [mem 0x7ffe18a5-0x7ffe18dc]
[    0.040129][    T0] ACPI: Reserving WAET table memory at [mem 0x7ffe18dd-0x7ffe1904]
[    0.042008][    T0] No NUMA configuration found
[    0.042757][    T0] Faking a node at [mem 0x0000000000000000-0x000000007ffdffff]
[    0.043987][    T0] Faking node 0 at [mem 0x0000000000000000-0x000000003fffffff] (1024MB)
[    0.045317][    T0] Faking node 1 at [mem 0x0000000040000000-0x000000007ffdffff] (1023MB)
[    0.046793][    T0] NODE_DATA(0) allocated [mem 0x3fffa000-0x3fffffff]
[    0.048118][    T0] NODE_DATA(1) allocated [mem 0x7ffd9000-0x7ffdefff]
[    0.053981][    T0] Zone ranges:
[    0.054541][    T0]   DMA      [mem 0x0000000000001000-0x0000000000ffffff]
[    0.055734][    T0]   DMA32    [mem 0x0000000001000000-0x000000007ffdffff]
[    0.056850][    T0]   Normal   empty
[    0.058070][    T0]   Device   empty
[    0.058629][    T0] Movable zone start for each node
[    0.059392][    T0] Early memory node ranges
[    0.060053][    T0]   node   0: [mem 0x0000000000001000-0x000000000009efff]
[    0.061126][    T0]   node   0: [mem 0x0000000000100000-0x000000003fffffff]
[    0.062198][    T0]   node   1: [mem 0x0000000040000000-0x000000007ffdffff]
[    0.063271][    T0] Initmem setup node 0 [mem 0x0000000000001000-0x000000003fffffff]
[    0.064467][    T0] Initmem setup node 1 [mem 0x0000000040000000-0x000000007ffdffff]
[    0.065680][    T0] On node 0, zone DMA: 1 pages in unavailable ranges
[    0.065781][    T0] On node 0, zone DMA: 97 pages in unavailable ranges
[    0.080348][    T0] On node 1, zone DMA32: 32 pages in unavailable ranges
[    0.125461][    T0] kasan: KernelAddressSanitizer initialized
[    0.128004][    T0] ACPI: PM-Timer IO Port: 0x608
[    0.128735][    T0] ACPI: LAPIC_NMI (acpi_id[0xff] dfl dfl lint[0x1])
[    0.129780][    T0] IOAPIC[0]: apic_id 0, version 17, address 0xfec00000, GSI 0-23
[    0.130935][    T0] ACPI: INT_SRC_OVR (bus 0 bus_irq 0 global_irq 2 dfl dfl)
[    0.131998][    T0] ACPI: INT_SRC_OVR (bus 0 bus_irq 5 global_irq 5 high level)
[    0.133096][    T0] ACPI: INT_SRC_OVR (bus 0 bus_irq 9 global_irq 9 high level)
[    0.134259][    T0] ACPI: INT_SRC_OVR (bus 0 bus_irq 10 global_irq 10 high level)
[    0.135384][    T0] ACPI: INT_SRC_OVR (bus 0 bus_irq 11 global_irq 11 high level)
[    0.136573][    T0] ACPI: Using ACPI (MADT) for SMP configuration information
[    0.137750][    T0] ACPI: HPET id: 0x8086a201 base: 0xfed00000
[    0.138634][    T0] smpboot: Allowing 1 CPUs, 0 hotplug CPUs
[    0.139520][    T0] kvm-guest: APIC: eoi() replaced with kvm_guest_apic_eoi_write()
[    0.140784][    T0] PM: hibernation: Registered nosave memory: [mem 0x00000000-0x00000fff]
[    0.142028][    T0] PM: hibernation: Registered nosave memory: [mem 0x0009f000-0x0009ffff]
[    0.143283][    T0] PM: hibernation: Registered nosave memory: [mem 0x000a0000-0x000effff]
[    0.144521][    T0] PM: hibernation: Registered nosave memory: [mem 0x000f0000-0x000fffff]
[    0.145761][    T0] [mem 0x80000000-0xfeffbfff] available for PCI devices
[    0.146779][    T0] Booting paravirtualized kernel on KVM
[    0.147624][    T0] clocksource: refined-jiffies: mask: 0xffffffff max_cycles: 0xffffffff, max_idle_ns: 19112604462750000 ns
[    0.249316][    T0] setup_percpu: NR_CPUS:8 nr_cpumask_bits:1 nr_cpu_ids:1 nr_node_ids:2
[    0.251024][    T0] percpu: Embedded 72 pages/cpu s255176 r8192 d31544 u2097152
[    0.252367][    T0] kvm-guest: PV spinlocks disabled, no host support
[    0.253413][    T0] Kernel command line: earlyprintk=serial net.ifnames=0 sysctl.kernel.hung_task_all_cpu_backtrace=1 ima_policy=tcb nf-conntrack-ftp.ports=20000 nf-conntrack-tftp.ports=20000 nf-conntrack-sip.ports=20000 nf-conntrack-irc.ports=20000 nf-conntrack-sane.ports=20000 binder.debug_mask=0 rcupdate.rcu_expedited=1 rcupdate.rcu_cpu_stall_cputime=1 no_hash_pointers page_owner=on sysctl.vm.nr_hugepages=4 sysctl.vm.nr_overcommit_hugepages=4 secretmem.enable=1 sysctl.max_rcu_stall_to_panic=1 msr.allow_writes=off coredump_filter=0xffff root=/dev/sda console=ttyS0 vsyscall=native numa=fake=2 kvm-intel.nested=1 spec_store_bypass_disable=prctl nopcid vivid.n_devs=16 vivid.multiplanar=1,2,1,2,1,2,1,2,1,2,1,2,1,2,1,2 netrom.nr_ndevs=16 rose.rose_ndevs=16 smp.csd_lock_timeout=100000 watchdog_thresh=55 workqueue.watchdog_thresh=140 sysctl.net.core.netdev_unregister_timeout_secs=140 dummy_hcd.num=8 panic_on_warn=1 console=ttyS0 root=/dev/sda earlyprintk=serial net.ifnames=0
[    0.269770][    T0] Unknown kernel command line parameters "spec_store_bypass_disable=prctl", will be passed to user space.
[    0.271582][    T0] Fallback order for Node 0: 0 1 
[    0.271590][    T0] Fallback order for Node 1: 1 0 
[    0.271596][    T0] Built 2 zonelists, mobility grouping on.  Total pages: 515808
[    0.273671][    T0] Policy zone: DMA32
[    0.274428][    T0] mem auto-init: stack:off, heap alloc:on, heap free:off
[    0.275289][    T0] stackdepot: allocating hash table via alloc_large_system_hash
[    0.277477][    T0] stackdepot hash table entries: 1048576 (order: 11, 8388608 bytes, linear)
[    0.346647][    T0] Memory: 1464876K/2096632K available (157696K kernel code, 38570K rwdata, 32680K rodata, 3420K init, 33712K bss, 631500K reserved, 0K cma-reserved)
[    0.349917][    T0] SLUB: HWalign=64, Order=0-3, MinObjects=0, CPUs=1, Nodes=2
[    0.368148][    T0] allocated 37748736 bytes of page_ext
[    0.368958][    T0] Node 0, zone      DMA: page owner found early allocated 0 pages
[    0.374661][    T0] Node 0, zone    DMA32: page owner found early allocated 4704 pages
[    0.377238][    T0] Node 1, zone    DMA32: page owner found early allocated 4611 pages
[    0.378982][    T0] Dynamic Preempt: full
[    0.380130][    T0] Running RCU self tests
[    0.380658][    T0] Running RCU synchronous self tests
[    0.381304][    T0] rcu: Preemptible hierarchical RCU implementation.
[    0.382061][    T0] rcu: 	RCU lockdep checking is enabled.
[    0.382715][    T0] rcu: 	RCU restricting CPUs from NR_CPUS=8 to nr_cpu_ids=1.
[    0.383595][    T0] rcu: 	RCU callback double-/use-after-free debug is enabled.
[    0.384500][    T0] rcu: 	RCU debug extended QS entry/exit.
[    0.385179][    T0] 	All grace periods are expedited (rcu_expedited).
[    0.385951][    T0] 	Trampoline variant of Tasks RCU enabled.
[    0.386622][    T0] 	Tracing variant of Tasks RCU enabled.
[    0.387280][    T0] rcu: RCU calculated value of scheduler-enlistment delay is 10 jiffies.
[    0.388261][    T0] rcu: Adjusting geometry for rcu_fanout_leaf=16, nr_cpu_ids=1
[    0.389210][    T0] Running RCU synchronous self tests
[    0.458359][    T0] NR_IRQS: 4352, nr_irqs: 256, preallocated irqs: 16
[    0.460131][    T0] rcu: srcu_init: Setting srcu_struct sizes based on contention.
[    0.461236][    T0] kfence: initialized - using 2097152 bytes for 255 objects at 0xffff88807ec00000-0xffff88807ee00000
[    0.470573][    T0] Console: colour VGA+ 80x25
[    0.471188][    T0] printk: legacy console [ttyS0] enabled
[    0.471188][    T0] printk: legacy console [ttyS0] enabled
[    0.472505][    T0] printk: legacy bootconsole [earlyser0] disabled
[    0.472505][    T0] printk: legacy bootconsole [earlyser0] disabled
[    0.474035][    T0] Lock dependency validator: Copyright (c) 2006 Red Hat, Inc., Ingo Molnar
[    0.475574][    T0] ... MAX_LOCKDEP_SUBCLASSES:  8
[    0.476188][    T0] ... MAX_LOCK_DEPTH:          48
[    0.476793][    T0] ... MAX_LOCKDEP_KEYS:        8192
[    0.477429][    T0] ... CLASSHASH_SIZE:          4096
[    0.478051][    T0] ... MAX_LOCKDEP_ENTRIES:     131072
[    0.478778][    T0] ... MAX_LOCKDEP_CHAINS:      262144
[    0.479436][    T0] ... CHAINHASH_SIZE:          131072
[    0.480080][    T0]  memory used by lock dependency info: 20785 kB
[    0.480851][    T0]  memory used for stack traces: 8320 kB
[    0.481533][    T0]  per task-struct memory footprint: 1920 bytes
[    0.482402][    T0] mempolicy: Enabling automatic NUMA balancing. Configure with numa_balancing= or the kernel.numa_balancing sysctl
[    0.483896][    T0] ACPI: Core revision 20230628
[    0.485050][    T0] clocksource: hpet: mask: 0xffffffff max_cycles: 0xffffffff, max_idle_ns: 19112604467 ns
[    0.486594][    T0] APIC: Switch to symmetric I/O mode setup
[    0.487659][    T0] x2apic enabled
[    0.488596][    T0] APIC: Switched APIC routing to: physical x2apic
[    0.493387][    T0] ..TIMER: vector=0x30 apic1=0 pin1=2 apic2=-1 pin2=-1
[    0.494317][    T0] clocksource: tsc-early: mask: 0xffffffffffffffff max_cycles: 0x26beffa22e4, max_idle_ns: 440795217853 ns
[    0.495670][    T0] Calibrating delay loop (skipped) preset value.. 5376.02 BogoMIPS (lpj=26880100)
[    0.506136][    T0] Last level iTLB entries: 4KB 0, 2MB 0, 4MB 0
[    0.506869][    T0] Last level dTLB entries: 4KB 0, 2MB 0, 4MB 0, 1GB 0
[    0.507670][    T0] Spectre V1 : Mitigation: usercopy/swapgs barriers and __user pointer sanitization
[    0.508786][    T0] Spectre V2 : Kernel not compiled with retpoline; no mitigation available!
[    0.508789][    T0] Spectre V2 : Vulnerable
[    0.510302][    T0] Spectre V2 : Spectre v2 / SpectreRSB mitigation: Filling RSB on context switch
[    0.511368][    T0] Speculative Store Bypass: Vulnerable
[    0.512033][    T0] MDS: Vulnerable: Clear CPU buffers attempted, no microcode
[    0.512914][    T0] MMIO Stale Data: Unknown: No mitigations
[    0.513623][    T0] x86/fpu: x87 FPU will use FXSAVE
[    0.555995][    T0] Freeing SMP alternatives memory: 120K
[    0.556832][    T0] pid_max: default: 32768 minimum: 301
[    0.557938][    T0] LSM: initializing lsm=lockdown,capability,landlock,yama,safesetid,tomoyo,apparmor,bpf,integrity
[    0.559469][    T0] landlock: Up and running.
[    0.560076][    T0] Yama: becoming mindful.
[    0.560740][    T0] TOMOYO Linux initialized
[    0.561627][    T0] AppArmor: AppArmor initialized
[    0.562295][    T0] LSM support for eBPF active
[    0.566722][    T0] Dentry cache hash table entries: 262144 (order: 9, 2097152 bytes, vmalloc)
[    0.569848][    T0] Inode-cache hash table entries: 131072 (order: 8, 1048576 bytes, vmalloc)
[    0.571070][    T0] Mount-cache hash table entries: 4096 (order: 3, 32768 bytes, vmalloc)
[    0.572172][    T0] Mountpoint-cache hash table entries: 4096 (order: 3, 32768 bytes, vmalloc)
[    0.576340][    T0] Running RCU synchronous self tests
[    0.576986][    T0] Running RCU synchronous self tests
[    0.699558][    T1] APIC calibration not consistent with PM-Timer: 101ms instead of 100ms
[    0.701236][    T1] APIC delta adjusted to PM-Timer: 6245408 (6311517)
[    0.702206][    T1] smpboot: CPU0: Intel QEMU Virtual CPU version 2.5+ (family: 0xf, model: 0x6b, stepping: 0x1)
[    0.705661][    T1] RCU Tasks: Setting shift to 0 and lim to 1 rcu_task_cb_adjust=1.
[    0.705661][    T1] RCU Tasks Trace: Setting shift to 0 and lim to 1 rcu_task_cb_adjust=1.
[    0.705661][    T1] Running RCU Tasks wait API self tests
[    0.805958][    T1] Running RCU Tasks Trace wait API self tests
[    0.807055][    T1] Performance Events: unsupported Netburst CPU model 107 no PMU driver, software events only.
[    0.808419][    T1] signal: max sigframe size: 1440
[    0.809644][    T1] rcu: Hierarchical SRCU implementation.
[    0.810445][    T1] rcu: 	Max phase no-delay instances is 1000.
[    0.815836][    T1] NMI watchdog: Perf NMI watchdog permanently disabled
[    0.817057][    T1] smp: Bringing up secondary CPUs ...
[    0.817944][    T1] smp: Brought up 2 nodes, 1 CPU
[    0.818568][    T1] smpboot: Max logical packages: 1
[    0.819221][    T1] smpboot: Total of 1 processors activated (5376.02 BogoMIPS)
[    0.822155][    T1] devtmpfs: initialized
[    0.823631][    T1] x86/mm: Memory block size: 128MB
[    0.825699][   T15] Callback from call_rcu_tasks_trace() invoked.
[    0.843824][    T1] Running RCU synchronous self tests
[    0.844658][    T1] Running RCU synchronous self tests
[    0.845510][    T1] clocksource: jiffies: mask: 0xffffffff max_cycles: 0xffffffff, max_idle_ns: 19112604462750000 ns
[    0.845809][    T1] futex hash table entries: 256 (order: 3, 32768 bytes, vmalloc)
[    0.849945][    T1] PM: RTC time: 05:14:18, date: 2023-12-01
[    0.864303][    T1] NET: Registered PF_NETLINK/PF_ROUTE protocol family
[    0.869417][    T1] audit: initializing netlink subsys (disabled)
[    0.870736][   T22] audit: type=2000 audit(1701407659.374:1): state=initialized audit_enabled=0 res=1
[    0.874301][    T1] thermal_sys: Registered thermal governor 'step_wise'
[    0.874308][    T1] thermal_sys: Registered thermal governor 'user_space'
[    0.875411][    T1] cpuidle: using governor menu
[    0.876360][    T1] NET: Registered PF_QIPCRTR protocol family
[    0.880993][    T1] dca service started, version 1.12.1
[    0.881902][    T1] PCI: Using configuration type 1 for base access
[    0.896798][    T1] HugeTLB: registered 2.00 MiB page size, pre-allocated 0 pages
[    0.897794][    T1] HugeTLB: 28 KiB vmemmap can be freed for a 2.00 MiB page
[    0.907442][    T1] cryptd: max_cpu_qlen set to 1000
[    0.910235][    T1] raid6: skipped pq benchmark and selected sse2x4
[    0.911131][    T1] raid6: using intx1 recovery algorithm
[    0.912879][    T1] ACPI: Added _OSI(Module Device)
[    0.913557][    T1] ACPI: Added _OSI(Processor Device)
[    0.914226][    T1] ACPI: Added _OSI(3.0 _SCP Extensions)
[    0.914924][    T1] ACPI: Added _OSI(Processor Aggregator Device)
[    1.011189][    T1] ACPI: 1 ACPI AML tables successfully acquired and loaded
[    1.027388][    T1] ACPI: _OSC evaluation for CPUs failed, trying _PDC
[    1.033577][    T1] ACPI: Interpreter enabled
[    1.034480][    T1] ACPI: PM: (supports S0 S3 S4 S5)
[    1.035197][    T1] ACPI: Using IOAPIC for interrupt routing
[    1.046242][    T1] PCI: Using host bridge windows from ACPI; if necessary, use "pci=nocrs" and report a bug
[    1.047687][    T1] PCI: Using E820 reservations for host bridge windows
[    1.051191][    T1] ACPI: Enabled 2 GPEs in block 00 to 0F
[    1.213849][    T1] ACPI: PCI Root Bridge [PCI0] (domain 0000 [bus 00-ff])
[    1.214865][    T1] acpi PNP0A03:00: _OSC: OS supports [ASPM ClockPM Segments MSI HPX-Type3]
[    1.225676][    T1] acpi PNP0A03:00: _OSC: not requesting OS control; OS requires [ExtendedConfig ASPM ClockPM MSI]
[    1.227687][    T1] acpi PNP0A03:00: fail to add MMCONFIG information, can't access extended configuration space under this bridge
[    1.231006][    T1] PCI host bridge to bus 0000:00
[    1.231779][    T1] pci_bus 0000:00: Unknown NUMA node; performance will be reduced
[    1.233015][    T1] pci_bus 0000:00: root bus resource [io  0x0000-0x0cf7 window]
[    1.234075][    T1] pci_bus 0000:00: root bus resource [io  0x0d00-0xffff window]
[    1.235139][    T1] pci_bus 0000:00: root bus resource [mem 0x000a0000-0x000bffff window]
[    1.245679][    T1] pci_bus 0000:00: root bus resource [mem 0x80000000-0xfebfffff window]
[    1.246848][    T1] pci_bus 0000:00: root bus resource [mem 0x100000000-0x17fffffff window]
[    1.247995][    T1] pci_bus 0000:00: root bus resource [bus 00-ff]
[    1.249516][    T1] pci 0000:00:00.0: [8086:1237] type 00 class 0x060000
[    1.306081][    T1] pci 0000:00:01.0: [8086:7000] type 00 class 0x060100
[    1.310035][    T1] pci 0000:00:01.1: [8086:7010] type 00 class 0x010180
[    1.312662][    T1] pci 0000:00:01.1: reg 0x20: [io  0xc020-0xc02f]
[    1.314151][    T1] pci 0000:00:01.1: legacy IDE quirk: reg 0x10: [io  0x01f0-0x01f7]
[    1.315207][    T1] pci 0000:00:01.1: legacy IDE quirk: reg 0x14: [io  0x03f6]
[    1.325679][    T1] pci 0000:00:01.1: legacy IDE quirk: reg 0x18: [io  0x0170-0x0177]
[    1.326728][    T1] pci 0000:00:01.1: legacy IDE quirk: reg 0x1c: [io  0x0376]
[    1.328635][    T1] pci 0000:00:01.3: [8086:7113] type 00 class 0x068000
[    1.330148][    T1] pci 0000:00:01.3: quirk: [io  0x0600-0x063f] claimed by PIIX4 ACPI
[    1.331196][    T1] pci 0000:00:01.3: quirk: [io  0x0700-0x070f] claimed by PIIX4 SMB
[    1.333070][    T1] pci 0000:00:02.0: [1234:1111] type 00 class 0x030000
[    1.335311][    T1] pci 0000:00:02.0: reg 0x10: [mem 0xfd000000-0xfdffffff pref]
[    1.347850][    T1] pci 0000:00:02.0: reg 0x18: [mem 0xfeb90000-0xfeb90fff]
[    1.353234][    T1] pci 0000:00:02.0: reg 0x30: [mem 0xfeb80000-0xfeb8ffff pref]
[    1.355009][    T1] pci 0000:00:02.0: Video device with shadowed ROM at [mem 0x000c0000-0x000dffff]
[    1.365682][    T1] pci 0000:00:02.0: pci_fixup_video+0x0/0x330 took 19531 usecs
[    1.414085][    T1] pci 0000:00:03.0: [1af4:1000] type 00 class 0x020000
[    1.425700][    T1] pci 0000:00:03.0: reg 0x10: [io  0xc000-0xc01f]
[    1.427235][    T1] pci 0000:00:03.0: reg 0x14: [mem 0xfeb91000-0xfeb91fff]
[    1.430158][    T1] pci 0000:00:03.0: reg 0x20: [mem 0xfe000000-0xfe003fff 64bit pref]
[    1.431877][    T1] pci 0000:00:03.0: reg 0x30: [mem 0xfeb00000-0xfeb7ffff pref]
[    1.509483][    T1] ACPI: PCI: Interrupt link LNKA configured for IRQ 10
[    1.513211][    T1] ACPI: PCI: Interrupt link LNKB configured for IRQ 10
[    1.527381][    T1] ACPI: PCI: Interrupt link LNKC configured for IRQ 11
[    1.531633][    T1] ACPI: PCI: Interrupt link LNKD configured for IRQ 11
[    1.533663][    T1] ACPI: PCI: Interrupt link LNKS configured for IRQ 9
[    1.548534][    T1] iommu: Default domain type: Translated
[    1.549313][    T1] iommu: DMA domain TLB invalidation policy: lazy mode
[    1.552953][    T1] SCSI subsystem initialized
[    1.554743][    T1] ACPI: bus type USB registered
[    1.565699][    T1] usbcore: registered new interface driver usbfs
[    1.566755][    T1] usbcore: registered new interface driver hub
[    1.567717][    T1] usbcore: registered new device driver usb
[    1.569531][    T1] mc: Linux media interface: v0.10
[    1.570369][    T1] videodev: Linux video capture interface: v2.00
[    1.571706][    T1] pps_core: LinuxPPS API ver. 1 registered
[    1.572505][    T1] pps_core: Software ver. 5.3.6 - Copyright 2005-2007 Rodolfo Giometti <giometti@linux.it>
[    1.573926][    T1] PTP clock support registered
[    1.575747][    T1] EDAC MC: Ver: 3.0.0
[    1.587095][    T1] Advanced Linux Sound Architecture Driver Initialized.
[    1.590932][    T1] Bluetooth: Core ver 2.22
[    1.591644][    T1] NET: Registered PF_BLUETOOTH protocol family
[    1.592508][    T1] Bluetooth: HCI device and connection manager initialized
[    1.593572][    T1] Bluetooth: HCI socket layer initialized
[    1.594387][    T1] Bluetooth: L2CAP socket layer initialized
[    1.595235][    T1] Bluetooth: SCO socket layer initialized
[    1.605826][    T1] NET: Registered PF_ATMPVC protocol family
[    1.606667][    T1] NET: Registered PF_ATMSVC protocol family
[    1.607743][    T1] NetLabel: Initializing
[    1.608340][    T1] NetLabel:  domain hash size = 128
[    1.609142][    T1] NetLabel:  protocols = UNLABELED CIPSOv4 CALIPSO
[    1.610364][    T1] NetLabel:  unlabeled traffic allowed by default
[    1.612639][    T1] nfc: nfc_init: NFC Core ver 0.1
[    1.613600][    T1] NET: Registered PF_NFC protocol family
[    1.614458][    T1] PCI: Using ACPI for IRQ routing
[    1.625818][    T1] pci 0000:00:02.0: vgaarb: setting as boot VGA device
[    1.626898][    T1] pci 0000:00:02.0: vgaarb: bridge control possible
[    1.627842][    T1] pci 0000:00:02.0: vgaarb: VGA device added: decodes=io+mem,owns=io+mem,locks=none
[    1.629154][    T1] vgaarb: loaded
[    1.632532][    T1] hpet: 3 channels of 0 reserved for per-cpu timers
[    1.633446][    T1] hpet0: at MMIO 0xfed00000, IRQs 2, 8, 0
[    1.634217][    T1] hpet0: 3 comparators, 64-bit 100.000000 MHz counter
[    1.650288][    T1] clocksource: Switched to clocksource kvm-clock
[    1.653388][    T1] VFS: Disk quotas dquot_6.6.0
[    1.654078][    T1] VFS: Dquot-cache hash table entries: 512 (order 0, 4096 bytes)
[    1.655477][    T1] FS-Cache: Loaded
[    1.655661][    T1] CacheFiles: Loaded
[    1.655661][    T1] TOMOYO: 2.6.0
[    1.655661][    T1] Mandatory Access Control activated.
[    1.656199][    T1] AppArmor: AppArmor Filesystem Enabled
[    1.657229][    T1] pnp: PnP ACPI init
[    1.685746][    T1] pnp: PnP ACPI: found 6 devices
[    1.746447][    T1] clocksource: acpi_pm: mask: 0xffffff max_cycles: 0xffffff, max_idle_ns: 2085701024 ns
[    1.748297][    T1] NET: Registered PF_INET protocol family
[    1.749865][    T1] IP idents hash table entries: 32768 (order: 6, 262144 bytes, vmalloc)
[    1.767041][    T1] tcp_listen_portaddr_hash hash table entries: 1024 (order: 4, 73728 bytes, vmalloc)
[    1.768818][    T1] Table-perturb hash table entries: 65536 (order: 6, 262144 bytes, vmalloc)
[    1.770245][    T1] TCP established hash table entries: 16384 (order: 5, 131072 bytes, vmalloc)
[    1.785713][    T1] TCP bind hash table entries: 16384 (order: 9, 2359296 bytes, vmalloc)
[    1.787435][    T1] TCP: Hash tables configured (established 16384 bind 16384)
[    1.789253][    T1] MPTCP token hash table entries: 2048 (order: 5, 180224 bytes, vmalloc)
[    1.790802][    T1] UDP hash table entries: 1024 (order: 5, 163840 bytes, vmalloc)
[    1.792176][    T1] UDP-Lite hash table entries: 1024 (order: 5, 163840 bytes, vmalloc)
[    1.793782][    T1] NET: Registered PF_UNIX/PF_LOCAL protocol family
[    1.805778][    T1] RPC: Registered named UNIX socket transport module.
[    1.806726][    T1] RPC: Registered udp transport module.
[    1.807455][    T1] RPC: Registered tcp transport module.
[    1.808167][    T1] RPC: Registered tcp-with-tls transport module.
[    1.809079][    T1] RPC: Registered tcp NFSv4.1 backchannel transport module.
[    1.814662][    T1] NET: Registered PF_XDP protocol family
[    1.815551][    T1] pci_bus 0000:00: resource 4 [io  0x0000-0x0cf7 window]
[    1.816516][    T1] pci_bus 0000:00: resource 5 [io  0x0d00-0xffff window]
[    1.817459][    T1] pci_bus 0000:00: resource 6 [mem 0x000a0000-0x000bffff window]
[    1.818462][    T1] pci_bus 0000:00: resource 7 [mem 0x80000000-0xfebfffff window]
[    1.819465][    T1] pci_bus 0000:00: resource 8 [mem 0x100000000-0x17fffffff window]
[    1.821113][    T1] pci 0000:00:01.0: PIIX3: Enabling Passive Release
[    1.821973][    T1] pci 0000:00:00.0: Limiting direct PCI/PCI transfers
[    1.822967][    T1] PCI: CLS 0 bytes, default 64
[    1.837707][    T1] ACPI: bus type thunderbolt registered
[    1.839840][   T52] kworker/u2:2 (52) used greatest stack depth: 27952 bytes left
[    1.843776][    T1] kvm_intel: VMX not supported by CPU 0
[    1.844512][    T1] kvm_amd: CPU 0 isn't AMD or Hygon
[    1.854646][    T1] clocksource: tsc: mask: 0xffffffffffffffff max_cycles: 0x26beffa22e4, max_idle_ns: 440795217853 ns
[    1.858618][    T1] twofish-x86_64-3way: performance on this CPU would be suboptimal: disabling twofish-x86_64-3way.
[    1.860042][    T1] CPU feature 'AVX registers' is not supported.
[    1.860925][    T1] CPU feature 'AVX registers' is not supported.
[    1.861746][    T1] AVX2 instructions are not detected.
[    1.862490][    T1] des3_ede-x86_64: performance on this CPU would be suboptimal: disabling des3_ede-x86_64.
[    1.863847][    T1] camellia-x86_64: performance on this CPU would be suboptimal: disabling camellia-x86_64.
[    1.874772][    T1] AVX or AES-NI instructions are not detected.
[    1.875659][    T1] AVX2 or AES-NI instructions are not detected.
[    1.876538][    T1] blowfish-x86_64: performance on this CPU would be suboptimal: disabling blowfish-x86_64.
[    1.877886][    T1] CPU feature 'AVX registers' is not supported.
[    1.878728][    T1] CPU feature 'AVX registers' is not supported.
[    1.879608][    T1] PCLMULQDQ-NI instructions are not detected.
[    1.880448][    T1] sm3_avx_x86_64: AVX instruction are not detected.
[    1.881453][    T1] AVX or AES-NI instructions are not detected.
[    1.882276][    T1] AVX2 or AES-NI instructions are not detected.
[    1.883068][    T1] AVX or AES-NI instructions are not detected.
[    3.563150][   T72] kworker/u2:1 (72) used greatest stack depth: 26928 bytes left
[    3.566967][    T1] Initialise system trusted keyrings
[    3.570806][    T1] workingset: timestamp_bits=40 max_order=19 bucket_order=0
[    3.579443][    T1] DLM installed
[    3.582750][    T1] squashfs: version 4.0 (2009/01/31) Phillip Lougher
[    3.587473][    T1] NFS: Registering the id_resolver key type
[    3.588327][    T1] Key type id_resolver registered
[    3.589028][    T1] Key type id_legacy registered
[    3.589732][    T1] nfs4filelayout_init: NFSv4 File Layout Driver Registering...
[    3.590763][    T1] nfs4flexfilelayout_init: NFSv4 Flexfile Layout Driver Registering...
[    3.596013][    T1] Key type cifs.spnego registered
[    3.596867][    T1] Key type cifs.idmap registered
[    3.597705][    T1] ntfs: driver 2.1.32 [Flags: R/W].
[    3.598529][    T1] ntfs3: Max link count 4000
[    3.599141][    T1] ntfs3: Enabled Linux POSIX ACLs support
[    3.599898][    T1] ntfs3: Read-only LZX/Xpress compression included
[    3.600859][    T1] efs: 1.0a - http://aeschi.ch.eu.org/efs/
[    3.601665][    T1] jffs2: version 2.2. (NAND) (SUMMARY)  Â© 2001-2006 Red Hat, Inc.
[    3.604157][    T1] romfs: ROMFS MTD (C) 2007 Red Hat, Inc.
[    3.605255][    T1] QNX4 filesystem 0.2.3 registered.
[    3.605991][    T1] qnx6: QNX6 filesystem 1.0.0 registered.
[    3.607677][    T1] fuse: init (API version 7.39)
[    3.611042][    T1] orangefs_debugfs_init: called with debug mask: :none: :0:
[    3.612534][    T1] orangefs_init: module version upstream loaded
[    3.613635][    T1] JFS: nTxBlock = 8192, nTxLock = 65536
[    3.629594][    T1] SGI XFS with ACLs, security attributes, realtime, quota, no debug enabled
[    3.632480][    T1] 9p: Installing v9fs 9p2000 file system support
[    3.633672][    T1] NILFS version 2 loaded
[    3.634274][    T1] befs: version: 0.9.3
[    3.635591][    T1] ocfs2: Registered cluster interface o2cb
[    3.637498][    T1] ocfs2: Registered cluster interface user
[    3.638562][    T1] OCFS2 User DLM kernel interface loaded
[    3.650566][    T1] gfs2: GFS2 installed
[    3.659408][    T1] ceph: loaded (mds proto 32)
[    3.671859][    T1] NET: Registered PF_ALG protocol family
[    3.672767][    T1] xor: measuring software checksum speed
[    3.673869][    T1]    prefetch64-sse  : 32101 MB/sec
[    3.675093][    T1]    generic_sse     : 30273 MB/sec
[    3.675876][    T1] xor: using function: prefetch64-sse (32101 MB/sec)
[    3.676902][    T1] async_tx: api initialized (async)
[    3.677689][    T1] Key type asymmetric registered
[    3.678383][    T1] Asymmetric key parser 'x509' registered
[    3.679187][    T1] Asymmetric key parser 'pkcs8' registered
[    3.679982][    T1] Key type pkcs7_test registered
[    3.681434][    T1] Block layer SCSI generic (bsg) driver version 0.4 loaded (major 239)
[    3.682945][    T1] io scheduler mq-deadline registered
[    3.683703][    T1] io scheduler kyber registered
[    3.684499][    T1] io scheduler bfq registered
[    3.701658][    T1] input: Power Button as /devices/LNXSYSTM:00/LNXPWRBN:00/input/input0
[    3.727023][    T1] ACPI: button: Power Button [PWRF]
[    3.733620][    T1] ioatdma: Intel(R) QuickData Technology Driver 5.00
[    3.734848][   T14] Callback from call_rcu_tasks() invoked.
[    6.382755][    T1] ACPI: \_SB_.LNKC: Enabled at IRQ 11
[    6.408269][  T183] kworker/u2:1 (183) used greatest stack depth: 26592 bytes left
[    6.771438][    T1] N_HDLC line discipline registered with maxframe=4096
[    6.772382][    T1] Serial: 8250/16550 driver, 4 ports, IRQ sharing enabled
[    6.777210][    T1] 00:04: ttyS0 at I/O 0x3f8 (irq = 4, base_baud = 115200) is a 16550A
[    6.807060][    T1] Non-volatile memory driver v1.3
[    6.808192][    T1] Linux agpgart interface v0.103
[    6.813726][    T1] ACPI: bus type drm_connector registered
[    6.821849][    T1] [drm] Initialized vgem 1.0.0 20120112 for vgem on minor 0
[    6.830283][    T1] [drm] Initialized vkms 1.0.0 20180514 for vkms on minor 1
[    6.891448][    T1] Console: switching to colour frame buffer device 128x48
[    6.909439][    T1] platform vkms: [drm] fb0: vkmsdrmfb frame buffer device
[    6.911155][    T1] usbcore: registered new interface driver udl
[    6.914481][    T1] bochs-drm 0000:00:02.0: vgaarb: deactivate vga console
[    6.920285][    T1] [drm] Found bochs VGA, ID 0xb0c5.
[    6.920960][    T1] [drm] Framebuffer size 16384 kB @ 0xfd000000, mmio @ 0xfeb90000.
[    6.924565][    T1] [drm] Found EDID data blob.
[    6.928723][    T1] [drm] Initialized bochs-drm 1.0.0 20130925 for 0000:00:02.0 on minor 2
[    6.937568][    T1] fbcon: bochs-drmdrmfb (fb1) is primary device
[    6.937576][    T1] fbcon: Remapping primary device, fb1, to tty 1-63
[    7.249541][    T1] bochs-drm 0000:00:02.0: [drm] fb1: bochs-drmdrmfb frame buffer device
[    7.301485][    T1] brd: module loaded
[    7.363153][    T1] loop: module loaded
[    7.450285][    T1] zram: Added device: zram0
[    7.457844][    T1] null_blk: disk nullb0 created
[    7.458557][    T1] null_blk: module loaded
[    7.459656][    T1] Guest personality initialized and is inactive
[    7.461284][    T1] VMCI host device registered (name=vmci, major=10, minor=118)
[    7.462329][    T1] Initialized host personality
[    7.463557][    T1] usbcore: registered new interface driver rtsx_usb
[    7.465588][    T1] usbcore: registered new interface driver viperboard
[    7.466694][    T1] usbcore: registered new interface driver dln2
[    7.467647][    T1] usbcore: registered new interface driver pn533_usb
[    7.475945][    T1] nfcsim 0.2 initialized
[    7.477062][    T1] usbcore: registered new interface driver port100
[    7.478538][    T1] usbcore: registered new interface driver nfcmrvl
[    7.487239][    T1] Loading iSCSI transport class v2.0-870.
[    7.496837][    T1] st: Version 20160209, fixed bufsize 32768, s/g segs 256
[    7.526849][    T1] scsi host0: ata_piix
[    7.530597][    T1] scsi host1: ata_piix
[    7.531948][    T1] ata1: PATA max MWDMA2 cmd 0x1f0 ctl 0x3f6 bmdma 0xc020 irq 14 lpm-pol 0
[    7.533038][    T1] ata2: PATA max MWDMA2 cmd 0x170 ctl 0x376 bmdma 0xc028 irq 15 lpm-pol 0
[    7.540512][    T1] Rounding down aligned max_sectors from 4294967295 to 4294967288
[    7.541822][    T1] db_root: cannot open: /etc/target
[    7.543979][    T1] slram: not enough parameters.
[    7.549587][    T1] ftl_cs: FTL header not found.
[    7.583284][    T1] wireguard: WireGuard 1.0.0 loaded. See www.wireguard.com for information.
[    7.584483][    T1] wireguard: Copyright (C) 2015-2019 Jason A. Donenfeld <Jason@zx2c4.com>. All Rights Reserved.
[    7.589166][    T1] eql: Equalizer2002: Simon Janes (simon@ncm.com) and David S. Miller (davem@redhat.com)
[    7.597854][    T1] MACsec IEEE 802.1AE
[    7.609911][    T1] tun: Universal TUN/TAP device driver, 1.6
[    7.627611][    T1] vcan: Virtual CAN interface driver
[    7.628332][    T1] vxcan: Virtual CAN Tunnel driver
[    7.629002][    T1] slcan: serial line CAN interface driver
[    7.629757][    T1] CAN device driver interface
[    7.630898][    T1] usbcore: registered new interface driver usb_8dev
[    7.632258][    T1] usbcore: registered new interface driver ems_usb
[    7.633612][    T1] usbcore: registered new interface driver gs_usb
[    7.638842][    T1] usbcore: registered new interface driver kvaser_usb
[    7.640281][    T1] usbcore: registered new interface driver mcba_usb
[    7.641654][    T1] usbcore: registered new interface driver peak_usb
[    7.643186][    T1] e100: Intel(R) PRO/100 Network Driver
[    7.643928][    T1] e100: Copyright(c) 1999-2006 Intel Corporation
[    7.646186][    T1] e1000: Intel(R) PRO/1000 Network Driver
[    7.646936][    T1] e1000: Copyright (c) 1999-2006 Intel Corporation.
[    7.647902][    T1] e1000e: Intel(R) PRO/1000 Network Driver
[    7.648641][    T1] e1000e: Copyright(c) 1999 - 2015 Intel Corporation.
[    7.651490][    T1] mkiss: AX.25 Multikiss, Hans Albas PE1AYX
[    7.652297][    T1] AX.25: 6pack driver, Revision: 0.3.0
[    7.653036][    T1] AX.25: bpqether driver version 004
[    7.653863][    T1] PPP generic driver version 2.4.2
[    7.655787][    T1] PPP BSD Compression module registered
[    7.656563][    T1] PPP Deflate Compression module registered
[    7.657340][    T1] PPP MPPE Compression module registered
[    7.658055][    T1] NET: Registered PF_PPPOX protocol family
[    7.658824][    T1] PPTP driver version 0.8.5
[    7.660224][    T1] SLIP: version 0.8.4-NET3.019-NEWTTY (dynamic channels, max=256) (6 bit encapsulation enabled).
[    7.661565][    T1] CSLIP: code copyright 1989 Regents of the University of California.
[    7.662593][    T1] SLIP linefill/keepalive option.
[    7.663233][    T1] hdlc: HDLC support module revision 1.22
[    7.663965][    T1] LAPB Ethernet driver version 0.02
[    7.666204][    T1] usbcore: registered new interface driver ath9k_htc
[    7.667555][    T1] usbcore: registered new interface driver carl9170
[    7.668886][    T1] usbcore: registered new interface driver ath6kl_usb
[    7.670599][    T1] usbcore: registered new interface driver ar5523
[    7.672380][    T1] usbcore: registered new interface driver ath10k_usb
[    7.673738][    T1] usbcore: registered new interface driver rndis_wlan
[    7.675975][    T1] mac80211_hwsim: initializing netlink
[    7.701407][    T1] usbcore: registered new interface driver atusb
[    7.706387][  T969] ata1: found unknown device (class 0)
[    7.711471][  T974] ata2: found unknown device (class 0)
[    7.713891][  T974] ata2.00: ATAPI: QEMU DVD-ROM, 2.5+, max UDMA/100
[    7.716804][  T969] ata1.00: ATA-7: QEMU HARDDISK, 2.5+, max UDMA/100
[    7.717617][  T969] ata1.00: 16777208 sectors, multi 16: LBA48 
[    7.722250][    T1] mac802154_hwsim mac802154_hwsim: Added 2 mac802154 hwsim hardware radios
[    7.725143][    T1] VMware vmxnet3 virtual NIC driver - version 1.7.0.0-k-NAPI
[    7.727044][    T1] usbcore: registered new interface driver catc
[    7.728316][    T1] usbcore: registered new interface driver kaweth
[    7.729117][    T1] pegasus: Pegasus/Pegasus II USB Ethernet driver
[    7.730066][    T1] usbcore: registered new interface driver pegasus
[    7.731294][    T1] usbcore: registered new interface driver rtl8150
[    7.733332][   T11] scsi 0:0:0:0: Direct-Access     ATA      QEMU HARDDISK    2.5+ PQ: 0 ANSI: 5
[    7.735814][    T1] usbcore: registered new device driver r8152-cfgselector
[    7.736873][    T1] usbcore: registered new interface driver r8152
[    7.737698][    T1] hso: drivers/net/usb/hso.c: Option Wireless
[    7.738618][    T1] usbcore: registered new interface driver hso
[    7.739533][    T1] usbcore: registered new interface driver lan78xx
[    7.740447][    T1] usbcore: registered new interface driver asix
[    7.741337][    T1] usbcore: registered new interface driver ax88179_178a
[    7.742320][    T1] usbcore: registered new interface driver cdc_ether
[    7.743258][    T1] usbcore: registered new interface driver cdc_eem
[    7.744153][    T1] usbcore: registered new interface driver dm9601
[    7.750094][   T67] sd 0:0:0:0: [sda] 16777208 512-byte logical blocks: (8.59 GB/8.00 GiB)
[    7.751343][   T67] sd 0:0:0:0: [sda] Write Protect is off
[    7.752211][   T67] sd 0:0:0:0: [sda] Write cache: enabled, read cache: enabled, doesn't support DPO or FUA
[    7.753625][   T67] sd 0:0:0:0: [sda] Preferred minimum I/O size 512 bytes
[    7.760869][   T11] sd 0:0:0:0: Attached scsi generic sg0 type 0
[    7.765124][   T12] scsi 1:0:0:0: CD-ROM            QEMU     QEMU DVD-ROM     2.5+ PQ: 0 ANSI: 5
[    7.772833][    T1] usbcore: registered new interface driver sr9700
[    7.774768][    T1] usbcore: registered new interface driver CoreChips
[    7.777312][    T1] usbcore: registered new interface driver smsc75xx
[    7.779771][   T67] sd 0:0:0:0: [sda] Attached SCSI disk
[    7.780951][    T1] usbcore: registered new interface driver smsc95xx
[    7.782219][    T1] usbcore: registered new interface driver gl620a
[    7.783511][    T1] usbcore: registered new interface driver net1080
[    7.788942][    T1] usbcore: registered new interface driver plusb
[    7.790480][    T1] usbcore: registered new interface driver rndis_host
[    7.791845][    T1] usbcore: registered new interface driver cdc_subset
[    7.793168][    T1] usbcore: registered new interface driver zaurus
[    7.794449][    T1] usbcore: registered new interface driver MOSCHIP usb-ethernet driver
[    7.800036][    T1] usbcore: registered new interface driver int51x1
[    7.801286][   T12] sr 1:0:0:0: [sr0] scsi3-mmc drive: 4x/4x cd/rw xa/form2 tray
[    7.802251][   T12] cdrom: Uniform CD-ROM driver Revision: 3.20
[    7.803364][    T1] usbcore: registered new interface driver cdc_phonet
[    7.804720][    T1] usbcore: registered new interface driver kalmia
[    7.806096][    T1] usbcore: registered new interface driver ipheth
[    7.807336][    T1] usbcore: registered new interface driver sierra_net
[    7.808593][    T1] usbcore: registered new interface driver cx82310_eth
[    7.809896][    T1] usbcore: registered new interface driver cdc_ncm
[    7.811224][    T1] usbcore: registered new interface driver huawei_cdc_ncm
[    7.812535][    T1] usbcore: registered new interface driver lg-vl600
[    7.813832][    T1] usbcore: registered new interface driver qmi_wwan
[    7.815290][    T1] usbcore: registered new interface driver cdc_mbim
[    7.816625][    T1] usbcore: registered new interface driver ch9200
[    7.817890][    T1] usbcore: registered new interface driver r8153_ecm
[    7.823324][    T1] VFIO - User Level meta-driver version: 0.3
[    7.835534][    T1] aoe: AoE v85 initialised.
[    7.842663][   T12] sr 1:0:0:0: Attached scsi generic sg1 type 5
[    7.853181][    T1] SPI driver max3421-hcd has no spi_device_id for maxim,max3421
[    7.854481][    T1] usbcore: registered new interface driver cdc_acm
[    7.862331][    T1] cdc_acm: USB Abstract Control Model driver for USB modems and ISDN adapters
[    7.864099][    T1] usbcore: registered new interface driver usblp
[    7.866610][    T1] usbcore: registered new interface driver cdc_wdm
[    7.867981][    T1] usbcore: registered new interface driver usbtmc
[    7.869489][    T1] usbcore: registered new interface driver uas
[    7.870778][    T1] usbcore: registered new interface driver usb-storage
[    7.872141][    T1] usbcore: registered new interface driver ums-alauda
[    7.873516][    T1] usbcore: registered new interface driver ums-cypress
[    7.878079][    T1] usbcore: registered new interface driver ums-datafab
[    7.879503][    T1] usbcore: registered new interface driver ums_eneub6250
[    7.881193][    T1] usbcore: registered new interface driver ums-freecom
[    7.882564][    T1] usbcore: registered new interface driver ums-isd200
[    7.883945][    T1] usbcore: registered new interface driver ums-jumpshot
[    7.886177][    T1] usbcore: registered new interface driver ums-karma
[    7.887490][    T1] usbcore: registered new interface driver ums-onetouch
[    7.888846][    T1] usbcore: registered new interface driver ums-realtek
[    7.890646][    T1] usbcore: registered new interface driver ums-sddr09
[    7.892171][    T1] usbcore: registered new interface driver ums-sddr55
[    7.893187][    T1] usbcore: registered new interface driver ums-usbat
[    7.894800][    T1] usbcore: registered new interface driver mdc800
[    7.895611][    T1] mdc800: v0.7.5 (30/10/2000):USB Driver for Mustek MDC800 Digital Camera
[    7.897311][    T1] usbcore: registered new interface driver microtekX6
[    7.899213][    T1] usbcore: registered new interface driver usbserial_generic
[    7.900880][    T1] usbserial: USB Serial support registered for generic
[    7.902362][    T1] usbcore: registered new interface driver aircable
[    7.903741][    T1] usbserial: USB Serial support registered for aircable
[    7.905435][    T1] usbcore: registered new interface driver ark3116
[    7.906837][    T1] usbserial: USB Serial support registered for ark3116
[    7.908210][    T1] usbcore: registered new interface driver belkin_sa
[    7.909482][    T1] usbserial: USB Serial support registered for Belkin / Peracom / GoHubs USB Serial Adapter
[    7.911122][    T1] usbcore: registered new interface driver ch341
[    7.912327][    T1] usbserial: USB Serial support registered for ch341-uart
[    7.913645][    T1] usbcore: registered new interface driver cp210x
[    7.914568][    T1] usbserial: USB Serial support registered for cp210x
[    7.916406][    T1] usbcore: registered new interface driver cyberjack
[    7.917281][    T1] usbserial: USB Serial support registered for Reiner SCT Cyberjack USB card reader
[    7.918575][    T1] usbcore: registered new interface driver cypress_m8
[    7.919757][    T1] usbserial: USB Serial support registered for DeLorme Earthmate USB
[    7.920939][    T1] usbserial: USB Serial support registered for HID->COM RS232 Adapter
[    7.921929][    T1] usbserial: USB Serial support registered for Nokia CA-42 V2 Adapter
[    7.922941][    T1] usbcore: registered new interface driver usb_debug
[    7.923742][    T1] usbserial: USB Serial support registered for debug
[    7.924547][    T1] usbserial: USB Serial support registered for xhci_dbc
[    7.931959][    T1] usbcore: registered new interface driver digi_acceleport
[    7.933383][    T1] usbserial: USB Serial support registered for Digi 2 port USB adapter
[    7.935031][    T1] usbserial: USB Serial support registered for Digi 4 port USB adapter
[    7.936531][    T1] usbcore: registered new interface driver io_edgeport
[    7.937891][    T1] usbserial: USB Serial support registered for Edgeport 2 port adapter
[    7.939385][    T1] usbserial: USB Serial support registered for Edgeport 4 port adapter
[    7.940786][    T1] usbserial: USB Serial support registered for Edgeport 8 port adapter
[    7.942153][    T1] usbserial: USB Serial support registered for EPiC device
[    7.943403][    T1] usbcore: registered new interface driver io_ti
[    7.944581][    T1] usbserial: USB Serial support registered for Edgeport TI 1 port adapter
[    7.946114][    T1] usbserial: USB Serial support registered for Edgeport TI 2 port adapter
[    7.947543][    T1] usbcore: registered new interface driver empeg
[    7.948708][    T1] usbserial: USB Serial support registered for empeg
[    7.949945][    T1] usbcore: registered new interface driver f81534a_ctrl
[    7.951202][    T1] usbcore: registered new interface driver f81232
[    7.952402][    T1] usbserial: USB Serial support registered for f81232
[    7.953659][    T1] usbserial: USB Serial support registered for f81534a
[    7.956702][    T1] usbcore: registered new interface driver f81534
[    7.957946][    T1] usbserial: USB Serial support registered for Fintek F81532/F81534
[    7.959349][    T1] usbcore: registered new interface driver ftdi_sio
[    7.960572][    T1] usbserial: USB Serial support registered for FTDI USB Serial Device
[    7.961991][    T1] usbcore: registered new interface driver garmin_gps
[    7.963017][    T1] usbserial: USB Serial support registered for Garmin GPS usb/tty
[    7.964903][    T1] usbcore: registered new interface driver ipaq
[    7.966963][    T1] usbserial: USB Serial support registered for PocketPC PDA
[    7.968311][    T1] usbcore: registered new interface driver ipw
[    7.969535][    T1] usbserial: USB Serial support registered for IPWireless converter
[    7.970633][    T1] usbcore: registered new interface driver ir_usb
[    7.972335][    T1] usbserial: USB Serial support registered for IR Dongle
[    7.973652][    T1] usbcore: registered new interface driver iuu_phoenix
[    7.974942][    T1] usbserial: USB Serial support registered for iuu_phoenix
[    7.976256][    T1] usbcore: registered new interface driver keyspan
[    7.977444][    T1] usbserial: USB Serial support registered for Keyspan - (without firmware)
[    7.980633][    T1] usbserial: USB Serial support registered for Keyspan 1 port adapter
[    7.982334][    T1] usbserial: USB Serial support registered for Keyspan 2 port adapter
[    7.983748][    T1] usbserial: USB Serial support registered for Keyspan 4 port adapter
[    7.985375][    T1] usbcore: registered new interface driver keyspan_pda
[    7.986671][    T1] usbserial: USB Serial support registered for Keyspan PDA
[    7.988046][    T1] usbserial: USB Serial support registered for Keyspan PDA - (prerenumeration)
[    7.989613][    T1] usbcore: registered new interface driver kl5kusb105
[    7.990581][    T1] usbserial: USB Serial support registered for KL5KUSB105D / PalmConnect
[    7.992339][    T1] usbcore: registered new interface driver kobil_sct
[    7.993623][    T1] usbserial: USB Serial support registered for KOBIL USB smart card terminal
[    7.995951][    T1] usbcore: registered new interface driver mct_u232
[    7.997245][    T1] usbserial: USB Serial support registered for MCT U232
[    7.998705][    T1] usbcore: registered new interface driver metro_usb
[    7.999702][    T1] usbserial: USB Serial support registered for Metrologic USB to Serial
[    8.001624][    T1] usbcore: registered new interface driver mos7720
[    8.002956][    T1] usbserial: USB Serial support registered for Moschip 2 port adapter
[    8.004484][    T1] usbcore: registered new interface driver mos7840
[    8.006830][    T1] usbserial: USB Serial support registered for Moschip 7840/7820 USB Serial Driver
[    8.008510][    T1] usbcore: registered new interface driver mxuport
[    8.009789][    T1] usbserial: USB Serial support registered for MOXA UPort
[    8.010866][    T1] usbcore: registered new interface driver navman
[    8.012480][    T1] usbserial: USB Serial support registered for navman
[    8.013803][    T1] usbcore: registered new interface driver omninet
[    8.015264][    T1] usbserial: USB Serial support registered for ZyXEL - omni.net usb
[    8.017172][    T1] usbcore: registered new interface driver opticon
[    8.018069][    T1] usbserial: USB Serial support registered for opticon
[    8.018978][    T1] usbcore: registered new interface driver option
[    8.019820][    T1] usbserial: USB Serial support registered for GSM modem (1-port)
[    8.020848][    T1] usbcore: registered new interface driver oti6858
[    8.021728][    T1] usbserial: USB Serial support registered for oti6858
[    8.022647][    T1] usbcore: registered new interface driver pl2303
[    8.023480][    T1] usbserial: USB Serial support registered for pl2303
[    8.024374][    T1] usbcore: registered new interface driver qcaux
[    8.029076][    T1] usbserial: USB Serial support registered for qcaux
[    8.030451][    T1] usbcore: registered new interface driver qcserial
[    8.031759][    T1] usbserial: USB Serial support registered for Qualcomm USB modem
[    8.033255][    T1] usbcore: registered new interface driver quatech2
[    8.034570][    T1] usbserial: USB Serial support registered for Quatech 2nd gen USB to Serial Driver
[    8.039302][    T1] usbcore: registered new interface driver safe_serial
[    8.040701][    T1] usbserial: USB Serial support registered for safe_serial
[    8.042178][    T1] usbcore: registered new interface driver sierra
[    8.043490][    T1] usbserial: USB Serial support registered for Sierra USB modem
[    8.045393][    T1] usbcore: registered new interface driver usb_serial_simple
[    8.046838][    T1] usbserial: USB Serial support registered for carelink
[    8.048251][    T1] usbserial: USB Serial support registered for flashloader
[    8.049641][    T1] usbserial: USB Serial support registered for funsoft
[    8.050657][    T1] usbserial: USB Serial support registered for google
[    8.052279][    T1] usbserial: USB Serial support registered for hp4x
[    8.053589][    T1] usbserial: USB Serial support registered for kaufmann
[    8.055912][    T1] usbserial: USB Serial support registered for libtransistor
[    8.056908][    T1] usbserial: USB Serial support registered for moto_modem
[    8.057845][    T1] usbserial: USB Serial support registered for motorola_tetra
[    8.058859][    T1] usbserial: USB Serial support registered for nokia
[    8.059732][    T1] usbserial: USB Serial support registered for novatel_gps
[    8.060668][    T1] usbserial: USB Serial support registered for siemens_mpi
[    8.061604][    T1] usbserial: USB Serial support registered for suunto
[    8.062535][    T1] usbserial: USB Serial support registered for vivopay
[    8.063916][    T1] usbserial: USB Serial support registered for zio
[    8.069053][    T1] usbcore: registered new interface driver spcp8x5
[    8.070347][    T1] usbserial: USB Serial support registered for SPCP8x5
[    8.071748][    T1] usbcore: registered new interface driver ssu100
[    8.073083][    T1] usbserial: USB Serial support registered for Quatech SSU-100 USB to Serial Driver
[    8.074788][    T1] usbcore: registered new interface driver symbolserial
[    8.076230][    T1] usbserial: USB Serial support registered for symbol
[    8.077614][    T1] usbcore: registered new interface driver ti_usb_3410_5052
[    8.078959][    T1] usbserial: USB Serial support registered for TI USB 3410 1 port adapter
[    8.080387][    T1] usbserial: USB Serial support registered for TI USB 5052 2 port adapter
[    8.081780][    T1] usbcore: registered new interface driver upd78f0730
[    8.083012][    T1] usbserial: USB Serial support registered for upd78f0730
[    8.084321][    T1] usbcore: registered new interface driver visor
[    8.085896][    T1] usbserial: USB Serial support registered for Handspring Visor / Palm OS
[    8.087311][    T1] usbserial: USB Serial support registered for Sony Clie 5.0
[    8.088608][    T1] usbserial: USB Serial support registered for Sony Clie 3.5
[    8.089922][    T1] usbcore: registered new interface driver wishbone_serial
[    8.091183][    T1] usbserial: USB Serial support registered for wishbone_serial
[    8.094232][    T1] usbcore: registered new interface driver whiteheat
[    8.097060][    T1] usbserial: USB Serial support registered for Connect Tech - WhiteHEAT - (prerenumeration)
[    8.098745][    T1] usbserial: USB Serial support registered for Connect Tech - WhiteHEAT
[    8.100189][    T1] usbcore: registered new interface driver xr_serial
[    8.101421][    T1] usbserial: USB Serial support registered for xr_serial
[    8.102758][    T1] usbcore: registered new interface driver xsens_mt
[    8.103978][    T1] usbserial: USB Serial support registered for xsens_mt
[    8.105325][    T1] usbcore: registered new interface driver adutux
[    8.106615][    T1] usbcore: registered new interface driver appledisplay
[    8.107954][    T1] usbcore: registered new interface driver cypress_cy7c63
[    8.109283][    T1] usbcore: registered new interface driver cytherm
[    8.110529][    T1] usbcore: registered new interface driver emi26 - firmware loader
[    8.112107][    T1] usbcore: registered new interface driver emi62 - firmware loader
[    8.113573][    T1] usbcore: registered new interface driver idmouse
[    8.115410][    T1] usbcore: registered new interface driver iowarrior
[    8.116690][    T1] usbcore: registered new interface driver isight_firmware
[    8.118000][    T1] usbcore: registered new interface driver usblcd
[    8.119199][    T1] usbcore: registered new interface driver ldusb
[    8.120377][    T1] usbcore: registered new interface driver legousbtower
[    8.121639][    T1] usbcore: registered new interface driver usbtest
[    8.122879][    T1] usbcore: registered new interface driver usb_ehset_test
[    8.124177][    T1] usbcore: registered new interface driver trancevibrator
[    8.126045][    T1] usbcore: registered new interface driver uss720
[    8.126816][    T1] uss720: USB Parport Cable driver for Cables using the Lucent Technologies USS720 Chip
[    8.127987][    T1] uss720: NOTE: this is a special purpose driver to allow nonstandard
[    8.128919][    T1] uss720: protocols (eg. bitbang) over USS720 usb to parallel cables
[    8.129839][    T1] uss720: If you just want to connect to a printer, use usblp instead
[    8.131557][    T1] usbcore: registered new interface driver usbsevseg
[    8.132873][    T1] usbcore: registered new interface driver yurex
[    8.134131][    T1] usbcore: registered new interface driver chaoskey
[    8.139628][    T1] usbcore: registered new interface driver sisusb
[    8.140996][    T1] usbcore: registered new interface driver lvs
[    8.142283][    T1] usbcore: registered new interface driver cxacru
[    8.143739][    T1] usbcore: registered new interface driver speedtch
[    8.145450][    T1] usbcore: registered new interface driver ueagle-atm
[    8.146338][    T1] xusbatm: malformed module parameters
[    8.150747][    T1] dummy_hcd dummy_hcd.0: USB Host+Gadget Emulator, driver 02 May 2005
[    8.151815][    T1] dummy_hcd dummy_hcd.0: Dummy host controller
[    8.154118][    T1] dummy_hcd dummy_hcd.0: new USB bus registered, assigned bus number 1
[    8.156905][    T1] usb usb1: New USB device found, idVendor=1d6b, idProduct=0002, bcdDevice= 6.07
[    8.158100][    T1] usb usb1: New USB device strings: Mfr=3, Product=2, SerialNumber=1
[    8.159303][    T1] usb usb1: Product: Dummy host controller
[    8.160016][    T1] usb usb1: Manufacturer: Linux 6.7.0-rc2-gbc9807868dfa-dirty dummy_hcd
[    8.161023][    T1] usb usb1: SerialNumber: dummy_hcd.0
[    8.164458][    T1] hub 1-0:1.0: USB hub found
[    8.166366][    T1] hub 1-0:1.0: 1 port detected
[    8.171426][    T1] dummy_hcd dummy_hcd.1: USB Host+Gadget Emulator, driver 02 May 2005
[    8.172427][    T1] dummy_hcd dummy_hcd.1: Dummy host controller
[    8.174046][    T1] dummy_hcd dummy_hcd.1: new USB bus registered, assigned bus number 2
[    8.175983][    T1] usb usb2: New USB device found, idVendor=1d6b, idProduct=0002, bcdDevice= 6.07
[    8.177017][    T1] usb usb2: New USB device strings: Mfr=3, Product=2, SerialNumber=1
[    8.177940][    T1] usb usb2: Product: Dummy host controller
[    8.178592][    T1] usb usb2: Manufacturer: Linux 6.7.0-rc2-gbc9807868dfa-dirty dummy_hcd
[    8.179522][    T1] usb usb2: SerialNumber: dummy_hcd.1
[    8.182417][    T1] hub 2-0:1.0: USB hub found
[    8.183106][    T1] hub 2-0:1.0: 1 port detected
[    8.186864][    T1] dummy_hcd dummy_hcd.2: USB Host+Gadget Emulator, driver 02 May 2005
[    8.187943][    T1] dummy_hcd dummy_hcd.2: Dummy host controller
[    8.189519][    T1] dummy_hcd dummy_hcd.2: new USB bus registered, assigned bus number 3
[    8.191572][    T1] usb usb3: New USB device found, idVendor=1d6b, idProduct=0002, bcdDevice= 6.07
[    8.192695][    T1] usb usb3: New USB device strings: Mfr=3, Product=2, SerialNumber=1
[    8.193671][    T1] usb usb3: Product: Dummy host controller
[    8.194375][    T1] usb usb3: Manufacturer: Linux 6.7.0-rc2-gbc9807868dfa-dirty dummy_hcd
[    8.195963][    T1] usb usb3: SerialNumber: dummy_hcd.2
[    8.198928][    T1] hub 3-0:1.0: USB hub found
[    8.199674][    T1] hub 3-0:1.0: 1 port detected
[    8.206539][    T1] dummy_hcd dummy_hcd.3: USB Host+Gadget Emulator, driver 02 May 2005
[    8.207620][    T1] dummy_hcd dummy_hcd.3: Dummy host controller
[    8.209315][    T1] dummy_hcd dummy_hcd.3: new USB bus registered, assigned bus number 4
[    8.211000][    T1] usb usb4: New USB device found, idVendor=1d6b, idProduct=0002, bcdDevice= 6.07
[    8.212138][    T1] usb usb4: New USB device strings: Mfr=3, Product=2, SerialNumber=1
[    8.213139][    T1] usb usb4: Product: Dummy host controller
[    8.213850][    T1] usb usb4: Manufacturer: Linux 6.7.0-rc2-gbc9807868dfa-dirty dummy_hcd
[    8.215239][    T1] usb usb4: SerialNumber: dummy_hcd.3
[    8.218307][    T1] hub 4-0:1.0: USB hub found
[    8.219054][    T1] hub 4-0:1.0: 1 port detected
[    8.222821][    T1] dummy_hcd dummy_hcd.4: USB Host+Gadget Emulator, driver 02 May 2005
[    8.223881][    T1] dummy_hcd dummy_hcd.4: Dummy host controller
[    8.226351][    T1] dummy_hcd dummy_hcd.4: new USB bus registered, assigned bus number 5
[    8.228017][    T1] usb usb5: New USB device found, idVendor=1d6b, idProduct=0002, bcdDevice= 6.07
[    8.229168][    T1] usb usb5: New USB device strings: Mfr=3, Product=2, SerialNumber=1
[    8.230186][    T1] usb usb5: Product: Dummy host controller
[    8.230897][    T1] usb usb5: Manufacturer: Linux 6.7.0-rc2-gbc9807868dfa-dirty dummy_hcd
[    8.231911][    T1] usb usb5: SerialNumber: dummy_hcd.4
[    8.235452][    T1] hub 5-0:1.0: USB hub found
[    8.236228][    T1] hub 5-0:1.0: 1 port detected
[    8.240309][    T1] dummy_hcd dummy_hcd.5: USB Host+Gadget Emulator, driver 02 May 2005
[    8.241379][    T1] dummy_hcd dummy_hcd.5: Dummy host controller
[    8.243079][    T1] dummy_hcd dummy_hcd.5: new USB bus registered, assigned bus number 6
[    8.245093][    T1] usb usb6: New USB device found, idVendor=1d6b, idProduct=0002, bcdDevice= 6.07
[    8.246241][    T1] usb usb6: New USB device strings: Mfr=3, Product=2, SerialNumber=1
[    8.247248][    T1] usb usb6: Product: Dummy host controller
[    8.247963][    T1] usb usb6: Manufacturer: Linux 6.7.0-rc2-gbc9807868dfa-dirty dummy_hcd
[    8.248984][    T1] usb usb6: SerialNumber: dummy_hcd.5
[    8.252035][    T1] hub 6-0:1.0: USB hub found
[    8.252780][    T1] hub 6-0:1.0: 1 port detected
[    8.257837][    T1] dummy_hcd dummy_hcd.6: USB Host+Gadget Emulator, driver 02 May 2005
[    8.258891][    T1] dummy_hcd dummy_hcd.6: Dummy host controller
[    8.260568][    T1] dummy_hcd dummy_hcd.6: new USB bus registered, assigned bus number 7
[    8.262225][    T1] usb usb7: New USB device found, idVendor=1d6b, idProduct=0002, bcdDevice= 6.07
[    8.263355][    T1] usb usb7: New USB device strings: Mfr=3, Product=2, SerialNumber=1
[    8.264393][    T1] usb usb7: Product: Dummy host controller
[    8.265401][    T1] usb usb7: Manufacturer: Linux 6.7.0-rc2-gbc9807868dfa-dirty dummy_hcd
[    8.266434][    T1] usb usb7: SerialNumber: dummy_hcd.6
[    8.269514][    T1] hub 7-0:1.0: USB hub found
[    8.270877][    T1] hub 7-0:1.0: 1 port detected
[    8.277508][    T1] dummy_hcd dummy_hcd.7: USB Host+Gadget Emulator, driver 02 May 2005
[    8.278495][    T1] dummy_hcd dummy_hcd.7: Dummy host controller
[    8.280014][    T1] dummy_hcd dummy_hcd.7: new USB bus registered, assigned bus number 8
[    8.281520][    T1] usb usb8: New USB device found, idVendor=1d6b, idProduct=0002, bcdDevice= 6.07
[    8.282551][    T1] usb usb8: New USB device strings: Mfr=3, Product=2, SerialNumber=1
[    8.283461][    T1] usb usb8: Product: Dummy host controller
[    8.284116][    T1] usb usb8: Manufacturer: Linux 6.7.0-rc2-gbc9807868dfa-dirty dummy_hcd
[    8.285408][    T1] usb usb8: SerialNumber: dummy_hcd.7
[    8.288407][    T1] hub 8-0:1.0: USB hub found
[    8.289093][    T1] hub 8-0:1.0: 1 port detected
[    8.323799][    T1] gadgetfs: USB Gadget filesystem, version 24 Aug 2004
[    8.329135][    T1] vhci_hcd vhci_hcd.0: USB/IP Virtual Host Controller
[    8.331068][    T1] vhci_hcd vhci_hcd.0: new USB bus registered, assigned bus number 9
[    8.332554][    T1] vhci_hcd: created sysfs vhci_hcd.0
[    8.334123][    T1] usb usb9: New USB device found, idVendor=1d6b, idProduct=0002, bcdDevice= 6.07
[    8.335379][    T1] usb usb9: New USB device strings: Mfr=3, Product=2, SerialNumber=1
[    8.336417][    T1] usb usb9: Product: USB/IP Virtual Host Controller
[    8.337241][    T1] usb usb9: Manufacturer: Linux 6.7.0-rc2-gbc9807868dfa-dirty vhci_hcd
[    8.338275][    T1] usb usb9: SerialNumber: vhci_hcd.0
[    8.341433][    T1] hub 9-0:1.0: USB hub found
[    8.342243][    T1] hub 9-0:1.0: 8 ports detected
[    8.349610][    T1] vhci_hcd vhci_hcd.0: USB/IP Virtual Host Controller
[    8.351480][    T1] vhci_hcd vhci_hcd.0: new USB bus registered, assigned bus number 10
[    8.352840][    T1] usb usb10: We don't know the algorithms for LPM for this host, disabling LPM.
[    8.355013][    T1] usb usb10: New USB device found, idVendor=1d6b, idProduct=0003, bcdDevice= 6.07
[    8.356226][    T1] usb usb10: New USB device strings: Mfr=3, Product=2, SerialNumber=1
[    8.357248][    T1] usb usb10: Product: USB/IP Virtual Host Controller
[    8.358073][    T1] usb usb10: Manufacturer: Linux 6.7.0-rc2-gbc9807868dfa-dirty vhci_hcd
[    8.359090][    T1] usb usb10: SerialNumber: vhci_hcd.0
[    8.361788][    T1] hub 10-0:1.0: USB hub found
[    8.362953][    T1] hub 10-0:1.0: 8 ports detected
[    8.372700][    T1] vhci_hcd vhci_hcd.1: USB/IP Virtual Host Controller
[    8.374479][    T1] vhci_hcd vhci_hcd.1: new USB bus registered, assigned bus number 11
[    8.376455][    T1] usb usb11: New USB device found, idVendor=1d6b, idProduct=0002, bcdDevice= 6.07
[    8.377635][    T1] usb usb11: New USB device strings: Mfr=3, Product=2, SerialNumber=1
[    8.378669][    T1] usb usb11: Product: USB/IP Virtual Host Controller
[    8.379517][    T1] usb usb11: Manufacturer: Linux 6.7.0-rc2-gbc9807868dfa-dirty vhci_hcd
[    8.380580][    T1] usb usb11: SerialNumber: vhci_hcd.1
[    8.383666][    T1] hub 11-0:1.0: USB hub found
[    8.384426][    T1] hub 11-0:1.0: 8 ports detected
[    8.392092][    T1] vhci_hcd vhci_hcd.1: USB/IP Virtual Host Controller
[    8.393484][    T1] vhci_hcd vhci_hcd.1: new USB bus registered, assigned bus number 12
[    8.395542][    T1] usb usb12: We don't know the algorithms for LPM for this host, disabling LPM.
[    8.397317][    T1] usb usb12: New USB device found, idVendor=1d6b, idProduct=0003, bcdDevice= 6.07
[    8.398514][    T1] usb usb12: New USB device strings: Mfr=3, Product=2, SerialNumber=1
[    8.399557][    T1] usb usb12: Product: USB/IP Virtual Host Controller
[    8.400404][    T1] usb usb12: Manufacturer: Linux 6.7.0-rc2-gbc9807868dfa-dirty vhci_hcd
[    8.401447][    T1] usb usb12: SerialNumber: vhci_hcd.1
[    8.404572][    T1] hub 12-0:1.0: USB hub found
[    8.405754][    T1] hub 12-0:1.0: 8 ports detected
[    8.415199][    T1] vhci_hcd vhci_hcd.2: USB/IP Virtual Host Controller
[    8.417060][    T1] vhci_hcd vhci_hcd.2: new USB bus registered, assigned bus number 13
[    8.418774][    T1] usb usb13: New USB device found, idVendor=1d6b, idProduct=0002, bcdDevice= 6.07
[    8.419950][    T1] usb usb13: New USB device strings: Mfr=3, Product=2, SerialNumber=1
[    8.420987][    T1] usb usb13: Product: USB/IP Virtual Host Controller
[    8.421822][    T1] usb usb13: Manufacturer: Linux 6.7.0-rc2-gbc9807868dfa-dirty vhci_hcd
[    8.422871][    T1] usb usb13: SerialNumber: vhci_hcd.2
[    8.426351][    T1] hub 13-0:1.0: USB hub found
[    8.427254][    T1] hub 13-0:1.0: 8 ports detected
[    8.433659][    T1] vhci_hcd vhci_hcd.2: USB/IP Virtual Host Controller
[    8.435538][    T1] vhci_hcd vhci_hcd.2: new USB bus registered, assigned bus number 14
[    8.436732][    T1] usb usb14: We don't know the algorithms for LPM for this host, disabling LPM.
[    8.438222][    T1] usb usb14: New USB device found, idVendor=1d6b, idProduct=0003, bcdDevice= 6.07
[    8.439278][    T1] usb usb14: New USB device strings: Mfr=3, Product=2, SerialNumber=1
[    8.440196][    T1] usb usb14: Product: USB/IP Virtual Host Controller
[    8.440947][    T1] usb usb14: Manufacturer: Linux 6.7.0-rc2-gbc9807868dfa-dirty vhci_hcd
[    8.441881][    T1] usb usb14: SerialNumber: vhci_hcd.2
[    8.444730][    T1] hub 14-0:1.0: USB hub found
[    8.445580][    T1] hub 14-0:1.0: 8 ports detected
[    8.453414][    T1] vhci_hcd vhci_hcd.3: USB/IP Virtual Host Controller
[    8.456699][    T1] vhci_hcd vhci_hcd.3: new USB bus registered, assigned bus number 15
[    8.458360][    T1] usb usb15: New USB device found, idVendor=1d6b, idProduct=0002, bcdDevice= 6.07
[    8.459445][    T1] usb usb15: New USB device strings: Mfr=3, Product=2, SerialNumber=1
[    8.460402][    T1] usb usb15: Product: USB/IP Virtual Host Controller
[    8.461185][    T1] usb usb15: Manufacturer: Linux 6.7.0-rc2-gbc9807868dfa-dirty vhci_hcd
[    8.462158][    T1] usb usb15: SerialNumber: vhci_hcd.3
[    8.465529][    T1] hub 15-0:1.0: USB hub found
[    8.466269][    T1] hub 15-0:1.0: 8 ports detected
[    8.473264][    T1] vhci_hcd vhci_hcd.3: USB/IP Virtual Host Controller
[    8.475578][    T1] vhci_hcd vhci_hcd.3: new USB bus registered, assigned bus number 16
[    8.476847][    T1] usb usb16: We don't know the algorithms for LPM for this host, disabling LPM.
[    8.478451][    T1] usb usb16: New USB device found, idVendor=1d6b, idProduct=0003, bcdDevice= 6.07
[    8.479556][    T1] usb usb16: New USB device strings: Mfr=3, Product=2, SerialNumber=1
[    8.480533][    T1] usb usb16: Product: USB/IP Virtual Host Controller
[    8.481333][    T1] usb usb16: Manufacturer: Linux 6.7.0-rc2-gbc9807868dfa-dirty vhci_hcd
[    8.482336][    T1] usb usb16: SerialNumber: vhci_hcd.3
[    8.485703][    T1] hub 16-0:1.0: USB hub found
[    8.486451][    T1] hub 16-0:1.0: 8 ports detected
[    8.493836][    T1] vhci_hcd vhci_hcd.4: USB/IP Virtual Host Controller
[    8.497568][    T1] vhci_hcd vhci_hcd.4: new USB bus registered, assigned bus number 17
[    8.499223][    T1] usb usb17: New USB device found, idVendor=1d6b, idProduct=0002, bcdDevice= 6.07
[    8.500370][    T1] usb usb17: New USB device strings: Mfr=3, Product=2, SerialNumber=1
[    8.501355][    T1] usb usb17: Product: USB/IP Virtual Host Controller
[    8.502158][    T1] usb usb17: Manufacturer: Linux 6.7.0-rc2-gbc9807868dfa-dirty vhci_hcd
[    8.503158][    T1] usb usb17: SerialNumber: vhci_hcd.4
[    8.506630][    T1] hub 17-0:1.0: USB hub found
[    8.507365][    T1] hub 17-0:1.0: 8 ports detected
[    8.514469][    T1] vhci_hcd vhci_hcd.4: USB/IP Virtual Host Controller
[    8.516621][    T1] vhci_hcd vhci_hcd.4: new USB bus registered, assigned bus number 18
[    8.517946][    T1] usb usb18: We don't know the algorithms for LPM for this host, disabling LPM.
[    8.519764][    T1] usb usb18: New USB device found, idVendor=1d6b, idProduct=0003, bcdDevice= 6.07
[    8.520882][    T1] usb usb18: New USB device strings: Mfr=3, Product=2, SerialNumber=1
[    8.521880][    T1] usb usb18: Product: USB/IP Virtual Host Controller
[    8.522710][    T1] usb usb18: Manufacturer: Linux 6.7.0-rc2-gbc9807868dfa-dirty vhci_hcd
[    8.523717][    T1] usb usb18: SerialNumber: vhci_hcd.4
[    8.527174][    T1] hub 18-0:1.0: USB hub found
[    8.527929][    T1] hub 18-0:1.0: 8 ports detected
[    8.535319][    T1] vhci_hcd vhci_hcd.5: USB/IP Virtual Host Controller
[    8.539422][    T1] vhci_hcd vhci_hcd.5: new USB bus registered, assigned bus number 19
[    8.541035][    T1] usb usb19: New USB device found, idVendor=1d6b, idProduct=0002, bcdDevice= 6.07
[    8.542088][    T1] usb usb19: New USB device strings: Mfr=3, Product=2, SerialNumber=1
[    8.543011][    T1] usb usb19: Product: USB/IP Virtual Host Controller
[    8.543766][    T1] usb usb19: Manufacturer: Linux 6.7.0-rc2-gbc9807868dfa-dirty vhci_hcd
[    8.544823][    T1] usb usb19: SerialNumber: vhci_hcd.5
[    8.547906][    T1] hub 19-0:1.0: USB hub found
[    8.548615][    T1] hub 19-0:1.0: 8 ports detected
[    8.555909][    T1] vhci_hcd vhci_hcd.5: USB/IP Virtual Host Controller
[    8.557769][    T1] vhci_hcd vhci_hcd.5: new USB bus registered, assigned bus number 20
[    8.558999][    T1] usb usb20: We don't know the algorithms for LPM for this host, disabling LPM.
[    8.560596][    T1] usb usb20: New USB device found, idVendor=1d6b, idProduct=0003, bcdDevice= 6.07
[    8.561701][    T1] usb usb20: New USB device strings: Mfr=3, Product=2, SerialNumber=1
[    8.562653][    T1] usb usb20: Product: USB/IP Virtual Host Controller
[    8.563433][    T1] usb usb20: Manufacturer: Linux 6.7.0-rc2-gbc9807868dfa-dirty vhci_hcd
[    8.564405][    T1] usb usb20: SerialNumber: vhci_hcd.5
[    8.568168][    T1] hub 20-0:1.0: USB hub found
[    8.569028][    T1] hub 20-0:1.0: 8 ports detected
[    8.578110][    T1] vhci_hcd vhci_hcd.6: USB/IP Virtual Host Controller
[    8.579647][    T1] vhci_hcd vhci_hcd.6: new USB bus registered, assigned bus number 21
[    8.582076][    T1] usb usb21: New USB device found, idVendor=1d6b, idProduct=0002, bcdDevice= 6.07
[    8.583232][    T1] usb usb21: New USB device strings: Mfr=3, Product=2, SerialNumber=1
[    8.584248][    T1] usb usb21: Product: USB/IP Virtual Host Controller
[    8.585348][    T1] usb usb21: Manufacturer: Linux 6.7.0-rc2-gbc9807868dfa-dirty vhci_hcd
[    8.586386][    T1] usb usb21: SerialNumber: vhci_hcd.6
[    8.589523][    T1] hub 21-0:1.0: USB hub found
[    8.590270][    T1] hub 21-0:1.0: 8 ports detected
[    8.597746][    T1] vhci_hcd vhci_hcd.6: USB/IP Virtual Host Controller
[    8.599225][    T1] vhci_hcd vhci_hcd.6: new USB bus registered, assigned bus number 22
[    8.600851][    T1] usb usb22: We don't know the algorithms for LPM for this host, disabling LPM.
[    8.602533][    T1] usb usb22: New USB device found, idVendor=1d6b, idProduct=0003, bcdDevice= 6.07
[    8.603670][    T1] usb usb22: New USB device strings: Mfr=3, Product=2, SerialNumber=1
[    8.604990][    T1] usb usb22: Product: USB/IP Virtual Host Controller
[    8.605822][    T1] usb usb22: Manufacturer: Linux 6.7.0-rc2-gbc9807868dfa-dirty vhci_hcd
[    8.606892][    T1] usb usb22: SerialNumber: vhci_hcd.6
[    8.610015][    T1] hub 22-0:1.0: USB hub found
[    8.610971][    T1] hub 22-0:1.0: 8 ports detected
[    8.619757][    T1] vhci_hcd vhci_hcd.7: USB/IP Virtual Host Controller
[    8.622339][    T1] vhci_hcd vhci_hcd.7: new USB bus registered, assigned bus number 23
[    8.624084][    T1] usb usb23: New USB device found, idVendor=1d6b, idProduct=0002, bcdDevice= 6.07
[    8.625562][    T1] usb usb23: New USB device strings: Mfr=3, Product=2, SerialNumber=1
[    8.626581][    T1] usb usb23: Product: USB/IP Virtual Host Controller
[    8.627413][    T1] usb usb23: Manufacturer: Linux 6.7.0-rc2-gbc9807868dfa-dirty vhci_hcd
[    8.628431][    T1] usb usb23: SerialNumber: vhci_hcd.7
[    8.631876][    T1] hub 23-0:1.0: USB hub found
[    8.632625][    T1] hub 23-0:1.0: 8 ports detected
[    8.639591][    T1] vhci_hcd vhci_hcd.7: USB/IP Virtual Host Controller
[    8.641761][    T1] vhci_hcd vhci_hcd.7: new USB bus registered, assigned bus number 24
[    8.643056][    T1] usb usb24: We don't know the algorithms for LPM for this host, disabling LPM.
[    8.645003][    T1] usb usb24: New USB device found, idVendor=1d6b, idProduct=0003, bcdDevice= 6.07
[    8.646409][    T1] usb usb24: New USB device strings: Mfr=3, Product=2, SerialNumber=1
[    8.647862][    T1] usb usb24: Product: USB/IP Virtual Host Controller
[    8.648724][    T1] usb usb24: Manufacturer: Linux 6.7.0-rc2-gbc9807868dfa-dirty vhci_hcd
[    8.649752][    T1] usb usb24: SerialNumber: vhci_hcd.7
[    8.652966][    T1] hub 24-0:1.0: USB hub found
[    8.653682][    T1] hub 24-0:1.0: 8 ports detected
[    8.663436][    T1] vhci_hcd vhci_hcd.8: USB/IP Virtual Host Controller
[    8.665523][    T1] vhci_hcd vhci_hcd.8: new USB bus registered, assigned bus number 25
[    8.667603][    T1] usb usb25: New USB device found, idVendor=1d6b, idProduct=0002, bcdDevice= 6.07
[    8.668745][    T1] usb usb25: New USB device strings: Mfr=3, Product=2, SerialNumber=1
[    8.669754][    T1] usb usb25: Product: USB/IP Virtual Host Controller
[    8.670587][    T1] usb usb25: Manufacturer: Linux 6.7.0-rc2-gbc9807868dfa-dirty vhci_hcd
[    8.671612][    T1] usb usb25: SerialNumber: vhci_hcd.8
[    8.675385][    T1] hub 25-0:1.0: USB hub found
[    8.676184][    T1] hub 25-0:1.0: 8 ports detected
[    8.683271][    T1] vhci_hcd vhci_hcd.8: USB/IP Virtual Host Controller
[    8.686028][    T1] vhci_hcd vhci_hcd.8: new USB bus registered, assigned bus number 26
[    8.687266][    T1] usb usb26: We don't know the algorithms for LPM for this host, disabling LPM.
[    8.688931][    T1] usb usb26: New USB device found, idVendor=1d6b, idProduct=0003, bcdDevice= 6.07
[    8.690144][    T1] usb usb26: New USB device strings: Mfr=3, Product=2, SerialNumber=1
[    8.691182][    T1] usb usb26: Product: USB/IP Virtual Host Controller
[    8.692014][    T1] usb usb26: Manufacturer: Linux 6.7.0-rc2-gbc9807868dfa-dirty vhci_hcd
[    8.693085][    T1] usb usb26: SerialNumber: vhci_hcd.8
[    8.696891][    T1] hub 26-0:1.0: USB hub found
[    8.697683][    T1] hub 26-0:1.0: 8 ports detected
[    8.710055][    T1] vhci_hcd vhci_hcd.9: USB/IP Virtual Host Controller
[    8.712148][    T1] vhci_hcd vhci_hcd.9: new USB bus registered, assigned bus number 27
[    8.714371][    T1] usb usb27: New USB device found, idVendor=1d6b, idProduct=0002, bcdDevice= 6.07
[    8.715676][    T1] usb usb27: New USB device strings: Mfr=3, Product=2, SerialNumber=1
[    8.716717][    T1] usb usb27: Product: USB/IP Virtual Host Controller
[    8.717536][    T1] usb usb27: Manufacturer: Linux 6.7.0-rc2-gbc9807868dfa-dirty vhci_hcd
[    8.718571][    T1] usb usb27: SerialNumber: vhci_hcd.9
[    8.721783][    T1] hub 27-0:1.0: USB hub found
[    8.722572][    T1] hub 27-0:1.0: 8 ports detected
[    8.730111][    T1] vhci_hcd vhci_hcd.9: USB/IP Virtual Host Controller
[    8.732191][    T1] vhci_hcd vhci_hcd.9: new USB bus registered, assigned bus number 28
[    8.733495][    T1] usb usb28: We don't know the algorithms for LPM for this host, disabling LPM.
[    8.735437][    T1] usb usb28: New USB device found, idVendor=1d6b, idProduct=0003, bcdDevice= 6.07
[    8.736606][    T1] usb usb28: New USB device strings: Mfr=3, Product=2, SerialNumber=1
[    8.737639][    T1] usb usb28: Product: USB/IP Virtual Host Controller
[    8.738714][    T1] usb usb28: Manufacturer: Linux 6.7.0-rc2-gbc9807868dfa-dirty vhci_hcd
[    8.741250][    T1] usb usb28: SerialNumber: vhci_hcd.9
[    8.746783][    T1] hub 28-0:1.0: USB hub found
[    8.747495][    T1] hub 28-0:1.0: 8 ports detected
[    8.755261][    T1] vhci_hcd vhci_hcd.10: USB/IP Virtual Host Controller
[    8.757953][    T1] vhci_hcd vhci_hcd.10: new USB bus registered, assigned bus number 29
[    8.759728][    T1] usb usb29: New USB device found, idVendor=1d6b, idProduct=0002, bcdDevice= 6.07
[    8.760932][    T1] usb usb29: New USB device strings: Mfr=3, Product=2, SerialNumber=1
[    8.761964][    T1] usb usb29: Product: USB/IP Virtual Host Controller
[    8.762794][    T1] usb usb29: Manufacturer: Linux 6.7.0-rc2-gbc9807868dfa-dirty vhci_hcd
[    8.763820][    T1] usb usb29: SerialNumber: vhci_hcd.10
[    8.767315][    T1] hub 29-0:1.0: USB hub found
[    8.768266][    T1] hub 29-0:1.0: 8 ports detected
[    8.776521][    T1] vhci_hcd vhci_hcd.10: USB/IP Virtual Host Controller
[    8.778187][    T1] vhci_hcd vhci_hcd.10: new USB bus registered, assigned bus number 30
[    8.779406][    T1] usb usb30: We don't know the algorithms for LPM for this host, disabling LPM.
[    8.781143][    T1] usb usb30: New USB device found, idVendor=1d6b, idProduct=0003, bcdDevice= 6.07
[    8.782188][    T1] usb usb30: New USB device strings: Mfr=3, Product=2, SerialNumber=1
[    8.783101][    T1] usb usb30: Product: USB/IP Virtual Host Controller
[    8.783848][    T1] usb usb30: Manufacturer: Linux 6.7.0-rc2-gbc9807868dfa-dirty vhci_hcd
[    8.785130][    T1] usb usb30: SerialNumber: vhci_hcd.10
[    8.788253][    T1] hub 30-0:1.0: USB hub found
[    8.789008][    T1] hub 30-0:1.0: 8 ports detected
[    8.797681][    T1] vhci_hcd vhci_hcd.11: USB/IP Virtual Host Controller
[    8.800268][    T1] vhci_hcd vhci_hcd.11: new USB bus registered, assigned bus number 31
[    8.801981][    T1] usb usb31: New USB device found, idVendor=1d6b, idProduct=0002, bcdDevice= 6.07
[    8.803163][    T1] usb usb31: New USB device strings: Mfr=3, Product=2, SerialNumber=1
[    8.804184][    T1] usb usb31: Product: USB/IP Virtual Host Controller
[    8.805344][    T1] usb usb31: Manufacturer: Linux 6.7.0-rc2-gbc9807868dfa-dirty vhci_hcd
[    8.806404][    T1] usb usb31: SerialNumber: vhci_hcd.11
[    8.809493][    T1] hub 31-0:1.0: USB hub found
[    8.810245][    T1] hub 31-0:1.0: 8 ports detected
[    8.817716][    T1] vhci_hcd vhci_hcd.11: USB/IP Virtual Host Controller
[    8.819568][    T1] vhci_hcd vhci_hcd.11: new USB bus registered, assigned bus number 32
[    8.820904][    T1] usb usb32: We don't know the algorithms for LPM for this host, disabling LPM.
[    8.822624][    T1] usb usb32: New USB device found, idVendor=1d6b, idProduct=0003, bcdDevice= 6.07
[    8.823783][    T1] usb usb32: New USB device strings: Mfr=3, Product=2, SerialNumber=1
[    8.825163][    T1] usb usb32: Product: USB/IP Virtual Host Controller
[    8.825998][    T1] usb usb32: Manufacturer: Linux 6.7.0-rc2-gbc9807868dfa-dirty vhci_hcd
[    8.827031][    T1] usb usb32: SerialNumber: vhci_hcd.11
[    8.830110][    T1] hub 32-0:1.0: USB hub found
[    8.830869][    T1] hub 32-0:1.0: 8 ports detected
[    8.840317][    T1] vhci_hcd vhci_hcd.12: USB/IP Virtual Host Controller
[    8.842187][    T1] vhci_hcd vhci_hcd.12: new USB bus registered, assigned bus number 33
[    8.844323][    T1] usb usb33: New USB device found, idVendor=1d6b, idProduct=0002, bcdDevice= 6.07
[    8.845790][    T1] usb usb33: New USB device strings: Mfr=3, Product=2, SerialNumber=1
[    8.846848][    T1] usb usb33: Product: USB/IP Virtual Host Controller
[    8.847675][    T1] usb usb33: Manufacturer: Linux 6.7.0-rc2-gbc9807868dfa-dirty vhci_hcd
[    8.848699][    T1] usb usb33: SerialNumber: vhci_hcd.12
[    8.852229][    T1] hub 33-0:1.0: USB hub found
[    8.852998][    T1] hub 33-0:1.0: 8 ports detected
[    8.860661][    T1] vhci_hcd vhci_hcd.12: USB/IP Virtual Host Controller
[    8.862520][    T1] vhci_hcd vhci_hcd.12: new USB bus registered, assigned bus number 34
[    8.863838][    T1] usb usb34: We don't know the algorithms for LPM for this host, disabling LPM.
[    8.866138][    T1] usb usb34: New USB device found, idVendor=1d6b, idProduct=0003, bcdDevice= 6.07
[    8.867262][    T1] usb usb34: New USB device strings: Mfr=3, Product=2, SerialNumber=1
[    8.868242][    T1] usb usb34: Product: USB/IP Virtual Host Controller
[    8.869033][    T1] usb usb34: Manufacturer: Linux 6.7.0-rc2-gbc9807868dfa-dirty vhci_hcd
[    8.869973][    T1] usb usb34: SerialNumber: vhci_hcd.12
[    8.872856][    T1] hub 34-0:1.0: USB hub found
[    8.873550][    T1] hub 34-0:1.0: 8 ports detected
[    8.882264][    T1] vhci_hcd vhci_hcd.13: USB/IP Virtual Host Controller
[    8.884473][    T1] vhci_hcd vhci_hcd.13: new USB bus registered, assigned bus number 35
[    8.886374][    T1] usb usb35: New USB device found, idVendor=1d6b, idProduct=0002, bcdDevice= 6.07
[    8.887628][    T1] usb usb35: New USB device strings: Mfr=3, Product=2, SerialNumber=1
[    8.888637][    T1] usb usb35: Product: USB/IP Virtual Host Controller
[    8.889484][    T1] usb usb35: Manufacturer: Linux 6.7.0-rc2-gbc9807868dfa-dirty vhci_hcd
[    8.890519][    T1] usb usb35: SerialNumber: vhci_hcd.13
[    8.893593][    T1] hub 35-0:1.0: USB hub found
[    8.894408][    T1] hub 35-0:1.0: 8 ports detected
[    8.902122][    T1] vhci_hcd vhci_hcd.13: USB/IP Virtual Host Controller
[    8.904134][    T1] vhci_hcd vhci_hcd.13: new USB bus registered, assigned bus number 36
[    8.905763][    T1] usb usb36: We don't know the algorithms for LPM for this host, disabling LPM.
[    8.907442][    T1] usb usb36: New USB device found, idVendor=1d6b, idProduct=0003, bcdDevice= 6.07
[    8.908584][    T1] usb usb36: New USB device strings: Mfr=3, Product=2, SerialNumber=1
[    8.909593][    T1] usb usb36: Product: USB/IP Virtual Host Controller
[    8.910425][    T1] usb usb36: Manufacturer: Linux 6.7.0-rc2-gbc9807868dfa-dirty vhci_hcd
[    8.911449][    T1] usb usb36: SerialNumber: vhci_hcd.13
[    8.914981][    T1] hub 36-0:1.0: USB hub found
[    8.915750][    T1] hub 36-0:1.0: 8 ports detected
[    8.923931][    T1] vhci_hcd vhci_hcd.14: USB/IP Virtual Host Controller
[    8.925926][    T1] vhci_hcd vhci_hcd.14: new USB bus registered, assigned bus number 37
[    8.928002][    T1] usb usb37: New USB device found, idVendor=1d6b, idProduct=0002, bcdDevice= 6.07
[    8.929143][    T1] usb usb37: New USB device strings: Mfr=3, Product=2, SerialNumber=1
[    8.930142][    T1] usb usb37: Product: USB/IP Virtual Host Controller
[    8.930952][    T1] usb usb37: Manufacturer: Linux 6.7.0-rc2-gbc9807868dfa-dirty vhci_hcd
[    8.931960][    T1] usb usb37: SerialNumber: vhci_hcd.14
[    8.935153][    T1] hub 37-0:1.0: USB hub found
[    8.935932][    T1] hub 37-0:1.0: 8 ports detected
[    8.943194][    T1] vhci_hcd vhci_hcd.14: USB/IP Virtual Host Controller
[    8.945899][    T1] vhci_hcd vhci_hcd.14: new USB bus registered, assigned bus number 38
[    8.947161][    T1] usb usb38: We don't know the algorithms for LPM for this host, disabling LPM.
[    8.948704][    T1] usb usb38: New USB device found, idVendor=1d6b, idProduct=0003, bcdDevice= 6.07
[    8.949745][    T1] usb usb38: New USB device strings: Mfr=3, Product=2, SerialNumber=1
[    8.950680][    T1] usb usb38: Product: USB/IP Virtual Host Controller
[    8.951432][    T1] usb usb38: Manufacturer: Linux 6.7.0-rc2-gbc9807868dfa-dirty vhci_hcd
[    8.952366][    T1] usb usb38: SerialNumber: vhci_hcd.14
[    8.955913][    T1] hub 38-0:1.0: USB hub found
[    8.956642][    T1] hub 38-0:1.0: 8 ports detected
[    8.963503][    T1] vhci_hcd vhci_hcd.15: USB/IP Virtual Host Controller
[    8.966988][    T1] vhci_hcd vhci_hcd.15: new USB bus registered, assigned bus number 39
[    8.968682][    T1] usb usb39: New USB device found, idVendor=1d6b, idProduct=0002, bcdDevice= 6.07
[    8.969808][    T1] usb usb39: New USB device strings: Mfr=3, Product=2, SerialNumber=1
[    8.970814][    T1] usb usb39: Product: USB/IP Virtual Host Controller
[    8.971646][    T1] usb usb39: Manufacturer: Linux 6.7.0-rc2-gbc9807868dfa-dirty vhci_hcd
[    8.972702][    T1] usb usb39: SerialNumber: vhci_hcd.15
[    8.976276][    T1] hub 39-0:1.0: USB hub found
[    8.977136][    T1] hub 39-0:1.0: 8 ports detected
[    8.983998][    T1] vhci_hcd vhci_hcd.15: USB/IP Virtual Host Controller
[    8.986018][    T1] vhci_hcd vhci_hcd.15: new USB bus registered, assigned bus number 40
[    8.987230][    T1] usb usb40: We don't know the algorithms for LPM for this host, disabling LPM.
[    8.988777][    T1] usb usb40: New USB device found, idVendor=1d6b, idProduct=0003, bcdDevice= 6.07
[    8.989867][    T1] usb usb40: New USB device strings: Mfr=3, Product=2, SerialNumber=1
[    8.991071][    T1] usb usb40: Product: USB/IP Virtual Host Controller
[    8.991843][    T1] usb usb40: Manufacturer: Linux 6.7.0-rc2-gbc9807868dfa-dirty vhci_hcd
[    8.992785][    T1] usb usb40: SerialNumber: vhci_hcd.15
[    8.995492][    T1] hub 40-0:1.0: USB hub found
[    8.996723][    T1] hub 40-0:1.0: 8 ports detected
[    9.005632][    T1] usbcore: registered new device driver usbip-host
[    9.010970][    T1] i8042: PNP: PS/2 Controller [PNP0303:KBD,PNP0f13:MOU] at 0x60,0x64 irq 1,12
[    9.013330][    T1] serio: i8042 KBD port at 0x60,0x64 irq 1
[    9.019238][    T1] serio: i8042 AUX port at 0x60,0x64 irq 12
[    9.023351][    T1] mousedev: PS/2 mouse device common for all mice
[    9.028350][    T1] usbcore: registered new interface driver appletouch
[    9.029286][    T1] usbcore: registered new interface driver bcm5974
[    9.030299][    T1] usbcore: registered new interface driver synaptics_usb
[    9.031205][    T1] usbcore: registered new interface driver iforce
[    9.032104][    T1] usbcore: registered new interface driver xpad
[    9.032917][    T1] usbcore: registered new interface driver usb_acecad
[    9.033781][    T1] usbcore: registered new interface driver aiptek
[    9.034620][    T1] usbcore: registered new interface driver hanwang
[    9.036657][  T745] input: AT Translated Set 2 keyboard as /devices/platform/i8042/serio0/input/input1
[    9.050711][    T1] usbcore: registered new interface driver kbtab
[    9.052095][    T1] usbcore: registered new interface driver pegasus_notetaker
[    9.056617][    T1] usbcore: registered new interface driver usbtouchscreen
[    9.058155][    T1] usbcore: registered new interface driver sur40
[    9.059373][    T1] usbcore: registered new interface driver ati_remote2
[    9.060192][    T1] cm109: Keymap for Komunikate KIP1000 phone loaded
[    9.061445][    T1] usbcore: registered new interface driver cm109
[    9.062187][    T1] cm109: CM109 phone driver: 20080805 (C) Alfred E. Heggestad
[    9.063497][    T1] usbcore: registered new interface driver ims_pcu
[    9.065741][    T1] usbcore: registered new interface driver keyspan_remote
[    9.067096][    T1] usbcore: registered new interface driver powermate
[    9.069032][    T1] usbcore: registered new interface driver yealink
[    9.073045][    T1] rtc_cmos 00:05: RTC can wake from S4
[    9.080321][    T1] rtc_cmos 00:05: registered as rtc0
[    9.081103][    T1] rtc_cmos 00:05: alarms up to one day, y3k, 242 bytes nvram, hpet irqs
[    9.083983][    T1] i2c_dev: i2c /dev entries driver
[    9.087230][    T1] usbcore: registered new interface driver i2c-diolan-u2c
[    9.089306][    T1] usbcore: registered new interface driver RobotFuzz Open Source InterFace, OSIF
[    9.090854][    T1] usbcore: registered new interface driver i2c-tiny-usb
[    9.093167][    T1] usbcore: registered new interface driver igorplugusb
[    9.094093][    T1] usbcore: registered new interface driver iguanair
[    9.102230][    T1] usbcore: registered new interface driver imon
[    9.103665][    T1] usbcore: registered new interface driver mceusb
[    9.105618][    T1] usbcore: registered new interface driver redrat3
[    9.107002][    T1] usbcore: registered new interface driver streamzap
[    9.108389][    T1] usbcore: registered new interface driver ttusbir
[    9.109745][    T1] usbcore: registered new interface driver ati_remote
[    9.111577][    T1] b2c2-flexcop: B2C2 FlexcopII/II(b)/III digital TV receiver chip loaded successfully
[    9.113400][    T1] usbcore: registered new interface driver b2c2_flexcop_usb
[    9.114504][    T1] usbcore: registered new interface driver dvb_usb_vp7045
[    9.117834][    T1] usbcore: registered new interface driver dvb_usb_vp702x
[    9.119316][    T1] usbcore: registered new interface driver dvb_usb_gp8psk
[    9.120766][    T1] usbcore: registered new interface driver dvb_usb_dtt200u
[    9.122191][    T1] usbcore: registered new interface driver dvb_usb_a800
[    9.123318][    T1] usbcore: registered new interface driver dvb_usb_dibusb_mb
[    9.125657][    T1] usbcore: registered new interface driver dvb_usb_dibusb_mc
[    9.127159][    T1] usbcore: registered new interface driver dvb_usb_nova_t_usb2
[    9.128622][    T1] usbcore: registered new interface driver dvb_usb_umt_010
[    9.130063][    T1] usbcore: registered new interface driver dvb_usb_m920x
[    9.131455][    T1] usbcore: registered new interface driver dvb_usb_digitv
[    9.132570][    T1] usbcore: registered new interface driver dvb_usb_cxusb
[    9.134245][    T1] usbcore: registered new interface driver dvb_usb_ttusb2
[    9.136251][    T1] usbcore: registered new interface driver dvb_usb_dib0700
[    9.137704][    T1] usbcore: registered new interface driver opera1
[    9.139122][    T1] usbcore: registered new interface driver dvb_usb_af9005
[    9.140056][    T1] failing symbol_get of non-GPLONLY symbol af9005_rc_decode.
[    9.141453][    T1] failing symbol_get of non-GPLONLY symbol af9005_rc_decode.
[    9.142399][    T1] failing symbol_get of non-GPLONLY symbol rc_map_af9005_table.
[    9.143818][    T1] failing symbol_get of non-GPLONLY symbol rc_map_af9005_table.
[    9.145283][    T1] failing symbol_get of non-GPLONLY symbol rc_map_af9005_table_size.
[    9.146948][    T1] failing symbol_get of non-GPLONLY symbol rc_map_af9005_table_size.
[    9.148095][    T1] af9005: af9005_rc_decode function not found, disabling remote
[    9.149634][    T1] usbcore: registered new interface driver pctv452e
[    9.151047][    T1] usbcore: registered new interface driver dw2102
[    9.152384][    T1] usbcore: registered new interface driver dvb_usb_dtv5100
[    9.153843][    T1] usbcore: registered new interface driver cinergyT2
[    9.155635][    T1] usbcore: registered new interface driver dvb_usb_az6027
[    9.157123][    T1] usbcore: registered new interface driver dvb_usb_technisat_usb2
[    9.158646][    T1] usbcore: registered new interface driver dvb_usb_af9015
[    9.160059][    T1] usbcore: registered new interface driver dvb_usb_af9035
[    9.161457][    T1] usbcore: registered new interface driver dvb_usb_anysee
[    9.162841][    T1] usbcore: registered new interface driver dvb_usb_au6610
[    9.164442][    T1] usbcore: registered new interface driver dvb_usb_az6007
[    9.166255][    T1] usbcore: registered new interface driver dvb_usb_ce6230
[    9.167628][    T1] usbcore: registered new interface driver dvb_usb_ec168
[    9.168997][    T1] usbcore: registered new interface driver dvb_usb_lmedm04
[    9.170396][    T1] usbcore: registered new interface driver dvb_usb_gl861
[    9.171819][    T1] usbcore: registered new interface driver dvb_usb_mxl111sf
[    9.173040][    T1] usbcore: registered new interface driver dvb_usb_rtl28xxu
[    9.175067][    T1] usbcore: registered new interface driver dvb_usb_dvbsky
[    9.176647][    T1] usbcore: registered new interface driver zd1301
[    9.177977][    T1] usbcore: registered new interface driver s2255
[    9.179320][    T1] usbcore: registered new interface driver smsusb
[    9.180682][    T1] usbcore: registered new interface driver ttusb
[    9.182000][    T1] usbcore: registered new interface driver ttusb-dec
[    9.183351][    T1] usbcore: registered new interface driver Abilis Systems as10x usb driver
[    9.185404][    T1] usbcore: registered new interface driver airspy
[    9.186246][    T1] gspca_main: v2.14.0 registered
[    9.187065][    T1] usbcore: registered new interface driver benq
[    9.188696][    T1] usbcore: registered new interface driver conex
[    9.190063][    T1] usbcore: registered new interface driver cpia1
[    9.191380][    T1] usbcore: registered new interface driver dtcs033
[    9.192679][    T1] usbcore: registered new interface driver etoms
[    9.193693][    T1] usbcore: registered new interface driver finepix
[    9.195608][    T1] usbcore: registered new interface driver jeilinj
[    9.196561][    T1] usbcore: registered new interface driver jl2005bcd
[    9.197496][    T1] usbcore: registered new interface driver kinect
[    9.198375][    T1] usbcore: registered new interface driver konica
[    9.199257][    T1] usbcore: registered new interface driver mars
[    9.200126][    T1] usbcore: registered new interface driver mr97310a
[    9.201047][    T1] usbcore: registered new interface driver nw80x
[    9.201959][    T1] usbcore: registered new interface driver ov519
[    9.202842][    T1] usbcore: registered new interface driver ov534
[    9.203735][    T1] usbcore: registered new interface driver ov534_9
[    9.210077][    T1] usbcore: registered new interface driver pac207
[    9.211499][    T1] usbcore: registered new interface driver gspca_pac7302
[    9.212904][    T1] usbcore: registered new interface driver pac7311
[    9.214246][    T1] usbcore: registered new interface driver se401
[    9.215629][    T1] usbcore: registered new interface driver sn9c2028
[    9.217017][    T1] usbcore: registered new interface driver gspca_sn9c20x
[    9.218449][    T1] usbcore: registered new interface driver sonixb
[    9.219795][    T1] usbcore: registered new interface driver sonixj
[    9.221164][    T1] usbcore: registered new interface driver spca500
[    9.222533][    T1] usbcore: registered new interface driver spca501
[    9.223863][    T1] usbcore: registered new interface driver spca505
[    9.225462][    T1] usbcore: registered new interface driver spca506
[    9.226917][    T1] usbcore: registered new interface driver spca508
[    9.228275][    T1] usbcore: registered new interface driver spca561
[    9.229623][    T1] usbcore: registered new interface driver spca1528
[    9.231065][    T1] usbcore: registered new interface driver sq905
[    9.232377][    T1] usbcore: registered new interface driver sq905c
[    9.233771][    T1] usbcore: registered new interface driver sq930x
[    9.236586][    T1] usbcore: registered new interface driver sunplus
[    9.237946][    T1] usbcore: registered new interface driver stk014
[    9.239308][    T1] usbcore: registered new interface driver stk1135
[    9.240661][    T1] usbcore: registered new interface driver stv0680
[    9.242001][    T1] usbcore: registered new interface driver t613
[    9.243386][    T1] usbcore: registered new interface driver gspca_topro
[    9.244454][    T1] usbcore: registered new interface driver touptek
[    9.246365][    T1] usbcore: registered new interface driver tv8532
[    9.247283][    T1] usbcore: registered new interface driver vc032x
[    9.248193][    T1] usbcore: registered new interface driver vicam
[    9.249110][    T1] usbcore: registered new interface driver xirlink-cit
[    9.250104][    T1] usbcore: registered new interface driver gspca_zc3xx
[    9.251052][    T1] usbcore: registered new interface driver ALi m5602
