c[?7l[2J[0mSeaBIOS (version 1.15.0-1)


iPXE (https://ipxe.org) 00:03.0 CA00 PCI2.10 PnP PMM+7FF8B310+7FECB310 CA00
Press Ctrl-B to configure iPXE (PCI 00:03.0)...                                                                               


Booting from ROM..c[?7l[2J[0m.early console in extract_kernel
input_data: 0x000000000d989298
input_len: 0x000000000505d0ab
output: 0x0000000001000000
output_len: 0x000000000fd14b28
kernel_total_size: 0x0000000011a26000
needed_size: 0x0000000011c00000
trampoline_32bit: 0x0000000000000000

Decompressing Linux... Parsing ELF... done.
Booting the kernel (entry_offset: 0x0000000000000080).
[    0.000000][    T0] Linux version 6.7.0-rc2-gbc9807868dfa-dirty (vmware@LAPTOP-BUKH5KQI) (gcc (Ubuntu 11.4.0-1ubuntu1~22.04) 11.4.0, GNU ld (GNU Binutils for Ubuntu) 2.38) #18 SMP PREEMPT_DYNAMIC Wed Nov 29 16:57:15 KST 2023
[    0.000000][    T0] Command line: console=ttyS0 root=/dev/sda earlyprintk=serial net.ifnames=0
[    0.000000][    T0] KERNEL supported cpus:
[    0.000000][    T0]   Intel GenuineIntel
[    0.000000][    T0]   AMD AuthenticAMD
[    0.000000][    T0] BIOS-provided physical RAM map:
[    0.000000][    T0] BIOS-e820: [mem 0x0000000000000000-0x000000000009fbff] usable
[    0.000000][    T0] BIOS-e820: [mem 0x000000000009fc00-0x000000000009ffff] reserved
[    0.000000][    T0] BIOS-e820: [mem 0x00000000000f0000-0x00000000000fffff] reserved
[    0.000000][    T0] BIOS-e820: [mem 0x0000000000100000-0x000000007ffdffff] usable
[    0.000000][    T0] BIOS-e820: [mem 0x000000007ffe0000-0x000000007fffffff] reserved
[    0.000000][    T0] BIOS-e820: [mem 0x00000000feffc000-0x00000000feffffff] reserved
[    0.000000][    T0] BIOS-e820: [mem 0x00000000fffc0000-0x00000000ffffffff] reserved
[    0.000000][    T0] printk: legacy bootconsole [earlyser0] enabled
[    0.000000][    T0] ERROR: earlyprintk= earlyser already used
[    0.000000][    T0] ERROR: earlyprintk= earlyser already used
[    0.000000][    T0] ERROR: earlyprintk= earlyser already used
[    0.000000][    T0] **********************************************************
[    0.000000][    T0] **   NOTICE NOTICE NOTICE NOTICE NOTICE NOTICE NOTICE   **
[    0.000000][    T0] **                                                      **
[    0.000000][    T0] ** This system shows unhashed kernel memory addresses   **
[    0.000000][    T0] ** via the console, logs, and other interfaces. This    **
[    0.000000][    T0] ** might reduce the security of your system.            **
[    0.000000][    T0] **                                                      **
[    0.000000][    T0] ** If you see this message and you are not debugging    **
[    0.000000][    T0] ** the kernel, report this immediately to your system   **
[    0.000000][    T0] ** administrator!                                       **
[    0.000000][    T0] **                                                      **
[    0.000000][    T0] **   NOTICE NOTICE NOTICE NOTICE NOTICE NOTICE NOTICE   **
[    0.000000][    T0] **********************************************************
[    0.000000][    T0] Malformed early option 'vsyscall'
[    0.000000][    T0] NX (Execute Disable) protection: active
[    0.000000][    T0] APIC: Static calls initialized
[    0.000000][    T0] SMBIOS 2.8 present.
[    0.000000][    T0] DMI: QEMU Standard PC (i440FX + PIIX, 1996), BIOS 1.15.0-1 04/01/2014
[    0.000000][    T0] Hypervisor detected: KVM
[    0.000000][    T0] kvm-clock: Using msrs 4b564d01 and 4b564d00
[    0.000002][    T0] kvm-clock: using sched offset of 895632869 cycles
[    0.000894][    T0] clocksource: kvm-clock: mask: 0xffffffffffffffff max_cycles: 0x1cd42e4dffb, max_idle_ns: 881590591483 ns
[    0.003524][    T0] tsc: Detected 2688.010 MHz processor
[    0.008926][    T0] last_pfn = 0x7ffe0 max_arch_pfn = 0x400000000
[    0.009984][    T0] MTRR map: 4 entries (3 fixed + 1 variable; max 19), built from 8 variable MTRRs
[    0.011423][    T0] x86/PAT: Configuration [0-7]: WB  WC  UC- UC  WB  WP  UC- WT  
[    0.019442][    T0] found SMP MP-table at [mem 0x000f5ba0-0x000f5baf]
[    0.021458][    T0] ACPI: Early table checksum verification disabled
[    0.022404][    T0] ACPI: RSDP 0x00000000000F59E0 000014 (v00 BOCHS )
[    0.023390][    T0] ACPI: RSDT 0x000000007FFE1905 000034 (v01 BOCHS  BXPC     00000001 BXPC 00000001)
[    0.024781][    T0] ACPI: FACP 0x000000007FFE17B9 000074 (v01 BOCHS  BXPC     00000001 BXPC 00000001)
[    0.026163][    T0] ACPI: DSDT 0x000000007FFE0040 001779 (v01 BOCHS  BXPC     00000001 BXPC 00000001)
[    0.027600][    T0] ACPI: FACS 0x000000007FFE0000 000040
[    0.028425][    T0] ACPI: APIC 0x000000007FFE182D 000078 (v01 BOCHS  BXPC     00000001 BXPC 00000001)
[    0.063672][    T0] ACPI: HPET 0x000000007FFE18A5 000038 (v01 BOCHS  BXPC     00000001 BXPC 00000001)
[    0.218398][    T0] ACPI: WAET 0x000000007FFE18DD 000028 (v01 BOCHS  BXPC     00000001 BXPC 00000001)
[    0.219958][    T0] ACPI: Reserving FACP table memory at [mem 0x7ffe17b9-0x7ffe182c]
[    0.221186][    T0] ACPI: Reserving DSDT table memory at [mem 0x7ffe0040-0x7ffe17b8]
[    0.222387][    T0] ACPI: Reserving FACS table memory at [mem 0x7ffe0000-0x7ffe003f]
[    0.223589][    T0] ACPI: Reserving APIC table memory at [mem 0x7ffe182d-0x7ffe18a4]
[    0.224837][    T0] ACPI: Reserving HPET table memory at [mem 0x7ffe18a5-0x7ffe18dc]
[    0.226037][    T0] ACPI: Reserving WAET table memory at [mem 0x7ffe18dd-0x7ffe1904]
[    0.227899][    T0] No NUMA configuration found
[    0.228606][    T0] Faking a node at [mem 0x0000000000000000-0x000000007ffdffff]
[    0.230124][    T0] Faking node 0 at [mem 0x0000000000000000-0x000000003fffffff] (1024MB)
[    0.232109][    T0] Faking node 1 at [mem 0x0000000040000000-0x000000007ffdffff] (1023MB)
[    0.234022][    T0] NODE_DATA(0) allocated [mem 0x3fffa000-0x3fffffff]
[    0.235164][    T0] NODE_DATA(1) allocated [mem 0x7ffd9000-0x7ffdefff]
[    0.239934][    T0] Zone ranges:
[    0.240441][    T0]   DMA      [mem 0x0000000000001000-0x0000000000ffffff]
[    0.241461][    T0]   DMA32    [mem 0x0000000001000000-0x000000007ffdffff]
[    0.242482][    T0]   Normal   empty
[    0.243013][    T0]   Device   empty
[    0.243546][    T0] Movable zone start for each node
[    0.244278][    T0] Early memory node ranges
[    0.244901][    T0]   node   0: [mem 0x0000000000001000-0x000000000009efff]
[    0.245948][    T0]   node   0: [mem 0x0000000000100000-0x000000003fffffff]
[    0.246974][    T0]   node   1: [mem 0x0000000040000000-0x000000007ffdffff]
[    0.248000][    T0] Initmem setup node 0 [mem 0x0000000000001000-0x000000003fffffff]
[    0.249162][    T0] Initmem setup node 1 [mem 0x0000000040000000-0x000000007ffdffff]
[    0.250317][    T0] On node 0, zone DMA: 1 pages in unavailable ranges
[    0.250418][    T0] On node 0, zone DMA: 97 pages in unavailable ranges
[    0.265416][    T0] On node 1, zone DMA32: 32 pages in unavailable ranges
[    0.305238][    T0] kasan: KernelAddressSanitizer initialized
[    0.307696][    T0] ACPI: PM-Timer IO Port: 0x608
[    0.308410][    T0] ACPI: LAPIC_NMI (acpi_id[0xff] dfl dfl lint[0x1])
[    0.309525][    T0] IOAPIC[0]: apic_id 0, version 17, address 0xfec00000, GSI 0-23
[    0.310646][    T0] ACPI: INT_SRC_OVR (bus 0 bus_irq 0 global_irq 2 dfl dfl)
[    0.311680][    T0] ACPI: INT_SRC_OVR (bus 0 bus_irq 5 global_irq 5 high level)
[    0.312750][    T0] ACPI: INT_SRC_OVR (bus 0 bus_irq 9 global_irq 9 high level)
[    0.313868][    T0] ACPI: INT_SRC_OVR (bus 0 bus_irq 10 global_irq 10 high level)
[    0.314966][    T0] ACPI: INT_SRC_OVR (bus 0 bus_irq 11 global_irq 11 high level)
[    0.316066][    T0] ACPI: Using ACPI (MADT) for SMP configuration information
[    0.317106][    T0] ACPI: HPET id: 0x8086a201 base: 0xfed00000
[    0.317962][    T0] smpboot: Allowing 1 CPUs, 0 hotplug CPUs
[    0.318823][    T0] kvm-guest: APIC: eoi() replaced with kvm_guest_apic_eoi_write()
[    0.320067][    T0] PM: hibernation: Registered nosave memory: [mem 0x00000000-0x00000fff]
[    0.321273][    T0] PM: hibernation: Registered nosave memory: [mem 0x0009f000-0x0009ffff]
[    0.322484][    T0] PM: hibernation: Registered nosave memory: [mem 0x000a0000-0x000effff]
[    0.323687][    T0] PM: hibernation: Registered nosave memory: [mem 0x000f0000-0x000fffff]
[    0.324947][    T0] [mem 0x80000000-0xfeffbfff] available for PCI devices
[    0.325976][    T0] Booting paravirtualized kernel on KVM
[    0.326794][    T0] clocksource: refined-jiffies: mask: 0xffffffff max_cycles: 0xffffffff, max_idle_ns: 19112604462750000 ns
[    0.433094][    T0] setup_percpu: NR_CPUS:8 nr_cpumask_bits:1 nr_cpu_ids:1 nr_node_ids:2
[    0.435749][    T0] percpu: Embedded 72 pages/cpu s255176 r8192 d31544 u2097152
[    0.437616][    T0] kvm-guest: PV spinlocks disabled, no host support
[    0.438628][    T0] Kernel command line: earlyprintk=serial net.ifnames=0 sysctl.kernel.hung_task_all_cpu_backtrace=1 ima_policy=tcb nf-conntrack-ftp.ports=20000 nf-conntrack-tftp.ports=20000 nf-conntrack-sip.ports=20000 nf-conntrack-irc.ports=20000 nf-conntrack-sane.ports=20000 binder.debug_mask=0 rcupdate.rcu_expedited=1 rcupdate.rcu_cpu_stall_cputime=1 no_hash_pointers page_owner=on sysctl.vm.nr_hugepages=4 sysctl.vm.nr_overcommit_hugepages=4 secretmem.enable=1 sysctl.max_rcu_stall_to_panic=1 msr.allow_writes=off coredump_filter=0xffff root=/dev/sda console=ttyS0 vsyscall=native numa=fake=2 kvm-intel.nested=1 spec_store_bypass_disable=prctl nopcid vivid.n_devs=16 vivid.multiplanar=1,2,1,2,1,2,1,2,1,2,1,2,1,2,1,2 netrom.nr_ndevs=16 rose.rose_ndevs=16 smp.csd_lock_timeout=100000 watchdog_thresh=55 workqueue.watchdog_thresh=140 sysctl.net.core.netdev_unregister_timeout_secs=140 dummy_hcd.num=8 panic_on_warn=1 console=ttyS0 root=/dev/sda earlyprintk=serial net.ifnames=0
[    0.458908][    T0] Unknown kernel command line parameters "spec_store_bypass_disable=prctl", will be passed to user space.
[    0.461188][    T0] Fallback order for Node 0: 0 1 
[    0.461197][    T0] Fallback order for Node 1: 1 0 
[    0.461204][    T0] Built 2 zonelists, mobility grouping on.  Total pages: 515808
[    0.463495][    T0] Policy zone: DMA32
[    0.464277][    T0] mem auto-init: stack:off, heap alloc:on, heap free:off
[    0.465177][    T0] stackdepot: allocating hash table via alloc_large_system_hash
[    0.467014][    T0] stackdepot hash table entries: 1048576 (order: 11, 8388608 bytes, linear)
[    0.537649][    T0] Memory: 1464876K/2096632K available (157696K kernel code, 38570K rwdata, 32680K rodata, 3420K init, 33712K bss, 631500K reserved, 0K cma-reserved)
[    0.541409][    T0] SLUB: HWalign=64, Order=0-3, MinObjects=0, CPUs=1, Nodes=2
[    0.559858][    T0] allocated 37748736 bytes of page_ext
[    0.561352][    T0] Node 0, zone      DMA: page owner found early allocated 0 pages
[    0.566450][    T0] Node 0, zone    DMA32: page owner found early allocated 4704 pages
[    0.568448][    T0] Node 1, zone    DMA32: page owner found early allocated 4611 pages
[    0.570052][    T0] Dynamic Preempt: full
[    0.571041][    T0] Running RCU self tests
[    0.571525][    T0] Running RCU synchronous self tests
[    0.572140][    T0] rcu: Preemptible hierarchical RCU implementation.
[    0.572881][    T0] rcu: 	RCU lockdep checking is enabled.
[    0.573512][    T0] rcu: 	RCU restricting CPUs from NR_CPUS=8 to nr_cpu_ids=1.
[    0.574342][    T0] rcu: 	RCU callback double-/use-after-free debug is enabled.
[    0.575186][    T0] rcu: 	RCU debug extended QS entry/exit.
[    0.575818][    T0] 	All grace periods are expedited (rcu_expedited).
[    0.576548][    T0] 	Trampoline variant of Tasks RCU enabled.
[    0.577283][    T0] 	Tracing variant of Tasks RCU enabled.
[    0.577919][    T0] rcu: RCU calculated value of scheduler-enlistment delay is 10 jiffies.
[    0.578859][    T0] rcu: Adjusting geometry for rcu_fanout_leaf=16, nr_cpu_ids=1
[    0.579790][    T0] Running RCU synchronous self tests
[    0.648797][    T0] NR_IRQS: 4352, nr_irqs: 256, preallocated irqs: 16
[    0.651293][    T0] rcu: srcu_init: Setting srcu_struct sizes based on contention.
[    0.653390][    T0] kfence: initialized - using 2097152 bytes for 255 objects at 0xffff88807ec00000-0xffff88807ee00000
[    0.666893][    T0] Console: colour VGA+ 80x25
[    0.667513][    T0] printk: legacy console [ttyS0] enabled
[    0.667513][    T0] printk: legacy console [ttyS0] enabled
[    0.668824][    T0] printk: legacy bootconsole [earlyser0] disabled
[    0.668824][    T0] printk: legacy bootconsole [earlyser0] disabled
[    0.670356][    T0] Lock dependency validator: Copyright (c) 2006 Red Hat, Inc., Ingo Molnar
[    0.671534][    T0] ... MAX_LOCKDEP_SUBCLASSES:  8
[    0.672113][    T0] ... MAX_LOCK_DEPTH:          48
[    0.672703][    T0] ... MAX_LOCKDEP_KEYS:        8192
[    0.673306][    T0] ... CLASSHASH_SIZE:          4096
[    0.673943][    T0] ... MAX_LOCKDEP_ENTRIES:     131072
[    0.674568][    T0] ... MAX_LOCKDEP_CHAINS:      262144
[    0.675191][    T0] ... CHAINHASH_SIZE:          131072
[    0.675815][    T0]  memory used by lock dependency info: 20785 kB
[    0.676559][    T0]  memory used for stack traces: 8320 kB
[    0.677214][    T0]  per task-struct memory footprint: 1920 bytes
[    0.678032][    T0] mempolicy: Enabling automatic NUMA balancing. Configure with numa_balancing= or the kernel.numa_balancing sysctl
[    0.679479][    T0] ACPI: Core revision 20230628
[    0.680618][    T0] clocksource: hpet: mask: 0xffffffff max_cycles: 0xffffffff, max_idle_ns: 19112604467 ns
[    0.682129][    T0] APIC: Switch to symmetric I/O mode setup
[    0.683153][    T0] x2apic enabled
[    0.684067][    T0] APIC: Switched APIC routing to: physical x2apic
[    0.687661][    T0] ..TIMER: vector=0x30 apic1=0 pin1=2 apic2=-1 pin2=-1
[    0.688509][    T0] clocksource: tsc-early: mask: 0xffffffffffffffff max_cycles: 0x26beffa22e4, max_idle_ns: 440795217853 ns
[    0.689892][    T0] Calibrating delay loop (skipped) preset value.. 5376.02 BogoMIPS (lpj=26880100)
[    0.691330][    T0] Last level iTLB entries: 4KB 0, 2MB 0, 4MB 0
[    0.699936][    T0] Last level dTLB entries: 4KB 0, 2MB 0, 4MB 0, 1GB 0
[    0.700719][    T0] Spectre V1 : Mitigation: usercopy/swapgs barriers and __user pointer sanitization
[    0.701790][    T0] Spectre V2 : Kernel not compiled with retpoline; no mitigation available!
[    0.701792][    T0] Spectre V2 : Vulnerable
[    0.703259][    T0] Spectre V2 : Spectre v2 / SpectreRSB mitigation: Filling RSB on context switch
[    0.704288][    T0] Speculative Store Bypass: Vulnerable
[    0.704926][    T0] MDS: Vulnerable: Clear CPU buffers attempted, no microcode
[    0.705758][    T0] MMIO Stale Data: Unknown: No mitigations
[    0.706428][    T0] x86/fpu: x87 FPU will use FXSAVE
[    0.746568][    T0] Freeing SMP alternatives memory: 120K
[    0.747256][    T0] pid_max: default: 32768 minimum: 301
[    0.748185][    T0] LSM: initializing lsm=lockdown,capability,landlock,yama,safesetid,tomoyo,apparmor,bpf,integrity
[    0.749480][    T0] landlock: Up and running.
[    0.749889][    T0] Yama: becoming mindful.
[    0.750465][    T0] TOMOYO Linux initialized
[    0.751232][    T0] AppArmor: AppArmor initialized
[    0.751822][    T0] LSM support for eBPF active
[    0.755647][    T0] Dentry cache hash table entries: 262144 (order: 9, 2097152 bytes, vmalloc)
[    0.758554][    T0] Inode-cache hash table entries: 131072 (order: 8, 1048576 bytes, vmalloc)
[    0.760000][    T0] Mount-cache hash table entries: 4096 (order: 3, 32768 bytes, vmalloc)
[    0.761912][    T0] Mountpoint-cache hash table entries: 4096 (order: 3, 32768 bytes, vmalloc)
[    0.766752][    T0] Running RCU synchronous self tests
[    0.767907][    T0] Running RCU synchronous self tests
[    0.890603][    T1] smpboot: CPU0: Intel QEMU Virtual CPU version 2.5+ (family: 0xf, model: 0x6b, stepping: 0x1)
[    0.894230][    T1] RCU Tasks: Setting shift to 0 and lim to 1 rcu_task_cb_adjust=1.
[    0.895436][    T1] RCU Tasks Trace: Setting shift to 0 and lim to 1 rcu_task_cb_adjust=1.
[    0.896652][    T1] Running RCU Tasks wait API self tests
[    1.000109][    T1] Running RCU Tasks Trace wait API self tests
[    1.000940][    T1] Performance Events: unsupported Netburst CPU model 107 no PMU driver, software events only.
[    1.002177][    T1] signal: max sigframe size: 1440
[    1.003131][    T1] rcu: Hierarchical SRCU implementation.
[    1.003806][    T1] rcu: 	Max phase no-delay instances is 1000.
[    1.008408][    T1] NMI watchdog: Perf NMI watchdog permanently disabled
[    1.009578][    T1] smp: Bringing up secondary CPUs ...
[    1.010510][    T1] smp: Brought up 2 nodes, 1 CPU
[    1.011150][    T1] smpboot: Max logical packages: 1
[    1.011775][    T1] smpboot: Total of 1 processors activated (5376.02 BogoMIPS)
[    1.014670][    T1] devtmpfs: initialized
[    1.016178][    T1] x86/mm: Memory block size: 128MB
[    1.019935][   T15] Callback from call_rcu_tasks_trace() invoked.
[    1.037194][    T1] Running RCU synchronous self tests
[    1.037914][    T1] Running RCU synchronous self tests
[    1.038697][    T1] clocksource: jiffies: mask: 0xffffffff max_cycles: 0xffffffff, max_idle_ns: 19112604462750000 ns
[    1.040023][    T1] futex hash table entries: 256 (order: 3, 32768 bytes, vmalloc)
[    1.043969][    T1] PM: RTC time: 05:18:34, date: 2023-12-01
[    1.055031][    T1] NET: Registered PF_NETLINK/PF_ROUTE protocol family
[    1.059995][    T1] audit: initializing netlink subsys (disabled)
[    1.061115][   T22] audit: type=2000 audit(1701407915.514:1): state=initialized audit_enabled=0 res=1
[    1.064355][    T1] thermal_sys: Registered thermal governor 'step_wise'
[    1.064361][    T1] thermal_sys: Registered thermal governor 'user_space'
[    1.065391][    T1] cpuidle: using governor menu
[    1.066975][    T1] NET: Registered PF_QIPCRTR protocol family
[    1.071413][    T1] dca service started, version 1.12.1
[    1.072301][    T1] PCI: Using configuration type 1 for base access
[    1.080953][    T1] HugeTLB: registered 2.00 MiB page size, pre-allocated 0 pages
[    1.081907][    T1] HugeTLB: 28 KiB vmemmap can be freed for a 2.00 MiB page
[    1.092381][    T1] cryptd: max_cpu_qlen set to 1000
[    1.095127][    T1] raid6: skipped pq benchmark and selected sse2x4
[    1.095932][    T1] raid6: using intx1 recovery algorithm
[    1.097500][    T1] ACPI: Added _OSI(Module Device)
[    1.098137][    T1] ACPI: Added _OSI(Processor Device)
[    1.098776][    T1] ACPI: Added _OSI(3.0 _SCP Extensions)
[    1.099444][    T1] ACPI: Added _OSI(Processor Aggregator Device)
[    1.193794][    T1] ACPI: 1 ACPI AML tables successfully acquired and loaded
[    1.231306][    T1] ACPI: _OSC evaluation for CPUs failed, trying _PDC
[    1.237186][    T1] ACPI: Interpreter enabled
[    1.238095][    T1] ACPI: PM: (supports S0 S3 S4 S5)
[    1.238823][    T1] ACPI: Using IOAPIC for interrupt routing
[    1.239738][    T1] PCI: Using host bridge windows from ACPI; if necessary, use "pci=nocrs" and report a bug
[    1.249946][    T1] PCI: Using E820 reservations for host bridge windows
[    1.253531][    T1] ACPI: Enabled 2 GPEs in block 00 to 0F
[    1.406222][    T1] ACPI: PCI Root Bridge [PCI0] (domain 0000 [bus 00-ff])
[    1.407214][    T1] acpi PNP0A03:00: _OSC: OS supports [ASPM ClockPM Segments MSI HPX-Type3]
[    1.408271][    T1] acpi PNP0A03:00: _OSC: not requesting OS control; OS requires [ExtendedConfig ASPM ClockPM MSI]
[    1.420051][    T1] acpi PNP0A03:00: fail to add MMCONFIG information, can't access extended configuration space under this bridge
[    1.423117][    T1] PCI host bridge to bus 0000:00
[    1.423734][    T1] pci_bus 0000:00: Unknown NUMA node; performance will be reduced
[    1.424691][    T1] pci_bus 0000:00: root bus resource [io  0x0000-0x0cf7 window]
[    1.425629][    T1] pci_bus 0000:00: root bus resource [io  0x0d00-0xffff window]
[    1.426628][    T1] pci_bus 0000:00: root bus resource [mem 0x000a0000-0x000bffff window]
[    1.427654][    T1] pci_bus 0000:00: root bus resource [mem 0x80000000-0xfebfffff window]
[    1.428667][    T1] pci_bus 0000:00: root bus resource [mem 0x100000000-0x17fffffff window]
[    1.429710][    T1] pci_bus 0000:00: root bus resource [bus 00-ff]
[    1.440333][    T1] pci 0000:00:00.0: [8086:1237] type 00 class 0x060000
[    1.487509][    T1] pci 0000:00:01.0: [8086:7000] type 00 class 0x060100
[    1.501454][    T1] pci 0000:00:01.1: [8086:7010] type 00 class 0x010180
[    1.503834][    T1] pci 0000:00:01.1: reg 0x20: [io  0xc020-0xc02f]
[    1.505233][    T1] pci 0000:00:01.1: legacy IDE quirk: reg 0x10: [io  0x01f0-0x01f7]
[    1.506236][    T1] pci 0000:00:01.1: legacy IDE quirk: reg 0x14: [io  0x03f6]
[    1.507138][    T1] pci 0000:00:01.1: legacy IDE quirk: reg 0x18: [io  0x0170-0x0177]
[    1.508105][    T1] pci 0000:00:01.1: legacy IDE quirk: reg 0x1c: [io  0x0376]
[    1.509809][    T1] pci 0000:00:01.3: [8086:7113] type 00 class 0x068000
[    1.520572][    T1] pci 0000:00:01.3: quirk: [io  0x0600-0x063f] claimed by PIIX4 ACPI
[    1.521623][    T1] pci 0000:00:01.3: quirk: [io  0x0700-0x070f] claimed by PIIX4 SMB
[    1.523529][    T1] pci 0000:00:02.0: [1234:1111] type 00 class 0x030000
[    1.525819][    T1] pci 0000:00:02.0: reg 0x10: [mem 0xfd000000-0xfdffffff pref]
[    1.529144][    T1] pci 0000:00:02.0: reg 0x18: [mem 0xfeb90000-0xfeb90fff]
[    1.543911][    T1] pci 0000:00:02.0: reg 0x30: [mem 0xfeb80000-0xfeb8ffff pref]
[    1.545665][    T1] pci 0000:00:02.0: Video device with shadowed ROM at [mem 0x000c0000-0x000dffff]
[    1.601986][    T1] pci 0000:00:03.0: [1af4:1000] type 00 class 0x020000
[    1.603757][    T1] pci 0000:00:03.0: reg 0x10: [io  0xc000-0xc01f]
[    1.605270][    T1] pci 0000:00:03.0: reg 0x14: [mem 0xfeb91000-0xfeb91fff]
[    1.608197][    T1] pci 0000:00:03.0: reg 0x20: [mem 0xfe000000-0xfe003fff 64bit pref]
[    1.609857][    T1] pci 0000:00:03.0: reg 0x30: [mem 0xfeb00000-0xfeb7ffff pref]
[    1.687548][    T1] ACPI: PCI: Interrupt link LNKA configured for IRQ 10
[    1.701722][    T1] ACPI: PCI: Interrupt link LNKB configured for IRQ 10
[    1.705547][    T1] ACPI: PCI: Interrupt link LNKC configured for IRQ 11
[    1.709293][    T1] ACPI: PCI: Interrupt link LNKD configured for IRQ 11
[    1.721206][    T1] ACPI: PCI: Interrupt link LNKS configured for IRQ 9
[    1.729996][    T1] iommu: Default domain type: Translated
[    1.730811][    T1] iommu: DMA domain TLB invalidation policy: lazy mode
[    1.742861][    T1] SCSI subsystem initialized
[    1.744675][    T1] ACPI: bus type USB registered
[    1.745621][    T1] usbcore: registered new interface driver usbfs
[    1.746786][    T1] usbcore: registered new interface driver hub
[    1.747764][    T1] usbcore: registered new device driver usb
[    1.749514][    T1] mc: Linux media interface: v0.10
[    1.760041][    T1] videodev: Linux video capture interface: v2.00
[    1.761290][    T1] pps_core: LinuxPPS API ver. 1 registered
[    1.762029][    T1] pps_core: Software ver. 5.3.6 - Copyright 2005-2007 Rodolfo Giometti <giometti@linux.it>
[    1.763349][    T1] PTP clock support registered
[    1.764595][    T1] EDAC MC: Ver: 3.0.0
[    1.767156][    T1] Advanced Linux Sound Architecture Driver Initialized.
[    1.780867][    T1] Bluetooth: Core ver 2.22
[    1.781569][    T1] NET: Registered PF_BLUETOOTH protocol family
[    1.782399][    T1] Bluetooth: HCI device and connection manager initialized
[    1.783392][    T1] Bluetooth: HCI socket layer initialized
[    1.784165][    T1] Bluetooth: L2CAP socket layer initialized
[    1.784986][    T1] Bluetooth: SCO socket layer initialized
[    1.785775][    T1] NET: Registered PF_ATMPVC protocol family
[    1.786566][    T1] NET: Registered PF_ATMSVC protocol family
[    1.787524][    T1] NetLabel: Initializing
[    1.788080][    T1] NetLabel:  domain hash size = 128
[    1.788772][    T1] NetLabel:  protocols = UNLABELED CIPSOv4 CALIPSO
[    1.799967][    T1] NetLabel:  unlabeled traffic allowed by default
[    1.802105][    T1] nfc: nfc_init: NFC Core ver 0.1
[    1.803009][    T1] NET: Registered PF_NFC protocol family
[    1.803818][    T1] PCI: Using ACPI for IRQ routing
[    1.805069][    T1] pci 0000:00:02.0: vgaarb: setting as boot VGA device
[    1.805998][    T1] pci 0000:00:02.0: vgaarb: bridge control possible
[    1.806862][    T1] pci 0000:00:02.0: vgaarb: VGA device added: decodes=io+mem,owns=io+mem,locks=none
[    1.808178][    T1] vgaarb: loaded
[    1.821449][    T1] hpet: 3 channels of 0 reserved for per-cpu timers
[    1.822336][    T1] hpet0: at MMIO 0xfed00000, IRQs 2, 8, 0
[    1.823068][    T1] hpet0: 3 comparators, 64-bit 100.000000 MHz counter
[    1.829884][    T1] clocksource: Switched to clocksource kvm-clock
[    1.829884][    T1] VFS: Disk quotas dquot_6.6.0
[    1.829884][    T1] VFS: Dquot-cache hash table entries: 512 (order 0, 4096 bytes)
[    1.829884][    T1] FS-Cache: Loaded
[    1.829884][    T1] CacheFiles: Loaded
[    1.829884][    T1] TOMOYO: 2.6.0
[    1.829884][    T1] Mandatory Access Control activated.
[    1.846994][    T1] AppArmor: AppArmor Filesystem Enabled
[    1.848092][    T1] pnp: PnP ACPI init
[    1.856935][    T1] pnp: PnP ACPI: found 6 devices
[    1.903810][    T1] clocksource: acpi_pm: mask: 0xffffff max_cycles: 0xffffff, max_idle_ns: 2085701024 ns
[    1.905570][    T1] NET: Registered PF_INET protocol family
[    1.917311][    T1] IP idents hash table entries: 32768 (order: 6, 262144 bytes, vmalloc)
[    1.928377][    T1] tcp_listen_portaddr_hash hash table entries: 1024 (order: 4, 73728 bytes, vmalloc)
[    1.930049][    T1] Table-perturb hash table entries: 65536 (order: 6, 262144 bytes, vmalloc)
[    1.931415][    T1] TCP established hash table entries: 16384 (order: 5, 131072 bytes, vmalloc)
[    1.947068][    T1] TCP bind hash table entries: 16384 (order: 9, 2359296 bytes, vmalloc)
[    1.948797][    T1] TCP: Hash tables configured (established 16384 bind 16384)
[    1.950536][    T1] MPTCP token hash table entries: 2048 (order: 5, 180224 bytes, vmalloc)
[    1.952038][    T1] UDP hash table entries: 1024 (order: 5, 163840 bytes, vmalloc)
[    1.953375][    T1] UDP-Lite hash table entries: 1024 (order: 5, 163840 bytes, vmalloc)
[    1.954802][    T1] NET: Registered PF_UNIX/PF_LOCAL protocol family
[    1.967639][    T1] RPC: Registered named UNIX socket transport module.
[    1.968584][    T1] RPC: Registered udp transport module.
[    1.969318][    T1] RPC: Registered tcp transport module.
[    1.970035][    T1] RPC: Registered tcp-with-tls transport module.
[    1.970839][    T1] RPC: Registered tcp NFSv4.1 backchannel transport module.
[    1.976736][    T1] NET: Registered PF_XDP protocol family
[    1.977489][    T1] pci_bus 0000:00: resource 4 [io  0x0000-0x0cf7 window]
[    1.978406][    T1] pci_bus 0000:00: resource 5 [io  0x0d00-0xffff window]
[    1.979301][    T1] pci_bus 0000:00: resource 6 [mem 0x000a0000-0x000bffff window]
[    1.980264][    T1] pci_bus 0000:00: resource 7 [mem 0x80000000-0xfebfffff window]
[    1.981223][    T1] pci_bus 0000:00: resource 8 [mem 0x100000000-0x17fffffff window]
[    1.982843][    T1] pci 0000:00:01.0: PIIX3: Enabling Passive Release
[    1.983697][    T1] pci 0000:00:00.0: Limiting direct PCI/PCI transfers
[    1.984667][    T1] PCI: CLS 0 bytes, default 64
[    1.996835][    T1] ACPI: bus type thunderbolt registered
[    1.998911][   T52] kworker/u2:2 (52) used greatest stack depth: 27648 bytes left
[    2.002734][    T1] kvm_intel: VMX not supported by CPU 0
[    2.003470][    T1] kvm_amd: CPU 0 isn't AMD or Hygon
[    2.004138][    T1] clocksource: tsc: mask: 0xffffffffffffffff max_cycles: 0x26beffa22e4, max_idle_ns: 440795217853 ns
[    2.018686][    T1] twofish-x86_64-3way: performance on this CPU would be suboptimal: disabling twofish-x86_64-3way.
[    2.020090][    T1] CPU feature 'AVX registers' is not supported.
[    2.020958][    T1] CPU feature 'AVX registers' is not supported.
[    2.021755][    T1] AVX2 instructions are not detected.
[    2.022493][    T1] des3_ede-x86_64: performance on this CPU would be suboptimal: disabling des3_ede-x86_64.
[    2.023726][    T1] camellia-x86_64: performance on this CPU would be suboptimal: disabling camellia-x86_64.
[    2.024969][    T1] AVX or AES-NI instructions are not detected.
[    2.025740][    T1] AVX2 or AES-NI instructions are not detected.
[    2.026522][    T1] blowfish-x86_64: performance on this CPU would be suboptimal: disabling blowfish-x86_64.
[    2.036850][    T1] CPU feature 'AVX registers' is not supported.
[    2.037692][    T1] CPU feature 'AVX registers' is not supported.
[    2.038657][    T1] PCLMULQDQ-NI instructions are not detected.
[    2.039469][    T1] sm3_avx_x86_64: AVX instruction are not detected.
[    2.040305][    T1] AVX or AES-NI instructions are not detected.
[    2.041091][    T1] AVX2 or AES-NI instructions are not detected.
[    2.041891][    T1] AVX or AES-NI instructions are not detected.
[    3.684406][   T72] kworker/u2:1 (72) used greatest stack depth: 26928 bytes left
[    3.686907][   T14] Callback from call_rcu_tasks() invoked.
[    3.689135][    T1] Initialise system trusted keyrings
[    3.691217][    T1] workingset: timestamp_bits=40 max_order=19 bucket_order=0
[    3.698742][    T1] DLM installed
[    3.701407][    T1] squashfs: version 4.0 (2009/01/31) Phillip Lougher
[    3.705481][    T1] NFS: Registering the id_resolver key type
[    3.706300][    T1] Key type id_resolver registered
[    3.707716][    T1] Key type id_legacy registered
[    3.708615][    T1] nfs4filelayout_init: NFSv4 File Layout Driver Registering...
[    3.709721][    T1] nfs4flexfilelayout_init: NFSv4 Flexfile Layout Driver Registering...
[    3.714219][    T1] Key type cifs.spnego registered
[    3.715001][    T1] Key type cifs.idmap registered
[    3.715783][    T1] ntfs: driver 2.1.32 [Flags: R/W].
[    3.716596][    T1] ntfs3: Max link count 4000
[    3.717261][    T1] ntfs3: Enabled Linux POSIX ACLs support
[    3.718019][    T1] ntfs3: Read-only LZX/Xpress compression included
[    3.718928][    T1] efs: 1.0a - http://aeschi.ch.eu.org/efs/
[    3.719677][    T1] jffs2: version 2.2. (NAND) (SUMMARY)  Â© 2001-2006 Red Hat, Inc.
[    3.721694][    T1] romfs: ROMFS MTD (C) 2007 Red Hat, Inc.
[    3.722473][    T1] QNX4 filesystem 0.2.3 registered.
[    3.723155][    T1] qnx6: QNX6 filesystem 1.0.0 registered.
[    3.724923][    T1] fuse: init (API version 7.39)
[    3.728612][    T1] orangefs_debugfs_init: called with debug mask: :none: :0:
[    3.730059][    T1] orangefs_init: module version upstream loaded
[    3.731124][    T1] JFS: nTxBlock = 8192, nTxLock = 65536
[    3.746059][    T1] SGI XFS with ACLs, security attributes, realtime, quota, no debug enabled
[    3.749554][    T1] 9p: Installing v9fs 9p2000 file system support
[    3.750682][    T1] NILFS version 2 loaded
[    3.751268][    T1] befs: version: 0.9.3
[    3.752106][    T1] ocfs2: Registered cluster interface o2cb
[    3.753813][    T1] ocfs2: Registered cluster interface user
[    3.754804][    T1] OCFS2 User DLM kernel interface loaded
[    3.766013][    T1] gfs2: GFS2 installed
[    3.773802][    T1] ceph: loaded (mds proto 32)
[    3.786215][    T1] NET: Registered PF_ALG protocol family
[    3.788139][    T1] xor: measuring software checksum speed
[    3.790309][    T1]    prefetch64-sse  : 32612 MB/sec
[    3.792822][    T1]    generic_sse     : 30902 MB/sec
[    3.793504][    T1] xor: using function: prefetch64-sse (32612 MB/sec)
[    3.794403][    T1] async_tx: api initialized (async)
[    3.795101][    T1] Key type asymmetric registered
[    3.795760][    T1] Asymmetric key parser 'x509' registered
[    3.796525][    T1] Asymmetric key parser 'pkcs8' registered
[    3.797522][    T1] Key type pkcs7_test registered
[    3.798764][    T1] Block layer SCSI generic (bsg) driver version 0.4 loaded (major 239)
[    3.800127][    T1] io scheduler mq-deadline registered
[    3.800829][    T1] io scheduler kyber registered
[    3.801533][    T1] io scheduler bfq registered
[    3.808344][    T1] input: Power Button as /devices/LNXSYSTM:00/LNXPWRBN:00/input/input0
[    3.829066][    T1] ACPI: button: Power Button [PWRF]
[    3.840746][    T1] ioatdma: Intel(R) QuickData Technology Driver 5.00
[    6.459158][    T1] ACPI: \_SB_.LNKC: Enabled at IRQ 11
[    6.810672][  T645] kworker/u2:1 (645) used greatest stack depth: 26592 bytes left
[    6.831683][    T1] N_HDLC line discipline registered with maxframe=4096
[    6.832670][    T1] Serial: 8250/16550 driver, 4 ports, IRQ sharing enabled
[    6.837634][    T1] 00:04: ttyS0 at I/O 0x3f8 (irq = 4, base_baud = 115200) is a 16550A
[    6.866950][    T1] Non-volatile memory driver v1.3
[    6.867630][    T1] Linux agpgart interface v0.103
[    6.878494][    T1] ACPI: bus type drm_connector registered
[    6.883745][    T1] [drm] Initialized vgem 1.0.0 20120112 for vgem on minor 0
[    6.889163][    T1] [drm] Initialized vkms 1.0.0 20180514 for vkms on minor 1
[    6.952075][    T1] Console: switching to colour frame buffer device 128x48
[    6.970903][    T1] platform vkms: [drm] fb0: vkmsdrmfb frame buffer device
[    6.972519][    T1] usbcore: registered new interface driver udl
[    6.975548][    T1] bochs-drm 0000:00:02.0: vgaarb: deactivate vga console
[    6.981524][    T1] [drm] Found bochs VGA, ID 0xb0c5.
[    6.982193][    T1] [drm] Framebuffer size 16384 kB @ 0xfd000000, mmio @ 0xfeb90000.
[    6.985853][    T1] [drm] Found EDID data blob.
[    6.989277][    T1] [drm] Initialized bochs-drm 1.0.0 20130925 for 0000:00:02.0 on minor 2
[    7.000349][    T1] fbcon: bochs-drmdrmfb (fb1) is primary device
[    7.000357][    T1] fbcon: Remapping primary device, fb1, to tty 1-63
[    7.314657][    T1] bochs-drm 0000:00:02.0: [drm] fb1: bochs-drmdrmfb frame buffer device
[    7.369912][    T1] brd: module loaded
[    7.429511][    T1] loop: module loaded
[    7.509129][    T1] zram: Added device: zram0
[    7.516290][    T1] null_blk: disk nullb0 created
[    7.517424][    T1] null_blk: module loaded
[    7.518536][    T1] Guest personality initialized and is inactive
[    7.520113][    T1] VMCI host device registered (name=vmci, major=10, minor=118)
[    7.521095][    T1] Initialized host personality
[    7.522213][    T1] usbcore: registered new interface driver rtsx_usb
[    7.524565][    T1] usbcore: registered new interface driver viperboard
[    7.526548][    T1] usbcore: registered new interface driver dln2
[    7.529256][    T1] usbcore: registered new interface driver pn533_usb
[    7.534038][    T1] nfcsim 0.2 initialized
[    7.535166][    T1] usbcore: registered new interface driver port100
[    7.537844][    T1] usbcore: registered new interface driver nfcmrvl
[    7.544988][    T1] Loading iSCSI transport class v2.0-870.
[    7.556370][    T1] st: Version 20160209, fixed bufsize 32768, s/g segs 256
[    7.586283][    T1] scsi host0: ata_piix
[    7.590217][    T1] scsi host1: ata_piix
[    7.592341][    T1] ata1: PATA max MWDMA2 cmd 0x1f0 ctl 0x3f6 bmdma 0xc020 irq 14 lpm-pol 0
[    7.593457][    T1] ata2: PATA max MWDMA2 cmd 0x170 ctl 0x376 bmdma 0xc028 irq 15 lpm-pol 0
[    7.601982][    T1] Rounding down aligned max_sectors from 4294967295 to 4294967288
[    7.603386][    T1] db_root: cannot open: /etc/target
[    7.605859][    T1] slram: not enough parameters.
[    7.611203][    T1] ftl_cs: FTL header not found.
[    7.644036][    T1] wireguard: WireGuard 1.0.0 loaded. See www.wireguard.com for information.
[    7.645186][    T1] wireguard: Copyright (C) 2015-2019 Jason A. Donenfeld <Jason@zx2c4.com>. All Rights Reserved.
[    7.646514][    T1] eql: Equalizer2002: Simon Janes (simon@ncm.com) and David S. Miller (davem@redhat.com)
[    7.656349][    T1] MACsec IEEE 802.1AE
[    7.675463][    T1] tun: Universal TUN/TAP device driver, 1.6
[    7.686614][    T1] vcan: Virtual CAN interface driver
[    7.689004][    T1] vxcan: Virtual CAN Tunnel driver
[    7.689618][    T1] slcan: serial line CAN interface driver
[    7.690297][    T1] CAN device driver interface
[    7.693173][    T1] usbcore: registered new interface driver usb_8dev
[    7.694488][    T1] usbcore: registered new interface driver ems_usb
[    7.695760][    T1] usbcore: registered new interface driver gs_usb
[    7.696777][    T1] usbcore: registered new interface driver kvaser_usb
[    7.698566][    T1] usbcore: registered new interface driver mcba_usb
[    7.699972][    T1] usbcore: registered new interface driver peak_usb
[    7.701767][    T1] e100: Intel(R) PRO/100 Network Driver
[    7.702494][    T1] e100: Copyright(c) 1999-2006 Intel Corporation
[    7.703895][    T1] e1000: Intel(R) PRO/1000 Network Driver
[    7.704703][    T1] e1000: Copyright (c) 1999-2006 Intel Corporation.
[    7.706152][    T1] e1000e: Intel(R) PRO/1000 Network Driver
[    7.707764][    T1] e1000e: Copyright(c) 1999 - 2015 Intel Corporation.
[    7.709874][    T1] mkiss: AX.25 Multikiss, Hans Albas PE1AYX
[    7.710686][    T1] AX.25: 6pack driver, Revision: 0.3.0
[    7.711428][    T1] AX.25: bpqether driver version 004
[    7.712107][    T1] PPP generic driver version 2.4.2
[    7.713566][    T1] PPP BSD Compression module registered
[    7.714310][    T1] PPP Deflate Compression module registered
[    7.715099][    T1] PPP MPPE Compression module registered
[    7.715904][    T1] NET: Registered PF_PPPOX protocol family
[    7.717191][    T1] PPTP driver version 0.8.5
[    7.718595][    T1] SLIP: version 0.8.4-NET3.019-NEWTTY (dynamic channels, max=256) (6 bit encapsulation enabled).
[    7.719852][    T1] CSLIP: code copyright 1989 Regents of the University of California.
[    7.720798][    T1] SLIP linefill/keepalive option.
[    7.721406][    T1] hdlc: HDLC support module revision 1.22
[    7.722082][    T1] LAPB Ethernet driver version 0.02
[    7.724091][    T1] usbcore: registered new interface driver ath9k_htc
[    7.725357][    T1] usbcore: registered new interface driver carl9170
[    7.726628][    T1] usbcore: registered new interface driver ath6kl_usb
[    7.727967][    T1] usbcore: registered new interface driver ar5523
[    7.729657][    T1] usbcore: registered new interface driver ath10k_usb
[    7.730928][    T1] usbcore: registered new interface driver rndis_wlan
[    7.732273][    T1] mac80211_hwsim: initializing netlink
[    7.756992][  T974] ata2: found unknown device (class 0)
[    7.758316][  T961] ata1: found unknown device (class 0)
[    7.759623][  T974] ata2.00: ATAPI: QEMU DVD-ROM, 2.5+, max UDMA/100
[    7.761189][    T1] usbcore: registered new interface driver atusb
[    7.764209][  T961] ata1.00: ATA-7: QEMU HARDDISK, 2.5+, max UDMA/100
[    7.765008][  T961] ata1.00: 16777208 sectors, multi 16: LBA48 
[    7.771290][   T12] scsi 0:0:0:0: Direct-Access     ATA      QEMU HARDDISK    2.5+ PQ: 0 ANSI: 5
[    7.781793][    T1] mac802154_hwsim mac802154_hwsim: Added 2 mac802154 hwsim hardware radios
[    7.783151][    T1] VMware vmxnet3 virtual NIC driver - version 1.7.0.0-k-NAPI
[    7.784206][    T1] usbcore: registered new interface driver catc
[    7.785013][    T1] usbcore: registered new interface driver kaweth
[    7.785767][    T1] pegasus: Pegasus/Pegasus II USB Ethernet driver
[    7.786595][    T1] usbcore: registered new interface driver pegasus
[    7.790378][   T36] sd 0:0:0:0: [sda] 16777208 512-byte logical blocks: (8.59 GB/8.00 GiB)
[    7.791479][   T36] sd 0:0:0:0: [sda] Write Protect is off
[    7.792348][   T36] sd 0:0:0:0: [sda] Write cache: enabled, read cache: enabled, doesn't support DPO or FUA
[    7.793611][   T36] sd 0:0:0:0: [sda] Preferred minimum I/O size 512 bytes
[    7.795657][   T12] sd 0:0:0:0: Attached scsi generic sg0 type 0
[    7.807340][   T11] scsi 1:0:0:0: CD-ROM            QEMU     QEMU DVD-ROM     2.5+ PQ: 0 ANSI: 5
[    7.809038][    T1] usbcore: registered new interface driver rtl8150
[    7.809979][    T1] usbcore: registered new device driver r8152-cfgselector
[    7.811000][    T1] usbcore: registered new interface driver r8152
[    7.811814][    T1] hso: drivers/net/usb/hso.c: Option Wireless
[    7.812749][    T1] usbcore: registered new interface driver hso
[    7.813623][    T1] usbcore: registered new interface driver lan78xx
[    7.814510][    T1] usbcore: registered new interface driver asix
[    7.815397][    T1] usbcore: registered new interface driver ax88179_178a
[    7.816385][    T1] usbcore: registered new interface driver cdc_ether
[    7.829226][    T1] usbcore: registered new interface driver cdc_eem
[    7.830473][   T36] sd 0:0:0:0: [sda] Attached SCSI disk
[    7.832494][    T1] usbcore: registered new interface driver dm9601
[    7.833836][    T1] usbcore: registered new interface driver sr9700
[    7.835156][    T1] usbcore: registered new interface driver CoreChips
[    7.836500][    T1] usbcore: registered new interface driver smsc75xx
[    7.838934][    T1] usbcore: registered new interface driver smsc95xx
[    7.840425][    T1] usbcore: registered new interface driver gl620a
[    7.841736][    T1] usbcore: registered new interface driver net1080
[    7.843077][    T1] usbcore: registered new interface driver plusb
[    7.844390][    T1] usbcore: registered new interface driver rndis_host
[    7.845732][    T1] usbcore: registered new interface driver cdc_subset
[    7.850568][    T1] usbcore: registered new interface driver zaurus
[    7.851918][    T1] usbcore: registered new interface driver MOSCHIP usb-ethernet driver
[    7.853446][    T1] usbcore: registered new interface driver int51x1
[    7.854812][    T1] usbcore: registered new interface driver cdc_phonet
[    7.856181][    T1] usbcore: registered new interface driver kalmia
[    7.859843][    T1] usbcore: registered new interface driver ipheth
[    7.861181][    T1] usbcore: registered new interface driver sierra_net
[    7.862536][    T1] usbcore: registered new interface driver cx82310_eth
[    7.863913][    T1] usbcore: registered new interface driver cdc_ncm
[    7.865250][    T1] usbcore: registered new interface driver huawei_cdc_ncm
[    7.866648][    T1] usbcore: registered new interface driver lg-vl600
[    7.868742][   T11] sr 1:0:0:0: [sr0] scsi3-mmc drive: 4x/4x cd/rw xa/form2 tray
[    7.869755][   T11] cdrom: Uniform CD-ROM driver Revision: 3.20
[    7.871482][    T1] usbcore: registered new interface driver qmi_wwan
[    7.872899][    T1] usbcore: registered new interface driver cdc_mbim
[    7.874260][    T1] usbcore: registered new interface driver ch9200
[    7.875872][    T1] usbcore: registered new interface driver r8153_ecm
[    7.887237][    T1] VFIO - User Level meta-driver version: 0.3
[    7.892478][   T11] sr 1:0:0:0: Attached scsi generic sg1 type 5
[    7.899652][    T1] aoe: AoE v85 initialised.
[    7.914691][    T1] SPI driver max3421-hcd has no spi_device_id for maxim,max3421
[    7.916001][    T1] usbcore: registered new interface driver cdc_acm
[    7.923081][    T1] cdc_acm: USB Abstract Control Model driver for USB modems and ISDN adapters
[    7.924737][    T1] usbcore: registered new interface driver usblp
[    7.926057][    T1] usbcore: registered new interface driver cdc_wdm
[    7.928100][    T1] usbcore: registered new interface driver usbtmc
[    7.929575][    T1] usbcore: registered new interface driver uas
[    7.930870][    T1] usbcore: registered new interface driver usb-storage
[    7.932282][    T1] usbcore: registered new interface driver ums-alauda
[    7.933740][    T1] usbcore: registered new interface driver ums-cypress
[    7.935101][    T1] usbcore: registered new interface driver ums-datafab
[    7.939456][    T1] usbcore: registered new interface driver ums_eneub6250
[    7.940828][    T1] usbcore: registered new interface driver ums-freecom
[    7.942197][    T1] usbcore: registered new interface driver ums-isd200
[    7.943533][    T1] usbcore: registered new interface driver ums-jumpshot
[    7.944610][    T1] usbcore: registered new interface driver ums-karma
[    7.946223][    T1] usbcore: registered new interface driver ums-onetouch
[    7.948030][    T1] usbcore: registered new interface driver ums-realtek
[    7.949894][    T1] usbcore: registered new interface driver ums-sddr09
[    7.951557][    T1] usbcore: registered new interface driver ums-sddr55
[    7.953691][    T1] usbcore: registered new interface driver ums-usbat
[    7.954832][    T1] usbcore: registered new interface driver mdc800
[    7.955592][    T1] mdc800: v0.7.5 (30/10/2000):USB Driver for Mustek MDC800 Digital Camera
[    7.957785][    T1] usbcore: registered new interface driver microtekX6
[    7.959560][    T1] usbcore: registered new interface driver usbserial_generic
[    7.961187][    T1] usbserial: USB Serial support registered for generic
[    7.962517][    T1] usbcore: registered new interface driver aircable
[    7.963794][    T1] usbserial: USB Serial support registered for aircable
[    7.965067][    T1] usbcore: registered new interface driver ark3116
[    7.966338][    T1] usbserial: USB Serial support registered for ark3116
[    7.967693][    T1] usbcore: registered new interface driver belkin_sa
[    7.968947][    T1] usbserial: USB Serial support registered for Belkin / Peracom / GoHubs USB Serial Adapter
[    7.970568][    T1] usbcore: registered new interface driver ch341
[    7.971482][    T1] usbserial: USB Serial support registered for ch341-uart
[    7.973022][    T1] usbcore: registered new interface driver cp210x
[    7.974227][    T1] usbserial: USB Serial support registered for cp210x
[    7.975481][    T1] usbcore: registered new interface driver cyberjack
[    7.977380][    T1] usbserial: USB Serial support registered for Reiner SCT Cyberjack USB card reader
[    7.979150][    T1] usbcore: registered new interface driver cypress_m8
[    7.980671][    T1] usbserial: USB Serial support registered for DeLorme Earthmate USB
[    7.982275][    T1] usbserial: USB Serial support registered for HID->COM RS232 Adapter
[    7.983768][    T1] usbserial: USB Serial support registered for Nokia CA-42 V2 Adapter
[    7.984910][    T1] usbcore: registered new interface driver usb_debug
[    7.986459][    T1] usbserial: USB Serial support registered for debug
[    7.990520][    T1] usbserial: USB Serial support registered for xhci_dbc
[    7.991821][    T1] usbcore: registered new interface driver digi_acceleport
[    7.993166][    T1] usbserial: USB Serial support registered for Digi 2 port USB adapter
[    7.994304][    T1] usbserial: USB Serial support registered for Digi 4 port USB adapter
[    7.996003][    T1] usbcore: registered new interface driver io_edgeport
[    7.997808][    T1] usbserial: USB Serial support registered for Edgeport 2 port adapter
[    7.999256][    T1] usbserial: USB Serial support registered for Edgeport 4 port adapter
[    8.000718][    T1] usbserial: USB Serial support registered for Edgeport 8 port adapter
[    8.001835][    T1] usbserial: USB Serial support registered for EPiC device
[    8.003433][    T1] usbcore: registered new interface driver io_ti
[    8.004723][    T1] usbserial: USB Serial support registered for Edgeport TI 1 port adapter
[    8.006330][    T1] usbserial: USB Serial support registered for Edgeport TI 2 port adapter
[    8.007965][    T1] usbcore: registered new interface driver empeg
[    8.009303][    T1] usbserial: USB Serial support registered for empeg
[    8.010368][    T1] usbcore: registered new interface driver f81534a_ctrl
[    8.012155][    T1] usbcore: registered new interface driver f81232
[    8.013925][    T1] usbserial: USB Serial support registered for f81232
[    8.015376][    T1] usbserial: USB Serial support registered for f81534a
[    8.017295][    T1] usbcore: registered new interface driver f81534
[    8.018592][    T1] usbserial: USB Serial support registered for Fintek F81532/F81534
[    8.020019][    T1] usbcore: registered new interface driver ftdi_sio
[    8.021255][    T1] usbserial: USB Serial support registered for FTDI USB Serial Device
[    8.022709][    T1] usbcore: registered new interface driver garmin_gps
[    8.023677][    T1] usbserial: USB Serial support registered for Garmin GPS usb/tty
[    8.025319][    T1] usbcore: registered new interface driver ipaq
[    8.026528][    T1] usbserial: USB Serial support registered for PocketPC PDA
[    8.028385][    T1] usbcore: registered new interface driver ipw
[    8.029658][    T1] usbserial: USB Serial support registered for IPWireless converter
[    8.031376][    T1] usbcore: registered new interface driver ir_usb
[    8.032674][    T1] usbserial: USB Serial support registered for IR Dongle
[    8.034091][    T1] usbcore: registered new interface driver iuu_phoenix
[    8.035421][    T1] usbserial: USB Serial support registered for iuu_phoenix
[    8.036525][    T1] usbcore: registered new interface driver keyspan
[    8.039962][    T1] usbserial: USB Serial support registered for Keyspan - (without firmware)
[    8.041159][    T1] usbserial: USB Serial support registered for Keyspan 1 port adapter
[    8.042276][    T1] usbserial: USB Serial support registered for Keyspan 2 port adapter
[    8.043376][    T1] usbserial: USB Serial support registered for Keyspan 4 port adapter
[    8.044542][    T1] usbcore: registered new interface driver keyspan_pda
[    8.045459][    T1] usbserial: USB Serial support registered for Keyspan PDA
[    8.046410][    T1] usbserial: USB Serial support registered for Keyspan PDA - (prerenumeration)
[    8.051550][    T1] usbcore: registered new interface driver kl5kusb105
[    8.053000][    T1] usbserial: USB Serial support registered for KL5KUSB105D / PalmConnect
[    8.054602][    T1] usbcore: registered new interface driver kobil_sct
[    8.055954][    T1] usbserial: USB Serial support registered for KOBIL USB smart card terminal
[    8.057689][    T1] usbcore: registered new interface driver mct_u232
[    8.059036][    T1] usbserial: USB Serial support registered for MCT U232
[    8.061934][    T1] usbcore: registered new interface driver metro_usb
[    8.063223][    T1] usbserial: USB Serial support registered for Metrologic USB to Serial
[    8.064706][    T1] usbcore: registered new interface driver mos7720
[    8.065916][    T1] usbserial: USB Serial support registered for Moschip 2 port adapter
[    8.067444][    T1] usbcore: registered new interface driver mos7840
[    8.068708][    T1] usbserial: USB Serial support registered for Moschip 7840/7820 USB Serial Driver
[    8.070241][    T1] usbcore: registered new interface driver mxuport
[    8.071442][    T1] usbserial: USB Serial support registered for MOXA UPort
[    8.072724][    T1] usbcore: registered new interface driver navman
[    8.073944][    T1] usbserial: USB Serial support registered for navman
[    8.075269][    T1] usbcore: registered new interface driver omninet
[    8.076489][    T1] usbserial: USB Serial support registered for ZyXEL - omni.net usb
[    8.078932][    T1] usbcore: registered new interface driver opticon
[    8.080207][    T1] usbserial: USB Serial support registered for opticon
[    8.081505][    T1] usbcore: registered new interface driver option
[    8.082521][    T1] usbserial: USB Serial support registered for GSM modem (1-port)
[    8.084287][    T1] usbcore: registered new interface driver oti6858
[    8.085626][    T1] usbserial: USB Serial support registered for oti6858
[    8.089761][    T1] usbcore: registered new interface driver pl2303
[    8.091265][    T1] usbserial: USB Serial support registered for pl2303
[    8.092339][    T1] usbcore: registered new interface driver qcaux
[    8.093883][    T1] usbserial: USB Serial support registered for qcaux
[    8.095130][    T1] usbcore: registered new interface driver qcserial
[    8.096374][    T1] usbserial: USB Serial support registered for Qualcomm USB modem
[    8.097797][    T1] usbcore: registered new interface driver quatech2
[    8.099068][    T1] usbserial: USB Serial support registered for Quatech 2nd gen USB to Serial Driver
[    8.100355][    T1] usbcore: registered new interface driver safe_serial
[    8.101895][    T1] usbserial: USB Serial support registered for safe_serial
[    8.103214][    T1] usbcore: registered new interface driver sierra
[    8.104445][    T1] usbserial: USB Serial support registered for Sierra USB modem
[    8.105835][    T1] usbcore: registered new interface driver usb_serial_simple
[    8.107535][    T1] usbserial: USB Serial support registered for carelink
[    8.109132][    T1] usbserial: USB Serial support registered for flashloader
[    8.110452][    T1] usbserial: USB Serial support registered for funsoft
[    8.111686][    T1] usbserial: USB Serial support registered for google
[    8.112970][    T1] usbserial: USB Serial support registered for hp4x
[    8.113889][    T1] usbserial: USB Serial support registered for kaufmann
[    8.115438][    T1] usbserial: USB Serial support registered for libtransistor
[    8.117347][    T1] usbserial: USB Serial support registered for moto_modem
[    8.118754][    T1] usbserial: USB Serial support registered for motorola_tetra
[    8.120077][    T1] usbserial: USB Serial support registered for nokia
[    8.121322][    T1] usbserial: USB Serial support registered for novatel_gps
[    8.123607][    T1] usbserial: USB Serial support registered for siemens_mpi
[    8.124938][    T1] usbserial: USB Serial support registered for suunto
[    8.126236][    T1] usbserial: USB Serial support registered for vivopay
[    8.128202][    T1] usbserial: USB Serial support registered for zio
[    8.129159][    T1] usbcore: registered new interface driver spcp8x5
[    8.130682][    T1] usbserial: USB Serial support registered for SPCP8x5
[    8.131956][    T1] usbcore: registered new interface driver ssu100
[    8.133218][    T1] usbserial: USB Serial support registered for Quatech SSU-100 USB to Serial Driver
[    8.134786][    T1] usbcore: registered new interface driver symbolserial
[    8.135782][    T1] usbserial: USB Serial support registered for symbol
[    8.138287][    T1] usbcore: registered new interface driver ti_usb_3410_5052
[    8.141390][    T1] usbserial: USB Serial support registered for TI USB 3410 1 port adapter
[    8.144894][    T1] usbserial: USB Serial support registered for TI USB 5052 2 port adapter
[    8.148518][    T1] usbcore: registered new interface driver upd78f0730
[    8.150460][    T1] usbserial: USB Serial support registered for upd78f0730
[    8.153656][    T1] usbcore: registered new interface driver visor
[    8.154855][    T1] usbserial: USB Serial support registered for Handspring Visor / Palm OS
[    8.156650][    T1] usbserial: USB Serial support registered for Sony Clie 5.0
[    8.158558][    T1] usbserial: USB Serial support registered for Sony Clie 3.5
[    8.159921][    T1] usbcore: registered new interface driver wishbone_serial
[    8.161232][    T1] usbserial: USB Serial support registered for wishbone_serial
[    8.162615][    T1] usbcore: registered new interface driver whiteheat
[    8.163881][    T1] usbserial: USB Serial support registered for Connect Tech - WhiteHEAT - (prerenumeration)
[    8.165284][    T1] usbserial: USB Serial support registered for Connect Tech - WhiteHEAT
[    8.168309][    T1] usbcore: registered new interface driver xr_serial
[    8.169839][    T1] usbserial: USB Serial support registered for xr_serial
[    8.171368][    T1] usbcore: registered new interface driver xsens_mt
[    8.172797][    T1] usbserial: USB Serial support registered for xsens_mt
[    8.174256][    T1] usbcore: registered new interface driver adutux
[    8.175338][    T1] usbcore: registered new interface driver appledisplay
[    8.177144][    T1] usbcore: registered new interface driver cypress_cy7c63
[    8.178655][    T1] usbcore: registered new interface driver cytherm
[    8.179999][    T1] usbcore: registered new interface driver emi26 - firmware loader
[    8.181512][    T1] usbcore: registered new interface driver emi62 - firmware loader
[    8.183095][    T1] usbcore: registered new interface driver idmouse
[    8.184123][    T1] usbcore: registered new interface driver iowarrior
[    8.185739][    T1] usbcore: registered new interface driver isight_firmware
[    8.187634][    T1] usbcore: registered new interface driver usblcd
[    8.188961][    T1] usbcore: registered new interface driver ldusb
[    8.190230][    T1] usbcore: registered new interface driver legousbtower
[    8.191523][    T1] usbcore: registered new interface driver usbtest
[    8.192476][    T1] usbcore: registered new interface driver usb_ehset_test
[    8.194053][    T1] usbcore: registered new interface driver trancevibrator
[    8.195384][    T1] usbcore: registered new interface driver uss720
[    8.196165][    T1] uss720: USB Parport Cable driver for Cables using the Lucent Technologies USS720 Chip
[    8.197935][    T1] uss720: NOTE: this is a special purpose driver to allow nonstandard
[    8.198906][    T1] uss720: protocols (eg. bitbang) over USS720 usb to parallel cables
[    8.199870][    T1] uss720: If you just want to connect to a printer, use usblp instead
[    8.201322][    T1] usbcore: registered new interface driver usbsevseg
[    8.202687][    T1] usbcore: registered new interface driver yurex
[    8.204309][    T1] usbcore: registered new interface driver chaoskey
[    8.205188][    T1] usbcore: registered new interface driver sisusb
[    8.206032][    T1] usbcore: registered new interface driver lvs
[    8.211730][    T1] usbcore: registered new interface driver cxacru
[    8.213079][    T1] usbcore: registered new interface driver speedtch
[    8.214460][    T1] usbcore: registered new interface driver ueagle-atm
[    8.215345][    T1] xusbatm: malformed module parameters
[    8.220748][    T1] dummy_hcd dummy_hcd.0: USB Host+Gadget Emulator, driver 02 May 2005
[    8.221858][    T1] dummy_hcd dummy_hcd.0: Dummy host controller
[    8.224171][    T1] dummy_hcd dummy_hcd.0: new USB bus registered, assigned bus number 1
[    8.226297][    T1] usb usb1: New USB device found, idVendor=1d6b, idProduct=0002, bcdDevice= 6.07
[    8.228167][    T1] usb usb1: New USB device strings: Mfr=3, Product=2, SerialNumber=1
[    8.229203][    T1] usb usb1: Product: Dummy host controller
[    8.229955][    T1] usb usb1: Manufacturer: Linux 6.7.0-rc2-gbc9807868dfa-dirty dummy_hcd
[    8.231038][    T1] usb usb1: SerialNumber: dummy_hcd.0
[    8.235549][    T1] hub 1-0:1.0: USB hub found
[    8.236407][    T1] hub 1-0:1.0: 1 port detected
[    8.242314][    T1] dummy_hcd dummy_hcd.1: USB Host+Gadget Emulator, driver 02 May 2005
[    8.243391][    T1] dummy_hcd dummy_hcd.1: Dummy host controller
[    8.245086][    T1] dummy_hcd dummy_hcd.1: new USB bus registered, assigned bus number 2
[    8.247071][    T1] usb usb2: New USB device found, idVendor=1d6b, idProduct=0002, bcdDevice= 6.07
[    8.248231][    T1] usb usb2: New USB device strings: Mfr=3, Product=2, SerialNumber=1
[    8.249382][    T1] usb usb2: Product: Dummy host controller
[    8.250128][    T1] usb usb2: Manufacturer: Linux 6.7.0-rc2-gbc9807868dfa-dirty dummy_hcd
[    8.251167][    T1] usb usb2: SerialNumber: dummy_hcd.1
[    8.254217][    T1] hub 2-0:1.0: USB hub found
[    8.255008][    T1] hub 2-0:1.0: 1 port detected
[    8.259404][    T1] dummy_hcd dummy_hcd.2: USB Host+Gadget Emulator, driver 02 May 2005
[    8.260494][    T1] dummy_hcd dummy_hcd.2: Dummy host controller
[    8.262208][    T1] dummy_hcd dummy_hcd.2: new USB bus registered, assigned bus number 3
[    8.263868][    T1] usb usb3: New USB device found, idVendor=1d6b, idProduct=0002, bcdDevice= 6.07
[    8.265106][    T1] usb usb3: New USB device strings: Mfr=3, Product=2, SerialNumber=1
[    8.266133][    T1] usb usb3: Product: Dummy host controller
[    8.267138][    T1] usb usb3: Manufacturer: Linux 6.7.0-rc2-gbc9807868dfa-dirty dummy_hcd
[    8.268188][    T1] usb usb3: SerialNumber: dummy_hcd.2
[    8.273170][    T1] hub 3-0:1.0: USB hub found
[    8.273941][    T1] hub 3-0:1.0: 1 port detected
[    8.278558][    T1] dummy_hcd dummy_hcd.3: USB Host+Gadget Emulator, driver 02 May 2005
[    8.279656][    T1] dummy_hcd dummy_hcd.3: Dummy host controller
[    8.281502][    T1] dummy_hcd dummy_hcd.3: new USB bus registered, assigned bus number 4
[    8.283231][    T1] usb usb4: New USB device found, idVendor=1d6b, idProduct=0002, bcdDevice= 6.07
[    8.284385][    T1] usb usb4: New USB device strings: Mfr=3, Product=2, SerialNumber=1
[    8.285409][    T1] usb usb4: Product: Dummy host controller
[    8.286130][    T1] usb usb4: Manufacturer: Linux 6.7.0-rc2-gbc9807868dfa-dirty dummy_hcd
[    8.287521][    T1] usb usb4: SerialNumber: dummy_hcd.3
[    8.290526][    T1] hub 4-0:1.0: USB hub found
[    8.291288][    T1] hub 4-0:1.0: 1 port detected
[    8.294569][    T1] dummy_hcd dummy_hcd.4: USB Host+Gadget Emulator, driver 02 May 2005
[    8.295642][    T1] dummy_hcd dummy_hcd.4: Dummy host controller
[    8.298474][    T1] dummy_hcd dummy_hcd.4: new USB bus registered, assigned bus number 5
[    8.300167][    T1] usb usb5: New USB device found, idVendor=1d6b, idProduct=0002, bcdDevice= 6.07
[    8.301326][    T1] usb usb5: New USB device strings: Mfr=3, Product=2, SerialNumber=1
[    8.302331][    T1] usb usb5: Product: Dummy host controller
[    8.303070][    T1] usb usb5: Manufacturer: Linux 6.7.0-rc2-gbc9807868dfa-dirty dummy_hcd
[    8.304126][    T1] usb usb5: SerialNumber: dummy_hcd.4
[    8.307624][    T1] hub 5-0:1.0: USB hub found
[    8.308404][    T1] hub 5-0:1.0: 1 port detected
[    8.312522][    T1] dummy_hcd dummy_hcd.5: USB Host+Gadget Emulator, driver 02 May 2005
[    8.313668][    T1] dummy_hcd dummy_hcd.5: Dummy host controller
[    8.315386][    T1] dummy_hcd dummy_hcd.5: new USB bus registered, assigned bus number 6
[    8.317484][    T1] usb usb6: New USB device found, idVendor=1d6b, idProduct=0002, bcdDevice= 6.07
[    8.318661][    T1] usb usb6: New USB device strings: Mfr=3, Product=2, SerialNumber=1
[    8.319700][    T1] usb usb6: Product: Dummy host controller
[    8.320441][    T1] usb usb6: Manufacturer: Linux 6.7.0-rc2-gbc9807868dfa-dirty dummy_hcd
[    8.321495][    T1] usb usb6: SerialNumber: dummy_hcd.5
[    8.324510][    T1] hub 6-0:1.0: USB hub found
[    8.325621][    T1] hub 6-0:1.0: 1 port detected
[    8.332426][    T1] dummy_hcd dummy_hcd.6: USB Host+Gadget Emulator, driver 02 May 2005
[    8.335126][    T1] dummy_hcd dummy_hcd.6: Dummy host controller
[    8.338664][    T1] dummy_hcd dummy_hcd.6: new USB bus registered, assigned bus number 7
[    8.340229][    T1] usb usb7: New USB device found, idVendor=1d6b, idProduct=0002, bcdDevice= 6.07
[    8.341307][    T1] usb usb7: New USB device strings: Mfr=3, Product=2, SerialNumber=1
[    8.342255][    T1] usb usb7: Product: Dummy host controller
[    8.342990][    T1] usb usb7: Manufacturer: Linux 6.7.0-rc2-gbc9807868dfa-dirty dummy_hcd
[    8.343964][    T1] usb usb7: SerialNumber: dummy_hcd.6
[    8.346434][    T1] hub 7-0:1.0: USB hub found
[    8.349414][    T1] hub 7-0:1.0: 1 port detected
[    8.353602][    T1] dummy_hcd dummy_hcd.7: USB Host+Gadget Emulator, driver 02 May 2005
[    8.354697][    T1] dummy_hcd dummy_hcd.7: Dummy host controller
[    8.356295][    T1] dummy_hcd dummy_hcd.7: new USB bus registered, assigned bus number 8
[    8.358731][    T1] usb usb8: New USB device found, idVendor=1d6b, idProduct=0002, bcdDevice= 6.07
[    8.359893][    T1] usb usb8: New USB device strings: Mfr=3, Product=2, SerialNumber=1
[    8.361050][    T1] usb usb8: Product: Dummy host controller
[    8.361972][    T1] usb usb8: Manufacturer: Linux 6.7.0-rc2-gbc9807868dfa-dirty dummy_hcd
[    8.363007][    T1] usb usb8: SerialNumber: dummy_hcd.7
[    8.366038][    T1] hub 8-0:1.0: USB hub found
[    8.367197][    T1] hub 8-0:1.0: 1 port detected
[    8.395030][    T1] gadgetfs: USB Gadget filesystem, version 24 Aug 2004
[    8.404565][    T1] vhci_hcd vhci_hcd.0: USB/IP Virtual Host Controller
[    8.406426][    T1] vhci_hcd vhci_hcd.0: new USB bus registered, assigned bus number 9
[    8.408114][    T1] vhci_hcd: created sysfs vhci_hcd.0
[    8.409455][    T1] usb usb9: New USB device found, idVendor=1d6b, idProduct=0002, bcdDevice= 6.07
[    8.410633][    T1] usb usb9: New USB device strings: Mfr=3, Product=2, SerialNumber=1
[    8.411669][    T1] usb usb9: Product: USB/IP Virtual Host Controller
[    8.412515][    T1] usb usb9: Manufacturer: Linux 6.7.0-rc2-gbc9807868dfa-dirty vhci_hcd
[    8.413592][    T1] usb usb9: SerialNumber: vhci_hcd.0
[    8.416377][    T1] hub 9-0:1.0: USB hub found
[    8.419257][    T1] hub 9-0:1.0: 8 ports detected
[    8.426330][    T1] vhci_hcd vhci_hcd.0: USB/IP Virtual Host Controller
[    8.428692][    T1] vhci_hcd vhci_hcd.0: new USB bus registered, assigned bus number 10
[    8.430014][    T1] usb usb10: We don't know the algorithms for LPM for this host, disabling LPM.
[    8.431724][    T1] usb usb10: New USB device found, idVendor=1d6b, idProduct=0003, bcdDevice= 6.07
[    8.432939][    T1] usb usb10: New USB device strings: Mfr=3, Product=2, SerialNumber=1
[    8.433983][    T1] usb usb10: Product: USB/IP Virtual Host Controller
[    8.434840][    T1] usb usb10: Manufacturer: Linux 6.7.0-rc2-gbc9807868dfa-dirty vhci_hcd
[    8.435889][    T1] usb usb10: SerialNumber: vhci_hcd.0
[    8.440267][    T1] hub 10-0:1.0: USB hub found
[    8.441016][    T1] hub 10-0:1.0: 8 ports detected
[    8.448790][    T1] vhci_hcd vhci_hcd.1: USB/IP Virtual Host Controller
[    8.451131][    T1] vhci_hcd vhci_hcd.1: new USB bus registered, assigned bus number 11
[    8.452702][    T1] usb usb11: New USB device found, idVendor=1d6b, idProduct=0002, bcdDevice= 6.07
[    8.453869][    T1] usb usb11: New USB device strings: Mfr=3, Product=2, SerialNumber=1
[    8.454820][    T1] usb usb11: Product: USB/IP Virtual Host Controller
[    8.455597][    T1] usb usb11: Manufacturer: Linux 6.7.0-rc2-gbc9807868dfa-dirty vhci_hcd
[    8.456565][    T1] usb usb11: SerialNumber: vhci_hcd.1
[    8.459509][    T1] hub 11-0:1.0: USB hub found
[    8.460281][    T1] hub 11-0:1.0: 8 ports detected
[    8.467364][    T1] vhci_hcd vhci_hcd.1: USB/IP Virtual Host Controller
[    8.469452][    T1] vhci_hcd vhci_hcd.1: new USB bus registered, assigned bus number 12
[    8.472445][    T1] usb usb12: We don't know the algorithms for LPM for this host, disabling LPM.
[    8.476156][    T1] usb usb12: New USB device found, idVendor=1d6b, idProduct=0003, bcdDevice= 6.07
[    8.478790][    T1] usb usb12: New USB device strings: Mfr=3, Product=2, SerialNumber=1
[    8.479762][    T1] usb usb12: Product: USB/IP Virtual Host Controller
[    8.480554][    T1] usb usb12: Manufacturer: Linux 6.7.0-rc2-gbc9807868dfa-dirty vhci_hcd
[    8.481525][    T1] usb usb12: SerialNumber: vhci_hcd.1
[    8.484389][    T1] hub 12-0:1.0: USB hub found
[    8.485183][    T1] hub 12-0:1.0: 8 ports detected
[    8.494047][    T1] vhci_hcd vhci_hcd.2: USB/IP Virtual Host Controller
[    8.495810][    T1] vhci_hcd vhci_hcd.2: new USB bus registered, assigned bus number 13
[    8.497649][    T1] usb usb13: New USB device found, idVendor=1d6b, idProduct=0002, bcdDevice= 6.07
[    8.498857][    T1] usb usb13: New USB device strings: Mfr=3, Product=2, SerialNumber=1
[    8.499926][    T1] usb usb13: Product: USB/IP Virtual Host Controller
[    8.500867][    T1] usb usb13: Manufacturer: Linux 6.7.0-rc2-gbc9807868dfa-dirty vhci_hcd
[    8.501915][    T1] usb usb13: SerialNumber: vhci_hcd.2
[    8.505045][    T1] hub 13-0:1.0: USB hub found
[    8.505884][    T1] hub 13-0:1.0: 8 ports detected
[    8.513520][    T1] vhci_hcd vhci_hcd.2: USB/IP Virtual Host Controller
[    8.515006][    T1] vhci_hcd vhci_hcd.2: new USB bus registered, assigned bus number 14
[    8.517048][    T1] usb usb14: We don't know the algorithms for LPM for this host, disabling LPM.
[    8.518818][    T1] usb usb14: New USB device found, idVendor=1d6b, idProduct=0003, bcdDevice= 6.07
[    8.520005][    T1] usb usb14: New USB device strings: Mfr=3, Product=2, SerialNumber=1
[    8.521055][    T1] usb usb14: Product: USB/IP Virtual Host Controller
[    8.521919][    T1] usb usb14: Manufacturer: Linux 6.7.0-rc2-gbc9807868dfa-dirty vhci_hcd
[    8.522989][    T1] usb usb14: SerialNumber: vhci_hcd.2
[    8.526081][    T1] hub 14-0:1.0: USB hub found
[    8.527273][    T1] hub 14-0:1.0: 8 ports detected
[    8.537037][    T1] vhci_hcd vhci_hcd.3: USB/IP Virtual Host Controller
[    8.538775][    T1] vhci_hcd vhci_hcd.3: new USB bus registered, assigned bus number 15
[    8.540988][    T1] usb usb15: New USB device found, idVendor=1d6b, idProduct=0002, bcdDevice= 6.07
[    8.542236][    T1] usb usb15: New USB device strings: Mfr=3, Product=2, SerialNumber=1
[    8.543310][    T1] usb usb15: Product: USB/IP Virtual Host Controller
[    8.544189][    T1] usb usb15: Manufacturer: Linux 6.7.0-rc2-gbc9807868dfa-dirty vhci_hcd
[    8.545260][    T1] usb usb15: SerialNumber: vhci_hcd.3
[    8.548665][    T1] hub 15-0:1.0: USB hub found
[    8.549787][    T1] hub 15-0:1.0: 8 ports detected
[    8.556249][    T1] vhci_hcd vhci_hcd.3: USB/IP Virtual Host Controller
[    8.558114][    T1] vhci_hcd vhci_hcd.3: new USB bus registered, assigned bus number 16
[    8.559326][    T1] usb usb16: We don't know the algorithms for LPM for this host, disabling LPM.
[    8.560875][    T1] usb usb16: New USB device found, idVendor=1d6b, idProduct=0003, bcdDevice= 6.07
[    8.561963][    T1] usb usb16: New USB device strings: Mfr=3, Product=2, SerialNumber=1
[    8.563040][    T1] usb usb16: Product: USB/IP Virtual Host Controller
[    8.563830][    T1] usb usb16: Manufacturer: Linux 6.7.0-rc2-gbc9807868dfa-dirty vhci_hcd
[    8.564796][    T1] usb usb16: SerialNumber: vhci_hcd.3
[    8.567500][    T1] hub 16-0:1.0: USB hub found
[    8.568640][    T1] hub 16-0:1.0: 8 ports detected
[    8.577804][    T1] vhci_hcd vhci_hcd.4: USB/IP Virtual Host Controller
[    8.580765][    T1] vhci_hcd vhci_hcd.4: new USB bus registered, assigned bus number 17
[    8.582452][    T1] usb usb17: New USB device found, idVendor=1d6b, idProduct=0002, bcdDevice= 6.07
[    8.583648][    T1] usb usb17: New USB device strings: Mfr=3, Product=2, SerialNumber=1
[    8.584673][    T1] usb usb17: Product: USB/IP Virtual Host Controller
[    8.585510][    T1] usb usb17: Manufacturer: Linux 6.7.0-rc2-gbc9807868dfa-dirty vhci_hcd
[    8.586550][    T1] usb usb17: SerialNumber: vhci_hcd.4
[    8.589979][    T1] hub 17-0:1.0: USB hub found
[    8.590783][    T1] hub 17-0:1.0: 8 ports detected
[    8.599474][    T1] vhci_hcd vhci_hcd.4: USB/IP Virtual Host Controller
[    8.600834][    T1] vhci_hcd vhci_hcd.4: new USB bus registered, assigned bus number 18
[    8.602554][    T1] usb usb18: We don't know the algorithms for LPM for this host, disabling LPM.
[    8.604234][    T1] usb usb18: New USB device found, idVendor=1d6b, idProduct=0003, bcdDevice= 6.07
[    8.605418][    T1] usb usb18: New USB device strings: Mfr=3, Product=2, SerialNumber=1
[    8.606483][    T1] usb usb18: Product: USB/IP Virtual Host Controller
[    8.607587][    T1] usb usb18: Manufacturer: Linux 6.7.0-rc2-gbc9807868dfa-dirty vhci_hcd
[    8.608657][    T1] usb usb18: SerialNumber: vhci_hcd.4
[    8.613029][    T1] hub 18-0:1.0: USB hub found
[    8.614733][    T1] hub 18-0:1.0: 8 ports detected
[    8.628578][    T1] vhci_hcd vhci_hcd.5: USB/IP Virtual Host Controller
[    8.630350][    T1] vhci_hcd vhci_hcd.5: new USB bus registered, assigned bus number 19
[    8.631930][    T1] usb usb19: New USB device found, idVendor=1d6b, idProduct=0002, bcdDevice= 6.07
[    8.633051][    T1] usb usb19: New USB device strings: Mfr=3, Product=2, SerialNumber=1
[    8.634000][    T1] usb usb19: Product: USB/IP Virtual Host Controller
[    8.634789][    T1] usb usb19: Manufacturer: Linux 6.7.0-rc2-gbc9807868dfa-dirty vhci_hcd
[    8.635764][    T1] usb usb19: SerialNumber: vhci_hcd.5
[    8.638565][    T1] hub 19-0:1.0: USB hub found
[    8.639680][    T1] hub 19-0:1.0: 8 ports detected
[    8.647527][    T1] vhci_hcd vhci_hcd.5: USB/IP Virtual Host Controller
[    8.648990][    T1] vhci_hcd vhci_hcd.5: new USB bus registered, assigned bus number 20
[    8.650859][    T1] usb usb20: We don't know the algorithms for LPM for this host, disabling LPM.
[    8.652599][    T1] usb usb20: New USB device found, idVendor=1d6b, idProduct=0003, bcdDevice= 6.07
[    8.653817][    T1] usb usb20: New USB device strings: Mfr=3, Product=2, SerialNumber=1
[    8.654850][    T1] usb usb20: Product: USB/IP Virtual Host Controller
[    8.655710][    T1] usb usb20: Manufacturer: Linux 6.7.0-rc2-gbc9807868dfa-dirty vhci_hcd
[    8.657172][    T1] usb usb20: SerialNumber: vhci_hcd.5
[    8.659984][    T1] hub 20-0:1.0: USB hub found
[    8.661284][    T1] hub 20-0:1.0: 8 ports detected
[    8.671561][    T1] vhci_hcd vhci_hcd.6: USB/IP Virtual Host Controller
[    8.673695][    T1] vhci_hcd vhci_hcd.6: new USB bus registered, assigned bus number 21
[    8.675408][    T1] usb usb21: New USB device found, idVendor=1d6b, idProduct=0002, bcdDevice= 6.07
[    8.676594][    T1] usb usb21: New USB device strings: Mfr=3, Product=2, SerialNumber=1
[    8.678013][    T1] usb usb21: Product: USB/IP Virtual Host Controller
[    8.678873][    T1] usb usb21: Manufacturer: Linux 6.7.0-rc2-gbc9807868dfa-dirty vhci_hcd
[    8.679925][    T1] usb usb21: SerialNumber: vhci_hcd.6
[    8.683118][    T1] hub 21-0:1.0: USB hub found
[    8.683892][    T1] hub 21-0:1.0: 8 ports detected
[    8.691671][    T1] vhci_hcd vhci_hcd.6: USB/IP Virtual Host Controller
[    8.693525][    T1] vhci_hcd vhci_hcd.6: new USB bus registered, assigned bus number 22
[    8.694881][    T1] usb usb22: We don't know the algorithms for LPM for this host, disabling LPM.
[    8.696600][    T1] usb usb22: New USB device found, idVendor=1d6b, idProduct=0003, bcdDevice= 6.07
[    8.698109][    T1] usb usb22: New USB device strings: Mfr=3, Product=2, SerialNumber=1
[    8.699173][    T1] usb usb22: Product: USB/IP Virtual Host Controller
[    8.700058][    T1] usb usb22: Manufacturer: Linux 6.7.0-rc2-gbc9807868dfa-dirty vhci_hcd
[    8.701134][    T1] usb usb22: SerialNumber: vhci_hcd.6
[    8.704360][    T1] hub 22-0:1.0: USB hub found
[    8.705140][    T1] hub 22-0:1.0: 8 ports detected
[    8.713666][    T1] vhci_hcd vhci_hcd.7: USB/IP Virtual Host Controller
[    8.717479][    T1] vhci_hcd vhci_hcd.7: new USB bus registered, assigned bus number 23
[    8.719203][    T1] usb usb23: New USB device found, idVendor=1d6b, idProduct=0002, bcdDevice= 6.07
[    8.720441][    T1] usb usb23: New USB device strings: Mfr=3, Product=2, SerialNumber=1
[    8.721488][    T1] usb usb23: Product: USB/IP Virtual Host Controller
[    8.722322][    T1] usb usb23: Manufacturer: Linux 6.7.0-rc2-gbc9807868dfa-dirty vhci_hcd
[    8.723363][    T1] usb usb23: SerialNumber: vhci_hcd.7
[    8.726454][    T1] hub 23-0:1.0: USB hub found
[    8.727670][    T1] hub 23-0:1.0: 8 ports detected
[    8.734693][    T1] vhci_hcd vhci_hcd.7: USB/IP Virtual Host Controller
[    8.737854][    T1] vhci_hcd vhci_hcd.7: new USB bus registered, assigned bus number 24
[    8.739250][    T1] usb usb24: We don't know the algorithms for LPM for this host, disabling LPM.
[    8.740971][    T1] usb usb24: New USB device found, idVendor=1d6b, idProduct=0003, bcdDevice= 6.07
[    8.742161][    T1] usb usb24: New USB device strings: Mfr=3, Product=2, SerialNumber=1
[    8.743247][    T1] usb usb24: Product: USB/IP Virtual Host Controller
[    8.744114][    T1] usb usb24: Manufacturer: Linux 6.7.0-rc2-gbc9807868dfa-dirty vhci_hcd
[    8.745194][    T1] usb usb24: SerialNumber: vhci_hcd.7
[    8.748640][    T1] hub 24-0:1.0: USB hub found
[    8.749918][    T1] hub 24-0:1.0: 8 ports detected
[    8.759768][    T1] vhci_hcd vhci_hcd.8: USB/IP Virtual Host Controller
[    8.761694][    T1] vhci_hcd vhci_hcd.8: new USB bus registered, assigned bus number 25
[    8.763422][    T1] usb usb25: New USB device found, idVendor=1d6b, idProduct=0002, bcdDevice= 6.07
[    8.764618][    T1] usb usb25: New USB device strings: Mfr=3, Product=2, SerialNumber=1
[    8.765667][    T1] usb usb25: Product: USB/IP Virtual Host Controller
[    8.766598][    T1] usb usb25: Manufacturer: Linux 6.7.0-rc2-gbc9807868dfa-dirty vhci_hcd
[    8.767802][    T1] usb usb25: SerialNumber: vhci_hcd.8
[    8.771093][    T1] hub 25-0:1.0: USB hub found
[    8.771902][    T1] hub 25-0:1.0: 8 ports detected
[    8.780025][    T1] vhci_hcd vhci_hcd.8: USB/IP Virtual Host Controller
[    8.781452][    T1] vhci_hcd vhci_hcd.8: new USB bus registered, assigned bus number 26
[    8.783469][    T1] usb usb26: We don't know the algorithms for LPM for this host, disabling LPM.
[    8.785150][    T1] usb usb26: New USB device found, idVendor=1d6b, idProduct=0003, bcdDevice= 6.07
[    8.786282][    T1] usb usb26: New USB device strings: Mfr=3, Product=2, SerialNumber=1
[    8.787522][    T1] usb usb26: Product: USB/IP Virtual Host Controller
[    8.788314][    T1] usb usb26: Manufacturer: Linux 6.7.0-rc2-gbc9807868dfa-dirty vhci_hcd
[    8.789293][    T1] usb usb26: SerialNumber: vhci_hcd.8
[    8.792199][    T1] hub 26-0:1.0: USB hub found
[    8.792907][    T1] hub 26-0:1.0: 8 ports detected
[    8.802301][    T1] vhci_hcd vhci_hcd.9: USB/IP Virtual Host Controller
[    8.806480][    T1] vhci_hcd vhci_hcd.9: new USB bus registered, assigned bus number 27
[    8.808550][    T1] usb usb27: New USB device found, idVendor=1d6b, idProduct=0002, bcdDevice= 6.07
[    8.809743][    T1] usb usb27: New USB device strings: Mfr=3, Product=2, SerialNumber=1
[    8.810791][    T1] usb usb27: Product: USB/IP Virtual Host Controller
[    8.811665][    T1] usb usb27: Manufacturer: Linux 6.7.0-rc2-gbc9807868dfa-dirty vhci_hcd
[    8.812713][    T1] usb usb27: SerialNumber: vhci_hcd.9
[    8.816465][    T1] hub 27-0:1.0: USB hub found
[    8.817605][    T1] hub 27-0:1.0: 8 ports detected
[    8.823997][    T1] vhci_hcd vhci_hcd.9: USB/IP Virtual Host Controller
[    8.825786][    T1] vhci_hcd vhci_hcd.9: new USB bus registered, assigned bus number 28
[    8.827326][    T1] usb usb28: We don't know the algorithms for LPM for this host, disabling LPM.
[    8.829331][    T1] usb usb28: New USB device found, idVendor=1d6b, idProduct=0003, bcdDevice= 6.07
[    8.831318][    T1] usb usb28: New USB device strings: Mfr=3, Product=2, SerialNumber=1
[    8.832336][    T1] usb usb28: Product: USB/IP Virtual Host Controller
[    8.833145][    T1] usb usb28: Manufacturer: Linux 6.7.0-rc2-gbc9807868dfa-dirty vhci_hcd
[    8.834117][    T1] usb usb28: SerialNumber: vhci_hcd.9
[    8.837438][    T1] hub 28-0:1.0: USB hub found
[    8.838162][    T1] hub 28-0:1.0: 8 ports detected
[    8.846642][    T1] vhci_hcd vhci_hcd.10: USB/IP Virtual Host Controller
[    8.849023][    T1] vhci_hcd vhci_hcd.10: new USB bus registered, assigned bus number 29
[    8.851126][    T1] usb usb29: New USB device found, idVendor=1d6b, idProduct=0002, bcdDevice= 6.07
[    8.852358][    T1] usb usb29: New USB device strings: Mfr=3, Product=2, SerialNumber=1
[    8.853442][    T1] usb usb29: Product: USB/IP Virtual Host Controller
[    8.854312][    T1] usb usb29: Manufacturer: Linux 6.7.0-rc2-gbc9807868dfa-dirty vhci_hcd
[    8.855375][    T1] usb usb29: SerialNumber: vhci_hcd.10
[    8.858785][    T1] hub 29-0:1.0: USB hub found
[    8.859557][    T1] hub 29-0:1.0: 8 ports detected
[    8.867303][    T1] vhci_hcd vhci_hcd.10: USB/IP Virtual Host Controller
[    8.869143][    T1] vhci_hcd vhci_hcd.10: new USB bus registered, assigned bus number 30
[    8.870468][    T1] usb usb30: We don't know the algorithms for LPM for this host, disabling LPM.
[    8.872198][    T1] usb usb30: New USB device found, idVendor=1d6b, idProduct=0003, bcdDevice= 6.07
[    8.873385][    T1] usb usb30: New USB device strings: Mfr=3, Product=2, SerialNumber=1
[    8.874442][    T1] usb usb30: Product: USB/IP Virtual Host Controller
[    8.875295][    T1] usb usb30: Manufacturer: Linux 6.7.0-rc2-gbc9807868dfa-dirty vhci_hcd
[    8.876350][    T1] usb usb30: SerialNumber: vhci_hcd.10
[    8.880110][    T1] hub 30-0:1.0: USB hub found
[    8.880939][    T1] hub 30-0:1.0: 8 ports detected
[    8.890002][    T1] vhci_hcd vhci_hcd.11: USB/IP Virtual Host Controller
[    8.891921][    T1] vhci_hcd vhci_hcd.11: new USB bus registered, assigned bus number 31
[    8.894222][    T1] usb usb31: New USB device found, idVendor=1d6b, idProduct=0002, bcdDevice= 6.07
[    8.895446][    T1] usb usb31: New USB device strings: Mfr=3, Product=2, SerialNumber=1
[    8.896496][    T1] usb usb31: Product: USB/IP Virtual Host Controller
[    8.897463][    T1] usb usb31: Manufacturer: Linux 6.7.0-rc2-gbc9807868dfa-dirty vhci_hcd
[    8.898559][    T1] usb usb31: SerialNumber: vhci_hcd.11
[    8.901760][    T1] hub 31-0:1.0: USB hub found
[    8.902544][    T1] hub 31-0:1.0: 8 ports detected
[    8.910632][    T1] vhci_hcd vhci_hcd.11: USB/IP Virtual Host Controller
[    8.912371][    T1] vhci_hcd vhci_hcd.11: new USB bus registered, assigned bus number 32
[    8.913632][    T1] usb usb32: We don't know the algorithms for LPM for this host, disabling LPM.
[    8.915224][    T1] usb usb32: New USB device found, idVendor=1d6b, idProduct=0003, bcdDevice= 6.07
[    8.916352][    T1] usb usb32: New USB device strings: Mfr=3, Product=2, SerialNumber=1
[    8.917614][    T1] usb usb32: Product: USB/IP Virtual Host Controller
[    8.918423][    T1] usb usb32: Manufacturer: Linux 6.7.0-rc2-gbc9807868dfa-dirty vhci_hcd
[    8.919414][    T1] usb usb32: SerialNumber: vhci_hcd.11
[    8.922306][    T1] hub 32-0:1.0: USB hub found
[    8.923076][    T1] hub 32-0:1.0: 8 ports detected
[    8.932126][    T1] vhci_hcd vhci_hcd.12: USB/IP Virtual Host Controller
[    8.933937][    T1] vhci_hcd vhci_hcd.12: new USB bus registered, assigned bus number 33
[    8.935821][    T1] usb usb33: New USB device found, idVendor=1d6b, idProduct=0002, bcdDevice= 6.07
[    8.937181][    T1] usb usb33: New USB device strings: Mfr=3, Product=2, SerialNumber=1
[    8.938155][    T1] usb usb33: Product: USB/IP Virtual Host Controller
[    8.938944][    T1] usb usb33: Manufacturer: Linux 6.7.0-rc2-gbc9807868dfa-dirty vhci_hcd
[    8.939967][    T1] usb usb33: SerialNumber: vhci_hcd.12
[    8.942565][    T1] hub 33-0:1.0: USB hub found
[    8.943669][    T1] hub 33-0:1.0: 8 ports detected
[    8.951324][    T1] vhci_hcd vhci_hcd.12: USB/IP Virtual Host Controller
[    8.953169][    T1] vhci_hcd vhci_hcd.12: new USB bus registered, assigned bus number 34
[    8.954520][    T1] usb usb34: We don't know the algorithms for LPM for this host, disabling LPM.
[    8.958423][    T1] usb usb34: New USB device found, idVendor=1d6b, idProduct=0003, bcdDevice= 6.07
[    8.959546][    T1] usb usb34: New USB device strings: Mfr=3, Product=2, SerialNumber=1
[    8.960497][    T1] usb usb34: Product: USB/IP Virtual Host Controller
[    8.961277][    T1] usb usb34: Manufacturer: Linux 6.7.0-rc2-gbc9807868dfa-dirty vhci_hcd
[    8.962266][    T1] usb usb34: SerialNumber: vhci_hcd.12
[    8.965201][    T1] hub 34-0:1.0: USB hub found
[    8.966095][    T1] hub 34-0:1.0: 8 ports detected
[    8.975547][    T1] vhci_hcd vhci_hcd.13: USB/IP Virtual Host Controller
[    8.977699][    T1] vhci_hcd vhci_hcd.13: new USB bus registered, assigned bus number 35
[    8.979433][    T1] usb usb35: New USB device found, idVendor=1d6b, idProduct=0002, bcdDevice= 6.07
[    8.980622][    T1] usb usb35: New USB device strings: Mfr=3, Product=2, SerialNumber=1
[    8.981671][    T1] usb usb35: Product: USB/IP Virtual Host Controller
[    8.982567][    T1] usb usb35: Manufacturer: Linux 6.7.0-rc2-gbc9807868dfa-dirty vhci_hcd
[    8.983646][    T1] usb usb35: SerialNumber: vhci_hcd.13
[    8.986300][    T1] hub 35-0:1.0: USB hub found
[    8.988108][    T1] hub 35-0:1.0: 8 ports detected
[    8.995024][    T1] vhci_hcd vhci_hcd.13: USB/IP Virtual Host Controller
[    8.996938][    T1] vhci_hcd vhci_hcd.13: new USB bus registered, assigned bus number 36
[    8.998613][    T1] usb usb36: We don't know the algorithms for LPM for this host, disabling LPM.
[    9.000347][    T1] usb usb36: New USB device found, idVendor=1d6b, idProduct=0003, bcdDevice= 6.07
[    9.001526][    T1] usb usb36: New USB device strings: Mfr=3, Product=2, SerialNumber=1
[    9.002562][    T1] usb usb36: Product: USB/IP Virtual Host Controller
[    9.003428][    T1] usb usb36: Manufacturer: Linux 6.7.0-rc2-gbc9807868dfa-dirty vhci_hcd
[    9.004477][    T1] usb usb36: SerialNumber: vhci_hcd.13
[    9.008012][    T1] hub 36-0:1.0: USB hub found
[    9.008793][    T1] hub 36-0:1.0: 8 ports detected
[    9.018371][    T1] vhci_hcd vhci_hcd.14: USB/IP Virtual Host Controller
[    9.020356][    T1] vhci_hcd vhci_hcd.14: new USB bus registered, assigned bus number 37
[    9.022141][    T1] usb usb37: New USB device found, idVendor=1d6b, idProduct=0002, bcdDevice= 6.07
[    9.023348][    T1] usb usb37: New USB device strings: Mfr=3, Product=2, SerialNumber=1
[    9.024392][    T1] usb usb37: Product: USB/IP Virtual Host Controller
[    9.025248][    T1] usb usb37: Manufacturer: Linux 6.7.0-rc2-gbc9807868dfa-dirty vhci_hcd
[    9.026283][    T1] usb usb37: SerialNumber: vhci_hcd.14
[    9.029325][    T1] hub 37-0:1.0: USB hub found
[    9.030454][    T1] hub 37-0:1.0: 8 ports detected
[    9.038194][    T1] vhci_hcd vhci_hcd.14: USB/IP Virtual Host Controller
[    9.039989][    T1] vhci_hcd vhci_hcd.14: new USB bus registered, assigned bus number 38
[    9.041302][    T1] usb usb38: We don't know the algorithms for LPM for this host, disabling LPM.
[    9.042904][    T1] usb usb38: New USB device found, idVendor=1d6b, idProduct=0003, bcdDevice= 6.07
[    9.044019][    T1] usb usb38: New USB device strings: Mfr=3, Product=2, SerialNumber=1
[    9.045009][    T1] usb usb38: Product: USB/IP Virtual Host Controller
[    9.045826][    T1] usb usb38: Manufacturer: Linux 6.7.0-rc2-gbc9807868dfa-dirty vhci_hcd
[    9.047078][    T1] usb usb38: SerialNumber: vhci_hcd.14
[    9.050373][    T1] hub 38-0:1.0: USB hub found
[    9.051112][    T1] hub 38-0:1.0: 8 ports detected
[    9.058938][    T1] vhci_hcd vhci_hcd.15: USB/IP Virtual Host Controller
[    9.062126][    T1] vhci_hcd vhci_hcd.15: new USB bus registered, assigned bus number 39
[    9.063845][    T1] usb usb39: New USB device found, idVendor=1d6b, idProduct=0002, bcdDevice= 6.07
[    9.065061][    T1] usb usb39: New USB device strings: Mfr=3, Product=2, SerialNumber=1
[    9.066270][    T1] usb usb39: Product: USB/IP Virtual Host Controller
[    9.067346][    T1] usb usb39: Manufacturer: Linux 6.7.0-rc2-gbc9807868dfa-dirty vhci_hcd
[    9.068370][    T1] usb usb39: SerialNumber: vhci_hcd.15
[    9.071352][    T1] hub 39-0:1.0: USB hub found
[    9.072107][    T1] hub 39-0:1.0: 8 ports detected
[    9.079592][    T1] vhci_hcd vhci_hcd.15: USB/IP Virtual Host Controller
[    9.081393][    T1] vhci_hcd vhci_hcd.15: new USB bus registered, assigned bus number 40
[    9.082796][    T1] usb usb40: We don't know the algorithms for LPM for this host, disabling LPM.
[    9.084481][    T1] usb usb40: New USB device found, idVendor=1d6b, idProduct=0003, bcdDevice= 6.07
[    9.085662][    T1] usb usb40: New USB device strings: Mfr=3, Product=2, SerialNumber=1
[    9.086996][    T1] usb usb40: Product: USB/IP Virtual Host Controller
[    9.087847][    T1] usb usb40: Manufacturer: Linux 6.7.0-rc2-gbc9807868dfa-dirty vhci_hcd
[    9.088886][    T1] usb usb40: SerialNumber: vhci_hcd.15
[    9.091948][    T1] hub 40-0:1.0: USB hub found
[    9.093108][    T1] hub 40-0:1.0: 8 ports detected
[    9.102843][    T1] usbcore: registered new device driver usbip-host
[    9.105675][    T1] i8042: PNP: PS/2 Controller [PNP0303:KBD,PNP0f13:MOU] at 0x60,0x64 irq 1,12
[    9.115204][    T1] serio: i8042 KBD port at 0x60,0x64 irq 1
[    9.117687][    T1] serio: i8042 AUX port at 0x60,0x64 irq 12
[    9.122081][    T1] mousedev: PS/2 mouse device common for all mice
[    9.125747][    T1] usbcore: registered new interface driver appletouch
[    9.128313][    T9] input: AT Translated Set 2 keyboard as /devices/platform/i8042/serio0/input/input1
[    9.130511][    T1] usbcore: registered new interface driver bcm5974
[    9.131650][    T1] usbcore: registered new interface driver synaptics_usb
[    9.132642][    T1] usbcore: registered new interface driver iforce
[    9.133689][    T1] usbcore: registered new interface driver xpad
[    9.134587][    T1] usbcore: registered new interface driver usb_acecad
[    9.135553][    T1] usbcore: registered new interface driver aiptek
[    9.136451][    T1] usbcore: registered new interface driver hanwang
[    9.150343][    T1] usbcore: registered new interface driver kbtab
[    9.151725][    T1] usbcore: registered new interface driver pegasus_notetaker
[    9.153250][    T1] usbcore: registered new interface driver usbtouchscreen
[    9.154708][    T1] usbcore: registered new interface driver sur40
[    9.156073][    T1] usbcore: registered new interface driver ati_remote2
[    9.158189][    T1] cm109: Keymap for Komunikate KIP1000 phone loaded
[    9.159598][    T1] usbcore: registered new interface driver cm109
[    9.160434][    T1] cm109: CM109 phone driver: 20080805 (C) Alfred E. Heggestad
[    9.161927][    T1] usbcore: registered new interface driver ims_pcu
[    9.163526][    T1] usbcore: registered new interface driver keyspan_remote
[    9.164973][    T1] usbcore: registered new interface driver powermate
[    9.167868][    T1] usbcore: registered new interface driver yealink
[    9.172018][    T1] rtc_cmos 00:05: RTC can wake from S4
[    9.177601][    T1] rtc_cmos 00:05: registered as rtc0
[    9.178362][    T1] rtc_cmos 00:05: alarms up to one day, y3k, 242 bytes nvram, hpet irqs
[    9.179704][    T1] i2c_dev: i2c /dev entries driver
[    9.180653][    T1] usbcore: registered new interface driver i2c-diolan-u2c
[    9.181771][    T1] usbcore: registered new interface driver RobotFuzz Open Source InterFace, OSIF
[    9.183057][    T1] usbcore: registered new interface driver i2c-tiny-usb
[    9.184908][    T1] usbcore: registered new interface driver igorplugusb
[    9.185901][    T1] usbcore: registered new interface driver iguanair
[    9.204720][    T1] usbcore: registered new interface driver imon
[    9.206175][    T1] usbcore: registered new interface driver mceusb
[    9.207827][    T1] usbcore: registered new interface driver redrat3
[    9.209227][    T1] usbcore: registered new interface driver streamzap
[    9.210643][    T1] usbcore: registered new interface driver ttusbir
[    9.212015][    T1] usbcore: registered new interface driver ati_remote
[    9.213877][    T1] b2c2-flexcop: B2C2 FlexcopII/II(b)/III digital TV receiver chip loaded successfully
[    9.215712][    T1] usbcore: registered new interface driver b2c2_flexcop_usb
[    9.217321][    T1] usbcore: registered new interface driver dvb_usb_vp7045
[    9.218757][    T1] usbcore: registered new interface driver dvb_usb_vp702x
[    9.220179][    T1] usbcore: registered new interface driver dvb_usb_gp8psk
[    9.221600][    T1] usbcore: registered new interface driver dvb_usb_dtt200u
[    9.223179][    T1] usbcore: registered new interface driver dvb_usb_a800
[    9.224618][    T1] usbcore: registered new interface driver dvb_usb_dibusb_mb
[    9.226096][    T1] usbcore: registered new interface driver dvb_usb_dibusb_mc
[    9.228272][    T1] usbcore: registered new interface driver dvb_usb_nova_t_usb2
[    9.230078][    T1] usbcore: registered new interface driver dvb_usb_umt_010
[    9.231525][    T1] usbcore: registered new interface driver dvb_usb_m920x
[    9.232957][    T1] usbcore: registered new interface driver dvb_usb_digitv
[    9.234388][    T1] usbcore: registered new interface driver dvb_usb_cxusb
[    9.235794][    T1] usbcore: registered new interface driver dvb_usb_ttusb2
[    9.237011][    T1] usbcore: registered new interface driver dvb_usb_dib0700
[    9.238898][    T1] usbcore: registered new interface driver opera1
[    9.240264][    T1] usbcore: registered new interface driver dvb_usb_af9005
[    9.241179][    T1] failing symbol_get of non-GPLONLY symbol af9005_rc_decode.
[    9.242546][    T1] failing symbol_get of non-GPLONLY symbol af9005_rc_decode.
[    9.243492][    T1] failing symbol_get of non-GPLONLY symbol rc_map_af9005_table.
[    9.245133][    T1] failing symbol_get of non-GPLONLY symbol rc_map_af9005_table.
[    9.246109][    T1] failing symbol_get of non-GPLONLY symbol rc_map_af9005_table_size.
[    9.247616][    T1] failing symbol_get of non-GPLONLY symbol rc_map_af9005_table_size.
[    9.248649][    T1] af9005: af9005_rc_decode function not found, disabling remote
[    9.250159][    T1] usbcore: registered new interface driver pctv452e
[    9.251532][    T1] usbcore: registered new interface driver dw2102
[    9.252888][    T1] usbcore: registered new interface driver dvb_usb_dtv5100
[    9.254342][    T1] usbcore: registered new interface driver cinergyT2
[    9.255708][    T1] usbcore: registered new interface driver dvb_usb_az6027
[    9.257742][    T1] usbcore: registered new interface driver dvb_usb_technisat_usb2
[    9.259289][    T1] usbcore: registered new interface driver dvb_usb_af9015
[    9.260705][    T1] usbcore: registered new interface driver dvb_usb_af9035
[    9.262103][    T1] usbcore: registered new interface driver dvb_usb_anysee
[    9.263501][    T1] usbcore: registered new interface driver dvb_usb_au6610
[    9.264892][    T1] usbcore: registered new interface driver dvb_usb_az6007
[    9.266339][    T1] usbcore: registered new interface driver dvb_usb_ce6230
[    9.268255][    T1] usbcore: registered new interface driver dvb_usb_ec168
[    9.269696][    T1] usbcore: registered new interface driver dvb_usb_lmedm04
[    9.270832][    T1] usbcore: registered new interface driver dvb_usb_gl861
[    9.272531][    T1] usbcore: registered new interface driver dvb_usb_mxl111sf
[    9.274003][    T1] usbcore: registered new interface driver dvb_usb_rtl28xxu
[    9.275475][    T1] usbcore: registered new interface driver dvb_usb_dvbsky
[    9.277168][    T1] usbcore: registered new interface driver zd1301
[    9.278729][    T1] usbcore: registered new interface driver s2255
[    9.280095][    T1] usbcore: registered new interface driver smsusb
[    9.281418][    T1] usbcore: registered new interface driver ttusb
[    9.282828][    T1] usbcore: registered new interface driver ttusb-dec
[    9.284194][    T1] usbcore: registered new interface driver Abilis Systems as10x usb driver
[    9.285480][    T1] usbcore: registered new interface driver airspy
[    9.286680][    T1] gspca_main: v2.14.0 registered
[    9.288253][    T1] usbcore: registered new interface driver benq
[    9.289175][    T1] usbcore: registered new interface driver conex
[    9.290092][    T1] usbcore: registered new interface driver cpia1
[    9.290985][    T1] usbcore: registered new interface driver dtcs033
[    9.291909][    T1] usbcore: registered new interface driver etoms
[    9.292835][    T1] usbcore: registered new interface driver finepix
[    9.293765][    T1] usbcore: registered new interface driver jeilinj
[    9.294809][    T1] usbcore: registered new interface driver jl2005bcd
[    9.295782][    T1] usbcore: registered new interface driver kinect
[    9.296682][    T1] usbcore: registered new interface driver konica
[    9.303396][    T1] usbcore: registered new interface driver mars
[    9.304661][    T1] usbcore: registered new interface driver mr97310a
[    9.305953][    T1] usbcore: registered new interface driver nw80x
[    9.307395][    T1] usbcore: registered new interface driver ov519
[    9.308670][    T1] usbcore: registered new interface driver ov534
[    9.309955][    T1] usbcore: registered new interface driver ov534_9
[    9.311301][    T1] usbcore: registered new interface driver pac207
[    9.312610][    T1] usbcore: registered new interface driver gspca_pac7302
[    9.314035][    T1] usbcore: registered new interface driver pac7311
[    9.315390][    T1] usbcore: registered new interface driver se401
[    9.317093][    T1] usbcore: registered new interface driver sn9c2028
[    9.318531][    T1] usbcore: registered new interface driver gspca_sn9c20x
[    9.319978][    T1] usbcore: registered new interface driver sonixb
[    9.321326][    T1] usbcore: registered new interface driver sonixj
[    9.322653][    T1] usbcore: registered new interface driver spca500
[    9.324003][    T1] usbcore: registered new interface driver spca501
[    9.325306][    T1] usbcore: registered new interface driver spca505
[    9.326606][    T1] usbcore: registered new interface driver spca506
[    9.329882][    T1] usbcore: registered new interface driver spca508
[    9.331393][    T1] usbcore: registered new interface driver spca561
[    9.332868][    T1] usbcore: registered new interface driver spca1528
[    9.334254][    T1] usbcore: registered new interface driver sq905
[    9.335596][    T1] usbcore: registered new interface driver sq905c
[    9.337055][    T1] usbcore: registered new interface driver sq930x
[    9.338506][    T1] usbcore: registered new interface driver sunplus
[    9.339864][    T1] usbcore: registered new interface driver stk014
[    9.341189][    T1] usbcore: registered new interface driver stk1135
[    9.342599][    T1] usbcore: registered new interface driver stv0680
[    9.343957][    T1] usbcore: registered new interface driver t613
[    9.345276][    T1] usbcore: registered new interface driver gspca_topro
[    9.346654][    T1] usbcore: registered new interface driver touptek
[    9.348765][    T1] usbcore: registered new interface driver tv8532
[    9.350226][    T1] usbcore: registered new interface driver vc032x
[    9.351604][    T1] usbcore: registered new interface driver vicam
[    9.352648][    T1] usbcore: registered new interface driver xirlink-cit
[    9.354397][    T1] usbcore: registered new interface driver gspca_zc3xx
[    9.355819][    T1] usbcore: registered new interface driver ALi m5602
[    9.358406][    T1] usbcore: registered new interface driver STV06xx
[    9.359784][    T1] usbcore: registered new interface driver gspca_gl860
[    9.361192][    T1] usbcore: registered new interface driver hackrf
[    9.362517][    T1] usbcore: registered new interface driver msi2500
