c[?7l[2J[0mSeaBIOS (version 1.15.0-1)


iPXE (https://ipxe.org) 00:03.0 CA00 PCI2.10 PnP PMM+7FF8B310+7FECB310 CA00
Press Ctrl-B to configure iPXE (PCI 00:03.0)...                                                                               


Booting from ROM..c[?7l[2J[0m.early console in extract_kernel
input_data: 0x000000000d989298
input_len: 0x000000000505d0ab
output: 0x0000000001000000
output_len: 0x000000000fd14b28
kernel_total_size: 0x0000000011a26000
needed_size: 0x0000000011c00000
trampoline_32bit: 0x0000000000000000

Decompressing Linux... Parsing ELF... done.
Booting the kernel (entry_offset: 0x0000000000000080).
[    0.000000][    T0] Linux version 6.7.0-rc2-gbc9807868dfa-dirty (vmware@LAPTOP-BUKH5KQI) (gcc (Ubuntu 11.4.0-1ubuntu1~22.04) 11.4.0, GNU ld (GNU Binutils for Ubuntu) 2.38) #18 SMP PREEMPT_DYNAMIC Wed Nov 29 16:57:15 KST 2023
[    0.000000][    T0] Command line: console=ttyS0 root=/dev/sda earlyprintk=serial net.ifnames=0
[    0.000000][    T0] KERNEL supported cpus:
[    0.000000][    T0]   Intel GenuineIntel
[    0.000000][    T0]   AMD AuthenticAMD
[    0.000000][    T0] BIOS-provided physical RAM map:
[    0.000000][    T0] BIOS-e820: [mem 0x0000000000000000-0x000000000009fbff] usable
[    0.000000][    T0] BIOS-e820: [mem 0x000000000009fc00-0x000000000009ffff] reserved
[    0.000000][    T0] BIOS-e820: [mem 0x00000000000f0000-0x00000000000fffff] reserved
[    0.000000][    T0] BIOS-e820: [mem 0x0000000000100000-0x000000007ffdffff] usable
[    0.000000][    T0] BIOS-e820: [mem 0x000000007ffe0000-0x000000007fffffff] reserved
[    0.000000][    T0] BIOS-e820: [mem 0x00000000feffc000-0x00000000feffffff] reserved
[    0.000000][    T0] BIOS-e820: [mem 0x00000000fffc0000-0x00000000ffffffff] reserved
[    0.000000][    T0] printk: legacy bootconsole [earlyser0] enabled
[    0.000000][    T0] ERROR: earlyprintk= earlyser already used
[    0.000000][    T0] ERROR: earlyprintk= earlyser already used
[    0.000000][    T0] ERROR: earlyprintk= earlyser already used
[    0.000000][    T0] **********************************************************
[    0.000000][    T0] **   NOTICE NOTICE NOTICE NOTICE NOTICE NOTICE NOTICE   **
[    0.000000][    T0] **                                                      **
[    0.000000][    T0] ** This system shows unhashed kernel memory addresses   **
[    0.000000][    T0] ** via the console, logs, and other interfaces. This    **
[    0.000000][    T0] ** might reduce the security of your system.            **
[    0.000000][    T0] **                                                      **
[    0.000000][    T0] ** If you see this message and you are not debugging    **
[    0.000000][    T0] ** the kernel, report this immediately to your system   **
[    0.000000][    T0] ** administrator!                                       **
[    0.000000][    T0] **                                                      **
[    0.000000][    T0] **   NOTICE NOTICE NOTICE NOTICE NOTICE NOTICE NOTICE   **
[    0.000000][    T0] **********************************************************
[    0.000000][    T0] Malformed early option 'vsyscall'
[    0.000000][    T0] NX (Execute Disable) protection: active
[    0.000000][    T0] APIC: Static calls initialized
[    0.000000][    T0] SMBIOS 2.8 present.
[    0.000000][    T0] DMI: QEMU Standard PC (i440FX + PIIX, 1996), BIOS 1.15.0-1 04/01/2014
[    0.000000][    T0] Hypervisor detected: KVM
[    0.000000][    T0] kvm-clock: Using msrs 4b564d01 and 4b564d00
[    0.000002][    T0] kvm-clock: using sched offset of 915609587 cycles
[    0.000903][    T0] clocksource: kvm-clock: mask: 0xffffffffffffffff max_cycles: 0x1cd42e4dffb, max_idle_ns: 881590591483 ns
[    0.003558][    T0] tsc: Detected 2688.010 MHz processor
[    0.008824][    T0] last_pfn = 0x7ffe0 max_arch_pfn = 0x400000000
[    0.009892][    T0] MTRR map: 4 entries (3 fixed + 1 variable; max 19), built from 8 variable MTRRs
[    0.011366][    T0] x86/PAT: Configuration [0-7]: WB  WC  UC- UC  WB  WP  UC- WT  
[    0.226401][    T0] found SMP MP-table at [mem 0x000f5ba0-0x000f5baf]
[    0.229034][    T0] ACPI: Early table checksum verification disabled
[    0.230173][    T0] ACPI: RSDP 0x00000000000F59E0 000014 (v00 BOCHS )
[    0.231330][    T0] ACPI: RSDT 0x000000007FFE1905 000034 (v01 BOCHS  BXPC     00000001 BXPC 00000001)
[    0.232924][    T0] ACPI: FACP 0x000000007FFE17B9 000074 (v01 BOCHS  BXPC     00000001 BXPC 00000001)
[    0.234648][    T0] ACPI: DSDT 0x000000007FFE0040 001779 (v01 BOCHS  BXPC     00000001 BXPC 00000001)
[    0.236170][    T0] ACPI: FACS 0x000000007FFE0000 000040
[    0.237012][    T0] ACPI: APIC 0x000000007FFE182D 000078 (v01 BOCHS  BXPC     00000001 BXPC 00000001)
[    0.238425][    T0] ACPI: HPET 0x000000007FFE18A5 000038 (v01 BOCHS  BXPC     00000001 BXPC 00000001)
[    0.239813][    T0] ACPI: WAET 0x000000007FFE18DD 000028 (v01 BOCHS  BXPC     00000001 BXPC 00000001)
[    0.241201][    T0] ACPI: Reserving FACP table memory at [mem 0x7ffe17b9-0x7ffe182c]
[    0.242375][    T0] ACPI: Reserving DSDT table memory at [mem 0x7ffe0040-0x7ffe17b8]
[    0.243536][    T0] ACPI: Reserving FACS table memory at [mem 0x7ffe0000-0x7ffe003f]
[    0.244697][    T0] ACPI: Reserving APIC table memory at [mem 0x7ffe182d-0x7ffe18a4]
[    0.245857][    T0] ACPI: Reserving HPET table memory at [mem 0x7ffe18a5-0x7ffe18dc]
[    0.247022][    T0] ACPI: Reserving WAET table memory at [mem 0x7ffe18dd-0x7ffe1904]
[    0.248803][    T0] No NUMA configuration found
[    0.249629][    T0] Faking a node at [mem 0x0000000000000000-0x000000007ffdffff]
[    0.250759][    T0] Faking node 0 at [mem 0x0000000000000000-0x000000003fffffff] (1024MB)
[    0.251968][    T0] Faking node 1 at [mem 0x0000000040000000-0x000000007ffdffff] (1023MB)
[    0.253287][    T0] NODE_DATA(0) allocated [mem 0x3fffa000-0x3fffffff]
[    0.254567][    T0] NODE_DATA(1) allocated [mem 0x7ffd9000-0x7ffdefff]
[    0.259128][    T0] Zone ranges:
[    0.259629][    T0]   DMA      [mem 0x0000000000001000-0x0000000000ffffff]
[    0.260667][    T0]   DMA32    [mem 0x0000000001000000-0x000000007ffdffff]
[    0.261683][    T0]   Normal   empty
[    0.262213][    T0]   Device   empty
[    0.262742][    T0] Movable zone start for each node
[    0.263474][    T0] Early memory node ranges
[    0.264103][    T0]   node   0: [mem 0x0000000000001000-0x000000000009efff]
[    0.265193][    T0]   node   0: [mem 0x0000000000100000-0x000000003fffffff]
[    0.266256][    T0]   node   1: [mem 0x0000000040000000-0x000000007ffdffff]
[    0.267292][    T0] Initmem setup node 0 [mem 0x0000000000001000-0x000000003fffffff]
[    0.268448][    T0] Initmem setup node 1 [mem 0x0000000040000000-0x000000007ffdffff]
[    0.269597][    T0] On node 0, zone DMA: 1 pages in unavailable ranges
[    0.269694][    T0] On node 0, zone DMA: 97 pages in unavailable ranges
[    0.283950][    T0] On node 1, zone DMA32: 32 pages in unavailable ranges
[    0.319871][    T0] kasan: KernelAddressSanitizer initialized
[    0.324232][    T0] ACPI: PM-Timer IO Port: 0x608
[    0.324954][    T0] ACPI: LAPIC_NMI (acpi_id[0xff] dfl dfl lint[0x1])
[    0.325975][    T0] IOAPIC[0]: apic_id 0, version 17, address 0xfec00000, GSI 0-23
[    0.327121][    T0] ACPI: INT_SRC_OVR (bus 0 bus_irq 0 global_irq 2 dfl dfl)
[    0.328166][    T0] ACPI: INT_SRC_OVR (bus 0 bus_irq 5 global_irq 5 high level)
[    0.329252][    T0] ACPI: INT_SRC_OVR (bus 0 bus_irq 9 global_irq 9 high level)
[    0.330337][    T0] ACPI: INT_SRC_OVR (bus 0 bus_irq 10 global_irq 10 high level)
[    0.331446][    T0] ACPI: INT_SRC_OVR (bus 0 bus_irq 11 global_irq 11 high level)
[    0.332582][    T0] ACPI: Using ACPI (MADT) for SMP configuration information
[    0.333638][    T0] ACPI: HPET id: 0x8086a201 base: 0xfed00000
[    0.334536][    T0] smpboot: Allowing 1 CPUs, 0 hotplug CPUs
[    0.335448][    T0] kvm-guest: APIC: eoi() replaced with kvm_guest_apic_eoi_write()
[    0.336741][    T0] PM: hibernation: Registered nosave memory: [mem 0x00000000-0x00000fff]
[    0.338028][    T0] PM: hibernation: Registered nosave memory: [mem 0x0009f000-0x0009ffff]
[    0.339333][    T0] PM: hibernation: Registered nosave memory: [mem 0x000a0000-0x000effff]
[    0.340612][    T0] PM: hibernation: Registered nosave memory: [mem 0x000f0000-0x000fffff]
[    0.341948][    T0] [mem 0x80000000-0xfeffbfff] available for PCI devices
[    0.342997][    T0] Booting paravirtualized kernel on KVM
[    0.343847][    T0] clocksource: refined-jiffies: mask: 0xffffffff max_cycles: 0xffffffff, max_idle_ns: 19112604462750000 ns
[    0.446269][    T0] setup_percpu: NR_CPUS:8 nr_cpumask_bits:1 nr_cpu_ids:1 nr_node_ids:2
[    0.450148][    T0] percpu: Embedded 72 pages/cpu s255176 r8192 d31544 u2097152
[    0.453344][    T0] kvm-guest: PV spinlocks disabled, no host support
[    0.454391][    T0] Kernel command line: earlyprintk=serial net.ifnames=0 sysctl.kernel.hung_task_all_cpu_backtrace=1 ima_policy=tcb nf-conntrack-ftp.ports=20000 nf-conntrack-tftp.ports=20000 nf-conntrack-sip.ports=20000 nf-conntrack-irc.ports=20000 nf-conntrack-sane.ports=20000 binder.debug_mask=0 rcupdate.rcu_expedited=1 rcupdate.rcu_cpu_stall_cputime=1 no_hash_pointers page_owner=on sysctl.vm.nr_hugepages=4 sysctl.vm.nr_overcommit_hugepages=4 secretmem.enable=1 sysctl.max_rcu_stall_to_panic=1 msr.allow_writes=off coredump_filter=0xffff root=/dev/sda console=ttyS0 vsyscall=native numa=fake=2 kvm-intel.nested=1 spec_store_bypass_disable=prctl nopcid vivid.n_devs=16 vivid.multiplanar=1,2,1,2,1,2,1,2,1,2,1,2,1,2,1,2 netrom.nr_ndevs=16 rose.rose_ndevs=16 smp.csd_lock_timeout=100000 watchdog_thresh=55 workqueue.watchdog_thresh=140 sysctl.net.core.netdev_unregister_timeout_secs=140 dummy_hcd.num=8 panic_on_warn=1 console=ttyS0 root=/dev/sda earlyprintk=serial net.ifnames=0
[    0.470298][    T0] Unknown kernel command line parameters "spec_store_bypass_disable=prctl", will be passed to user space.
[    0.472214][    T0] Fallback order for Node 0: 0 1 
[    0.472222][    T0] Fallback order for Node 1: 1 0 
[    0.472229][    T0] Built 2 zonelists, mobility grouping on.  Total pages: 515808
[    0.474287][    T0] Policy zone: DMA32
[    0.474971][    T0] mem auto-init: stack:off, heap alloc:on, heap free:off
[    0.475782][    T0] stackdepot: allocating hash table via alloc_large_system_hash
[    0.477540][    T0] stackdepot hash table entries: 1048576 (order: 11, 8388608 bytes, linear)
[    0.549084][    T0] Memory: 1464876K/2096632K available (157696K kernel code, 38570K rwdata, 32680K rodata, 3420K init, 33712K bss, 631500K reserved, 0K cma-reserved)
[    0.556772][    T0] SLUB: HWalign=64, Order=0-3, MinObjects=0, CPUs=1, Nodes=2
[    0.573451][    T0] allocated 37748736 bytes of page_ext
[    0.574170][    T0] Node 0, zone      DMA: page owner found early allocated 0 pages
[    0.579668][    T0] Node 0, zone    DMA32: page owner found early allocated 4704 pages
[    0.581841][    T0] Node 1, zone    DMA32: page owner found early allocated 4611 pages
[    0.583600][    T0] Dynamic Preempt: full
[    0.584695][    T0] Running RCU self tests
[    0.585221][    T0] Running RCU synchronous self tests
[    0.585883][    T0] rcu: Preemptible hierarchical RCU implementation.
[    0.586686][    T0] rcu: 	RCU lockdep checking is enabled.
[    0.587369][    T0] rcu: 	RCU restricting CPUs from NR_CPUS=8 to nr_cpu_ids=1.
[    0.588254][    T0] rcu: 	RCU callback double-/use-after-free debug is enabled.
[    0.589148][    T0] rcu: 	RCU debug extended QS entry/exit.
[    0.589828][    T0] 	All grace periods are expedited (rcu_expedited).
[    0.590598][    T0] 	Trampoline variant of Tasks RCU enabled.
[    0.591289][    T0] 	Tracing variant of Tasks RCU enabled.
[    0.591945][    T0] rcu: RCU calculated value of scheduler-enlistment delay is 10 jiffies.
[    0.592931][    T0] rcu: Adjusting geometry for rcu_fanout_leaf=16, nr_cpu_ids=1
[    0.593936][    T0] Running RCU synchronous self tests
[    0.668001][    T0] NR_IRQS: 4352, nr_irqs: 256, preallocated irqs: 16
[    0.670488][    T0] rcu: srcu_init: Setting srcu_struct sizes based on contention.
[    0.672647][    T0] kfence: initialized - using 2097152 bytes for 255 objects at 0xffff88807ec00000-0xffff88807ee00000
[    0.686069][    T0] Console: colour VGA+ 80x25
[    0.686681][    T0] printk: legacy console [ttyS0] enabled
[    0.686681][    T0] printk: legacy console [ttyS0] enabled
[    0.687972][    T0] printk: legacy bootconsole [earlyser0] disabled
[    0.687972][    T0] printk: legacy bootconsole [earlyser0] disabled
[    0.690577][    T0] Lock dependency validator: Copyright (c) 2006 Red Hat, Inc., Ingo Molnar
[    0.691587][    T0] ... MAX_LOCKDEP_SUBCLASSES:  8
[    0.692157][    T0] ... MAX_LOCK_DEPTH:          48
[    0.692746][    T0] ... MAX_LOCKDEP_KEYS:        8192
[    0.693396][    T0] ... CLASSHASH_SIZE:          4096
[    0.694009][    T0] ... MAX_LOCKDEP_ENTRIES:     131072
[    0.694633][    T0] ... MAX_LOCKDEP_CHAINS:      262144
[    0.695265][    T0] ... CHAINHASH_SIZE:          131072
[    0.695904][    T0]  memory used by lock dependency info: 20785 kB
[    0.696648][    T0]  memory used for stack traces: 8320 kB
[    0.697306][    T0]  per task-struct memory footprint: 1920 bytes
[    0.698127][    T0] mempolicy: Enabling automatic NUMA balancing. Configure with numa_balancing= or the kernel.numa_balancing sysctl
[    0.699571][    T0] ACPI: Core revision 20230628
[    0.700739][    T0] clocksource: hpet: mask: 0xffffffff max_cycles: 0xffffffff, max_idle_ns: 19112604467 ns
[    0.702235][    T0] APIC: Switch to symmetric I/O mode setup
[    0.703244][    T0] x2apic enabled
[    0.704141][    T0] APIC: Switched APIC routing to: physical x2apic
[    0.708402][    T0] ..TIMER: vector=0x30 apic1=0 pin1=2 apic2=-1 pin2=-1
[    0.709274][    T0] clocksource: tsc-early: mask: 0xffffffffffffffff max_cycles: 0x26beffa22e4, max_idle_ns: 440795217853 ns
[    0.710650][    T0] Calibrating delay loop (skipped) preset value.. 5376.02 BogoMIPS (lpj=26880100)
[    0.712141][    T0] Last level iTLB entries: 4KB 0, 2MB 0, 4MB 0
[    0.720698][    T0] Last level dTLB entries: 4KB 0, 2MB 0, 4MB 0, 1GB 0
[    0.721518][    T0] Spectre V1 : Mitigation: usercopy/swapgs barriers and __user pointer sanitization
[    0.722610][    T0] Spectre V2 : Kernel not compiled with retpoline; no mitigation available!
[    0.722613][    T0] Spectre V2 : Vulnerable
[    0.724728][    T0] Spectre V2 : Spectre v2 / SpectreRSB mitigation: Filling RSB on context switch
[    0.726835][    T0] Speculative Store Bypass: Vulnerable
[    0.728071][    T0] MDS: Vulnerable: Clear CPU buffers attempted, no microcode
[    0.730647][    T0] MMIO Stale Data: Unknown: No mitigations
[    0.732002][    T0] x86/fpu: x87 FPU will use FXSAVE
[    0.772736][    T0] Freeing SMP alternatives memory: 120K
[    0.774014][    T0] pid_max: default: 32768 minimum: 301
[    0.775594][    T0] LSM: initializing lsm=lockdown,capability,landlock,yama,safesetid,tomoyo,apparmor,bpf,integrity
[    0.777180][    T0] landlock: Up and running.
[    0.777804][    T0] Yama: becoming mindful.
[    0.778397][    T0] TOMOYO Linux initialized
[    0.779195][    T0] AppArmor: AppArmor initialized
[    0.779793][    T0] LSM support for eBPF active
[    0.783773][    T0] Dentry cache hash table entries: 262144 (order: 9, 2097152 bytes, vmalloc)
[    0.786560][    T0] Inode-cache hash table entries: 131072 (order: 8, 1048576 bytes, vmalloc)
[    0.787732][    T0] Mount-cache hash table entries: 4096 (order: 3, 32768 bytes, vmalloc)
[    0.788821][    T0] Mountpoint-cache hash table entries: 4096 (order: 3, 32768 bytes, vmalloc)
[    0.792836][    T0] Running RCU synchronous self tests
[    0.793493][    T0] Running RCU synchronous self tests
[    0.914938][    T1] smpboot: CPU0: Intel QEMU Virtual CPU version 2.5+ (family: 0xf, model: 0x6b, stepping: 0x1)
[    0.918578][    T1] RCU Tasks: Setting shift to 0 and lim to 1 rcu_task_cb_adjust=1.
[    0.919838][    T1] RCU Tasks Trace: Setting shift to 0 and lim to 1 rcu_task_cb_adjust=1.
[    0.920642][    T1] Running RCU Tasks wait API self tests
[    1.021200][    T1] Running RCU Tasks Trace wait API self tests
[    1.022947][    T1] Performance Events: unsupported Netburst CPU model 107 no PMU driver, software events only.
[    1.024275][    T1] signal: max sigframe size: 1440
[    1.025340][    T1] rcu: Hierarchical SRCU implementation.
[    1.026053][    T1] rcu: 	Max phase no-delay instances is 1000.
[    1.031502][    T1] NMI watchdog: Perf NMI watchdog permanently disabled
[    1.032766][    T1] smp: Bringing up secondary CPUs ...
[    1.033664][    T1] smp: Brought up 2 nodes, 1 CPU
[    1.034288][    T1] smpboot: Max logical packages: 1
[    1.034966][    T1] smpboot: Total of 1 processors activated (5376.02 BogoMIPS)
[    1.037760][    T1] devtmpfs: initialized
[    1.039335][    T1] x86/mm: Memory block size: 128MB
[    1.040684][   T15] Callback from call_rcu_tasks_trace() invoked.
[    1.059096][    T1] Running RCU synchronous self tests
[    1.059791][    T1] Running RCU synchronous self tests
[    1.060572][    T1] clocksource: jiffies: mask: 0xffffffff max_cycles: 0xffffffff, max_idle_ns: 19112604462750000 ns
[    1.060776][    T1] futex hash table entries: 256 (order: 3, 32768 bytes, vmalloc)
[    1.064736][    T1] PM: RTC time: 05:21:20, date: 2023-12-01
[    1.076794][    T1] NET: Registered PF_NETLINK/PF_ROUTE protocol family
[    1.081460][    T1] audit: initializing netlink subsys (disabled)
[    1.082576][   T22] audit: type=2000 audit(1701408081.227:1): state=initialized audit_enabled=0 res=1
[    1.085788][    T1] thermal_sys: Registered thermal governor 'step_wise'
[    1.085794][    T1] thermal_sys: Registered thermal governor 'user_space'
[    1.086806][    T1] cpuidle: using governor menu
[    1.088389][    T1] NET: Registered PF_QIPCRTR protocol family
[    1.092777][    T1] dca service started, version 1.12.1
[    1.093614][    T1] PCI: Using configuration type 1 for base access
[    1.101707][    T1] HugeTLB: registered 2.00 MiB page size, pre-allocated 0 pages
[    1.102692][    T1] HugeTLB: 28 KiB vmemmap can be freed for a 2.00 MiB page
[    1.113115][    T1] cryptd: max_cpu_qlen set to 1000
[    1.121813][    T1] raid6: skipped pq benchmark and selected sse2x4
[    1.122640][    T1] raid6: using intx1 recovery algorithm
[    1.124182][    T1] ACPI: Added _OSI(Module Device)
[    1.124834][    T1] ACPI: Added _OSI(Processor Device)
[    1.125529][    T1] ACPI: Added _OSI(3.0 _SCP Extensions)
[    1.126215][    T1] ACPI: Added _OSI(Processor Aggregator Device)
[    1.221809][    T1] ACPI: 1 ACPI AML tables successfully acquired and loaded
[    1.241987][    T1] ACPI: _OSC evaluation for CPUs failed, trying _PDC
[    1.247646][    T1] ACPI: Interpreter enabled
[    1.248630][    T1] ACPI: PM: (supports S0 S3 S4 S5)
[    1.249363][    T1] ACPI: Using IOAPIC for interrupt routing
[    1.250261][    T1] PCI: Using host bridge windows from ACPI; if necessary, use "pci=nocrs" and report a bug
[    1.260693][    T1] PCI: Using E820 reservations for host bridge windows
[    1.264448][    T1] ACPI: Enabled 2 GPEs in block 00 to 0F
[    1.425869][    T1] ACPI: PCI Root Bridge [PCI0] (domain 0000 [bus 00-ff])
[    1.426906][    T1] acpi PNP0A03:00: _OSC: OS supports [ASPM ClockPM Segments MSI HPX-Type3]
[    1.427994][    T1] acpi PNP0A03:00: _OSC: not requesting OS control; OS requires [ExtendedConfig ASPM ClockPM MSI]
[    1.429746][    T1] acpi PNP0A03:00: fail to add MMCONFIG information, can't access extended configuration space under this bridge
[    1.442179][    T1] PCI host bridge to bus 0000:00
[    1.442822][    T1] pci_bus 0000:00: Unknown NUMA node; performance will be reduced
[    1.443889][    T1] pci_bus 0000:00: root bus resource [io  0x0000-0x0cf7 window]
[    1.444858][    T1] pci_bus 0000:00: root bus resource [io  0x0d00-0xffff window]
[    1.445802][    T1] pci_bus 0000:00: root bus resource [mem 0x000a0000-0x000bffff window]
[    1.446829][    T1] pci_bus 0000:00: root bus resource [mem 0x80000000-0xfebfffff window]
[    1.447877][    T1] pci_bus 0000:00: root bus resource [mem 0x100000000-0x17fffffff window]
[    1.448942][    T1] pci_bus 0000:00: root bus resource [bus 00-ff]
[    1.450186][    T1] pci 0000:00:00.0: [8086:1237] type 00 class 0x060000
[    1.509471][    T1] pci 0000:00:01.0: [8086:7000] type 00 class 0x060100
[    1.513260][    T1] pci 0000:00:01.1: [8086:7010] type 00 class 0x010180
[    1.515685][    T1] pci 0000:00:01.1: reg 0x20: [io  0xc020-0xc02f]
[    1.517045][    T1] pci 0000:00:01.1: legacy IDE quirk: reg 0x10: [io  0x01f0-0x01f7]
[    1.518042][    T1] pci 0000:00:01.1: legacy IDE quirk: reg 0x14: [io  0x03f6]
[    1.518959][    T1] pci 0000:00:01.1: legacy IDE quirk: reg 0x18: [io  0x0170-0x0177]
[    1.519950][    T1] pci 0000:00:01.1: legacy IDE quirk: reg 0x1c: [io  0x0376]
[    1.531532][    T1] pci 0000:00:01.3: [8086:7113] type 00 class 0x068000
[    1.533138][    T1] pci 0000:00:01.3: quirk: [io  0x0600-0x063f] claimed by PIIX4 ACPI
[    1.534246][    T1] pci 0000:00:01.3: quirk: [io  0x0700-0x070f] claimed by PIIX4 SMB
[    1.536179][    T1] pci 0000:00:02.0: [1234:1111] type 00 class 0x030000
[    1.538424][    T1] pci 0000:00:02.0: reg 0x10: [mem 0xfd000000-0xfdffffff pref]
[    1.551324][    T1] pci 0000:00:02.0: reg 0x18: [mem 0xfeb90000-0xfeb90fff]
[    1.556280][    T1] pci 0000:00:02.0: reg 0x30: [mem 0xfeb80000-0xfeb8ffff pref]
[    1.557797][    T1] pci 0000:00:02.0: Video device with shadowed ROM at [mem 0x000c0000-0x000dffff]
[    1.614180][    T1] pci 0000:00:03.0: [1af4:1000] type 00 class 0x020000
[    1.615877][    T1] pci 0000:00:03.0: reg 0x10: [io  0xc000-0xc01f]
[    1.617406][    T1] pci 0000:00:03.0: reg 0x14: [mem 0xfeb91000-0xfeb91fff]
[    1.620158][    T1] pci 0000:00:03.0: reg 0x20: [mem 0xfe000000-0xfe003fff 64bit pref]
[    1.631133][    T1] pci 0000:00:03.0: reg 0x30: [mem 0xfeb00000-0xfeb7ffff pref]
[    1.705399][    T1] ACPI: PCI: Interrupt link LNKA configured for IRQ 10
[    1.709153][    T1] ACPI: PCI: Interrupt link LNKB configured for IRQ 10
[    1.722845][    T1] ACPI: PCI: Interrupt link LNKC configured for IRQ 11
[    1.726528][    T1] ACPI: PCI: Interrupt link LNKD configured for IRQ 11
[    1.728504][    T1] ACPI: PCI: Interrupt link LNKS configured for IRQ 9
[    1.743545][    T1] iommu: Default domain type: Translated
[    1.744258][    T1] iommu: DMA domain TLB invalidation policy: lazy mode
[    1.747781][    T1] SCSI subsystem initialized
[    1.749713][    T1] ACPI: bus type USB registered
[    1.750560][    T1] usbcore: registered new interface driver usbfs
[    1.760814][    T1] usbcore: registered new interface driver hub
[    1.761748][    T1] usbcore: registered new device driver usb
[    1.763462][    T1] mc: Linux media interface: v0.10
[    1.764543][    T1] videodev: Linux video capture interface: v2.00
[    1.765714][    T1] pps_core: LinuxPPS API ver. 1 registered
[    1.766439][    T1] pps_core: Software ver. 5.3.6 - Copyright 2005-2007 Rodolfo Giometti <giometti@linux.it>
[    1.767736][    T1] PTP clock support registered
[    1.768970][    T1] EDAC MC: Ver: 3.0.0
[    1.771523][    T1] Advanced Linux Sound Architecture Driver Initialized.
[    1.775047][    T1] Bluetooth: Core ver 2.22
[    1.775704][    T1] NET: Registered PF_BLUETOOTH protocol family
[    1.776487][    T1] Bluetooth: HCI device and connection manager initialized
[    1.777415][    T1] Bluetooth: HCI socket layer initialized
[    1.778132][    T1] Bluetooth: L2CAP socket layer initialized
[    1.778909][    T1] Bluetooth: SCO socket layer initialized
[    1.779660][    T1] NET: Registered PF_ATMPVC protocol family
[    1.800655][    T1] NET: Registered PF_ATMSVC protocol family
[    1.801667][    T1] NetLabel: Initializing
[    1.802214][    T1] NetLabel:  domain hash size = 128
[    1.802875][    T1] NetLabel:  protocols = UNLABELED CIPSOv4 CALIPSO
[    1.803995][    T1] NetLabel:  unlabeled traffic allowed by default
[    1.805973][    T1] nfc: nfc_init: NFC Core ver 0.1
[    1.806841][    T1] NET: Registered PF_NFC protocol family
[    1.807606][    T1] PCI: Using ACPI for IRQ routing
[    1.808811][    T1] pci 0000:00:02.0: vgaarb: setting as boot VGA device
[    1.809692][    T1] pci 0000:00:02.0: vgaarb: bridge control possible
[    1.810520][    T1] pci 0000:00:02.0: vgaarb: VGA device added: decodes=io+mem,owns=io+mem,locks=none
[    1.820723][    T1] vgaarb: loaded
[    1.823845][    T1] hpet: 3 channels of 0 reserved for per-cpu timers
[    1.824695][    T1] hpet0: at MMIO 0xfed00000, IRQs 2, 8, 0
[    1.825403][    T1] hpet0: 3 comparators, 64-bit 100.000000 MHz counter
[    1.830866][    T1] clocksource: Switched to clocksource kvm-clock
[    1.842068][    T1] VFS: Disk quotas dquot_6.6.0
[    1.843303][    T1] VFS: Dquot-cache hash table entries: 512 (order 0, 4096 bytes)
[    1.844699][    T1] FS-Cache: Loaded
[    1.845763][    T1] CacheFiles: Loaded
[    1.846572][    T1] TOMOYO: 2.6.0
[    1.847020][    T1] Mandatory Access Control activated.
[    1.849982][    T1] AppArmor: AppArmor Filesystem Enabled
[    1.850975][    T1] pnp: PnP ACPI init
[    1.869419][    T1] pnp: PnP ACPI: found 6 devices
[    1.923967][    T1] clocksource: acpi_pm: mask: 0xffffff max_cycles: 0xffffff, max_idle_ns: 2085701024 ns
[    1.925779][    T1] NET: Registered PF_INET protocol family
[    1.938793][    T1] IP idents hash table entries: 32768 (order: 6, 262144 bytes, vmalloc)
[    1.950646][    T1] tcp_listen_portaddr_hash hash table entries: 1024 (order: 4, 73728 bytes, vmalloc)
[    1.952987][    T1] Table-perturb hash table entries: 65536 (order: 6, 262144 bytes, vmalloc)
[    1.954407][    T1] TCP established hash table entries: 16384 (order: 5, 131072 bytes, vmalloc)
[    1.969701][    T1] TCP bind hash table entries: 16384 (order: 9, 2359296 bytes, vmalloc)
[    1.971354][    T1] TCP: Hash tables configured (established 16384 bind 16384)
[    1.973070][    T1] MPTCP token hash table entries: 2048 (order: 5, 180224 bytes, vmalloc)
[    1.974523][    T1] UDP hash table entries: 1024 (order: 5, 163840 bytes, vmalloc)
[    1.975907][    T1] UDP-Lite hash table entries: 1024 (order: 5, 163840 bytes, vmalloc)
[    1.977321][    T1] NET: Registered PF_UNIX/PF_LOCAL protocol family
[    1.989572][    T1] RPC: Registered named UNIX socket transport module.
[    1.990501][    T1] RPC: Registered udp transport module.
[    1.991220][    T1] RPC: Registered tcp transport module.
[    1.991902][    T1] RPC: Registered tcp-with-tls transport module.
[    1.992679][    T1] RPC: Registered tcp NFSv4.1 backchannel transport module.
[    1.998254][    T1] NET: Registered PF_XDP protocol family
[    1.999006][    T1] pci_bus 0000:00: resource 4 [io  0x0000-0x0cf7 window]
[    1.999936][    T1] pci_bus 0000:00: resource 5 [io  0x0d00-0xffff window]
[    2.000854][    T1] pci_bus 0000:00: resource 6 [mem 0x000a0000-0x000bffff window]
[    2.001852][    T1] pci_bus 0000:00: resource 7 [mem 0x80000000-0xfebfffff window]
[    2.002801][    T1] pci_bus 0000:00: resource 8 [mem 0x100000000-0x17fffffff window]
[    2.004413][    T1] pci 0000:00:01.0: PIIX3: Enabling Passive Release
[    2.005237][    T1] pci 0000:00:00.0: Limiting direct PCI/PCI transfers
[    2.006187][    T1] PCI: CLS 0 bytes, default 64
[    2.018396][    T1] ACPI: bus type thunderbolt registered
[    2.020431][   T52] kworker/u2:2 (52) used greatest stack depth: 27952 bytes left
[    2.030852][    T1] kvm_intel: VMX not supported by CPU 0
[    2.031576][    T1] kvm_amd: CPU 0 isn't AMD or Hygon
[    2.032217][    T1] clocksource: tsc: mask: 0xffffffffffffffff max_cycles: 0x26beffa22e4, max_idle_ns: 440795217853 ns
[    2.035976][   T55] kworker/u2:3 (55) used greatest stack depth: 26928 bytes left
[    2.039164][    T1] twofish-x86_64-3way: performance on this CPU would be suboptimal: disabling twofish-x86_64-3way.
[    2.040641][    T1] CPU feature 'AVX registers' is not supported.
[    2.041502][    T1] CPU feature 'AVX registers' is not supported.
[    2.042273][    T1] AVX2 instructions are not detected.
[    2.042921][    T1] des3_ede-x86_64: performance on this CPU would be suboptimal: disabling des3_ede-x86_64.
[    2.044162][    T1] camellia-x86_64: performance on this CPU would be suboptimal: disabling camellia-x86_64.
[    2.045457][    T1] AVX or AES-NI instructions are not detected.
[    2.046199][    T1] AVX2 or AES-NI instructions are not detected.
[    2.046947][    T1] blowfish-x86_64: performance on this CPU would be suboptimal: disabling blowfish-x86_64.
[    2.048137][    T1] CPU feature 'AVX registers' is not supported.
[    2.068282][    T1] CPU feature 'AVX registers' is not supported.
[    2.069074][    T1] PCLMULQDQ-NI instructions are not detected.
[    2.069824][    T1] sm3_avx_x86_64: AVX instruction are not detected.
[    2.070627][    T1] AVX or AES-NI instructions are not detected.
[    2.071370][    T1] AVX2 or AES-NI instructions are not detected.
[    2.072123][    T1] AVX or AES-NI instructions are not detected.
[    3.695495][    T1] Initialise system trusted keyrings
[    3.697446][    T1] workingset: timestamp_bits=40 max_order=19 bucket_order=0
[    3.704185][    T1] DLM installed
[    3.706578][    T1] squashfs: version 4.0 (2009/01/31) Phillip Lougher
[    3.712441][    T1] NFS: Registering the id_resolver key type
[    3.714232][    T1] Key type id_resolver registered
[    3.714871][    T1] Key type id_legacy registered
[    3.715540][    T1] nfs4filelayout_init: NFSv4 File Layout Driver Registering...
[    3.716506][    T1] nfs4flexfilelayout_init: NFSv4 Flexfile Layout Driver Registering...
[    3.722038][    T1] Key type cifs.spnego registered
[    3.722810][    T1] Key type cifs.idmap registered
[    3.723547][    T1] ntfs: driver 2.1.32 [Flags: R/W].
[    3.724299][    T1] ntfs3: Max link count 4000
[    3.724852][    T1] ntfs3: Enabled Linux POSIX ACLs support
[    3.725679][    T1] ntfs3: Read-only LZX/Xpress compression included
[    3.726621][    T1] efs: 1.0a - http://aeschi.ch.eu.org/efs/
[    3.727348][    T1] jffs2: version 2.2. (NAND) (SUMMARY)  Â© 2001-2006 Red Hat, Inc.
[    3.729610][    T1] romfs: ROMFS MTD (C) 2007 Red Hat, Inc.
[    3.730373][    T1] QNX4 filesystem 0.2.3 registered.
[    3.731032][    T1] qnx6: QNX6 filesystem 1.0.0 registered.
[    3.732568][    T1] fuse: init (API version 7.39)
[    3.735768][    T1] orangefs_debugfs_init: called with debug mask: :none: :0:
[    3.737303][    T1] orangefs_init: module version upstream loaded
[    3.738575][    T1] JFS: nTxBlock = 8192, nTxLock = 65536
[    3.753760][    T1] SGI XFS with ACLs, security attributes, realtime, quota, no debug enabled
[    3.757413][    T1] 9p: Installing v9fs 9p2000 file system support
[    3.758844][    T1] NILFS version 2 loaded
[    3.759374][    T1] befs: version: 0.9.3
[    3.760143][    T1] ocfs2: Registered cluster interface o2cb
[    3.761786][    T1] ocfs2: Registered cluster interface user
[    3.762729][    T1] OCFS2 User DLM kernel interface loaded
[    3.773412][    T1] gfs2: GFS2 installed
[    3.781255][    T1] ceph: loaded (mds proto 32)
[    3.794123][    T1] NET: Registered PF_ALG protocol family
[    3.795122][    T1] xor: measuring software checksum speed
[    3.796248][    T1]    prefetch64-sse  : 30244 MB/sec
[    3.797319][    T1]    generic_sse     : 28767 MB/sec
[    3.798024][    T1] xor: using function: prefetch64-sse (30244 MB/sec)
[    3.799106][    T1] async_tx: api initialized (async)
[    3.799867][    T1] Key type asymmetric registered
[    3.800562][    T1] Asymmetric key parser 'x509' registered
[    3.801363][    T1] Asymmetric key parser 'pkcs8' registered
[    3.802155][    T1] Key type pkcs7_test registered
[    3.803431][    T1] Block layer SCSI generic (bsg) driver version 0.4 loaded (major 239)
[    3.805003][    T1] io scheduler mq-deadline registered
[    3.805739][    T1] io scheduler kyber registered
[    3.806473][    T1] io scheduler bfq registered
[    3.818677][    T1] input: Power Button as /devices/LNXSYSTM:00/LNXPWRBN:00/input/input0
[    3.839641][    T1] ACPI: button: Power Button [PWRF]
[    3.849394][    T1] ioatdma: Intel(R) QuickData Technology Driver 5.00
[    3.908363][   T14] Callback from call_rcu_tasks() invoked.
[    6.482408][    T1] ACPI: \_SB_.LNKC: Enabled at IRQ 11
[    6.690623][  T424] kworker/u2:1 (424) used greatest stack depth: 26592 bytes left
[    6.867377][    T1] N_HDLC line discipline registered with maxframe=4096
[    6.870069][    T1] Serial: 8250/16550 driver, 4 ports, IRQ sharing enabled
[    6.874439][    T1] 00:04: ttyS0 at I/O 0x3f8 (irq = 4, base_baud = 115200) is a 16550A
[    6.904612][    T1] Non-volatile memory driver v1.3
[    6.905777][    T1] Linux agpgart interface v0.103
[    6.914562][    T1] ACPI: bus type drm_connector registered
[    6.923252][    T1] [drm] Initialized vgem 1.0.0 20120112 for vgem on minor 0
[    6.929260][    T1] [drm] Initialized vkms 1.0.0 20180514 for vkms on minor 1
[    6.993599][    T1] Console: switching to colour frame buffer device 128x48
[    7.012985][    T1] platform vkms: [drm] fb0: vkmsdrmfb frame buffer device
[    7.014566][    T1] usbcore: registered new interface driver udl
[    7.017529][    T1] bochs-drm 0000:00:02.0: vgaarb: deactivate vga console
[    7.024146][    T1] [drm] Found bochs VGA, ID 0xb0c5.
[    7.024845][    T1] [drm] Framebuffer size 16384 kB @ 0xfd000000, mmio @ 0xfeb90000.
[    7.028484][    T1] [drm] Found EDID data blob.
[    7.031921][    T1] [drm] Initialized bochs-drm 1.0.0 20130925 for 0000:00:02.0 on minor 2
[    7.043566][    T1] fbcon: bochs-drmdrmfb (fb1) is primary device
[    7.043579][    T1] fbcon: Remapping primary device, fb1, to tty 1-63
[    7.350621][    T1] bochs-drm 0000:00:02.0: [drm] fb1: bochs-drmdrmfb frame buffer device
[    7.404239][    T1] brd: module loaded
[    7.465889][    T1] loop: module loaded
[    7.549556][    T1] zram: Added device: zram0
[    7.556726][    T1] null_blk: disk nullb0 created
[    7.557397][    T1] null_blk: module loaded
[    7.558897][    T1] Guest personality initialized and is inactive
[    7.560469][    T1] VMCI host device registered (name=vmci, major=10, minor=118)
[    7.561457][    T1] Initialized host personality
[    7.562577][    T1] usbcore: registered new interface driver rtsx_usb
[    7.564883][    T1] usbcore: registered new interface driver viperboard
[    7.566772][    T1] usbcore: registered new interface driver dln2
[    7.568735][    T1] usbcore: registered new interface driver pn533_usb
[    7.574380][    T1] nfcsim 0.2 initialized
[    7.575569][    T1] usbcore: registered new interface driver port100
[    7.576932][    T1] usbcore: registered new interface driver nfcmrvl
[    7.583470][    T1] Loading iSCSI transport class v2.0-870.
[    7.597099][    T1] st: Version 20160209, fixed bufsize 32768, s/g segs 256
[    7.627300][    T1] scsi host0: ata_piix
[    7.632563][    T1] scsi host1: ata_piix
[    7.634705][    T1] ata1: PATA max MWDMA2 cmd 0x1f0 ctl 0x3f6 bmdma 0xc020 irq 14 lpm-pol 0
[    7.635853][    T1] ata2: PATA max MWDMA2 cmd 0x170 ctl 0x376 bmdma 0xc028 irq 15 lpm-pol 0
[    7.643300][    T1] Rounding down aligned max_sectors from 4294967295 to 4294967288
[    7.644623][    T1] db_root: cannot open: /etc/target
[    7.646734][    T1] slram: not enough parameters.
[    7.652352][    T1] ftl_cs: FTL header not found.
[    7.685947][    T1] wireguard: WireGuard 1.0.0 loaded. See www.wireguard.com for information.
[    7.686962][    T1] wireguard: Copyright (C) 2015-2019 Jason A. Donenfeld <Jason@zx2c4.com>. All Rights Reserved.
[    7.688142][    T1] eql: Equalizer2002: Simon Janes (simon@ncm.com) and David S. Miller (davem@redhat.com)
[    7.696174][    T1] MACsec IEEE 802.1AE
[    7.713783][    T1] tun: Universal TUN/TAP device driver, 1.6
[    7.725207][    T1] vcan: Virtual CAN interface driver
[    7.725882][    T1] vxcan: Virtual CAN Tunnel driver
[    7.726509][    T1] slcan: serial line CAN interface driver
[    7.727207][    T1] CAN device driver interface
[    7.727963][    T1] usbcore: registered new interface driver usb_8dev
[    7.732339][    T1] usbcore: registered new interface driver ems_usb
[    7.733237][    T1] usbcore: registered new interface driver gs_usb
[    7.734124][    T1] usbcore: registered new interface driver kvaser_usb
[    7.735037][    T1] usbcore: registered new interface driver mcba_usb
[    7.735925][    T1] usbcore: registered new interface driver peak_usb
[    7.736901][    T1] e100: Intel(R) PRO/100 Network Driver
[    7.737577][    T1] e100: Copyright(c) 1999-2006 Intel Corporation
[    7.741832][    T1] e1000: Intel(R) PRO/1000 Network Driver
[    7.742558][    T1] e1000: Copyright (c) 1999-2006 Intel Corporation.
[    7.743897][    T1] e1000e: Intel(R) PRO/1000 Network Driver
[    7.744631][    T1] e1000e: Copyright(c) 1999 - 2015 Intel Corporation.
[    7.746616][    T1] mkiss: AX.25 Multikiss, Hans Albas PE1AYX
[    7.747356][    T1] AX.25: 6pack driver, Revision: 0.3.0
[    7.748049][    T1] AX.25: bpqether driver version 004
[    7.748735][    T1] PPP generic driver version 2.4.2
[    7.750587][    T1] PPP BSD Compression module registered
[    7.751297][    T1] PPP Deflate Compression module registered
[    7.752035][    T1] PPP MPPE Compression module registered
[    7.752721][    T1] NET: Registered PF_PPPOX protocol family
[    7.753448][    T1] PPTP driver version 0.8.5
[    7.754850][    T1] SLIP: version 0.8.4-NET3.019-NEWTTY (dynamic channels, max=256) (6 bit encapsulation enabled).
[    7.756110][    T1] CSLIP: code copyright 1989 Regents of the University of California.
[    7.757107][    T1] SLIP linefill/keepalive option.
[    7.757896][    T1] hdlc: HDLC support module revision 1.22
[    7.758712][    T1] LAPB Ethernet driver version 0.02
[    7.760850][    T1] usbcore: registered new interface driver ath9k_htc
[    7.762150][    T1] usbcore: registered new interface driver carl9170
[    7.763446][    T1] usbcore: registered new interface driver ath6kl_usb
[    7.764768][    T1] usbcore: registered new interface driver ar5523
[    7.766535][    T1] usbcore: registered new interface driver ath10k_usb
[    7.767842][    T1] usbcore: registered new interface driver rndis_wlan
[    7.770505][    T1] mac80211_hwsim: initializing netlink
[    7.796321][    T1] usbcore: registered new interface driver atusb
[    7.798542][  T974] ata2: found unknown device (class 0)
[    7.800088][  T962] ata1: found unknown device (class 0)
[    7.801246][  T962] ata1.00: ATA-7: QEMU HARDDISK, 2.5+, max UDMA/100
[    7.802011][  T962] ata1.00: 16777208 sectors, multi 16: LBA48 
[    7.805200][  T974] ata2.00: ATAPI: QEMU DVD-ROM, 2.5+, max UDMA/100
[    7.814217][    T1] mac802154_hwsim mac802154_hwsim: Added 2 mac802154 hwsim hardware radios
[    7.817402][    T1] VMware vmxnet3 virtual NIC driver - version 1.7.0.0-k-NAPI
[    7.820074][   T11] scsi 0:0:0:0: Direct-Access     ATA      QEMU HARDDISK    2.5+ PQ: 0 ANSI: 5
[    7.824818][   T36] sd 0:0:0:0: [sda] 16777208 512-byte logical blocks: (8.59 GB/8.00 GiB)
[    7.825884][   T36] sd 0:0:0:0: [sda] Write Protect is off
[    7.826634][   T36] sd 0:0:0:0: [sda] Write cache: enabled, read cache: enabled, doesn't support DPO or FUA
[    7.827872][   T36] sd 0:0:0:0: [sda] Preferred minimum I/O size 512 bytes
[    7.829365][    T1] usbcore: registered new interface driver catc
[    7.830173][    T1] usbcore: registered new interface driver kaweth
[    7.830902][    T1] pegasus: Pegasus/Pegasus II USB Ethernet driver
[    7.831710][    T1] usbcore: registered new interface driver pegasus
[    7.832524][    T1] usbcore: registered new interface driver rtl8150
[    7.833359][    T1] usbcore: registered new device driver r8152-cfgselector
[    7.834245][    T1] usbcore: registered new interface driver r8152
[    7.834962][    T1] hso: drivers/net/usb/hso.c: Option Wireless
[    7.835784][    T1] usbcore: registered new interface driver hso
[    7.836569][    T1] usbcore: registered new interface driver lan78xx
[    7.837371][    T1] usbcore: registered new interface driver asix
[    7.838143][    T1] usbcore: registered new interface driver ax88179_178a
[    7.848088][   T11] sd 0:0:0:0: Attached scsi generic sg0 type 0
[    7.857089][   T66] scsi 1:0:0:0: CD-ROM            QEMU     QEMU DVD-ROM     2.5+ PQ: 0 ANSI: 5
[    7.863364][   T36] sd 0:0:0:0: [sda] Attached SCSI disk
[    7.864851][    T1] usbcore: registered new interface driver cdc_ether
[    7.866112][    T1] usbcore: registered new interface driver cdc_eem
[    7.867811][    T1] usbcore: registered new interface driver dm9601
[    7.870398][    T1] usbcore: registered new interface driver sr9700
[    7.871634][    T1] usbcore: registered new interface driver CoreChips
[    7.872868][    T1] usbcore: registered new interface driver smsc75xx
[    7.874089][    T1] usbcore: registered new interface driver smsc95xx
[    7.875317][    T1] usbcore: registered new interface driver gl620a
[    7.876550][    T1] usbcore: registered new interface driver net1080
[    7.877742][    T1] usbcore: registered new interface driver plusb
[    7.882457][    T1] usbcore: registered new interface driver rndis_host
[    7.884197][    T1] usbcore: registered new interface driver cdc_subset
[    7.885504][    T1] usbcore: registered new interface driver zaurus
[    7.886773][    T1] usbcore: registered new interface driver MOSCHIP usb-ethernet driver
[    7.888722][    T1] usbcore: registered new interface driver int51x1
[    7.890119][    T1] usbcore: registered new interface driver cdc_phonet
[    7.891502][    T1] usbcore: registered new interface driver kalmia
[    7.894696][    T1] usbcore: registered new interface driver ipheth
[    7.895974][    T1] usbcore: registered new interface driver sierra_net
[    7.897664][    T1] usbcore: registered new interface driver cx82310_eth
[    7.899754][   T66] sr 1:0:0:0: [sr0] scsi3-mmc drive: 4x/4x cd/rw xa/form2 tray
[    7.900805][   T66] cdrom: Uniform CD-ROM driver Revision: 3.20
[    7.902602][    T1] usbcore: registered new interface driver cdc_ncm
[    7.903929][    T1] usbcore: registered new interface driver huawei_cdc_ncm
[    7.905301][    T1] usbcore: registered new interface driver lg-vl600
[    7.906561][    T1] usbcore: registered new interface driver qmi_wwan
[    7.907826][    T1] usbcore: registered new interface driver cdc_mbim
[    7.909492][    T1] usbcore: registered new interface driver ch9200
[    7.910722][    T1] usbcore: registered new interface driver r8153_ecm
[    7.915659][    T1] VFIO - User Level meta-driver version: 0.3
[    7.929006][    T1] aoe: AoE v85 initialised.
[    7.946100][    T1] SPI driver max3421-hcd has no spi_device_id for maxim,max3421
[    7.947288][    T1] usbcore: registered new interface driver cdc_acm
[    7.948050][    T1] cdc_acm: USB Abstract Control Model driver for USB modems and ISDN adapters
[    7.951961][   T66] sr 1:0:0:0: Attached scsi generic sg1 type 5
[    7.957885][    T1] usbcore: registered new interface driver usblp
[    7.962234][    T1] usbcore: registered new interface driver cdc_wdm
[    7.963650][    T1] usbcore: registered new interface driver usbtmc
[    7.965242][    T1] usbcore: registered new interface driver uas
[    7.966577][    T1] usbcore: registered new interface driver usb-storage
[    7.967974][    T1] usbcore: registered new interface driver ums-alauda
[    7.972743][    T1] usbcore: registered new interface driver ums-cypress
[    7.974049][    T1] usbcore: registered new interface driver ums-datafab
[    7.975373][    T1] usbcore: registered new interface driver ums_eneub6250
[    7.976667][    T1] usbcore: registered new interface driver ums-freecom
[    7.977874][    T1] usbcore: registered new interface driver ums-isd200
[    7.979206][    T1] usbcore: registered new interface driver ums-jumpshot
[    7.980507][    T1] usbcore: registered new interface driver ums-karma
[    7.981706][    T1] usbcore: registered new interface driver ums-onetouch
[    7.982918][    T1] usbcore: registered new interface driver ums-realtek
[    7.984137][    T1] usbcore: registered new interface driver ums-sddr09
[    7.985074][    T1] usbcore: registered new interface driver ums-sddr55
[    7.986554][    T1] usbcore: registered new interface driver ums-usbat
[    7.987805][    T1] usbcore: registered new interface driver mdc800
[    7.989662][    T1] mdc800: v0.7.5 (30/10/2000):USB Driver for Mustek MDC800 Digital Camera
[    7.991227][    T1] usbcore: registered new interface driver microtekX6
[    7.993430][    T1] usbcore: registered new interface driver usbserial_generic
[    7.994832][    T1] usbserial: USB Serial support registered for generic
[    7.996670][    T1] usbcore: registered new interface driver aircable
[    7.998008][    T1] usbserial: USB Serial support registered for aircable
[    7.999475][    T1] usbcore: registered new interface driver ark3116
[    8.000780][    T1] usbserial: USB Serial support registered for ark3116
[    8.002140][    T1] usbcore: registered new interface driver belkin_sa
[    8.003446][    T1] usbserial: USB Serial support registered for Belkin / Peracom / GoHubs USB Serial Adapter
[    8.004839][    T1] usbcore: registered new interface driver ch341
[    8.006398][    T1] usbserial: USB Serial support registered for ch341-uart
[    8.008311][    T1] usbcore: registered new interface driver cp210x
[    8.009767][    T1] usbserial: USB Serial support registered for cp210x
[    8.011041][    T1] usbcore: registered new interface driver cyberjack
[    8.012279][    T1] usbserial: USB Serial support registered for Reiner SCT Cyberjack USB card reader
[    8.013829][    T1] usbcore: registered new interface driver cypress_m8
[    8.015073][    T1] usbserial: USB Serial support registered for DeLorme Earthmate USB
[    8.016435][    T1] usbserial: USB Serial support registered for HID->COM RS232 Adapter
[    8.017528][    T1] usbserial: USB Serial support registered for Nokia CA-42 V2 Adapter
[    8.022368][    T1] usbcore: registered new interface driver usb_debug
[    8.023721][    T1] usbserial: USB Serial support registered for debug
[    8.025138][    T1] usbserial: USB Serial support registered for xhci_dbc
[    8.026227][    T1] usbcore: registered new interface driver digi_acceleport
[    8.027958][    T1] usbserial: USB Serial support registered for Digi 2 port USB adapter
[    8.029555][    T1] usbserial: USB Serial support registered for Digi 4 port USB adapter
[    8.031187][    T1] usbcore: registered new interface driver io_edgeport
[    8.032510][    T1] usbserial: USB Serial support registered for Edgeport 2 port adapter
[    8.034071][    T1] usbserial: USB Serial support registered for Edgeport 4 port adapter
[    8.035621][    T1] usbserial: USB Serial support registered for Edgeport 8 port adapter
[    8.036824][    T1] usbserial: USB Serial support registered for EPiC device
[    8.038765][    T1] usbcore: registered new interface driver io_ti
[    8.040068][    T1] usbserial: USB Serial support registered for Edgeport TI 1 port adapter
[    8.041622][    T1] usbserial: USB Serial support registered for Edgeport TI 2 port adapter
[    8.043204][    T1] usbcore: registered new interface driver empeg
[    8.044467][    T1] usbserial: USB Serial support registered for empeg
[    8.045528][    T1] usbcore: registered new interface driver f81534a_ctrl
[    8.047200][    T1] usbcore: registered new interface driver f81232
[    8.048796][    T1] usbserial: USB Serial support registered for f81232
[    8.050880][    T1] usbserial: USB Serial support registered for f81534a
[    8.052312][    T1] usbcore: registered new interface driver f81534
[    8.053786][    T1] usbserial: USB Serial support registered for Fintek F81532/F81534
[    8.055385][    T1] usbcore: registered new interface driver ftdi_sio
[    8.056728][    T1] usbserial: USB Serial support registered for FTDI USB Serial Device
[    8.058016][    T1] usbcore: registered new interface driver garmin_gps
[    8.059425][    T1] usbserial: USB Serial support registered for Garmin GPS usb/tty
[    8.060571][    T1] usbcore: registered new interface driver ipaq
[    8.061427][    T1] usbserial: USB Serial support registered for PocketPC PDA
[    8.062396][    T1] usbcore: registered new interface driver ipw
[    8.063207][    T1] usbserial: USB Serial support registered for IPWireless converter
[    8.064198][    T1] usbcore: registered new interface driver ir_usb
[    8.064980][    T1] usbserial: USB Serial support registered for IR Dongle
[    8.065836][    T1] usbcore: registered new interface driver iuu_phoenix
[    8.066685][    T1] usbserial: USB Serial support registered for iuu_phoenix
[    8.067566][    T1] usbcore: registered new interface driver keyspan
[    8.073132][    T1] usbserial: USB Serial support registered for Keyspan - (without firmware)
[    8.074633][    T1] usbserial: USB Serial support registered for Keyspan 1 port adapter
[    8.076029][    T1] usbserial: USB Serial support registered for Keyspan 2 port adapter
[    8.077415][    T1] usbserial: USB Serial support registered for Keyspan 4 port adapter
[    8.080896][    T1] usbcore: registered new interface driver keyspan_pda
[    8.082375][    T1] usbserial: USB Serial support registered for Keyspan PDA
[    8.083767][    T1] usbserial: USB Serial support registered for Keyspan PDA - (prerenumeration)
[    8.085471][    T1] usbcore: registered new interface driver kl5kusb105
[    8.086789][    T1] usbserial: USB Serial support registered for KL5KUSB105D / PalmConnect
[    8.089550][    T1] usbcore: registered new interface driver kobil_sct
[    8.090942][    T1] usbserial: USB Serial support registered for KOBIL USB smart card terminal
[    8.092543][    T1] usbcore: registered new interface driver mct_u232
[    8.093856][    T1] usbserial: USB Serial support registered for MCT U232
[    8.095198][    T1] usbcore: registered new interface driver metro_usb
[    8.096492][    T1] usbserial: USB Serial support registered for Metrologic USB to Serial
[    8.098035][    T1] usbcore: registered new interface driver mos7720
[    8.099819][    T1] usbserial: USB Serial support registered for Moschip 2 port adapter
[    8.101585][    T1] usbcore: registered new interface driver mos7840
[    8.102846][    T1] usbserial: USB Serial support registered for Moschip 7840/7820 USB Serial Driver
[    8.104411][    T1] usbcore: registered new interface driver mxuport
[    8.105610][    T1] usbserial: USB Serial support registered for MOXA UPort
[    8.106914][    T1] usbcore: registered new interface driver navman
[    8.108151][    T1] usbserial: USB Serial support registered for navman
[    8.109836][    T1] usbcore: registered new interface driver omninet
[    8.111121][    T1] usbserial: USB Serial support registered for ZyXEL - omni.net usb
[    8.112500][    T1] usbcore: registered new interface driver opticon
[    8.113636][    T1] usbserial: USB Serial support registered for opticon
[    8.114547][    T1] usbcore: registered new interface driver option
[    8.115338][    T1] usbserial: USB Serial support registered for GSM modem (1-port)
[    8.116403][    T1] usbcore: registered new interface driver oti6858
[    8.117246][    T1] usbserial: USB Serial support registered for oti6858
[    8.118117][    T1] usbcore: registered new interface driver pl2303
[    8.122233][    T1] usbserial: USB Serial support registered for pl2303
[    8.123841][    T1] usbcore: registered new interface driver qcaux
[    8.125218][    T1] usbserial: USB Serial support registered for qcaux
[    8.126611][    T1] usbcore: registered new interface driver qcserial
[    8.127993][    T1] usbserial: USB Serial support registered for Qualcomm USB modem
[    8.132374][    T1] usbcore: registered new interface driver quatech2
[    8.133772][    T1] usbserial: USB Serial support registered for Quatech 2nd gen USB to Serial Driver
[    8.135488][    T1] usbcore: registered new interface driver safe_serial
[    8.136865][    T1] usbserial: USB Serial support registered for safe_serial
[    8.139429][    T1] usbcore: registered new interface driver sierra
[    8.140795][    T1] usbserial: USB Serial support registered for Sierra USB modem
[    8.142263][    T1] usbcore: registered new interface driver usb_serial_simple
[    8.143680][    T1] usbserial: USB Serial support registered for carelink
[    8.145088][    T1] usbserial: USB Serial support registered for flashloader
[    8.146552][    T1] usbserial: USB Serial support registered for funsoft
[    8.147896][    T1] usbserial: USB Serial support registered for google
[    8.149397][    T1] usbserial: USB Serial support registered for hp4x
[    8.150760][    T1] usbserial: USB Serial support registered for kaufmann
[    8.152124][    T1] usbserial: USB Serial support registered for libtransistor
[    8.153557][    T1] usbserial: USB Serial support registered for moto_modem
[    8.154911][    T1] usbserial: USB Serial support registered for motorola_tetra
[    8.156345][    T1] usbserial: USB Serial support registered for nokia
[    8.157723][    T1] usbserial: USB Serial support registered for novatel_gps
[    8.159573][    T1] usbserial: USB Serial support registered for siemens_mpi
[    8.160976][    T1] usbserial: USB Serial support registered for suunto
[    8.162343][    T1] usbserial: USB Serial support registered for vivopay
[    8.163711][    T1] usbserial: USB Serial support registered for zio
[    8.165058][    T1] usbcore: registered new interface driver spcp8x5
[    8.166348][    T1] usbserial: USB Serial support registered for SPCP8x5
[    8.167725][    T1] usbcore: registered new interface driver ssu100
[    8.169779][    T1] usbserial: USB Serial support registered for Quatech SSU-100 USB to Serial Driver
[    8.171514][    T1] usbcore: registered new interface driver symbolserial
[    8.173042][    T1] usbserial: USB Serial support registered for symbol
[    8.174508][    T1] usbcore: registered new interface driver ti_usb_3410_5052
[    8.175850][    T1] usbserial: USB Serial support registered for TI USB 3410 1 port adapter
[    8.177270][    T1] usbserial: USB Serial support registered for TI USB 5052 2 port adapter
[    8.179293][    T1] usbcore: registered new interface driver upd78f0730
[    8.180574][    T1] usbserial: USB Serial support registered for upd78f0730
[    8.181851][    T1] usbcore: registered new interface driver visor
[    8.184841][    T1] usbserial: USB Serial support registered for Handspring Visor / Palm OS
[    8.186275][    T1] usbserial: USB Serial support registered for Sony Clie 5.0
[    8.187570][    T1] usbserial: USB Serial support registered for Sony Clie 3.5
[    8.189612][    T1] usbcore: registered new interface driver wishbone_serial
[    8.190994][    T1] usbserial: USB Serial support registered for wishbone_serial
[    8.192417][    T1] usbcore: registered new interface driver whiteheat
[    8.193884][    T1] usbserial: USB Serial support registered for Connect Tech - WhiteHEAT - (prerenumeration)
[    8.195666][    T1] usbserial: USB Serial support registered for Connect Tech - WhiteHEAT
[    8.197193][    T1] usbcore: registered new interface driver xr_serial
[    8.198594][    T1] usbserial: USB Serial support registered for xr_serial
[    8.199994][    T1] usbcore: registered new interface driver xsens_mt
[    8.201304][    T1] usbserial: USB Serial support registered for xsens_mt
[    8.202647][    T1] usbcore: registered new interface driver adutux
[    8.203946][    T1] usbcore: registered new interface driver appledisplay
[    8.205414][    T1] usbcore: registered new interface driver cypress_cy7c63
[    8.206843][    T1] usbcore: registered new interface driver cytherm
[    8.208312][    T1] usbcore: registered new interface driver emi26 - firmware loader
[    8.209900][    T1] usbcore: registered new interface driver emi62 - firmware loader
[    8.211387][    T1] usbcore: registered new interface driver idmouse
[    8.212698][    T1] usbcore: registered new interface driver iowarrior
[    8.214049][    T1] usbcore: registered new interface driver isight_firmware
[    8.215446][    T1] usbcore: registered new interface driver usblcd
[    8.216755][    T1] usbcore: registered new interface driver ldusb
[    8.218038][    T1] usbcore: registered new interface driver legousbtower
[    8.220844][    T1] usbcore: registered new interface driver usbtest
[    8.222192][    T1] usbcore: registered new interface driver usb_ehset_test
[    8.223266][    T1] usbcore: registered new interface driver trancevibrator
[    8.225075][    T1] usbcore: registered new interface driver uss720
[    8.225913][    T1] uss720: USB Parport Cable driver for Cables using the Lucent Technologies USS720 Chip
[    8.227105][    T1] uss720: NOTE: this is a special purpose driver to allow nonstandard
[    8.228103][    T1] uss720: protocols (eg. bitbang) over USS720 usb to parallel cables
[    8.229140][    T1] uss720: If you just want to connect to a printer, use usblp instead
[    8.230669][    T1] usbcore: registered new interface driver usbsevseg
[    8.232003][    T1] usbcore: registered new interface driver yurex
[    8.234070][    T1] usbcore: registered new interface driver chaoskey
[    8.235057][    T1] usbcore: registered new interface driver sisusb
[    8.235950][    T1] usbcore: registered new interface driver lvs
[    8.236796][    T1] usbcore: registered new interface driver cxacru
[    8.237673][    T1] usbcore: registered new interface driver speedtch
[    8.244247][    T1] usbcore: registered new interface driver ueagle-atm
[    8.245132][    T1] xusbatm: malformed module parameters
[    8.249822][    T1] dummy_hcd dummy_hcd.0: USB Host+Gadget Emulator, driver 02 May 2005
[    8.250928][    T1] dummy_hcd dummy_hcd.0: Dummy host controller
[    8.253313][    T1] dummy_hcd dummy_hcd.0: new USB bus registered, assigned bus number 1
[    8.255387][    T1] usb usb1: New USB device found, idVendor=1d6b, idProduct=0002, bcdDevice= 6.07
[    8.257006][    T1] usb usb1: New USB device strings: Mfr=3, Product=2, SerialNumber=1
[    8.258028][    T1] usb usb1: Product: Dummy host controller
[    8.259681][    T1] usb usb1: Manufacturer: Linux 6.7.0-rc2-gbc9807868dfa-dirty dummy_hcd
[    8.260664][    T1] usb usb1: SerialNumber: dummy_hcd.0
[    8.264364][    T1] hub 1-0:1.0: USB hub found
[    8.265201][    T1] hub 1-0:1.0: 1 port detected
[    8.270621][    T1] dummy_hcd dummy_hcd.1: USB Host+Gadget Emulator, driver 02 May 2005
[    8.271663][    T1] dummy_hcd dummy_hcd.1: Dummy host controller
[    8.273595][    T1] dummy_hcd dummy_hcd.1: new USB bus registered, assigned bus number 2
[    8.275223][    T1] usb usb2: New USB device found, idVendor=1d6b, idProduct=0002, bcdDevice= 6.07
[    8.276330][    T1] usb usb2: New USB device strings: Mfr=3, Product=2, SerialNumber=1
[    8.277311][    T1] usb usb2: Product: Dummy host controller
[    8.278021][    T1] usb usb2: Manufacturer: Linux 6.7.0-rc2-gbc9807868dfa-dirty dummy_hcd
[    8.279342][    T1] usb usb2: SerialNumber: dummy_hcd.1
[    8.282451][    T1] hub 2-0:1.0: USB hub found
[    8.283212][    T1] hub 2-0:1.0: 1 port detected
[    8.286576][    T1] dummy_hcd dummy_hcd.2: USB Host+Gadget Emulator, driver 02 May 2005
[    8.287650][    T1] dummy_hcd dummy_hcd.2: Dummy host controller
[    8.290992][    T1] dummy_hcd dummy_hcd.2: new USB bus registered, assigned bus number 3
[    8.292648][    T1] usb usb3: New USB device found, idVendor=1d6b, idProduct=0002, bcdDevice= 6.07
[    8.293813][    T1] usb usb3: New USB device strings: Mfr=3, Product=2, SerialNumber=1
[    8.294865][    T1] usb usb3: Product: Dummy host controller
[    8.295580][    T1] usb usb3: Manufacturer: Linux 6.7.0-rc2-gbc9807868dfa-dirty dummy_hcd
[    8.296583][    T1] usb usb3: SerialNumber: dummy_hcd.2
[    8.300123][    T1] hub 3-0:1.0: USB hub found
[    8.300890][    T1] hub 3-0:1.0: 1 port detected
[    8.307884][    T1] dummy_hcd dummy_hcd.3: USB Host+Gadget Emulator, driver 02 May 2005
[    8.309277][    T1] dummy_hcd dummy_hcd.3: Dummy host controller
[    8.311241][    T1] dummy_hcd dummy_hcd.3: new USB bus registered, assigned bus number 4
[    8.312937][    T1] usb usb4: New USB device found, idVendor=1d6b, idProduct=0002, bcdDevice= 6.07
[    8.314075][    T1] usb usb4: New USB device strings: Mfr=3, Product=2, SerialNumber=1
[    8.315058][    T1] usb usb4: Product: Dummy host controller
[    8.315767][    T1] usb usb4: Manufacturer: Linux 6.7.0-rc2-gbc9807868dfa-dirty dummy_hcd
[    8.316810][    T1] usb usb4: SerialNumber: dummy_hcd.3
[    8.321408][    T1] hub 4-0:1.0: USB hub found
[    8.322944][    T1] hub 4-0:1.0: 1 port detected
[    8.327717][    T1] dummy_hcd dummy_hcd.4: USB Host+Gadget Emulator, driver 02 May 2005
[    8.328898][    T1] dummy_hcd dummy_hcd.4: Dummy host controller
[    8.330514][    T1] dummy_hcd dummy_hcd.4: new USB bus registered, assigned bus number 5
[    8.332045][    T1] usb usb5: New USB device found, idVendor=1d6b, idProduct=0002, bcdDevice= 6.07
[    8.333104][    T1] usb usb5: New USB device strings: Mfr=3, Product=2, SerialNumber=1
[    8.334013][    T1] usb usb5: Product: Dummy host controller
[    8.334668][    T1] usb usb5: Manufacturer: Linux 6.7.0-rc2-gbc9807868dfa-dirty dummy_hcd
[    8.335617][    T1] usb usb5: SerialNumber: dummy_hcd.4
[    8.338548][    T1] hub 5-0:1.0: USB hub found
[    8.339239][    T1] hub 5-0:1.0: 1 port detected
[    8.343450][    T1] dummy_hcd dummy_hcd.5: USB Host+Gadget Emulator, driver 02 May 2005
[    8.344558][    T1] dummy_hcd dummy_hcd.5: Dummy host controller
[    8.346377][    T1] dummy_hcd dummy_hcd.5: new USB bus registered, assigned bus number 6
[    8.348025][    T1] usb usb6: New USB device found, idVendor=1d6b, idProduct=0002, bcdDevice= 6.07
[    8.349728][    T1] usb usb6: New USB device strings: Mfr=3, Product=2, SerialNumber=1
[    8.350746][    T1] usb usb6: Product: Dummy host controller
[    8.351516][    T1] usb usb6: Manufacturer: Linux 6.7.0-rc2-gbc9807868dfa-dirty dummy_hcd
[    8.352551][    T1] usb usb6: SerialNumber: dummy_hcd.5
[    8.355382][    T1] hub 6-0:1.0: USB hub found
[    8.356586][    T1] hub 6-0:1.0: 1 port detected
[    8.361212][    T1] dummy_hcd dummy_hcd.6: USB Host+Gadget Emulator, driver 02 May 2005
[    8.362291][    T1] dummy_hcd dummy_hcd.6: Dummy host controller
[    8.363979][    T1] dummy_hcd dummy_hcd.6: new USB bus registered, assigned bus number 7
[    8.365636][    T1] usb usb7: New USB device found, idVendor=1d6b, idProduct=0002, bcdDevice= 6.07
[    8.366811][    T1] usb usb7: New USB device strings: Mfr=3, Product=2, SerialNumber=1
[    8.367785][    T1] usb usb7: Product: Dummy host controller
[    8.368779][    T1] usb usb7: Manufacturer: Linux 6.7.0-rc2-gbc9807868dfa-dirty dummy_hcd
[    8.369812][    T1] usb usb7: SerialNumber: dummy_hcd.6
[    8.372873][    T1] hub 7-0:1.0: USB hub found
[    8.373656][    T1] hub 7-0:1.0: 1 port detected
[    8.376995][    T1] dummy_hcd dummy_hcd.7: USB Host+Gadget Emulator, driver 02 May 2005
[    8.378183][    T1] dummy_hcd dummy_hcd.7: Dummy host controller
[    8.382659][    T1] dummy_hcd dummy_hcd.7: new USB bus registered, assigned bus number 8
[    8.384317][    T1] usb usb8: New USB device found, idVendor=1d6b, idProduct=0002, bcdDevice= 6.07
[    8.385453][    T1] usb usb8: New USB device strings: Mfr=3, Product=2, SerialNumber=1
[    8.386433][    T1] usb usb8: Product: Dummy host controller
[    8.387133][    T1] usb usb8: Manufacturer: Linux 6.7.0-rc2-gbc9807868dfa-dirty dummy_hcd
[    8.388141][    T1] usb usb8: SerialNumber: dummy_hcd.7
[    8.391507][    T1] hub 8-0:1.0: USB hub found
[    8.392251][    T1] hub 8-0:1.0: 1 port detected
[    8.423250][    T1] gadgetfs: USB Gadget filesystem, version 24 Aug 2004
[    8.431077][    T1] vhci_hcd vhci_hcd.0: USB/IP Virtual Host Controller
[    8.432760][    T1] vhci_hcd vhci_hcd.0: new USB bus registered, assigned bus number 9
[    8.434064][    T1] vhci_hcd: created sysfs vhci_hcd.0
[    8.435322][    T1] usb usb9: New USB device found, idVendor=1d6b, idProduct=0002, bcdDevice= 6.07
[    8.436362][    T1] usb usb9: New USB device strings: Mfr=3, Product=2, SerialNumber=1
[    8.437278][    T1] usb usb9: Product: USB/IP Virtual Host Controller
[    8.438031][    T1] usb usb9: Manufacturer: Linux 6.7.0-rc2-gbc9807868dfa-dirty vhci_hcd
[    8.440388][    T1] usb usb9: SerialNumber: vhci_hcd.0
[    8.443166][    T1] hub 9-0:1.0: USB hub found
[    8.444380][    T1] hub 9-0:1.0: 8 ports detected
[    8.451626][    T1] vhci_hcd vhci_hcd.0: USB/IP Virtual Host Controller
[    8.453453][    T1] vhci_hcd vhci_hcd.0: new USB bus registered, assigned bus number 10
[    8.454774][    T1] usb usb10: We don't know the algorithms for LPM for this host, disabling LPM.
[    8.456454][    T1] usb usb10: New USB device found, idVendor=1d6b, idProduct=0003, bcdDevice= 6.07
[    8.457620][    T1] usb usb10: New USB device strings: Mfr=3, Product=2, SerialNumber=1
[    8.458715][    T1] usb usb10: Product: USB/IP Virtual Host Controller
[    8.459543][    T1] usb usb10: Manufacturer: Linux 6.7.0-rc2-gbc9807868dfa-dirty vhci_hcd
[    8.460577][    T1] usb usb10: SerialNumber: vhci_hcd.0
[    8.463733][    T1] hub 10-0:1.0: USB hub found
[    8.464499][    T1] hub 10-0:1.0: 8 ports detected
[    8.473269][    T1] vhci_hcd vhci_hcd.1: USB/IP Virtual Host Controller
[    8.475802][    T1] vhci_hcd vhci_hcd.1: new USB bus registered, assigned bus number 11
[    8.477622][    T1] usb usb11: New USB device found, idVendor=1d6b, idProduct=0002, bcdDevice= 6.07
[    8.479069][    T1] usb usb11: New USB device strings: Mfr=3, Product=2, SerialNumber=1
[    8.480062][    T1] usb usb11: Product: USB/IP Virtual Host Controller
[    8.480851][    T1] usb usb11: Manufacturer: Linux 6.7.0-rc2-gbc9807868dfa-dirty vhci_hcd
[    8.481811][    T1] usb usb11: SerialNumber: vhci_hcd.1
[    8.484618][    T1] hub 11-0:1.0: USB hub found
[    8.485306][    T1] hub 11-0:1.0: 8 ports detected
[    8.492058][    T1] vhci_hcd vhci_hcd.1: USB/IP Virtual Host Controller
[    8.494051][    T1] vhci_hcd vhci_hcd.1: new USB bus registered, assigned bus number 12
[    8.495259][    T1] usb usb12: We don't know the algorithms for LPM for this host, disabling LPM.
[    8.496763][    T1] usb usb12: New USB device found, idVendor=1d6b, idProduct=0003, bcdDevice= 6.07
[    8.497810][    T1] usb usb12: New USB device strings: Mfr=3, Product=2, SerialNumber=1
[    8.498999][    T1] usb usb12: Product: USB/IP Virtual Host Controller
[    8.499765][    T1] usb usb12: Manufacturer: Linux 6.7.0-rc2-gbc9807868dfa-dirty vhci_hcd
[    8.500731][    T1] usb usb12: SerialNumber: vhci_hcd.1
[    8.503491][    T1] hub 12-0:1.0: USB hub found
[    8.504221][    T1] hub 12-0:1.0: 8 ports detected
[    8.513558][    T1] vhci_hcd vhci_hcd.2: USB/IP Virtual Host Controller
[    8.515231][    T1] vhci_hcd vhci_hcd.2: new USB bus registered, assigned bus number 13
[    8.516802][    T1] usb usb13: New USB device found, idVendor=1d6b, idProduct=0002, bcdDevice= 6.07
[    8.517941][    T1] usb usb13: New USB device strings: Mfr=3, Product=2, SerialNumber=1
[    8.519133][    T1] usb usb13: Product: USB/IP Virtual Host Controller
[    8.519917][    T1] usb usb13: Manufacturer: Linux 6.7.0-rc2-gbc9807868dfa-dirty vhci_hcd
[    8.520880][    T1] usb usb13: SerialNumber: vhci_hcd.2
[    8.523357][    T1] hub 13-0:1.0: USB hub found
[    8.524518][    T1] hub 13-0:1.0: 8 ports detected
[    8.531515][    T1] vhci_hcd vhci_hcd.2: USB/IP Virtual Host Controller
[    8.533090][    T1] vhci_hcd vhci_hcd.2: new USB bus registered, assigned bus number 14
[    8.534261][    T1] usb usb14: We don't know the algorithms for LPM for this host, disabling LPM.
[    8.535817][    T1] usb usb14: New USB device found, idVendor=1d6b, idProduct=0003, bcdDevice= 6.07
[    8.536873][    T1] usb usb14: New USB device strings: Mfr=3, Product=2, SerialNumber=1
[    8.537804][    T1] usb usb14: Product: USB/IP Virtual Host Controller
[    8.538822][    T1] usb usb14: Manufacturer: Linux 6.7.0-rc2-gbc9807868dfa-dirty vhci_hcd
[    8.539790][    T1] usb usb14: SerialNumber: vhci_hcd.2
[    8.543019][    T1] hub 14-0:1.0: USB hub found
[    8.543744][    T1] hub 14-0:1.0: 8 ports detected
[    8.554466][    T1] vhci_hcd vhci_hcd.3: USB/IP Virtual Host Controller
[    8.556044][    T1] vhci_hcd vhci_hcd.3: new USB bus registered, assigned bus number 15
[    8.558061][    T1] usb usb15: New USB device found, idVendor=1d6b, idProduct=0002, bcdDevice= 6.07
[    8.559359][    T1] usb usb15: New USB device strings: Mfr=3, Product=2, SerialNumber=1
[    8.560319][    T1] usb usb15: Product: USB/IP Virtual Host Controller
[    8.561080][    T1] usb usb15: Manufacturer: Linux 6.7.0-rc2-gbc9807868dfa-dirty vhci_hcd
[    8.562014][    T1] usb usb15: SerialNumber: vhci_hcd.3
[    8.565253][    T1] hub 15-0:1.0: USB hub found
[    8.566036][    T1] hub 15-0:1.0: 8 ports detected
[    8.573827][    T1] vhci_hcd vhci_hcd.3: USB/IP Virtual Host Controller
[    8.575675][    T1] vhci_hcd vhci_hcd.3: new USB bus registered, assigned bus number 16
[    8.577028][    T1] usb usb16: We don't know the algorithms for LPM for this host, disabling LPM.
[    8.578986][    T1] usb usb16: New USB device found, idVendor=1d6b, idProduct=0003, bcdDevice= 6.07
[    8.580163][    T1] usb usb16: New USB device strings: Mfr=3, Product=2, SerialNumber=1
[    8.581178][    T1] usb usb16: Product: USB/IP Virtual Host Controller
[    8.582010][    T1] usb usb16: Manufacturer: Linux 6.7.0-rc2-gbc9807868dfa-dirty vhci_hcd
[    8.583035][    T1] usb usb16: SerialNumber: vhci_hcd.3
[    8.586076][    T1] hub 16-0:1.0: USB hub found
[    8.586833][    T1] hub 16-0:1.0: 8 ports detected
[    8.596848][    T1] vhci_hcd vhci_hcd.4: USB/IP Virtual Host Controller
[    8.598959][    T1] vhci_hcd vhci_hcd.4: new USB bus registered, assigned bus number 17
[    8.600646][    T1] usb usb17: New USB device found, idVendor=1d6b, idProduct=0002, bcdDevice= 6.07
[    8.601819][    T1] usb usb17: New USB device strings: Mfr=3, Product=2, SerialNumber=1
[    8.602962][    T1] usb usb17: Product: USB/IP Virtual Host Controller
[    8.603800][    T1] usb usb17: Manufacturer: Linux 6.7.0-rc2-gbc9807868dfa-dirty vhci_hcd
[    8.605105][    T1] usb usb17: SerialNumber: vhci_hcd.4
[    8.608068][    T1] hub 17-0:1.0: USB hub found
[    8.609787][    T1] hub 17-0:1.0: 8 ports detected
[    8.617057][    T1] vhci_hcd vhci_hcd.4: USB/IP Virtual Host Controller
[    8.619997][    T1] vhci_hcd vhci_hcd.4: new USB bus registered, assigned bus number 18
[    8.621371][    T1] usb usb18: We don't know the algorithms for LPM for this host, disabling LPM.
[    8.622945][    T1] usb usb18: New USB device found, idVendor=1d6b, idProduct=0003, bcdDevice= 6.07
[    8.624097][    T1] usb usb18: New USB device strings: Mfr=3, Product=2, SerialNumber=1
[    8.625109][    T1] usb usb18: Product: USB/IP Virtual Host Controller
[    8.625880][    T1] usb usb18: Manufacturer: Linux 6.7.0-rc2-gbc9807868dfa-dirty vhci_hcd
[    8.626853][    T1] usb usb18: SerialNumber: vhci_hcd.4
[    8.630477][    T1] hub 18-0:1.0: USB hub found
[    8.631287][    T1] hub 18-0:1.0: 8 ports detected
[    8.639992][    T1] vhci_hcd vhci_hcd.5: USB/IP Virtual Host Controller
[    8.642473][    T1] vhci_hcd vhci_hcd.5: new USB bus registered, assigned bus number 19
[    8.644022][    T1] usb usb19: New USB device found, idVendor=1d6b, idProduct=0002, bcdDevice= 6.07
[    8.645081][    T1] usb usb19: New USB device strings: Mfr=3, Product=2, SerialNumber=1
[    8.646011][    T1] usb usb19: Product: USB/IP Virtual Host Controller
[    8.646774][    T1] usb usb19: Manufacturer: Linux 6.7.0-rc2-gbc9807868dfa-dirty vhci_hcd
[    8.647722][    T1] usb usb19: SerialNumber: vhci_hcd.5
[    8.650907][    T1] hub 19-0:1.0: USB hub found
[    8.651632][    T1] hub 19-0:1.0: 8 ports detected
[    8.659280][    T1] vhci_hcd vhci_hcd.5: USB/IP Virtual Host Controller
[    8.661063][    T1] vhci_hcd vhci_hcd.5: new USB bus registered, assigned bus number 20
[    8.662485][    T1] usb usb20: We don't know the algorithms for LPM for this host, disabling LPM.
[    8.664095][    T1] usb usb20: New USB device found, idVendor=1d6b, idProduct=0003, bcdDevice= 6.07
[    8.665212][    T1] usb usb20: New USB device strings: Mfr=3, Product=2, SerialNumber=1
[    8.666392][    T1] usb usb20: Product: USB/IP Virtual Host Controller
[    8.667215][    T1] usb usb20: Manufacturer: Linux 6.7.0-rc2-gbc9807868dfa-dirty vhci_hcd
[    8.668203][    T1] usb usb20: SerialNumber: vhci_hcd.5
[    8.671497][    T1] hub 20-0:1.0: USB hub found
[    8.672208][    T1] hub 20-0:1.0: 8 ports detected
[    8.680564][    T1] vhci_hcd vhci_hcd.6: USB/IP Virtual Host Controller
[    8.682445][    T1] vhci_hcd vhci_hcd.6: new USB bus registered, assigned bus number 21
[    8.684474][    T1] usb usb21: New USB device found, idVendor=1d6b, idProduct=0002, bcdDevice= 6.07
[    8.685547][    T1] usb usb21: New USB device strings: Mfr=3, Product=2, SerialNumber=1
[    8.686480][    T1] usb usb21: Product: USB/IP Virtual Host Controller
[    8.687240][    T1] usb usb21: Manufacturer: Linux 6.7.0-rc2-gbc9807868dfa-dirty vhci_hcd
[    8.688176][    T1] usb usb21: SerialNumber: vhci_hcd.6
[    8.691383][    T1] hub 21-0:1.0: USB hub found
[    8.692092][    T1] hub 21-0:1.0: 8 ports detected
[    8.700206][    T1] vhci_hcd vhci_hcd.6: USB/IP Virtual Host Controller
[    8.701973][    T1] vhci_hcd vhci_hcd.6: new USB bus registered, assigned bus number 22
[    8.703256][    T1] usb usb22: We don't know the algorithms for LPM for this host, disabling LPM.
[    8.704878][    T1] usb usb22: New USB device found, idVendor=1d6b, idProduct=0003, bcdDevice= 6.07
[    8.706004][    T1] usb usb22: New USB device strings: Mfr=3, Product=2, SerialNumber=1
[    8.707021][    T1] usb usb22: Product: USB/IP Virtual Host Controller
[    8.707861][    T1] usb usb22: Manufacturer: Linux 6.7.0-rc2-gbc9807868dfa-dirty vhci_hcd
[    8.709353][    T1] usb usb22: SerialNumber: vhci_hcd.6
[    8.712469][    T1] hub 22-0:1.0: USB hub found
[    8.713211][    T1] hub 22-0:1.0: 8 ports detected
[    8.722829][    T1] vhci_hcd vhci_hcd.7: USB/IP Virtual Host Controller
[    8.724687][    T1] vhci_hcd vhci_hcd.7: new USB bus registered, assigned bus number 23
[    8.726370][    T1] usb usb23: New USB device found, idVendor=1d6b, idProduct=0002, bcdDevice= 6.07
[    8.727547][    T1] usb usb23: New USB device strings: Mfr=3, Product=2, SerialNumber=1
[    8.728856][    T1] usb usb23: Product: USB/IP Virtual Host Controller
[    8.729726][    T1] usb usb23: Manufacturer: Linux 6.7.0-rc2-gbc9807868dfa-dirty vhci_hcd
[    8.730759][    T1] usb usb23: SerialNumber: vhci_hcd.7
[    8.733518][    T1] hub 23-0:1.0: USB hub found
[    8.734801][    T1] hub 23-0:1.0: 8 ports detected
[    8.741185][    T1] vhci_hcd vhci_hcd.7: USB/IP Virtual Host Controller
[    8.744442][    T1] vhci_hcd vhci_hcd.7: new USB bus registered, assigned bus number 24
[    8.745814][    T1] usb usb24: We don't know the algorithms for LPM for this host, disabling LPM.
[    8.747520][    T1] usb usb24: New USB device found, idVendor=1d6b, idProduct=0003, bcdDevice= 6.07
[    8.748989][    T1] usb usb24: New USB device strings: Mfr=3, Product=2, SerialNumber=1
[    8.750041][    T1] usb usb24: Product: USB/IP Virtual Host Controller
[    8.750887][    T1] usb usb24: Manufacturer: Linux 6.7.0-rc2-gbc9807868dfa-dirty vhci_hcd
[    8.751937][    T1] usb usb24: SerialNumber: vhci_hcd.7
[    8.755045][    T1] hub 24-0:1.0: USB hub found
[    8.755802][    T1] hub 24-0:1.0: 8 ports detected
[    8.765569][    T1] vhci_hcd vhci_hcd.8: USB/IP Virtual Host Controller
[    8.767342][    T1] vhci_hcd vhci_hcd.8: new USB bus registered, assigned bus number 25
[    8.769743][    T1] usb usb25: New USB device found, idVendor=1d6b, idProduct=0002, bcdDevice= 6.07
[    8.770946][    T1] usb usb25: New USB device strings: Mfr=3, Product=2, SerialNumber=1
[    8.771995][    T1] usb usb25: Product: USB/IP Virtual Host Controller
[    8.772835][    T1] usb usb25: Manufacturer: Linux 6.7.0-rc2-gbc9807868dfa-dirty vhci_hcd
[    8.773890][    T1] usb usb25: SerialNumber: vhci_hcd.8
[    8.777170][    T1] hub 25-0:1.0: USB hub found
[    8.778130][    T1] hub 25-0:1.0: 8 ports detected
[    8.785406][    T1] vhci_hcd vhci_hcd.8: USB/IP Virtual Host Controller
[    8.787320][    T1] vhci_hcd vhci_hcd.8: new USB bus registered, assigned bus number 26
[    8.789092][    T1] usb usb26: We don't know the algorithms for LPM for this host, disabling LPM.
[    8.790821][    T1] usb usb26: New USB device found, idVendor=1d6b, idProduct=0003, bcdDevice= 6.07
[    8.791968][    T1] usb usb26: New USB device strings: Mfr=3, Product=2, SerialNumber=1
[    8.792971][    T1] usb usb26: Product: USB/IP Virtual Host Controller
[    8.793799][    T1] usb usb26: Manufacturer: Linux 6.7.0-rc2-gbc9807868dfa-dirty vhci_hcd
[    8.794820][    T1] usb usb26: SerialNumber: vhci_hcd.8
[    8.797910][    T1] hub 26-0:1.0: USB hub found
[    8.799080][    T1] hub 26-0:1.0: 8 ports detected
[    8.808647][    T1] vhci_hcd vhci_hcd.9: USB/IP Virtual Host Controller
[    8.810854][    T1] vhci_hcd vhci_hcd.9: new USB bus registered, assigned bus number 27
[    8.812603][    T1] usb usb27: New USB device found, idVendor=1d6b, idProduct=0002, bcdDevice= 6.07
[    8.813780][    T1] usb usb27: New USB device strings: Mfr=3, Product=2, SerialNumber=1
[    8.814816][    T1] usb usb27: Product: USB/IP Virtual Host Controller
[    8.815680][    T1] usb usb27: Manufacturer: Linux 6.7.0-rc2-gbc9807868dfa-dirty vhci_hcd
[    8.816734][    T1] usb usb27: SerialNumber: vhci_hcd.9
[    8.819722][    T1] hub 27-0:1.0: USB hub found
[    8.820932][    T1] hub 27-0:1.0: 8 ports detected
[    8.828589][    T1] vhci_hcd vhci_hcd.9: USB/IP Virtual Host Controller
[    8.830215][    T1] vhci_hcd vhci_hcd.9: new USB bus registered, assigned bus number 28
[    8.831423][    T1] usb usb28: We don't know the algorithms for LPM for this host, disabling LPM.
[    8.832916][    T1] usb usb28: New USB device found, idVendor=1d6b, idProduct=0003, bcdDevice= 6.07
[    8.833959][    T1] usb usb28: New USB device strings: Mfr=3, Product=2, SerialNumber=1
[    8.834911][    T1] usb usb28: Product: USB/IP Virtual Host Controller
[    8.835662][    T1] usb usb28: Manufacturer: Linux 6.7.0-rc2-gbc9807868dfa-dirty vhci_hcd
[    8.836595][    T1] usb usb28: SerialNumber: vhci_hcd.9
[    8.839738][    T1] hub 28-0:1.0: USB hub found
[    8.840441][    T1] hub 28-0:1.0: 8 ports detected
[    8.847351][    T1] vhci_hcd vhci_hcd.10: USB/IP Virtual Host Controller
[    8.851004][    T1] vhci_hcd vhci_hcd.10: new USB bus registered, assigned bus number 29
[    8.852612][    T1] usb usb29: New USB device found, idVendor=1d6b, idProduct=0002, bcdDevice= 6.07
[    8.853725][    T1] usb usb29: New USB device strings: Mfr=3, Product=2, SerialNumber=1
[    8.854716][    T1] usb usb29: Product: USB/IP Virtual Host Controller
[    8.855505][    T1] usb usb29: Manufacturer: Linux 6.7.0-rc2-gbc9807868dfa-dirty vhci_hcd
[    8.856483][    T1] usb usb29: SerialNumber: vhci_hcd.10
[    8.859748][    T1] hub 29-0:1.0: USB hub found
[    8.860699][    T1] hub 29-0:1.0: 8 ports detected
[    8.867660][    T1] vhci_hcd vhci_hcd.10: USB/IP Virtual Host Controller
[    8.869988][    T1] vhci_hcd vhci_hcd.10: new USB bus registered, assigned bus number 30
[    8.871285][    T1] usb usb30: We don't know the algorithms for LPM for this host, disabling LPM.
[    8.872908][    T1] usb usb30: New USB device found, idVendor=1d6b, idProduct=0003, bcdDevice= 6.07
[    8.874036][    T1] usb usb30: New USB device strings: Mfr=3, Product=2, SerialNumber=1
[    8.875175][    T1] usb usb30: Product: USB/IP Virtual Host Controller
[    8.876069][    T1] usb usb30: Manufacturer: Linux 6.7.0-rc2-gbc9807868dfa-dirty vhci_hcd
[    8.877014][    T1] usb usb30: SerialNumber: vhci_hcd.10
[    8.880800][    T1] hub 30-0:1.0: USB hub found
[    8.881502][    T1] hub 30-0:1.0: 8 ports detected
[    8.889695][    T1] vhci_hcd vhci_hcd.11: USB/IP Virtual Host Controller
[    8.891696][    T1] vhci_hcd vhci_hcd.11: new USB bus registered, assigned bus number 31
[    8.893297][    T1] usb usb31: New USB device found, idVendor=1d6b, idProduct=0002, bcdDevice= 6.07
[    8.894425][    T1] usb usb31: New USB device strings: Mfr=3, Product=2, SerialNumber=1
[    8.895383][    T1] usb usb31: Product: USB/IP Virtual Host Controller
[    8.896173][    T1] usb usb31: Manufacturer: Linux 6.7.0-rc2-gbc9807868dfa-dirty vhci_hcd
[    8.897148][    T1] usb usb31: SerialNumber: vhci_hcd.11
[    8.901758][    T1] hub 31-0:1.0: USB hub found
[    8.903437][    T1] hub 31-0:1.0: 8 ports detected
[    8.912457][    T1] vhci_hcd vhci_hcd.11: USB/IP Virtual Host Controller
[    8.914100][    T1] vhci_hcd vhci_hcd.11: new USB bus registered, assigned bus number 32
[    8.916391][    T1] usb usb32: We don't know the algorithms for LPM for this host, disabling LPM.
[    8.917917][    T1] usb usb32: New USB device found, idVendor=1d6b, idProduct=0003, bcdDevice= 6.07
[    8.919273][    T1] usb usb32: New USB device strings: Mfr=3, Product=2, SerialNumber=1
[    8.920235][    T1] usb usb32: Product: USB/IP Virtual Host Controller
[    8.921010][    T1] usb usb32: Manufacturer: Linux 6.7.0-rc2-gbc9807868dfa-dirty vhci_hcd
[    8.921988][    T1] usb usb32: SerialNumber: vhci_hcd.11
[    8.924835][    T1] hub 32-0:1.0: USB hub found
[    8.926089][    T1] hub 32-0:1.0: 8 ports detected
[    8.936330][    T1] vhci_hcd vhci_hcd.12: USB/IP Virtual Host Controller
[    8.938552][    T1] vhci_hcd vhci_hcd.12: new USB bus registered, assigned bus number 33
[    8.940263][    T1] usb usb33: New USB device found, idVendor=1d6b, idProduct=0002, bcdDevice= 6.07
[    8.941465][    T1] usb usb33: New USB device strings: Mfr=3, Product=2, SerialNumber=1
[    8.942509][    T1] usb usb33: Product: USB/IP Virtual Host Controller
[    8.943352][    T1] usb usb33: Manufacturer: Linux 6.7.0-rc2-gbc9807868dfa-dirty vhci_hcd
[    8.944402][    T1] usb usb33: SerialNumber: vhci_hcd.12
[    8.947317][    T1] hub 33-0:1.0: USB hub found
[    8.949146][    T1] hub 33-0:1.0: 8 ports detected
[    8.956352][    T1] vhci_hcd vhci_hcd.12: USB/IP Virtual Host Controller
[    8.958141][    T1] vhci_hcd vhci_hcd.12: new USB bus registered, assigned bus number 34
[    8.961752][    T1] usb usb34: We don't know the algorithms for LPM for this host, disabling LPM.
[    8.963365][    T1] usb usb34: New USB device found, idVendor=1d6b, idProduct=0003, bcdDevice= 6.07
[    8.964411][    T1] usb usb34: New USB device strings: Mfr=3, Product=2, SerialNumber=1
[    8.965336][    T1] usb usb34: Product: USB/IP Virtual Host Controller
[    8.966107][    T1] usb usb34: Manufacturer: Linux 6.7.0-rc2-gbc9807868dfa-dirty vhci_hcd
[    8.967046][    T1] usb usb34: SerialNumber: vhci_hcd.12
[    8.970020][    T1] hub 34-0:1.0: USB hub found
[    8.971224][    T1] hub 34-0:1.0: 8 ports detected
[    8.981365][    T1] vhci_hcd vhci_hcd.13: USB/IP Virtual Host Controller
[    8.983221][    T1] vhci_hcd vhci_hcd.13: new USB bus registered, assigned bus number 35
[    8.984966][    T1] usb usb35: New USB device found, idVendor=1d6b, idProduct=0002, bcdDevice= 6.07
[    8.986135][    T1] usb usb35: New USB device strings: Mfr=3, Product=2, SerialNumber=1
[    8.987139][    T1] usb usb35: Product: USB/IP Virtual Host Controller
[    8.987944][    T1] usb usb35: Manufacturer: Linux 6.7.0-rc2-gbc9807868dfa-dirty vhci_hcd
[    8.989282][    T1] usb usb35: SerialNumber: vhci_hcd.13
[    8.992060][    T1] hub 35-0:1.0: USB hub found
[    8.993351][    T1] hub 35-0:1.0: 8 ports detected
[    9.000702][    T1] vhci_hcd vhci_hcd.13: USB/IP Virtual Host Controller
[    9.002501][    T1] vhci_hcd vhci_hcd.13: new USB bus registered, assigned bus number 36
[    9.003792][    T1] usb usb36: We don't know the algorithms for LPM for this host, disabling LPM.
[    9.005465][    T1] usb usb36: New USB device found, idVendor=1d6b, idProduct=0003, bcdDevice= 6.07
[    9.006613][    T1] usb usb36: New USB device strings: Mfr=3, Product=2, SerialNumber=1
[    9.007641][    T1] usb usb36: Product: USB/IP Virtual Host Controller
[    9.008937][    T1] usb usb36: Manufacturer: Linux 6.7.0-rc2-gbc9807868dfa-dirty vhci_hcd
[    9.009965][    T1] usb usb36: SerialNumber: vhci_hcd.13
[    9.013745][    T1] hub 36-0:1.0: USB hub found
[    9.014688][    T1] hub 36-0:1.0: 8 ports detected
[    9.021982][    T1] vhci_hcd vhci_hcd.14: USB/IP Virtual Host Controller
[    9.025998][    T1] vhci_hcd vhci_hcd.14: new USB bus registered, assigned bus number 37
[    9.027612][    T1] usb usb37: New USB device found, idVendor=1d6b, idProduct=0002, bcdDevice= 6.07
[    9.029067][    T1] usb usb37: New USB device strings: Mfr=3, Product=2, SerialNumber=1
[    9.030024][    T1] usb usb37: Product: USB/IP Virtual Host Controller
[    9.030799][    T1] usb usb37: Manufacturer: Linux 6.7.0-rc2-gbc9807868dfa-dirty vhci_hcd
[    9.031762][    T1] usb usb37: SerialNumber: vhci_hcd.14
[    9.034783][    T1] hub 37-0:1.0: USB hub found
[    9.035573][    T1] hub 37-0:1.0: 8 ports detected
[    9.043489][    T1] vhci_hcd vhci_hcd.14: USB/IP Virtual Host Controller
[    9.045417][    T1] vhci_hcd vhci_hcd.14: new USB bus registered, assigned bus number 38
[    9.046770][    T1] usb usb38: We don't know the algorithms for LPM for this host, disabling LPM.
[    9.048794][    T1] usb usb38: New USB device found, idVendor=1d6b, idProduct=0003, bcdDevice= 6.07
[    9.049953][    T1] usb usb38: New USB device strings: Mfr=3, Product=2, SerialNumber=1
[    9.050970][    T1] usb usb38: Product: USB/IP Virtual Host Controller
[    9.051803][    T1] usb usb38: Manufacturer: Linux 6.7.0-rc2-gbc9807868dfa-dirty vhci_hcd
[    9.052846][    T1] usb usb38: SerialNumber: vhci_hcd.14
[    9.055579][    T1] hub 38-0:1.0: USB hub found
[    9.056795][    T1] hub 38-0:1.0: 8 ports detected
[    9.066295][    T1] vhci_hcd vhci_hcd.15: USB/IP Virtual Host Controller
[    9.068121][    T1] vhci_hcd vhci_hcd.15: new USB bus registered, assigned bus number 39
[    9.069945][    T1] usb usb39: New USB device found, idVendor=1d6b, idProduct=0002, bcdDevice= 6.07
[    9.071052][    T1] usb usb39: New USB device strings: Mfr=3, Product=2, SerialNumber=1
[    9.071989][    T1] usb usb39: Product: USB/IP Virtual Host Controller
[    9.072773][    T1] usb usb39: Manufacturer: Linux 6.7.0-rc2-gbc9807868dfa-dirty vhci_hcd
[    9.073729][    T1] usb usb39: SerialNumber: vhci_hcd.15
[    9.076646][    T1] hub 39-0:1.0: USB hub found
[    9.077516][    T1] hub 39-0:1.0: 8 ports detected
[    9.083371][    T1] vhci_hcd vhci_hcd.15: USB/IP Virtual Host Controller
[    9.086332][    T1] vhci_hcd vhci_hcd.15: new USB bus registered, assigned bus number 40
[    9.087600][    T1] usb usb40: We don't know the algorithms for LPM for this host, disabling LPM.
[    9.089481][    T1] usb usb40: New USB device found, idVendor=1d6b, idProduct=0003, bcdDevice= 6.07
[    9.090629][    T1] usb usb40: New USB device strings: Mfr=3, Product=2, SerialNumber=1
[    9.091638][    T1] usb usb40: Product: USB/IP Virtual Host Controller
[    9.092442][    T1] usb usb40: Manufacturer: Linux 6.7.0-rc2-gbc9807868dfa-dirty vhci_hcd
[    9.093422][    T1] usb usb40: SerialNumber: vhci_hcd.15
[    9.096491][    T1] hub 40-0:1.0: USB hub found
[    9.097261][    T1] hub 40-0:1.0: 8 ports detected
[    9.106579][    T1] usbcore: registered new device driver usbip-host
[    9.113109][    T1] i8042: PNP: PS/2 Controller [PNP0303:KBD,PNP0f13:MOU] at 0x60,0x64 irq 1,12
[    9.115624][    T1] serio: i8042 KBD port at 0x60,0x64 irq 1
[    9.121491][    T1] serio: i8042 AUX port at 0x60,0x64 irq 12
[    9.125805][    T1] mousedev: PS/2 mouse device common for all mice
[    9.129712][    T1] usbcore: registered new interface driver appletouch
[    9.130650][    T1] usbcore: registered new interface driver bcm5974
[    9.131684][    T1] usbcore: registered new interface driver synaptics_usb
[    9.132602][    T1] usbcore: registered new interface driver iforce
[    9.133553][    T1] usbcore: registered new interface driver xpad
[    9.134396][    T1] usbcore: registered new interface driver usb_acecad
[    9.135284][    T1] usbcore: registered new interface driver aiptek
[    9.136136][    T1] usbcore: registered new interface driver hanwang
[    9.136983][    T1] usbcore: registered new interface driver kbtab
[    9.137811][    T1] usbcore: registered new interface driver pegasus_notetaker
[    9.141286][  T745] input: AT Translated Set 2 keyboard as /devices/platform/i8042/serio0/input/input1
[    9.154413][    T1] usbcore: registered new interface driver usbtouchscreen
[    9.155860][    T1] usbcore: registered new interface driver sur40
[    9.157218][    T1] usbcore: registered new interface driver ati_remote2
[    9.158078][    T1] cm109: Keymap for Komunikate KIP1000 phone loaded
[    9.160406][    T1] usbcore: registered new interface driver cm109
[    9.161221][    T1] cm109: CM109 phone driver: 20080805 (C) Alfred E. Heggestad
[    9.162671][    T1] usbcore: registered new interface driver ims_pcu
[    9.164040][    T1] usbcore: registered new interface driver keyspan_remote
[    9.165553][    T1] usbcore: registered new interface driver powermate
[    9.167581][    T1] usbcore: registered new interface driver yealink
[    9.173059][    T1] rtc_cmos 00:05: RTC can wake from S4
[    9.180868][    T1] rtc_cmos 00:05: registered as rtc0
[    9.181701][    T1] rtc_cmos 00:05: alarms up to one day, y3k, 242 bytes nvram, hpet irqs
[    9.184608][    T1] i2c_dev: i2c /dev entries driver
[    9.185669][    T1] usbcore: registered new interface driver i2c-diolan-u2c
[    9.186755][    T1] usbcore: registered new interface driver RobotFuzz Open Source InterFace, OSIF
[    9.187996][    T1] usbcore: registered new interface driver i2c-tiny-usb
[    9.198977][    T1] usbcore: registered new interface driver igorplugusb
[    9.200499][    T1] usbcore: registered new interface driver iguanair
[    9.201867][    T1] usbcore: registered new interface driver imon
[    9.203279][    T1] usbcore: registered new interface driver mceusb
[    9.204606][    T1] usbcore: registered new interface driver redrat3
[    9.205706][    T1] usbcore: registered new interface driver streamzap
[    9.207407][    T1] usbcore: registered new interface driver ttusbir
[    9.210644][    T1] usbcore: registered new interface driver ati_remote
[    9.212512][    T1] b2c2-flexcop: B2C2 FlexcopII/II(b)/III digital TV receiver chip loaded successfully
[    9.214317][    T1] usbcore: registered new interface driver b2c2_flexcop_usb
[    9.215448][    T1] usbcore: registered new interface driver dvb_usb_vp7045
[    9.217155][    T1] usbcore: registered new interface driver dvb_usb_vp702x
[    9.218685][    T1] usbcore: registered new interface driver dvb_usb_gp8psk
[    9.220127][    T1] usbcore: registered new interface driver dvb_usb_dtt200u
[    9.221546][    T1] usbcore: registered new interface driver dvb_usb_a800
[    9.223001][    T1] usbcore: registered new interface driver dvb_usb_dibusb_mb
[    9.224098][    T1] usbcore: registered new interface driver dvb_usb_dibusb_mc
[    9.225151][    T1] usbcore: registered new interface driver dvb_usb_nova_t_usb2
[    9.226199][    T1] usbcore: registered new interface driver dvb_usb_umt_010
[    9.227209][    T1] usbcore: registered new interface driver dvb_usb_m920x
[    9.231309][    T1] usbcore: registered new interface driver dvb_usb_digitv
[    9.232757][    T1] usbcore: registered new interface driver dvb_usb_cxusb
[    9.234208][    T1] usbcore: registered new interface driver dvb_usb_ttusb2
[    9.235740][    T1] usbcore: registered new interface driver dvb_usb_dib0700
[    9.237158][    T1] usbcore: registered new interface driver opera1
[    9.238568][    T1] usbcore: registered new interface driver dvb_usb_af9005
[    9.239482][    T1] failing symbol_get of non-GPLONLY symbol af9005_rc_decode.
[    9.240928][    T1] failing symbol_get of non-GPLONLY symbol af9005_rc_decode.
[    9.241861][    T1] failing symbol_get of non-GPLONLY symbol rc_map_af9005_table.
[    9.243271][    T1] failing symbol_get of non-GPLONLY symbol rc_map_af9005_table.
[    9.244263][    T1] failing symbol_get of non-GPLONLY symbol rc_map_af9005_table_size.
[    9.245693][    T1] failing symbol_get of non-GPLONLY symbol rc_map_af9005_table_size.
[    9.246689][    T1] af9005: af9005_rc_decode function not found, disabling remote
[    9.248389][    T1] usbcore: registered new interface driver pctv452e
[    9.249771][    T1] usbcore: registered new interface driver dw2102
[    9.251125][    T1] usbcore: registered new interface driver dvb_usb_dtv5100
[    9.252544][    T1] usbcore: registered new interface driver cinergyT2
[    9.253898][    T1] usbcore: registered new interface driver dvb_usb_az6027
[    9.255376][    T1] usbcore: registered new interface driver dvb_usb_technisat_usb2
[    9.256890][    T1] usbcore: registered new interface driver dvb_usb_af9015
[    9.259163][    T1] usbcore: registered new interface driver dvb_usb_af9035
[    9.260630][    T1] usbcore: registered new interface driver dvb_usb_anysee
[    9.262028][    T1] usbcore: registered new interface driver dvb_usb_au6610
[    9.263444][    T1] usbcore: registered new interface driver dvb_usb_az6007
[    9.264845][    T1] usbcore: registered new interface driver dvb_usb_ce6230
[    9.266240][    T1] usbcore: registered new interface driver dvb_usb_ec168
[    9.267635][    T1] usbcore: registered new interface driver dvb_usb_lmedm04
[    9.269572][    T1] usbcore: registered new interface driver dvb_usb_gl861
[    9.271032][    T1] usbcore: registered new interface driver dvb_usb_mxl111sf
[    9.272483][    T1] usbcore: registered new interface driver dvb_usb_rtl28xxu
[    9.273904][    T1] usbcore: registered new interface driver dvb_usb_dvbsky
[    9.275351][    T1] usbcore: registered new interface driver zd1301
[    9.276560][    T1] usbcore: registered new interface driver s2255
[    9.278190][    T1] usbcore: registered new interface driver smsusb
[    9.280052][    T1] usbcore: registered new interface driver ttusb
[    9.281360][    T1] usbcore: registered new interface driver ttusb-dec
[    9.282726][    T1] usbcore: registered new interface driver Abilis Systems as10x usb driver
[    9.284376][    T1] usbcore: registered new interface driver airspy
[    9.285190][    T1] gspca_main: v2.14.0 registered
[    9.285991][    T1] usbcore: registered new interface driver benq
[    9.287622][    T1] usbcore: registered new interface driver conex
[    9.289427][    T1] usbcore: registered new interface driver cpia1
[    9.290810][    T1] usbcore: registered new interface driver dtcs033
[    9.292155][    T1] usbcore: registered new interface driver etoms
[    9.293498][    T1] usbcore: registered new interface driver finepix
[    9.294527][    T1] usbcore: registered new interface driver jeilinj
[    9.296137][    T1] usbcore: registered new interface driver jl2005bcd
[    9.297511][    T1] usbcore: registered new interface driver kinect
[    9.299488][    T1] usbcore: registered new interface driver konica
[    9.300850][    T1] usbcore: registered new interface driver mars
[    9.301839][    T1] usbcore: registered new interface driver mr97310a
[    9.303497][    T1] usbcore: registered new interface driver nw80x
[    9.304839][    T1] usbcore: registered new interface driver ov519
[    9.306143][    T1] usbcore: registered new interface driver ov534
[    9.307458][    T1] usbcore: registered new interface driver ov534_9
[    9.309295][    T1] usbcore: registered new interface driver pac207
[    9.310378][    T1] usbcore: registered new interface driver gspca_pac7302
[    9.312145][    T1] usbcore: registered new interface driver pac7311
[    9.313524][    T1] usbcore: registered new interface driver se401
[    9.314885][    T1] usbcore: registered new interface driver sn9c2028
[    9.316302][    T1] usbcore: registered new interface driver gspca_sn9c20x
[    9.317731][    T1] usbcore: registered new interface driver sonixb
[    9.319466][    T1] usbcore: registered new interface driver sonixj
[    9.321120][    T1] usbcore: registered new interface driver spca500
[    9.322480][    T1] usbcore: registered new interface driver spca501
[    9.323893][    T1] usbcore: registered new interface driver spca505
[    9.325272][    T1] usbcore: registered new interface driver spca506
[    9.326610][    T1] usbcore: registered new interface driver spca508
[    9.327659][    T1] usbcore: registered new interface driver spca561
[    9.329390][    T1] usbcore: registered new interface driver spca1528
[    9.330345][    T1] usbcore: registered new interface driver sq905
[    9.331244][    T1] usbcore: registered new interface driver sq905c
[    9.332186][    T1] usbcore: registered new interface driver sq930x
[    9.333142][    T1] usbcore: registered new interface driver sunplus
[    9.334047][    T1] usbcore: registered new interface driver stk014
[    9.334964][    T1] usbcore: registered new interface driver stk1135
[    9.335870][    T1] usbcore: registered new interface driver stv0680
[    9.336792][    T1] usbcore: registered new interface driver t613
[    9.337674][    T1] usbcore: registered new interface driver gspca_topro
[    9.344224][    T1] usbcore: registered new interface driver touptek
[    9.345597][    T1] usbcore: registered new interface driver tv8532
[    9.346956][    T1] usbcore: registered new interface driver vc032x
[    9.348454][    T1] usbcore: registered new interface driver vicam
[    9.349805][    T1] usbcore: registered new interface driver xirlink-cit
[    9.351415][    T1] usbcore: registered new interface driver gspca_zc3xx
[    9.352799][    T1] usbcore: registered new interface driver ALi m5602
[    9.354171][    T1] usbcore: registered new interface driver STV06xx
[    9.355615][    T1] usbcore: registered new interface driver gspca_gl860
[    9.357016][    T1] usbcore: registered new interface driver hackrf
[    9.359252][    T1] usbcore: registered new interface driver msi2500
