c[?7l[2J[0mSeaBIOS (version 1.15.0-1)


iPXE (https://ipxe.org) 00:03.0 CA00 PCI2.10 PnP PMM+7FF8B310+7FECB310 CA00
Press Ctrl-B to configure iPXE (PCI 00:03.0)...                                                                               


Booting from ROM...
c[?7l[2Jearly console in extract_kernel
input_data: 0x000000000a6c5298
input_len: 0x0000000003520ddf
output: 0x0000000001000000
output_len: 0x000000000ade1b28
kernel_total_size: 0x000000000cc26000
needed_size: 0x000000000ce00000
trampoline_32bit: 0x0000000000000000

Decompressing Linux... Parsing ELF... done.
Booting the kernel (entry_offset: 0x0000000000000080).
[    0.000000][    T0] Linux version 6.7.0-rc2-ga7e294fdb620-dirty (jjy@jjy) (gcc (Ubuntu 11.4.0-1ubuntu1~22.04) 11.4.0, GNU ld (GNU Binutils for Ubuntu) 2.38) #36 SMP PREEMPT_DYNAMIC Thu Nov 30 22:54:32 KST 2023
[    0.000000][    T0] Command line: console=ttyS0 root=/dev/sda earlyprintk=serial net.ifnames=0
[    0.000000][    T0] KERNEL supported cpus:
[    0.000000][    T0]   Intel GenuineIntel
[    0.000000][    T0]   AMD AuthenticAMD
[    0.000000][    T0] BIOS-provided physical RAM map:
[    0.000000][    T0] BIOS-e820: [mem 0x0000000000000000-0x000000000009fbff] usable
[    0.000000][    T0] BIOS-e820: [mem 0x000000000009fc00-0x000000000009ffff] reserved
[    0.000000][    T0] BIOS-e820: [mem 0x00000000000f0000-0x00000000000fffff] reserved
[    0.000000][    T0] BIOS-e820: [mem 0x0000000000100000-0x000000007ffdffff] usable
[    0.000000][    T0] BIOS-e820: [mem 0x000000007ffe0000-0x000000007fffffff] reserved
[    0.000000][    T0] BIOS-e820: [mem 0x00000000feffc000-0x00000000feffffff] reserved
[    0.000000][    T0] BIOS-e820: [mem 0x00000000fffc0000-0x00000000ffffffff] reserved
[    0.000000][    T0] printk: legacy bootconsole [earlyser0] enabled
[    0.000000][    T0] ERROR: earlyprintk= earlyser already used
[    0.000000][    T0] ERROR: earlyprintk= earlyser already used
[    0.000000][    T0] ERROR: earlyprintk= earlyser already used
[    0.000000][    T0] **********************************************************
[    0.000000][    T0] **   NOTICE NOTICE NOTICE NOTICE NOTICE NOTICE NOTICE   **
[    0.000000][    T0] **                                                      **
[    0.000000][    T0] ** This system shows unhashed kernel memory addresses   **
[    0.000000][    T0] ** via the console, logs, and other interfaces. This    **
[    0.000000][    T0] ** might reduce the security of your system.            **
[    0.000000][    T0] **                                                      **
[    0.000000][    T0] ** If you see this message and you are not debugging    **
[    0.000000][    T0] ** the kernel, report this immediately to your system   **
[    0.000000][    T0] ** administrator!                                       **
[    0.000000][    T0] **                                                      **
[    0.000000][    T0] **   NOTICE NOTICE NOTICE NOTICE NOTICE NOTICE NOTICE   **
[    0.000000][    T0] **********************************************************
[    0.000000][    T0] Malformed early option 'vsyscall'
[    0.000000][    T0] NX (Execute Disable) protection: active
[    0.000000][    T0] APIC: Static calls initialized
[    0.000000][    T0] SMBIOS 2.8 present.
[    0.000000][    T0] DMI: QEMU Standard PC (i440FX + PIIX, 1996), BIOS 1.15.0-1 04/01/2014
[    0.000000][    T0] Hypervisor detected: KVM
[    0.000000][    T0] kvm-clock: Using msrs 4b564d01 and 4b564d00
[    0.000006][    T0] kvm-clock: using sched offset of 966536024 cycles
[    0.000479][    T0] clocksource: kvm-clock: mask: 0xffffffffffffffff max_cycles: 0x1cd42e4dffb, max_idle_ns: 881590591483 ns
[    0.001877][    T0] tsc: Detected 1996.800 MHz processor
[    0.003227][    T0] last_pfn = 0x7ffe0 max_arch_pfn = 0x400000000
[    0.003736][    T0] MTRR map: 4 entries (3 fixed + 1 variable; max 19), built from 8 variable MTRRs
[    0.004504][    T0] x86/PAT: Configuration [0-7]: WB  WC  UC- UC  WB  WP  UC- WT  
[    0.008443][    T0] found SMP MP-table at [mem 0x000f5ba0-0x000f5baf]
[    0.009661][    T0] ACPI: Early table checksum verification disabled
[    0.010129][    T0] ACPI: RSDP 0x00000000000F59E0 000014 (v00 BOCHS )
[    0.010611][    T0] ACPI: RSDT 0x000000007FFE1905 000034 (v01 BOCHS  BXPC     00000001 BXPC 00000001)
[    0.011302][    T0] ACPI: FACP 0x000000007FFE17B9 000074 (v01 BOCHS  BXPC     00000001 BXPC 00000001)
[    0.012007][    T0] ACPI: DSDT 0x000000007FFE0040 001779 (v01 BOCHS  BXPC     00000001 BXPC 00000001)
[    0.012674][    T0] ACPI: FACS 0x000000007FFE0000 000040
[    0.013089][    T0] ACPI: APIC 0x000000007FFE182D 000078 (v01 BOCHS  BXPC     00000001 BXPC 00000001)
[    0.013795][    T0] ACPI: HPET 0x000000007FFE18A5 000038 (v01 BOCHS  BXPC     00000001 BXPC 00000001)
[    0.014515][    T0] ACPI: WAET 0x000000007FFE18DD 000028 (v01 BOCHS  BXPC     00000001 BXPC 00000001)
[    0.015217][    T0] ACPI: Reserving FACP table memory at [mem 0x7ffe17b9-0x7ffe182c]
[    0.015792][    T0] ACPI: Reserving DSDT table memory at [mem 0x7ffe0040-0x7ffe17b8]
[    0.016414][    T0] ACPI: Reserving FACS table memory at [mem 0x7ffe0000-0x7ffe003f]
[    0.017009][    T0] ACPI: Reserving APIC table memory at [mem 0x7ffe182d-0x7ffe18a4]
[    0.017588][    T0] ACPI: Reserving HPET table memory at [mem 0x7ffe18a5-0x7ffe18dc]
[    0.018161][    T0] ACPI: Reserving WAET table memory at [mem 0x7ffe18dd-0x7ffe1904]
[    0.019075][    T0] No NUMA configuration found
[    0.019408][    T0] Faking a node at [mem 0x0000000000000000-0x000000007ffdffff]
[    0.019967][    T0] Faking node 0 at [mem 0x0000000000000000-0x000000003fffffff] (1024MB)
[    0.020615][    T0] Faking node 1 at [mem 0x0000000040000000-0x000000007ffdffff] (1023MB)
[    0.021287][    T0] NODE_DATA(0) allocated [mem 0x3fffa000-0x3fffffff]
[    0.022277][    T0] NODE_DATA(1) allocated [mem 0x7ffd9000-0x7ffdefff]
[    0.030182][    T0] Zone ranges:
[    0.030554][    T0]   DMA      [mem 0x0000000000001000-0x0000000000ffffff]
[    0.031261][    T0]   DMA32    [mem 0x0000000001000000-0x000000007ffdffff]
[    0.031977][    T0]   Normal   empty
[    0.032360][    T0]   Device   empty
[    0.032721][    T0] Movable zone start for each node
[    0.033249][    T0] Early memory node ranges
[    0.033681][    T0]   node   0: [mem 0x0000000000001000-0x000000000009efff]
[    0.034408][    T0]   node   0: [mem 0x0000000000100000-0x000000003fffffff]
[    0.035132][    T0]   node   1: [mem 0x0000000040000000-0x000000007ffdffff]
[    0.035628][    T0] Initmem setup node 0 [mem 0x0000000000001000-0x000000003fffffff]
[    0.036188][    T0] Initmem setup node 1 [mem 0x0000000040000000-0x000000007ffdffff]
[    0.036759][    T0] On node 0, zone DMA: 1 pages in unavailable ranges
[    0.036860][    T0] On node 0, zone DMA: 97 pages in unavailable ranges
[    0.051636][    T0] On node 1, zone DMA32: 32 pages in unavailable ranges
[    0.292000][    T0] kasan: KernelAddressSanitizer initialized
[    0.294301][    T0] ACPI: PM-Timer IO Port: 0x608
[    0.295033][    T0] ACPI: LAPIC_NMI (acpi_id[0xff] dfl dfl lint[0x1])
[    0.296067][    T0] IOAPIC[0]: apic_id 0, version 17, address 0xfec00000, GSI 0-23
[    0.297207][    T0] ACPI: INT_SRC_OVR (bus 0 bus_irq 0 global_irq 2 dfl dfl)
[    0.298184][    T0] ACPI: INT_SRC_OVR (bus 0 bus_irq 5 global_irq 5 high level)
[    0.299067][    T0] ACPI: INT_SRC_OVR (bus 0 bus_irq 9 global_irq 9 high level)
[    0.299716][    T0] ACPI: INT_SRC_OVR (bus 0 bus_irq 10 global_irq 10 high level)
[    0.300307][    T0] ACPI: INT_SRC_OVR (bus 0 bus_irq 11 global_irq 11 high level)
[    0.300924][    T0] ACPI: Using ACPI (MADT) for SMP configuration information
[    0.301471][    T0] ACPI: HPET id: 0x8086a201 base: 0xfed00000
[    0.301949][    T0] smpboot: Allowing 1 CPUs, 0 hotplug CPUs
[    0.302557][    T0] kvm-guest: APIC: eoi() replaced with kvm_guest_apic_eoi_write()
[    0.303257][    T0] PM: hibernation: Registered nosave memory: [mem 0x00000000-0x00000fff]
[    0.303899][    T0] PM: hibernation: Registered nosave memory: [mem 0x0009f000-0x0009ffff]
[    0.304621][    T0] PM: hibernation: Registered nosave memory: [mem 0x000a0000-0x000effff]
[    0.305323][    T0] PM: hibernation: Registered nosave memory: [mem 0x000f0000-0x000fffff]
[    0.306043][    T0] [mem 0x80000000-0xfeffbfff] available for PCI devices
[    0.306585][    T0] Booting paravirtualized kernel on KVM
[    0.307098][    T0] clocksource: refined-jiffies: mask: 0xffffffff max_cycles: 0xffffffff, max_idle_ns: 19112604462750000 ns
[    0.336612][    T0] setup_percpu: NR_CPUS:8 nr_cpumask_bits:1 nr_cpu_ids:1 nr_node_ids:2
[    0.337829][    T0] percpu: Embedded 73 pages/cpu s258184 r8192 d32632 u2097152
[    0.338590][    T0] kvm-guest: PV spinlocks disabled, no host support
[    0.339252][    T0] Kernel command line: earlyprintk=serial net.ifnames=0 sysctl.kernel.hung_task_all_cpu_backtrace=1 ima_policy=tcb nf-conntrack-ftp.ports=20000 nf-conntrack-tftp.ports=20000 nf-conntrack-sip.ports=20000 nf-conntrack-irc.ports=20000 nf-conntrack-sane.ports=20000 binder.debug_mask=0 rcupdate.rcu_expedited=1 rcupdate.rcu_cpu_stall_cputime=1 no_hash_pointers page_owner=on sysctl.vm.nr_hugepages=4 sysctl.vm.nr_overcommit_hugepages=4 secretmem.enable=1 sysctl.max_rcu_stall_to_panic=1 msr.allow_writes=off coredump_filter=0xffff root=/dev/sda console=ttyS0 vsyscall=native numa=fake=2 kvm-intel.nested=1 spec_store_bypass_disable=prctl nopcid vivid.n_devs=16 vivid.multiplanar=1,2,1,2,1,2,1,2,1,2,1,2,1,2,1,2 netrom.nr_ndevs=16 rose.rose_ndevs=16 smp.csd_lock_timeout=100000 watchdog_thresh=55 workqueue.watchdog_thresh=140 sysctl.net.core.netdev_unregister_timeout_secs=140 dummy_hcd.num=8 panic_on_warn=1 console=ttyS0 root=/dev/sda earlyprintk=serial net.ifnames=0
[    0.350104][    T0] Unknown kernel command line parameters "spec_store_bypass_disable=prctl", will be passed to user space.
[    0.351308][    T0] Fallback order for Node 0: 0 1 
[    0.351324][    T0] Fallback order for Node 1: 1 0 
[    0.351333][    T0] Built 2 zonelists, mobility grouping on.  Total pages: 515808
[    0.352620][    T0] Policy zone: DMA32
[    0.353507][    T0] mem auto-init: stack:off, heap alloc:on, heap free:off
[    0.354057][    T0] stackdepot: allocating hash table via alloc_large_system_hash
[    0.356536][    T0] stackdepot hash table entries: 1048576 (order: 11, 8388608 bytes, linear)
[    0.577425][    T0] Memory: 1554728K/2096632K available (77824K kernel code, 38182K rwdata, 31716K rodata, 3884K init, 34940K bss, 541648K reserved, 0K cma-reserved)
[    0.579616][    T0] SLUB: HWalign=64, Order=0-3, MinObjects=0, CPUs=1, Nodes=2
[    0.611522][    T0] allocated 37748736 bytes of page_ext
[    0.612155][    T0] Node 0, zone      DMA: page owner found early allocated 0 pages
[    0.616001][    T0] Node 0, zone    DMA32: page owner found early allocated 4704 pages
[    0.618115][    T0] Node 1, zone    DMA32: page owner found early allocated 4611 pages
[    0.619118][    T0] ftrace: allocating 138208 entries in 540 pages
[    0.648506][    T0] ftrace: allocated 540 pages with 4 groups
[    0.649342][    T0] Dynamic Preempt: full
[    0.650171][    T0] Running RCU self tests
[    0.650472][    T0] Running RCU synchronous self tests
[    0.650891][    T0] rcu: Preemptible hierarchical RCU implementation.
[    0.651384][    T0] rcu: 	RCU lockdep checking is enabled.
[    0.651778][    T0] rcu: 	RCU restricting CPUs from NR_CPUS=8 to nr_cpu_ids=1.
[    0.652294][    T0] rcu: 	RCU callback double-/use-after-free debug is enabled.
[    0.652799][    T0] rcu: 	RCU debug extended QS entry/exit.
[    0.653184][    T0] 	All grace periods are expedited (rcu_expedited).
[    0.653631][    T0] 	Trampoline variant of Tasks RCU enabled.
[    0.654028][    T0] 	Rude variant of Tasks RCU enabled.
[    0.654389][    T0] 	Tracing variant of Tasks RCU enabled.
[    0.654768][    T0] rcu: RCU calculated value of scheduler-enlistment delay is 10 jiffies.
[    0.655340][    T0] rcu: Adjusting geometry for rcu_fanout_leaf=16, nr_cpu_ids=1
[    0.655990][    T0] Running RCU synchronous self tests
[    0.705007][    T0] NR_IRQS: 4352, nr_irqs: 256, preallocated irqs: 16
[    0.706063][    T0] rcu: srcu_init: Setting srcu_struct sizes based on contention.
[    0.706710][    T0] kfence: initialized - using 2097152 bytes for 255 objects at 0xffff88807ec00000-0xffff88807ee00000
[    0.711381][    T0] Console: colour VGA+ 80x25
[    0.711752][    T0] printk: legacy console [ttyS0] enabled
[    0.711752][    T0] printk: legacy console [ttyS0] enabled
[    0.712528][    T0] printk: legacy bootconsole [earlyser0] disabled
[    0.712528][    T0] printk: legacy bootconsole [earlyser0] disabled
[    0.713430][    T0] Lock dependency validator: Copyright (c) 2006 Red Hat, Inc., Ingo Molnar
[    0.714026][    T0] ... MAX_LOCKDEP_SUBCLASSES:  8
[    0.714368][    T0] ... MAX_LOCK_DEPTH:          48
[    0.714715][    T0] ... MAX_LOCKDEP_KEYS:        8192
[    0.715074][    T0] ... CLASSHASH_SIZE:          4096
[    0.715432][    T0] ... MAX_LOCKDEP_ENTRIES:     131072
[    0.715803][    T0] ... MAX_LOCKDEP_CHAINS:      262144
[    0.716174][    T0] ... CHAINHASH_SIZE:          131072
[    0.716555][    T0]  memory used by lock dependency info: 20785 kB
[    0.716991][    T0]  memory used for stack traces: 8320 kB
[    0.717382][    T0]  per task-struct memory footprint: 1920 bytes
[    0.717922][    T0] mempolicy: Enabling automatic NUMA balancing. Configure with numa_balancing= or the kernel.numa_balancing sysctl
[    0.718785][    T0] ACPI: Core revision 20230628
[    0.719532][    T0] clocksource: hpet: mask: 0xffffffff max_cycles: 0xffffffff, max_idle_ns: 19112604467 ns
[    0.720468][    T0] APIC: Switch to symmetric I/O mode setup
[    0.721019][    T0] x2apic enabled
[    0.721628][    T0] APIC: Switched APIC routing to: physical x2apic
[    0.723178][    T0] ..TIMER: vector=0x30 apic1=0 pin1=2 apic2=-1 pin2=-1
[    0.723656][    T0] clocksource: tsc-early: mask: 0xffffffffffffffff max_cycles: 0x3990bec8342, max_idle_ns: 881590769617 ns
[    0.724462][    T0] Calibrating delay loop (skipped) preset value.. 3993.60 BogoMIPS (lpj=19968000)
[    0.725287][    T0] Last level iTLB entries: 4KB 0, 2MB 0, 4MB 0
[    0.725706][    T0] Last level dTLB entries: 4KB 0, 2MB 0, 4MB 0, 1GB 0
[    0.726174][    T0] Spectre V1 : Mitigation: usercopy/swapgs barriers and __user pointer sanitization
[    0.726816][    T0] Spectre V2 : Kernel not compiled with retpoline; no mitigation available!
[    0.726819][    T0] Spectre V2 : Vulnerable
[    0.727705][    T0] Spectre V2 : Spectre v2 / SpectreRSB mitigation: Filling RSB on context switch
[    0.728331][    T0] Speculative Store Bypass: Vulnerable
[    0.728713][    T0] MDS: Vulnerable: Clear CPU buffers attempted, no microcode
[    0.729213][    T0] MMIO Stale Data: Unknown: No mitigations
[    0.729625][    T0] x86/fpu: x87 FPU will use FXSAVE
[    0.784207][    T0] Freeing SMP alternatives memory: 124K
[    0.784464][    T0] pid_max: default: 32768 minimum: 301
[    0.785148][    T0] LSM: initializing lsm=lockdown,capability,landlock,yama,safesetid,tomoyo,apparmor,bpf,integrity
[    0.786009][    T0] landlock: Up and running.
[    0.786344][    T0] Yama: becoming mindful.
[    0.786729][    T0] TOMOYO Linux initialized
[    0.787238][    T0] AppArmor: AppArmor initialized
[    0.787593][    T0] LSM support for eBPF active
[    0.790922][    T0] Dentry cache hash table entries: 262144 (order: 9, 2097152 bytes, vmalloc)
[    0.792871][    T0] Inode-cache hash table entries: 131072 (order: 8, 1048576 bytes, vmalloc)
[    0.793561][    T0] Mount-cache hash table entries: 4096 (order: 3, 32768 bytes, vmalloc)
[    0.794200][    T0] Mountpoint-cache hash table entries: 4096 (order: 3, 32768 bytes, vmalloc)
[    0.796201][    T0] Running RCU synchronous self tests
[    0.796523][    T0] Running RCU synchronous self tests
[    0.917821][    T1] smpboot: CPU0: Intel QEMU Virtual CPU version 2.5+ (family: 0xf, model: 0x6b, stepping: 0x1)
[    0.919749][    T1] RCU Tasks: Setting shift to 0 and lim to 1 rcu_task_cb_adjust=1.
[    0.920244][    T1] RCU Tasks Rude: Setting shift to 0 and lim to 1 rcu_task_cb_adjust=1.
[    0.920746][    T1] RCU Tasks Trace: Setting shift to 0 and lim to 1 rcu_task_cb_adjust=1.
[    0.921242][    T1] Running RCU Tasks wait API self tests
[    1.024690][    T1] Running RCU Tasks Rude wait API self tests
[    1.025367][    T1] Running RCU Tasks Trace wait API self tests
[    1.025915][    T1] Performance Events: unsupported Netburst CPU model 107 no PMU driver, software events only.
[    1.026763][    T1] signal: max sigframe size: 1440
[    1.027548][    T1] rcu: Hierarchical SRCU implementation.
[    1.028006][    T1] rcu: 	Max phase no-delay instances is 1000.
[    1.032251][    T1] NMI watchdog: Perf NMI watchdog permanently disabled
[    1.033160][    T1] smp: Bringing up secondary CPUs ...
[    1.033796][    T1] smp: Brought up 2 nodes, 1 CPU
[    1.034224][    T1] smpboot: Max logical packages: 1
[    1.034584][    T1] smpboot: Total of 1 processors activated (3993.60 BogoMIPS)
[    1.036701][    T1] devtmpfs: initialized
[    1.037850][    T1] x86/mm: Memory block size: 128MB
[    1.044517][   T16] Callback from call_rcu_tasks_trace() invoked.
[    1.057421][    T1] Running RCU synchronous self tests
[    1.057904][    T1] Running RCU synchronous self tests
[    1.058507][    T1] clocksource: jiffies: mask: 0xffffffff max_cycles: 0xffffffff, max_idle_ns: 19112604462750000 ns
[    1.059523][    T1] futex hash table entries: 256 (order: 3, 32768 bytes, vmalloc)
[    1.062870][    T1] PM: RTC time: 09:10:41, date: 2023-12-01
[    1.072738][    T1] NET: Registered PF_NETLINK/PF_ROUTE protocol family
[    1.077002][    T1] audit: initializing netlink subsys (disabled)
[    1.077923][   T23] audit: type=2000 audit(1701421842.599:1): state=initialized audit_enabled=0 res=1
[    1.080527][    T1] thermal_sys: Registered thermal governor 'step_wise'
[    1.080532][    T1] thermal_sys: Registered thermal governor 'user_space'
[    1.081290][    T1] cpuidle: using governor menu
[    1.082338][    T1] NET: Registered PF_QIPCRTR protocol family
[    1.086344][    T1] dca service started, version 1.12.1
[    1.086936][    T1] PCI: Using configuration type 1 for base access
[    1.115174][    T1] HugeTLB: registered 2.00 MiB page size, pre-allocated 0 pages
[    1.115850][    T1] HugeTLB: 28 KiB vmemmap can be freed for a 2.00 MiB page
[    1.126278][    T1] cryptd: max_cpu_qlen set to 1000
[    1.135319][   T15] Callback from call_rcu_tasks_rude() invoked.
[    1.137159][    T1] raid6: skipped pq benchmark and selected sse2x4
[    1.137717][    T1] raid6: using intx1 recovery algorithm
[    1.138934][    T1] ACPI: Added _OSI(Module Device)
[    1.139373][    T1] ACPI: Added _OSI(Processor Device)
[    1.139827][    T1] ACPI: Added _OSI(3.0 _SCP Extensions)
[    1.140303][    T1] ACPI: Added _OSI(Processor Aggregator Device)
[    1.231672][    T1] ACPI: 1 ACPI AML tables successfully acquired and loaded
[    1.256143][    T1] ACPI: _OSC evaluation for CPUs failed, trying _PDC
[    1.260155][    T1] ACPI: Interpreter enabled
[    1.260742][    T1] ACPI: PM: (supports S0 S3 S4 S5)
[    1.261202][    T1] ACPI: Using IOAPIC for interrupt routing
[    1.261851][    T1] PCI: Using host bridge windows from ACPI; if necessary, use "pci=nocrs" and report a bug
[    1.262715][    T1] PCI: Using E820 reservations for host bridge windows
[    1.285349][    T1] ACPI: Enabled 2 GPEs in block 00 to 0F
[    1.407180][    T1] ACPI: PCI Root Bridge [PCI0] (domain 0000 [bus 00-ff])
[    1.407823][    T1] acpi PNP0A03:00: _OSC: OS supports [ASPM ClockPM Segments MSI HPX-Type3]
[    1.408523][    T1] acpi PNP0A03:00: _OSC: not requesting OS control; OS requires [ExtendedConfig ASPM ClockPM MSI]
[    1.409686][    T1] acpi PNP0A03:00: fail to add MMCONFIG information, can't access extended configuration space under this bridge
[    1.412135][    T1] PCI host bridge to bus 0000:00
[    1.412534][    T1] pci_bus 0000:00: Unknown NUMA node; performance will be reduced
[    1.413162][    T1] pci_bus 0000:00: root bus resource [io  0x0000-0x0cf7 window]
[    1.413795][    T1] pci_bus 0000:00: root bus resource [io  0x0d00-0xffff window]
[    1.414447][    T1] pci_bus 0000:00: root bus resource [mem 0x000a0000-0x000bffff window]
[    1.425191][    T1] pci_bus 0000:00: root bus resource [mem 0x80000000-0xfebfffff window]
[    1.425910][    T1] pci_bus 0000:00: root bus resource [mem 0x100000000-0x17fffffff window]
[    1.426644][    T1] pci_bus 0000:00: root bus resource [bus 00-ff]
[    1.427493][    T1] pci 0000:00:00.0: [8086:1237] type 00 class 0x060000
[    1.465494][    T1] pci 0000:00:01.0: [8086:7000] type 00 class 0x060100
[    1.468066][    T1] pci 0000:00:01.1: [8086:7010] type 00 class 0x010180
[    1.469994][    T1] pci 0000:00:01.1: reg 0x20: [io  0xc020-0xc02f]
[    1.471163][    T1] pci 0000:00:01.1: legacy IDE quirk: reg 0x10: [io  0x01f0-0x01f7]
[    1.471850][    T1] pci 0000:00:01.1: legacy IDE quirk: reg 0x14: [io  0x03f6]
[    1.472476][    T1] pci 0000:00:01.1: legacy IDE quirk: reg 0x18: [io  0x0170-0x0177]
[    1.473159][    T1] pci 0000:00:01.1: legacy IDE quirk: reg 0x1c: [io  0x0376]
[    1.474404][    T1] pci 0000:00:01.3: [8086:7113] type 00 class 0x068000
[    1.484923][    T1] pci 0000:00:01.3: quirk: [io  0x0600-0x063f] claimed by PIIX4 ACPI
[    1.485629][    T1] pci 0000:00:01.3: quirk: [io  0x0700-0x070f] claimed by PIIX4 SMB
[    1.486934][    T1] pci 0000:00:02.0: [1234:1111] type 00 class 0x030000
[    1.489510][    T1] pci 0000:00:02.0: reg 0x10: [mem 0xfd000000-0xfdffffff pref]
[    1.491412][    T1] pci 0000:00:02.0: reg 0x18: [mem 0xfeb90000-0xfeb90fff]
[    1.504728][    T1] pci 0000:00:02.0: reg 0x30: [mem 0xfeb80000-0xfeb8ffff pref]
[    1.505490][    T1] pci 0000:00:02.0: Video device with shadowed ROM at [mem 0x000c0000-0x000dffff]
[    1.533069][    T1] pci 0000:00:03.0: [1af4:1000] type 00 class 0x020000
[    1.534178][    T1] pci 0000:00:03.0: reg 0x10: [io  0xc000-0xc01f]
[    1.544901][    T1] pci 0000:00:03.0: reg 0x14: [mem 0xfeb91000-0xfeb91fff]
[    1.547119][    T1] pci 0000:00:03.0: reg 0x20: [mem 0xfe000000-0xfe003fff 64bit pref]
[    1.548466][    T1] pci 0000:00:03.0: reg 0x30: [mem 0xfeb00000-0xfeb7ffff pref]
[    1.593583][    T1] ACPI: PCI: Interrupt link LNKA configured for IRQ 10
[    1.606187][    T1] ACPI: PCI: Interrupt link LNKB configured for IRQ 10
[    1.608655][    T1] ACPI: PCI: Interrupt link LNKC configured for IRQ 11
[    1.611085][    T1] ACPI: PCI: Interrupt link LNKD configured for IRQ 11
[    1.612383][    T1] ACPI: PCI: Interrupt link LNKS configured for IRQ 9
[    1.625952][    T1] iommu: Default domain type: Translated
[    1.626425][    T1] iommu: DMA domain TLB invalidation policy: lazy mode
[    1.629263][    T1] SCSI subsystem initialized
[    1.630585][    T1] ACPI: bus type USB registered
[    1.631194][    T1] usbcore: registered new interface driver usbfs
[    1.631812][    T1] usbcore: registered new interface driver hub
[    1.632385][    T1] usbcore: registered new device driver usb
[    1.633700][    T1] mc: Linux media interface: v0.10
[    1.634226][    T1] videodev: Linux video capture interface: v2.00
[    1.644853][    T1] pps_core: LinuxPPS API ver. 1 registered
[    1.645338][    T1] pps_core: Software ver. 5.3.6 - Copyright 2005-2007 Rodolfo Giometti <giometti@linux.it>
[    1.646187][    T1] PTP clock support registered
[    1.647202][    T1] EDAC MC: Ver: 3.0.0
[    1.649278][    T1] Advanced Linux Sound Architecture Driver Initialized.
[    1.652113][    T1] Bluetooth: Core ver 2.22
[    1.652541][    T1] NET: Registered PF_BLUETOOTH protocol family
[    1.653041][    T1] Bluetooth: HCI device and connection manager initialized
[    1.653638][    T1] Bluetooth: HCI socket layer initialized
[    1.654100][    T1] Bluetooth: L2CAP socket layer initialized
[    1.664535][    T1] Bluetooth: SCO socket layer initialized
[    1.665050][    T1] NET: Registered PF_ATMPVC protocol family
[    1.665528][    T1] NET: Registered PF_ATMSVC protocol family
[    1.666188][    T1] NetLabel: Initializing
[    1.666540][    T1] NetLabel:  domain hash size = 128
[    1.666959][    T1] NetLabel:  protocols = UNLABELED CIPSOv4 CALIPSO
[    1.667686][    T1] NetLabel:  unlabeled traffic allowed by default
[    1.669265][    T1] nfc: nfc_init: NFC Core ver 0.1
[    1.669832][    T1] NET: Registered PF_NFC protocol family
[    1.670354][    T1] PCI: Using ACPI for IRQ routing
[    1.674532][    T1] pci 0000:00:02.0: vgaarb: setting as boot VGA device
[    1.675109][    T1] pci 0000:00:02.0: vgaarb: bridge control possible
[    1.675640][    T1] pci 0000:00:02.0: vgaarb: VGA device added: decodes=io+mem,owns=io+mem,locks=none
[    1.676396][    T1] vgaarb: loaded
[    1.679326][    T1] hpet: 3 channels of 0 reserved for per-cpu timers
[    1.679878][    T1] hpet0: at MMIO 0xfed00000, IRQs 2, 8, 0
[    1.680353][    T1] hpet0: 3 comparators, 64-bit 100.000000 MHz counter
[    1.695855][    T1] clocksource: Switched to clocksource kvm-clock
[    1.698563][    T1] VFS: Disk quotas dquot_6.6.0
[    1.699019][    T1] VFS: Dquot-cache hash table entries: 512 (order 0, 4096 bytes)
[    1.699976][    T1] FS-Cache: Loaded
[    1.704453][    T1] CacheFiles: Loaded
[    1.704453][    T1] TOMOYO: 2.6.0
[    1.704453][    T1] Mandatory Access Control activated.
[    1.706488][    T1] AppArmor: AppArmor Filesystem Enabled
[    1.707215][    T1] pnp: PnP ACPI init
[    1.723662][    T1] pnp: PnP ACPI: found 6 devices
[    1.739886][   T44] kwatchdog (44) used greatest stack depth: 29856 bytes left
[    1.778833][    T1] clocksource: acpi_pm: mask: 0xffffff max_cycles: 0xffffff, max_idle_ns: 2085701024 ns
[    1.780101][    T1] NET: Registered PF_INET protocol family
[    1.781141][    T1] IP idents hash table entries: 32768 (order: 6, 262144 bytes, vmalloc)
[    1.792034][    T1] tcp_listen_portaddr_hash hash table entries: 1024 (order: 4, 73728 bytes, vmalloc)
[    1.793222][    T1] Table-perturb hash table entries: 65536 (order: 6, 262144 bytes, vmalloc)
[    1.794166][    T1] TCP established hash table entries: 16384 (order: 5, 131072 bytes, vmalloc)
[    1.808747][    T1] TCP bind hash table entries: 16384 (order: 9, 2359296 bytes, vmalloc)
[    1.810587][    T1] TCP: Hash tables configured (established 16384 bind 16384)
[    1.811902][    T1] MPTCP token hash table entries: 2048 (order: 5, 180224 bytes, vmalloc)
[    1.812951][    T1] UDP hash table entries: 1024 (order: 5, 163840 bytes, vmalloc)
[    1.813902][    T1] UDP-Lite hash table entries: 1024 (order: 5, 163840 bytes, vmalloc)
[    1.814993][    T1] NET: Registered PF_UNIX/PF_LOCAL protocol family
[    1.828743][    T1] RPC: Registered named UNIX socket transport module.
[    1.829323][    T1] RPC: Registered udp transport module.
[    1.829771][    T1] RPC: Registered tcp transport module.
[    1.830220][    T1] RPC: Registered tcp-with-tls transport module.
[    1.830732][    T1] RPC: Registered tcp NFSv4.1 backchannel transport module.
[    1.832696][    T1] NET: Registered PF_XDP protocol family
[    1.833170][    T1] pci_bus 0000:00: resource 4 [io  0x0000-0x0cf7 window]
[    1.833743][    T1] pci_bus 0000:00: resource 5 [io  0x0d00-0xffff window]
[    1.834314][    T1] pci_bus 0000:00: resource 6 [mem 0x000a0000-0x000bffff window]
[    1.834945][    T1] pci_bus 0000:00: resource 7 [mem 0x80000000-0xfebfffff window]
[    1.835570][    T1] pci_bus 0000:00: resource 8 [mem 0x100000000-0x17fffffff window]
[    1.836723][    T1] pci 0000:00:01.0: PIIX3: Enabling Passive Release
[    1.837269][    T1] pci 0000:00:00.0: Limiting direct PCI/PCI transfers
[    1.847935][    T1] PCI: CLS 0 bytes, default 64
[    1.848479][    T1] ACPI: bus type thunderbolt registered
[    1.851289][    T1] kvm_intel: VMX not supported by CPU 0
[    1.851754][    T1] kvm_amd: CPU 0 isn't AMD or Hygon
[    1.852178][    T1] clocksource: tsc: mask: 0xffffffffffffffff max_cycles: 0x3990bec8342, max_idle_ns: 881590769617 ns
[    1.858480][   T54] kworker/u2:2 (54) used greatest stack depth: 28064 bytes left
[    1.861971][    T1] twofish-x86_64-3way: performance on this CPU would be suboptimal: disabling twofish-x86_64-3way.
[    1.862851][    T1] CPU feature 'AVX registers' is not supported.
[    1.863420][    T1] CPU feature 'AVX registers' is not supported.
[    1.863932][    T1] AVX2 instructions are not detected.
[    1.864369][    T1] des3_ede-x86_64: performance on this CPU would be suboptimal: disabling des3_ede-x86_64.
[    1.865174][    T1] camellia-x86_64: performance on this CPU would be suboptimal: disabling camellia-x86_64.
[    1.865980][    T1] AVX or AES-NI instructions are not detected.
[    1.866483][    T1] AVX2 or AES-NI instructions are not detected.
[    1.867016][    T1] blowfish-x86_64: performance on this CPU would be suboptimal: disabling blowfish-x86_64.
[    1.867825][    T1] CPU feature 'AVX registers' is not supported.
[    1.877959][    T1] CPU feature 'AVX registers' is not supported.
[    1.878510][    T1] PCLMULQDQ-NI instructions are not detected.
[    1.879054][    T1] sm3_avx_x86_64: AVX instruction are not detected.
[    1.879619][    T1] AVX or AES-NI instructions are not detected.
[    1.880152][    T1] AVX2 or AES-NI instructions are not detected.
[    1.880688][    T1] AVX or AES-NI instructions are not detected.
[    1.901382][   T69] kworker/u2:4 (69) used greatest stack depth: 27312 bytes left
[    2.188382][    T1] Initialise system trusted keyrings
[    2.189386][    T1] workingset: timestamp_bits=40 max_order=19 bucket_order=0
[    2.196485][    T1] DLM installed
[    2.197982][    T1] squashfs: version 4.0 (2009/01/31) Phillip Lougher
[    2.201142][    T1] NFS: Registering the id_resolver key type
[    2.201674][    T1] Key type id_resolver registered
[    2.202100][    T1] Key type id_legacy registered
[    2.202557][    T1] nfs4filelayout_init: NFSv4 File Layout Driver Registering...
[    2.203229][    T1] nfs4flexfilelayout_init: NFSv4 Flexfile Layout Driver Registering...
[    2.206662][    T1] Key type cifs.spnego registered
[    2.207179][    T1] Key type cifs.idmap registered
[    2.208476][    T1] ntfs: driver 2.1.32 [Flags: R/W].
[    2.209008][    T1] ntfs3: Max link count 4000
[    2.209393][    T1] ntfs3: Enabled Linux POSIX ACLs support
[    2.209856][    T1] ntfs3: Read-only LZX/Xpress compression included
[    2.210458][    T1] efs: 1.0a - http://aeschi.ch.eu.org/efs/
[    2.210948][    T1] jffs2: version 2.2. (NAND) (SUMMARY)  Â© 2001-2006 Red Hat, Inc.
[    2.212418][    T1] romfs: ROMFS MTD (C) 2007 Red Hat, Inc.
[    2.212953][    T1] QNX4 filesystem 0.2.3 registered.
[    2.213395][    T1] qnx6: QNX6 filesystem 1.0.0 registered.
[    2.214492][    T1] fuse: init (API version 7.39)
[    2.217708][    T1] orangefs_debugfs_init: called with debug mask: :none: :0:
[    2.219776][    T1] orangefs_init: module version upstream loaded
[    2.220468][    T1] JFS: nTxBlock = 8192, nTxLock = 65536
[    2.233979][    T1] SGI XFS with ACLs, security attributes, realtime, quota, no debug enabled
[    2.236019][    T1] 9p: Installing v9fs 9p2000 file system support
[    2.236723][    T1] NILFS version 2 loaded
[    2.237073][    T1] befs: version: 0.9.3
[    2.237636][    T1] ocfs2: Registered cluster interface o2cb
[    2.238453][    T1] ocfs2: Registered cluster interface user
[    2.239861][    T1] OCFS2 User DLM kernel interface loaded
[    2.248208][    T1] gfs2: GFS2 installed
[    2.254414][    T1] ceph: loaded (mds proto 32)
[    2.276293][    T1] NET: Registered PF_ALG protocol family
[    2.276877][    T1] xor: measuring software checksum speed
[    2.277594][    T1]    prefetch64-sse  : 37907 MB/sec
[    2.278480][    T1]    generic_sse     : 33184 MB/sec
[    2.278903][    T1] xor: using function: prefetch64-sse (37907 MB/sec)
[    2.279469][    T1] async_tx: api initialized (async)
[    2.279906][    T1] Key type asymmetric registered
[    2.280324][    T1] Asymmetric key parser 'x509' registered
[    2.280804][    T1] Asymmetric key parser 'pkcs8' registered
[    2.281272][    T1] Key type pkcs7_test registered
[    2.281957][    T1] Block layer SCSI generic (bsg) driver version 0.4 loaded (major 239)
[    2.283381][    T1] io scheduler mq-deadline registered
[    2.283833][    T1] io scheduler kyber registered
[    2.284315][    T1] io scheduler bfq registered
[    2.286999][    T1] input: Power Button as /devices/LNXSYSTM:00/LNXPWRBN:00/input/input0
[    2.311889][   T14] Callback from call_rcu_tasks() invoked.
[    2.320597][    T1] ACPI: button: Power Button [PWRF]
[    2.328531][    T1] ioatdma: Intel(R) QuickData Technology Driver 5.00
[    4.258168][    T1] ACPI: \_SB_.LNKC: Enabled at IRQ 11
[    4.460893][  T458] kworker/u2:3 (458) used greatest stack depth: 27040 bytes left
[    4.607507][    T1] N_HDLC line discipline registered with maxframe=4096
[    4.611261][    T1] Serial: 8250/16550 driver, 4 ports, IRQ sharing enabled
[    4.615206][    T1] 00:04: ttyS0 at I/O 0x3f8 (irq = 4, base_baud = 115200) is a 16550A
[    4.644289][    T1] Non-volatile memory driver v1.3
[    4.644797][    T1] Linux agpgart interface v0.103
[    4.652062][    T1] ACPI: bus type drm_connector registered
[    4.658656][    T1] [drm] Initialized vgem 1.0.0 20120112 for vgem on minor 0
[    4.664609][    T1] [drm] Initialized vkms 1.0.0 20180514 for vkms on minor 1
[    4.739923][    T1] Console: switching to colour frame buffer device 128x48
[    4.746487][    T1] platform vkms: [drm] fb0: vkmsdrmfb frame buffer device
[    4.748725][    T1] usbcore: registered new interface driver udl
[    4.752036][    T1] bochs-drm 0000:00:02.0: vgaarb: deactivate vga console
[    4.758061][    T1] [drm] Found bochs VGA, ID 0xb0c5.
[    4.758508][    T1] [drm] Framebuffer size 16384 kB @ 0xfd000000, mmio @ 0xfeb90000.
[    4.761152][    T1] [drm] Found EDID data blob.
[    4.764794][    T1] [drm] Initialized bochs-drm 1.0.0 20130925 for 0000:00:02.0 on minor 2
[    4.773635][    T1] fbcon: bochs-drmdrmfb (fb1) is primary device
[    4.773644][    T1] fbcon: Remapping primary device, fb1, to tty 1-63
[    5.317242][    T1] bochs-drm 0000:00:02.0: [drm] fb1: bochs-drmdrmfb frame buffer device
[    5.382497][    T1] brd: module loaded
[    5.451775][    T1] loop: module loaded
[    5.541652][    T1] zram: Added device: zram0
[    5.549275][    T1] null_blk: disk nullb0 created
[    5.549661][    T1] null_blk: module loaded
[    5.550588][    T1] Guest personality initialized and is inactive
[    5.552012][    T1] VMCI host device registered (name=vmci, major=10, minor=118)
[    5.552540][    T1] Initialized host personality
[    5.553164][    T1] usbcore: registered new interface driver rtsx_usb
[    5.553951][    T1] usbcore: registered new interface driver viperboard
[    5.554633][    T1] usbcore: registered new interface driver dln2
[    5.555270][    T1] usbcore: registered new interface driver pn533_usb
[    5.565300][    T1] nfcsim 0.2 initialized
[    5.566231][    T1] usbcore: registered new interface driver port100
[    5.567397][    T1] usbcore: registered new interface driver nfcmrvl
[    5.574106][    T1] Loading iSCSI transport class v2.0-870.
[    5.585034][    T1] st: Version 20160209, fixed bufsize 32768, s/g segs 256
[    5.623732][    T1] scsi host0: ata_piix
[    5.627481][    T1] scsi host1: ata_piix
[    5.631439][    T1] ata1: PATA max MWDMA2 cmd 0x1f0 ctl 0x3f6 bmdma 0xc020 irq 14 lpm-pol 0
[    5.632087][    T1] ata2: PATA max MWDMA2 cmd 0x170 ctl 0x376 bmdma 0xc028 irq 15 lpm-pol 0
[    5.638845][    T1] Rounding down aligned max_sectors from 4294967295 to 4294967288
[    5.639879][    T1] db_root: cannot open: /etc/target
[    5.641851][    T1] slram: not enough parameters.
[    5.647226][    T1] ftl_cs: FTL header not found.
[    5.680968][    T1] wireguard: WireGuard 1.0.0 loaded. See www.wireguard.com for information.
[    5.681629][    T1] wireguard: Copyright (C) 2015-2019 Jason A. Donenfeld <Jason@zx2c4.com>. All Rights Reserved.
[    5.682386][    T1] eql: Equalizer2002: Simon Janes (simon@ncm.com) and David S. Miller (davem@redhat.com)
[    5.686842][    T1] MACsec IEEE 802.1AE
[    5.715283][    T1] tun: Universal TUN/TAP device driver, 1.6
[    5.724966][    T1] vcan: Virtual CAN interface driver
[    5.725358][    T1] vxcan: Virtual CAN Tunnel driver
[    5.725715][    T1] slcan: serial line CAN interface driver
[    5.726160][    T1] CAN device driver interface
[    5.727175][    T1] usbcore: registered new interface driver usb_8dev
[    5.730944][    T1] usbcore: registered new interface driver ems_usb
[    5.732004][    T1] usbcore: registered new interface driver gs_usb
[    5.732678][    T1] usbcore: registered new interface driver kvaser_usb
[    5.734003][    T1] usbcore: registered new interface driver mcba_usb
[    5.735025][    T1] usbcore: registered new interface driver peak_usb
[    5.735824][    T1] e100: Intel(R) PRO/100 Network Driver
[    5.736230][    T1] e100: Copyright(c) 1999-2006 Intel Corporation
[    5.736795][    T1] e1000: Intel(R) PRO/1000 Network Driver
[    5.737208][    T1] e1000: Copyright (c) 1999-2006 Intel Corporation.
[    5.737798][    T1] e1000e: Intel(R) PRO/1000 Network Driver
[    5.740001][    T1] e1000e: Copyright(c) 1999 - 2015 Intel Corporation.
[    5.741866][    T1] mkiss: AX.25 Multikiss, Hans Albas PE1AYX
[    5.742290][    T1] AX.25: 6pack driver, Revision: 0.3.0
[    5.742708][    T1] AX.25: bpqether driver version 004
[    5.743098][    T1] PPP generic driver version 2.4.2
[    5.744818][    T1] PPP BSD Compression module registered
[    5.745243][    T1] PPP Deflate Compression module registered
[    5.745712][    T1] PPP MPPE Compression module registered
[    5.746135][    T1] NET: Registered PF_PPPOX protocol family
[    5.746621][    T1] PPTP driver version 0.8.5
[    5.748095][    T1] SLIP: version 0.8.4-NET3.019-NEWTTY (dynamic channels, max=256) (6 bit encapsulation enabled).
[    5.748889][    T1] CSLIP: code copyright 1989 Regents of the University of California.
[    5.749502][    T1] SLIP linefill/keepalive option.
[    5.749959][    T1] hdlc: HDLC support module revision 1.22
[    5.750403][    T1] LAPB Ethernet driver version 0.02
[    5.752429][    T1] usbcore: registered new interface driver ath9k_htc
[    5.753473][    T1] usbcore: registered new interface driver carl9170
[    5.754455][    T1] usbcore: registered new interface driver ath6kl_usb
[    5.755505][    T1] usbcore: registered new interface driver ar5523
[    5.757075][    T1] usbcore: registered new interface driver ath10k_usb
[    5.758823][    T1] usbcore: registered new interface driver rndis_wlan
[    5.759994][    T1] mac80211_hwsim: initializing netlink
[    5.783510][    T1] usbcore: registered new interface driver atusb
[    5.793852][    T1] mac802154_hwsim mac802154_hwsim: Added 2 mac802154 hwsim hardware radios
[    5.794743][    T1] VMware vmxnet3 virtual NIC driver - version 1.7.0.0-k-NAPI
[    5.795465][    T1] usbcore: registered new interface driver catc
[    5.795992][    T1] usbcore: registered new interface driver kaweth
[    5.796455][    T1] pegasus: Pegasus/Pegasus II USB Ethernet driver
[    5.797154][    T1] usbcore: registered new interface driver pegasus
[    5.797706][    T1] usbcore: registered new interface driver rtl8150
[    5.799661][  T962] ata1: found unknown device (class 0)
[    5.800436][  T976] ata2: found unknown device (class 0)
[    5.804758][  T962] ata1.00: ATA-7: QEMU HARDDISK, 2.5+, max UDMA/100
[    5.805232][  T962] ata1.00: 16777208 sectors, multi 16: LBA48 
[    5.809381][  T976] ata2.00: ATAPI: QEMU DVD-ROM, 2.5+, max UDMA/100
[    5.811974][   T36] scsi 0:0:0:0: Direct-Access     ATA      QEMU HARDDISK    2.5+ PQ: 0 ANSI: 5
[    5.814474][    T1] usbcore: registered new device driver r8152-cfgselector
[    5.815111][    T1] usbcore: registered new interface driver r8152
[    5.815595][    T1] hso: drivers/net/usb/hso.c: Option Wireless
[    5.816169][    T1] usbcore: registered new interface driver hso
[    5.816706][    T1] usbcore: registered new interface driver lan78xx
[    5.817284][    T1] usbcore: registered new interface driver asix
[    5.817820][    T1] usbcore: registered new interface driver ax88179_178a
[    5.826121][   T26] sd 0:0:0:0: [sda] 16777208 512-byte logical blocks: (8.59 GB/8.00 GiB)
[    5.826896][   T26] sd 0:0:0:0: [sda] Write Protect is off
[    5.827417][   T26] sd 0:0:0:0: [sda] Write cache: enabled, read cache: enabled, doesn't support DPO or FUA
[    5.830026][   T36] sd 0:0:0:0: Attached scsi generic sg0 type 0
[    5.832069][    T1] usbcore: registered new interface driver cdc_ether
[    5.832658][    T1] usbcore: registered new interface driver cdc_eem
[    5.833213][    T1] usbcore: registered new interface driver dm9601
[    5.833790][    T1] usbcore: registered new interface driver sr9700
[    5.834349][    T1] usbcore: registered new interface driver CoreChips
[    5.834941][    T1] usbcore: registered new interface driver smsc75xx
[    5.835506][    T1] usbcore: registered new interface driver smsc95xx
[    5.836111][    T1] usbcore: registered new interface driver gl620a
[    5.836671][    T1] usbcore: registered new interface driver net1080
[    5.837240][    T1] usbcore: registered new interface driver plusb
[    5.837793][    T1] usbcore: registered new interface driver rndis_host
[    5.844375][   T26] sd 0:0:0:0: [sda] Preferred minimum I/O size 512 bytes
[    5.845840][   T11] scsi 1:0:0:0: CD-ROM            QEMU     QEMU DVD-ROM     2.5+ PQ: 0 ANSI: 5
[    5.855844][    T1] usbcore: registered new interface driver cdc_subset
[    5.857847][    T1] usbcore: registered new interface driver zaurus
[    5.859350][   T26] sd 0:0:0:0: [sda] Attached SCSI disk
[    5.860787][    T1] usbcore: registered new interface driver MOSCHIP usb-ethernet driver
[    5.861602][    T1] usbcore: registered new interface driver int51x1
[    5.862159][    T1] usbcore: registered new interface driver cdc_phonet
[    5.862727][    T1] usbcore: registered new interface driver kalmia
[    5.863260][    T1] usbcore: registered new interface driver ipheth
[    5.863826][    T1] usbcore: registered new interface driver sierra_net
[    5.864397][    T1] usbcore: registered new interface driver cx82310_eth
[    5.864988][    T1] usbcore: registered new interface driver cdc_ncm
[    5.865554][    T1] usbcore: registered new interface driver huawei_cdc_ncm
[    5.866165][    T1] usbcore: registered new interface driver lg-vl600
[    5.866782][    T1] usbcore: registered new interface driver qmi_wwan
[    5.867344][    T1] usbcore: registered new interface driver cdc_mbim
[    5.879824][    T1] usbcore: registered new interface driver ch9200
[    5.880776][    T1] usbcore: registered new interface driver r8153_ecm
[    5.886231][    T1] VFIO - User Level meta-driver version: 0.3
[    5.893734][    T1] aoe: AoE v85 initialised.
[    5.899640][   T11] sr 1:0:0:0: [sr0] scsi3-mmc drive: 4x/4x cd/rw xa/form2 tray
[    5.900236][   T11] cdrom: Uniform CD-ROM driver Revision: 3.20
[    5.912136][    T1] SPI driver max3421-hcd has no spi_device_id for maxim,max3421
[    5.912962][    T1] usbcore: registered new interface driver cdc_acm
[    5.913452][    T1] cdc_acm: USB Abstract Control Model driver for USB modems and ISDN adapters
[    5.914212][    T1] usbcore: registered new interface driver usblp
[    5.914759][    T1] usbcore: registered new interface driver cdc_wdm
[    5.915338][    T1] usbcore: registered new interface driver usbtmc
[    5.926762][    T1] usbcore: registered new interface driver uas
[    5.927305][    T1] usbcore: registered new interface driver usb-storage
[    5.929089][    T1] usbcore: registered new interface driver ums-alauda
[    5.929673][    T1] usbcore: registered new interface driver ums-cypress
[    5.930227][    T1] usbcore: registered new interface driver ums-datafab
[    5.930778][    T1] usbcore: registered new interface driver ums_eneub6250
[    5.931359][    T1] usbcore: registered new interface driver ums-freecom
[    5.931959][    T1] usbcore: registered new interface driver ums-isd200
[    5.932531][    T1] usbcore: registered new interface driver ums-jumpshot
[    5.933124][    T1] usbcore: registered new interface driver ums-karma
[    5.933687][    T1] usbcore: registered new interface driver ums-onetouch
[    5.934281][    T1] usbcore: registered new interface driver ums-realtek
[    5.934854][    T1] usbcore: registered new interface driver ums-sddr09
[    5.935424][    T1] usbcore: registered new interface driver ums-sddr55
[    5.936016][    T1] usbcore: registered new interface driver ums-usbat
[    5.936646][    T1] usbcore: registered new interface driver mdc800
[    5.937118][    T1] mdc800: v0.7.5 (30/10/2000):USB Driver for Mustek MDC800 Digital Camera
[    5.937844][    T1] usbcore: registered new interface driver microtekX6
[    5.953583][   T11] sr 1:0:0:0: Attached scsi generic sg1 type 5
[    5.956407][    T1] usbcore: registered new interface driver usbserial_generic
[    5.957763][    T1] usbserial: USB Serial support registered for generic
[    5.959094][    T1] usbcore: registered new interface driver aircable
[    5.960116][    T1] usbserial: USB Serial support registered for aircable
[    5.961079][    T1] usbcore: registered new interface driver ark3116
[    5.962061][    T1] usbserial: USB Serial support registered for ark3116
[    5.963111][    T1] usbcore: registered new interface driver belkin_sa
[    5.964207][    T1] usbserial: USB Serial support registered for Belkin / Peracom / GoHubs USB Serial Adapter
[    5.965455][    T1] usbcore: registered new interface driver ch341
[    5.966442][    T1] usbserial: USB Serial support registered for ch341-uart
[    5.967503][    T1] usbcore: registered new interface driver cp210x
[    5.970705][    T1] usbserial: USB Serial support registered for cp210x
[    5.971733][    T1] usbcore: registered new interface driver cyberjack
[    5.972716][    T1] usbserial: USB Serial support registered for Reiner SCT Cyberjack USB card reader
[    5.973946][    T1] usbcore: registered new interface driver cypress_m8
[    5.974927][    T1] usbserial: USB Serial support registered for DeLorme Earthmate USB
[    5.976033][    T1] usbserial: USB Serial support registered for HID->COM RS232 Adapter
[    5.977076][    T1] usbserial: USB Serial support registered for Nokia CA-42 V2 Adapter
[    5.980681][    T1] usbcore: registered new interface driver usb_debug
[    5.981787][    T1] usbserial: USB Serial support registered for debug
[    5.982748][    T1] usbserial: USB Serial support registered for xhci_dbc
[    5.983730][    T1] usbcore: registered new interface driver digi_acceleport
[    5.984757][    T1] usbserial: USB Serial support registered for Digi 2 port USB adapter
[    5.985871][    T1] usbserial: USB Serial support registered for Digi 4 port USB adapter
[    5.987012][    T1] usbcore: registered new interface driver io_edgeport
[    5.988857][    T1] usbserial: USB Serial support registered for Edgeport 2 port adapter
[    5.990136][    T1] usbserial: USB Serial support registered for Edgeport 4 port adapter
[    5.991209][    T1] usbserial: USB Serial support registered for Edgeport 8 port adapter
[    5.992333][    T1] usbserial: USB Serial support registered for EPiC device
[    5.993377][    T1] usbcore: registered new interface driver io_ti
[    5.994318][    T1] usbserial: USB Serial support registered for Edgeport TI 1 port adapter
[    5.995465][    T1] usbserial: USB Serial support registered for Edgeport TI 2 port adapter
[    5.996579][    T1] usbcore: registered new interface driver empeg
[    5.997174][    T1] usbserial: USB Serial support registered for empeg
[    5.997772][    T1] usbcore: registered new interface driver f81534a_ctrl
[    5.999844][    T1] usbcore: registered new interface driver f81232
[    6.000769][    T1] usbserial: USB Serial support registered for f81232
[    6.001797][    T1] usbserial: USB Serial support registered for f81534a
[    6.002814][    T1] usbcore: registered new interface driver f81534
[    6.003752][    T1] usbserial: USB Serial support registered for Fintek F81532/F81534
[    6.004817][    T1] usbcore: registered new interface driver ftdi_sio
[    6.005764][    T1] usbserial: USB Serial support registered for FTDI USB Serial Device
[    6.006518][    T1] usbcore: registered new interface driver garmin_gps
[    6.007076][    T1] usbserial: USB Serial support registered for Garmin GPS usb/tty
[    6.007722][    T1] usbcore: registered new interface driver ipaq
[    6.009850][    T1] usbserial: USB Serial support registered for PocketPC PDA
[    6.010930][    T1] usbcore: registered new interface driver ipw
[    6.011878][    T1] usbserial: USB Serial support registered for IPWireless converter
[    6.012956][    T1] usbcore: registered new interface driver ir_usb
[    6.013880][    T1] usbserial: USB Serial support registered for IR Dongle
[    6.014895][    T1] usbcore: registered new interface driver iuu_phoenix
[    6.015897][    T1] usbserial: USB Serial support registered for iuu_phoenix
[    6.016913][    T1] usbcore: registered new interface driver keyspan
[    6.017820][    T1] usbserial: USB Serial support registered for Keyspan - (without firmware)
[    6.022465][    T1] usbserial: USB Serial support registered for Keyspan 1 port adapter
[    6.023571][    T1] usbserial: USB Serial support registered for Keyspan 2 port adapter
[    6.024642][    T1] usbserial: USB Serial support registered for Keyspan 4 port adapter
[    6.025742][    T1] usbcore: registered new interface driver keyspan_pda
[    6.026766][    T1] usbserial: USB Serial support registered for Keyspan PDA
[    6.027782][    T1] usbserial: USB Serial support registered for Keyspan PDA - (prerenumeration)
[    6.029054][    T1] usbcore: registered new interface driver kl5kusb105
[    6.030002][    T1] usbserial: USB Serial support registered for KL5KUSB105D / PalmConnect
[    6.031112][    T1] usbcore: registered new interface driver kobil_sct
[    6.032074][    T1] usbserial: USB Serial support registered for KOBIL USB smart card terminal
[    6.033205][    T1] usbcore: registered new interface driver mct_u232
[    6.034131][    T1] usbserial: USB Serial support registered for MCT U232
[    6.035103][    T1] usbcore: registered new interface driver metro_usb
[    6.036048][    T1] usbserial: USB Serial support registered for Metrologic USB to Serial
[    6.037155][    T1] usbcore: registered new interface driver mos7720
[    6.038041][    T1] usbserial: USB Serial support registered for Moschip 2 port adapter
[    6.040421][    T1] usbcore: registered new interface driver mos7840
[    6.041057][    T1] usbserial: USB Serial support registered for Moschip 7840/7820 USB Serial Driver
[    6.042644][    T1] usbcore: registered new interface driver mxuport
[    6.043608][    T1] usbserial: USB Serial support registered for MOXA UPort
[    6.044677][    T1] usbcore: registered new interface driver navman
[    6.045351][    T1] usbserial: USB Serial support registered for navman
[    6.046672][    T1] usbcore: registered new interface driver omninet
[    6.047654][    T1] usbserial: USB Serial support registered for ZyXEL - omni.net usb
[    6.048829][    T1] usbcore: registered new interface driver opticon
[    6.049470][    T1] usbserial: USB Serial support registered for opticon
[    6.050785][    T1] usbcore: registered new interface driver option
[    6.051759][    T1] usbserial: USB Serial support registered for GSM modem (1-port)
[    6.052524][    T1] usbcore: registered new interface driver oti6858
[    6.053079][    T1] usbserial: USB Serial support registered for oti6858
[    6.053640][    T1] usbcore: registered new interface driver pl2303
[    6.054173][    T1] usbserial: USB Serial support registered for pl2303
[    6.054725][    T1] usbcore: registered new interface driver qcaux
[    6.055260][    T1] usbserial: USB Serial support registered for qcaux
[    6.055817][    T1] usbcore: registered new interface driver qcserial
[    6.056369][    T1] usbserial: USB Serial support registered for Qualcomm USB modem
[    6.057009][    T1] usbcore: registered new interface driver quatech2
[    6.057551][    T1] usbserial: USB Serial support registered for Quatech 2nd gen USB to Serial Driver
[    6.064923][    T1] usbcore: registered new interface driver safe_serial
[    6.065899][    T1] usbserial: USB Serial support registered for safe_serial
[    6.066930][    T1] usbcore: registered new interface driver sierra
[    6.067853][    T1] usbserial: USB Serial support registered for Sierra USB modem
[    6.069595][    T1] usbcore: registered new interface driver usb_serial_simple
[    6.070599][    T1] usbserial: USB Serial support registered for carelink
[    6.071632][    T1] usbserial: USB Serial support registered for flashloader
[    6.072389][    T1] usbserial: USB Serial support registered for funsoft
[    6.073695][    T1] usbserial: USB Serial support registered for google
[    6.074638][    T1] usbserial: USB Serial support registered for hp4x
[    6.075284][    T1] usbserial: USB Serial support registered for kaufmann
[    6.075873][    T1] usbserial: USB Serial support registered for libtransistor
[    6.076478][    T1] usbserial: USB Serial support registered for moto_modem
[    6.077048][    T1] usbserial: USB Serial support registered for motorola_tetra
[    6.077651][    T1] usbserial: USB Serial support registered for nokia
[    6.081876][    T1] usbserial: USB Serial support registered for novatel_gps
[    6.082893][    T1] usbserial: USB Serial support registered for siemens_mpi
[    6.083888][    T1] usbserial: USB Serial support registered for suunto
[    6.084883][    T1] usbserial: USB Serial support registered for vivopay
[    6.085880][    T1] usbserial: USB Serial support registered for zio
[    6.086842][    T1] usbcore: registered new interface driver spcp8x5
[    6.087790][    T1] usbserial: USB Serial support registered for SPCP8x5
[    6.090302][    T1] usbcore: registered new interface driver ssu100
[    6.093409][    T1] usbserial: USB Serial support registered for Quatech SSU-100 USB to Serial Driver
[    6.094600][    T1] usbcore: registered new interface driver symbolserial
[    6.095592][    T1] usbserial: USB Serial support registered for symbol
[    6.096569][    T1] usbcore: registered new interface driver ti_usb_3410_5052
[    6.097570][    T1] usbserial: USB Serial support registered for TI USB 3410 1 port adapter
[    6.098730][    T1] usbserial: USB Serial support registered for TI USB 5052 2 port adapter
[    6.099854][    T1] usbcore: registered new interface driver upd78f0730
[    6.100823][    T1] usbserial: USB Serial support registered for upd78f0730
[    6.101860][    T1] usbcore: registered new interface driver visor
[    6.102479][    T1] usbserial: USB Serial support registered for Handspring Visor / Palm OS
[    6.103899][    T1] usbserial: USB Serial support registered for Sony Clie 5.0
[    6.104912][    T1] usbserial: USB Serial support registered for Sony Clie 3.5
[    6.105916][    T1] usbcore: registered new interface driver wishbone_serial
[    6.106586][    T1] usbserial: USB Serial support registered for wishbone_serial
[    6.107929][    T1] usbcore: registered new interface driver whiteheat
[    6.108477][    T1] usbserial: USB Serial support registered for Connect Tech - WhiteHEAT - (prerenumeration)
[    6.109298][    T1] usbserial: USB Serial support registered for Connect Tech - WhiteHEAT
[    6.110046][    T1] usbcore: registered new interface driver xr_serial
[    6.110582][    T1] usbserial: USB Serial support registered for xr_serial
[    6.111165][    T1] usbcore: registered new interface driver xsens_mt
[    6.111741][    T1] usbserial: USB Serial support registered for xsens_mt
[    6.112359][    T1] usbcore: registered new interface driver adutux
[    6.112921][    T1] usbcore: registered new interface driver appledisplay
[    6.113527][    T1] usbcore: registered new interface driver cypress_cy7c63
[    6.114333][    T1] usbcore: registered new interface driver cytherm
[    6.114874][    T1] usbcore: registered new interface driver emi26 - firmware loader
[    6.115520][    T1] usbcore: registered new interface driver emi62 - firmware loader
[    6.116189][    T1] usbcore: registered new interface driver idmouse
[    6.116742][    T1] usbcore: registered new interface driver iowarrior
[    6.117326][    T1] usbcore: registered new interface driver isight_firmware
[    6.126110][    T1] usbcore: registered new interface driver usblcd
[    6.127111][    T1] usbcore: registered new interface driver ldusb
[    6.128251][    T1] usbcore: registered new interface driver legousbtower
[    6.129247][    T1] usbcore: registered new interface driver usbtest
[    6.130196][    T1] usbcore: registered new interface driver usb_ehset_test
[    6.131255][    T1] usbcore: registered new interface driver trancevibrator
[    6.132286][    T1] usbcore: registered new interface driver uss720
[    6.132754][    T1] uss720: USB Parport Cable driver for Cables using the Lucent Technologies USS720 Chip
[    6.133462][    T1] uss720: NOTE: this is a special purpose driver to allow nonstandard
[    6.134062][    T1] uss720: protocols (eg. bitbang) over USS720 usb to parallel cables
[    6.134629][    T1] uss720: If you just want to connect to a printer, use usblp instead
[    6.135829][    T1] usbcore: registered new interface driver usbsevseg
[    6.136835][    T1] usbcore: registered new interface driver yurex
[    6.139856][    T1] usbcore: registered new interface driver chaoskey
[    6.140818][    T1] usbcore: registered new interface driver sisusb
[    6.143569][    T1] usbcore: registered new interface driver lvs
[    6.144631][    T1] usbcore: registered new interface driver cxacru
[    6.145315][    T1] usbcore: registered new interface driver speedtch
[    6.146653][    T1] usbcore: registered new interface driver ueagle-atm
[    6.147150][    T1] xusbatm: malformed module parameters
[    6.150562][    T1] dummy_hcd dummy_hcd.0: USB Host+Gadget Emulator, driver 02 May 2005
[    6.151200][    T1] dummy_hcd dummy_hcd.0: Dummy host controller
[    6.156233][    T1] dummy_hcd dummy_hcd.0: new USB bus registered, assigned bus number 1
[    6.158986][    T1] usb usb1: New USB device found, idVendor=1d6b, idProduct=0002, bcdDevice= 6.07
[    6.160377][    T1] usb usb1: New USB device strings: Mfr=3, Product=2, SerialNumber=1
[    6.160972][    T1] usb usb1: Product: Dummy host controller
[    6.161407][    T1] usb usb1: Manufacturer: Linux 6.7.0-rc2-ga7e294fdb620-dirty dummy_hcd
[    6.162010][    T1] usb usb1: SerialNumber: dummy_hcd.0
[    6.165897][    T1] hub 1-0:1.0: USB hub found
[    6.166484][    T1] hub 1-0:1.0: 1 port detected
[    6.171670][    T1] dummy_hcd dummy_hcd.1: USB Host+Gadget Emulator, driver 02 May 2005
[    6.172329][    T1] dummy_hcd dummy_hcd.1: Dummy host controller
[    6.173831][    T1] dummy_hcd dummy_hcd.1: new USB bus registered, assigned bus number 2
[    6.175038][    T1] usb usb2: New USB device found, idVendor=1d6b, idProduct=0002, bcdDevice= 6.07
[    6.175730][    T1] usb usb2: New USB device strings: Mfr=3, Product=2, SerialNumber=1
[    6.176339][    T1] usb usb2: Product: Dummy host controller
[    6.176759][    T1] usb usb2: Manufacturer: Linux 6.7.0-rc2-ga7e294fdb620-dirty dummy_hcd
[    6.177352][    T1] usb usb2: SerialNumber: dummy_hcd.1
[    6.180351][    T1] hub 2-0:1.0: USB hub found
[    6.180817][    T1] hub 2-0:1.0: 1 port detected
[    6.184683][    T1] dummy_hcd dummy_hcd.2: USB Host+Gadget Emulator, driver 02 May 2005
[    6.185310][    T1] dummy_hcd dummy_hcd.2: Dummy host controller
[    6.186667][    T1] dummy_hcd dummy_hcd.2: new USB bus registered, assigned bus number 3
[    6.190477][    T1] usb usb3: New USB device found, idVendor=1d6b, idProduct=0002, bcdDevice= 6.07
[    6.191171][    T1] usb usb3: New USB device strings: Mfr=3, Product=2, SerialNumber=1
[    6.191774][    T1] usb usb3: Product: Dummy host controller
[    6.192183][    T1] usb usb3: Manufacturer: Linux 6.7.0-rc2-ga7e294fdb620-dirty dummy_hcd
[    6.192792][    T1] usb usb3: SerialNumber: dummy_hcd.2
[    6.195247][    T1] hub 3-0:1.0: USB hub found
[    6.196176][    T1] hub 3-0:1.0: 1 port detected
[    6.200218][    T1] dummy_hcd dummy_hcd.3: USB Host+Gadget Emulator, driver 02 May 2005
[    6.200863][    T1] dummy_hcd dummy_hcd.3: Dummy host controller
[    6.202122][    T1] dummy_hcd dummy_hcd.3: new USB bus registered, assigned bus number 4
[    6.203705][    T1] usb usb4: New USB device found, idVendor=1d6b, idProduct=0002, bcdDevice= 6.07
[    6.204358][    T1] usb usb4: New USB device strings: Mfr=3, Product=2, SerialNumber=1
[    6.204930][    T1] usb usb4: Product: Dummy host controller
[    6.205341][    T1] usb usb4: Manufacturer: Linux 6.7.0-rc2-ga7e294fdb620-dirty dummy_hcd
[    6.205960][    T1] usb usb4: SerialNumber: dummy_hcd.3
[    6.208595][    T1] hub 4-0:1.0: USB hub found
[    6.209635][    T1] hub 4-0:1.0: 1 port detected
[    6.213199][    T1] dummy_hcd dummy_hcd.4: USB Host+Gadget Emulator, driver 02 May 2005
[    6.213847][    T1] dummy_hcd dummy_hcd.4: Dummy host controller
[    6.215190][    T1] dummy_hcd dummy_hcd.4: new USB bus registered, assigned bus number 5
[    6.216806][    T1] usb usb5: New USB device found, idVendor=1d6b, idProduct=0002, bcdDevice= 6.07
[    6.217485][    T1] usb usb5: New USB device strings: Mfr=3, Product=2, SerialNumber=1
[    6.218447][    T1] usb usb5: Product: Dummy host controller
[    6.218860][    T1] usb usb5: Manufacturer: Linux 6.7.0-rc2-ga7e294fdb620-dirty dummy_hcd
[    6.219449][    T1] usb usb5: SerialNumber: dummy_hcd.4
[    6.221939][    T1] hub 5-0:1.0: USB hub found
[    6.222753][    T1] hub 5-0:1.0: 1 port detected
[    6.226556][    T1] dummy_hcd dummy_hcd.5: USB Host+Gadget Emulator, driver 02 May 2005
[    6.227185][    T1] dummy_hcd dummy_hcd.5: Dummy host controller
[    6.229032][    T1] dummy_hcd dummy_hcd.5: new USB bus registered, assigned bus number 6
[    6.230559][    T1] usb usb6: New USB device found, idVendor=1d6b, idProduct=0002, bcdDevice= 6.07
[    6.231222][    T1] usb usb6: New USB device strings: Mfr=3, Product=2, SerialNumber=1
[    6.231794][    T1] usb usb6: Product: Dummy host controller
[    6.232208][    T1] usb usb6: Manufacturer: Linux 6.7.0-rc2-ga7e294fdb620-dirty dummy_hcd
[    6.232812][    T1] usb usb6: SerialNumber: dummy_hcd.5
[    6.235304][    T1] hub 6-0:1.0: USB hub found
[    6.236103][    T1] hub 6-0:1.0: 1 port detected
[    6.240263][    T1] dummy_hcd dummy_hcd.6: USB Host+Gadget Emulator, driver 02 May 2005
[    6.240880][    T1] dummy_hcd dummy_hcd.6: Dummy host controller
[    6.243778][    T1] dummy_hcd dummy_hcd.6: new USB bus registered, assigned bus number 7
[    6.245492][    T1] usb usb7: New USB device found, idVendor=1d6b, idProduct=0002, bcdDevice= 6.07
[    6.246191][    T1] usb usb7: New USB device strings: Mfr=3, Product=2, SerialNumber=1
[    6.246795][    T1] usb usb7: Product: Dummy host controller
[    6.247232][    T1] usb usb7: Manufacturer: Linux 6.7.0-rc2-ga7e294fdb620-dirty dummy_hcd
[    6.247862][    T1] usb usb7: SerialNumber: dummy_hcd.6
[    6.250143][    T1] hub 7-0:1.0: USB hub found
[    6.251567][    T1] hub 7-0:1.0: 1 port detected
[    6.255241][    T1] dummy_hcd dummy_hcd.7: USB Host+Gadget Emulator, driver 02 May 2005
[    6.255857][    T1] dummy_hcd dummy_hcd.7: Dummy host controller
[    6.257326][    T1] dummy_hcd dummy_hcd.7: new USB bus registered, assigned bus number 8
[    6.258843][    T1] usb usb8: New USB device found, idVendor=1d6b, idProduct=0002, bcdDevice= 6.07
[    6.259538][    T1] usb usb8: New USB device strings: Mfr=3, Product=2, SerialNumber=1
[    6.260138][    T1] usb usb8: Product: Dummy host controller
[    6.260562][    T1] usb usb8: Manufacturer: Linux 6.7.0-rc2-ga7e294fdb620-dirty dummy_hcd
[    6.261178][    T1] usb usb8: SerialNumber: dummy_hcd.7
[    6.264106][    T1] hub 8-0:1.0: USB hub found
[    6.264576][    T1] hub 8-0:1.0: 1 port detected
[    6.295156][    T1] gadgetfs: USB Gadget filesystem, version 24 Aug 2004
[    6.303495][    T1] vhci_hcd vhci_hcd.0: USB/IP Virtual Host Controller
[    6.304742][    T1] vhci_hcd vhci_hcd.0: new USB bus registered, assigned bus number 9
[    6.305664][    T1] vhci_hcd: created sysfs vhci_hcd.0
[    6.306998][    T1] usb usb9: New USB device found, idVendor=1d6b, idProduct=0002, bcdDevice= 6.07
[    6.307700][    T1] usb usb9: New USB device strings: Mfr=3, Product=2, SerialNumber=1
[    6.308364][    T1] usb usb9: Product: USB/IP Virtual Host Controller
[    6.308863][    T1] usb usb9: Manufacturer: Linux 6.7.0-rc2-ga7e294fdb620-dirty vhci_hcd
[    6.309483][    T1] usb usb9: SerialNumber: vhci_hcd.0
[    6.312413][    T1] hub 9-0:1.0: USB hub found
[    6.312964][    T1] hub 9-0:1.0: 8 ports detected
[    6.319428][    T1] vhci_hcd vhci_hcd.0: USB/IP Virtual Host Controller
[    6.320375][    T1] vhci_hcd vhci_hcd.0: new USB bus registered, assigned bus number 10
[    6.321804][    T1] usb usb10: We don't know the algorithms for LPM for this host, disabling LPM.
[    6.322973][    T1] usb usb10: New USB device found, idVendor=1d6b, idProduct=0003, bcdDevice= 6.07
[    6.323654][    T1] usb usb10: New USB device strings: Mfr=3, Product=2, SerialNumber=1
[    6.324229][    T1] usb usb10: Product: USB/IP Virtual Host Controller
[    6.324698][    T1] usb usb10: Manufacturer: Linux 6.7.0-rc2-ga7e294fdb620-dirty vhci_hcd
[    6.325284][    T1] usb usb10: SerialNumber: vhci_hcd.0
[    6.330200][    T1] hub 10-0:1.0: USB hub found
[    6.331375][    T1] hub 10-0:1.0: 8 ports detected
[    6.339895][    T1] vhci_hcd vhci_hcd.1: USB/IP Virtual Host Controller
[    6.341242][    T1] vhci_hcd vhci_hcd.1: new USB bus registered, assigned bus number 11
[    6.342899][    T1] usb usb11: New USB device found, idVendor=1d6b, idProduct=0002, bcdDevice= 6.07
[    6.343605][    T1] usb usb11: New USB device strings: Mfr=3, Product=2, SerialNumber=1
[    6.344210][    T1] usb usb11: Product: USB/IP Virtual Host Controller
[    6.344708][    T1] usb usb11: Manufacturer: Linux 6.7.0-rc2-ga7e294fdb620-dirty vhci_hcd
[    6.345326][    T1] usb usb11: SerialNumber: vhci_hcd.1
[    6.348644][    T1] hub 11-0:1.0: USB hub found
[    6.349137][    T1] hub 11-0:1.0: 8 ports detected
[    6.355343][    T1] vhci_hcd vhci_hcd.1: USB/IP Virtual Host Controller
[    6.356781][    T1] vhci_hcd vhci_hcd.1: new USB bus registered, assigned bus number 12
[    6.357626][    T1] usb usb12: We don't know the algorithms for LPM for this host, disabling LPM.
[    6.359290][    T1] usb usb12: New USB device found, idVendor=1d6b, idProduct=0003, bcdDevice= 6.07
[    6.359999][    T1] usb usb12: New USB device strings: Mfr=3, Product=2, SerialNumber=1
[    6.360573][    T1] usb usb12: Product: USB/IP Virtual Host Controller
[    6.361052][    T1] usb usb12: Manufacturer: Linux 6.7.0-rc2-ga7e294fdb620-dirty vhci_hcd
[    6.361676][    T1] usb usb12: SerialNumber: vhci_hcd.1
[    6.364256][    T1] hub 12-0:1.0: USB hub found
[    6.365185][    T1] hub 12-0:1.0: 8 ports detected
[    6.373591][    T1] vhci_hcd vhci_hcd.2: USB/IP Virtual Host Controller
[    6.374951][    T1] vhci_hcd vhci_hcd.2: new USB bus registered, assigned bus number 13
[    6.376546][    T1] usb usb13: New USB device found, idVendor=1d6b, idProduct=0002, bcdDevice= 6.07
[    6.377212][    T1] usb usb13: New USB device strings: Mfr=3, Product=2, SerialNumber=1
[    6.377815][    T1] usb usb13: Product: USB/IP Virtual Host Controller
[    6.378547][    T1] usb usb13: Manufacturer: Linux 6.7.0-rc2-ga7e294fdb620-dirty vhci_hcd
[    6.379162][    T1] usb usb13: SerialNumber: vhci_hcd.2
[    6.381703][    T1] hub 13-0:1.0: USB hub found
[    6.382537][    T1] hub 13-0:1.0: 8 ports detected
[    6.389000][    T1] vhci_hcd vhci_hcd.2: USB/IP Virtual Host Controller
[    6.390832][    T1] vhci_hcd vhci_hcd.2: new USB bus registered, assigned bus number 14
[    6.391701][    T1] usb usb14: We don't know the algorithms for LPM for this host, disabling LPM.
[    6.392888][    T1] usb usb14: New USB device found, idVendor=1d6b, idProduct=0003, bcdDevice= 6.07
[    6.393538][    T1] usb usb14: New USB device strings: Mfr=3, Product=2, SerialNumber=1
[    6.394145][    T1] usb usb14: Product: USB/IP Virtual Host Controller
[    6.394626][    T1] usb usb14: Manufacturer: Linux 6.7.0-rc2-ga7e294fdb620-dirty vhci_hcd
[    6.395214][    T1] usb usb14: SerialNumber: vhci_hcd.2
[    6.398206][    T1] hub 14-0:1.0: USB hub found
[    6.398933][    T1] hub 14-0:1.0: 8 ports detected
[    6.407566][    T1] vhci_hcd vhci_hcd.3: USB/IP Virtual Host Controller
[    6.411414][    T1] vhci_hcd vhci_hcd.3: new USB bus registered, assigned bus number 15
[    6.412577][    T1] usb usb15: New USB device found, idVendor=1d6b, idProduct=0002, bcdDevice= 6.07
[    6.413227][    T1] usb usb15: New USB device strings: Mfr=3, Product=2, SerialNumber=1
[    6.413804][    T1] usb usb15: Product: USB/IP Virtual Host Controller
[    6.414274][    T1] usb usb15: Manufacturer: Linux 6.7.0-rc2-ga7e294fdb620-dirty vhci_hcd
[    6.414859][    T1] usb usb15: SerialNumber: vhci_hcd.3
[    6.417728][    T1] hub 15-0:1.0: USB hub found
[    6.418520][    T1] hub 15-0:1.0: 8 ports detected
[    6.424300][    T1] vhci_hcd vhci_hcd.3: USB/IP Virtual Host Controller
[    6.426072][    T1] vhci_hcd vhci_hcd.3: new USB bus registered, assigned bus number 16
[    6.427327][    T1] usb usb16: We don't know the algorithms for LPM for this host, disabling LPM.
[    6.428808][    T1] usb usb16: New USB device found, idVendor=1d6b, idProduct=0003, bcdDevice= 6.07
[    6.429460][    T1] usb usb16: New USB device strings: Mfr=3, Product=2, SerialNumber=1
[    6.430038][    T1] usb usb16: Product: USB/IP Virtual Host Controller
[    6.430506][    T1] usb usb16: Manufacturer: Linux 6.7.0-rc2-ga7e294fdb620-dirty vhci_hcd
[    6.431107][    T1] usb usb16: SerialNumber: vhci_hcd.3
[    6.434087][    T1] hub 16-0:1.0: USB hub found
[    6.434567][    T1] hub 16-0:1.0: 8 ports detected
[    6.443156][    T1] vhci_hcd vhci_hcd.4: USB/IP Virtual Host Controller
[    6.444515][    T1] vhci_hcd vhci_hcd.4: new USB bus registered, assigned bus number 17
[    6.446153][    T1] usb usb17: New USB device found, idVendor=1d6b, idProduct=0002, bcdDevice= 6.07
[    6.446837][    T1] usb usb17: New USB device strings: Mfr=3, Product=2, SerialNumber=1
[    6.447414][    T1] usb usb17: Product: USB/IP Virtual Host Controller
[    6.448190][    T1] usb usb17: Manufacturer: Linux 6.7.0-rc2-ga7e294fdb620-dirty vhci_hcd
[    6.448793][    T1] usb usb17: SerialNumber: vhci_hcd.4
[    6.451357][    T1] hub 17-0:1.0: USB hub found
[    6.452212][    T1] hub 17-0:1.0: 8 ports detected
[    6.458991][    T1] vhci_hcd vhci_hcd.4: USB/IP Virtual Host Controller
[    6.460575][    T1] vhci_hcd vhci_hcd.4: new USB bus registered, assigned bus number 18
[    6.461400][    T1] usb usb18: We don't know the algorithms for LPM for this host, disabling LPM.
[    6.462502][    T1] usb usb18: New USB device found, idVendor=1d6b, idProduct=0003, bcdDevice= 6.07
[    6.463171][    T1] usb usb18: New USB device strings: Mfr=3, Product=2, SerialNumber=1
[    6.463781][    T1] usb usb18: Product: USB/IP Virtual Host Controller
[    6.464254][    T1] usb usb18: Manufacturer: Linux 6.7.0-rc2-ga7e294fdb620-dirty vhci_hcd
[    6.464838][    T1] usb usb18: SerialNumber: vhci_hcd.4
[    6.467690][    T1] hub 18-0:1.0: USB hub found
[    6.468525][    T1] hub 18-0:1.0: 8 ports detected
[    6.475159][    T1] vhci_hcd vhci_hcd.5: USB/IP Virtual Host Controller
[    6.480861][    T1] vhci_hcd vhci_hcd.5: new USB bus registered, assigned bus number 19
[    6.482546][    T1] usb usb19: New USB device found, idVendor=1d6b, idProduct=0002, bcdDevice= 6.07
[    6.483206][    T1] usb usb19: New USB device strings: Mfr=3, Product=2, SerialNumber=1
[    6.483816][    T1] usb usb19: Product: USB/IP Virtual Host Controller
[    6.484287][    T1] usb usb19: Manufacturer: Linux 6.7.0-rc2-ga7e294fdb620-dirty vhci_hcd
[    6.484870][    T1] usb usb19: SerialNumber: vhci_hcd.5
[    6.488196][    T1] hub 19-0:1.0: USB hub found
[    6.488716][    T1] hub 19-0:1.0: 8 ports detected
[    6.495256][    T1] vhci_hcd vhci_hcd.5: USB/IP Virtual Host Controller
[    6.496695][    T1] vhci_hcd vhci_hcd.5: new USB bus registered, assigned bus number 20
[    6.497496][    T1] usb usb20: We don't know the algorithms for LPM for this host, disabling LPM.
[    6.499036][    T1] usb usb20: New USB device found, idVendor=1d6b, idProduct=0003, bcdDevice= 6.07
[    6.499703][    T1] usb usb20: New USB device strings: Mfr=3, Product=2, SerialNumber=1
[    6.500301][    T1] usb usb20: Product: USB/IP Virtual Host Controller
[    6.500773][    T1] usb usb20: Manufacturer: Linux 6.7.0-rc2-ga7e294fdb620-dirty vhci_hcd
[    6.501371][    T1] usb usb20: SerialNumber: vhci_hcd.5
[    6.504239][    T1] hub 20-0:1.0: USB hub found
[    6.504710][    T1] hub 20-0:1.0: 8 ports detected
[    6.513037][    T1] vhci_hcd vhci_hcd.6: USB/IP Virtual Host Controller
[    6.514404][    T1] vhci_hcd vhci_hcd.6: new USB bus registered, assigned bus number 21
[    6.516077][    T1] usb usb21: New USB device found, idVendor=1d6b, idProduct=0002, bcdDevice= 6.07
[    6.516750][    T1] usb usb21: New USB device strings: Mfr=3, Product=2, SerialNumber=1
[    6.517344][    T1] usb usb21: Product: USB/IP Virtual Host Controller
[    6.517820][    T1] usb usb21: Manufacturer: Linux 6.7.0-rc2-ga7e294fdb620-dirty vhci_hcd
[    6.518917][    T1] usb usb21: SerialNumber: vhci_hcd.6
[    6.521853][    T1] hub 21-0:1.0: USB hub found
[    6.522341][    T1] hub 21-0:1.0: 8 ports detected
[    6.528952][    T1] vhci_hcd vhci_hcd.6: USB/IP Virtual Host Controller
[    6.530306][    T1] vhci_hcd vhci_hcd.6: new USB bus registered, assigned bus number 22
[    6.531504][    T1] usb usb22: We don't know the algorithms for LPM for this host, disabling LPM.
[    6.532627][    T1] usb usb22: New USB device found, idVendor=1d6b, idProduct=0003, bcdDevice= 6.07
[    6.533293][    T1] usb usb22: New USB device strings: Mfr=3, Product=2, SerialNumber=1
[    6.533866][    T1] usb usb22: Product: USB/IP Virtual Host Controller
[    6.534351][    T1] usb usb22: Manufacturer: Linux 6.7.0-rc2-ga7e294fdb620-dirty vhci_hcd
[    6.534949][    T1] usb usb22: SerialNumber: vhci_hcd.6
[    6.537528][    T1] hub 22-0:1.0: USB hub found
[    6.538672][    T1] hub 22-0:1.0: 8 ports detected
[    6.547043][    T1] vhci_hcd vhci_hcd.7: USB/IP Virtual Host Controller
[    6.548795][    T1] vhci_hcd vhci_hcd.7: new USB bus registered, assigned bus number 23
[    6.550005][    T1] usb usb23: New USB device found, idVendor=1d6b, idProduct=0002, bcdDevice= 6.07
[    6.550680][    T1] usb usb23: New USB device strings: Mfr=3, Product=2, SerialNumber=1
[    6.551267][    T1] usb usb23: Product: USB/IP Virtual Host Controller
[    6.551750][    T1] usb usb23: Manufacturer: Linux 6.7.0-rc2-ga7e294fdb620-dirty vhci_hcd
[    6.552364][    T1] usb usb23: SerialNumber: vhci_hcd.7
[    6.555246][    T1] hub 23-0:1.0: USB hub found
[    6.555720][    T1] hub 23-0:1.0: 8 ports detected
[    6.561982][    T1] vhci_hcd vhci_hcd.7: USB/IP Virtual Host Controller
[    6.563762][    T1] vhci_hcd vhci_hcd.7: new USB bus registered, assigned bus number 24
[    6.565069][    T1] usb usb24: We don't know the algorithms for LPM for this host, disabling LPM.
[    6.566223][    T1] usb usb24: New USB device found, idVendor=1d6b, idProduct=0003, bcdDevice= 6.07
[    6.566916][    T1] usb usb24: New USB device strings: Mfr=3, Product=2, SerialNumber=1
[    6.567498][    T1] usb usb24: Product: USB/IP Virtual Host Controller
[    6.568329][    T1] usb usb24: Manufacturer: Linux 6.7.0-rc2-ga7e294fdb620-dirty vhci_hcd
[    6.568959][    T1] usb usb24: SerialNumber: vhci_hcd.7
[    6.571492][    T1] hub 24-0:1.0: USB hub found
[    6.572294][    T1] hub 24-0:1.0: 8 ports detected
[    6.580721][    T1] vhci_hcd vhci_hcd.8: USB/IP Virtual Host Controller
[    6.582091][    T1] vhci_hcd vhci_hcd.8: new USB bus registered, assigned bus number 25
[    6.583740][    T1] usb usb25: New USB device found, idVendor=1d6b, idProduct=0002, bcdDevice= 6.07
[    6.584429][    T1] usb usb25: New USB device strings: Mfr=3, Product=2, SerialNumber=1
[    6.585025][    T1] usb usb25: Product: USB/IP Virtual Host Controller
[    6.585524][    T1] usb usb25: Manufacturer: Linux 6.7.0-rc2-ga7e294fdb620-dirty vhci_hcd
[    6.586146][    T1] usb usb25: SerialNumber: vhci_hcd.8
[    6.588930][    T1] hub 25-0:1.0: USB hub found
[    6.589740][    T1] hub 25-0:1.0: 8 ports detected
[    6.596315][    T1] vhci_hcd vhci_hcd.8: USB/IP Virtual Host Controller
[    6.597785][    T1] vhci_hcd vhci_hcd.8: new USB bus registered, assigned bus number 26
[    6.598698][    T1] usb usb26: We don't know the algorithms for LPM for this host, disabling LPM.
[    6.599866][    T1] usb usb26: New USB device found, idVendor=1d6b, idProduct=0003, bcdDevice= 6.07
[    6.600553][    T1] usb usb26: New USB device strings: Mfr=3, Product=2, SerialNumber=1
[    6.601161][    T1] usb usb26: Product: USB/IP Virtual Host Controller
[    6.601667][    T1] usb usb26: Manufacturer: Linux 6.7.0-rc2-ga7e294fdb620-dirty vhci_hcd
[    6.602292][    T1] usb usb26: SerialNumber: vhci_hcd.8
[    6.604741][    T1] hub 26-0:1.0: USB hub found
[    6.605823][    T1] hub 26-0:1.0: 8 ports detected
[    6.613930][    T1] vhci_hcd vhci_hcd.9: USB/IP Virtual Host Controller
[    6.616123][    T1] vhci_hcd vhci_hcd.9: new USB bus registered, assigned bus number 27
[    6.617339][    T1] usb usb27: New USB device found, idVendor=1d6b, idProduct=0002, bcdDevice= 6.07
[    6.618347][    T1] usb usb27: New USB device strings: Mfr=3, Product=2, SerialNumber=1
[    6.618965][    T1] usb usb27: Product: USB/IP Virtual Host Controller
[    6.619468][    T1] usb usb27: Manufacturer: Linux 6.7.0-rc2-ga7e294fdb620-dirty vhci_hcd
[    6.620095][    T1] usb usb27: SerialNumber: vhci_hcd.9
[    6.622981][    T1] hub 27-0:1.0: USB hub found
[    6.623465][    T1] hub 27-0:1.0: 8 ports detected
[    6.630156][    T1] vhci_hcd vhci_hcd.9: USB/IP Virtual Host Controller
[    6.631567][    T1] vhci_hcd vhci_hcd.9: new USB bus registered, assigned bus number 28
[    6.632448][    T1] usb usb28: We don't know the algorithms for LPM for this host, disabling LPM.
[    6.633592][    T1] usb usb28: New USB device found, idVendor=1d6b, idProduct=0003, bcdDevice= 6.07
[    6.634278][    T1] usb usb28: New USB device strings: Mfr=3, Product=2, SerialNumber=1
[    6.634890][    T1] usb usb28: Product: USB/IP Virtual Host Controller
[    6.635392][    T1] usb usb28: Manufacturer: Linux 6.7.0-rc2-ga7e294fdb620-dirty vhci_hcd
[    6.636025][    T1] usb usb28: SerialNumber: vhci_hcd.9
[    6.639185][    T1] hub 28-0:1.0: USB hub found
[    6.640215][    T1] hub 28-0:1.0: 8 ports detected
[    6.648641][    T1] vhci_hcd vhci_hcd.10: USB/IP Virtual Host Controller
[    6.649744][    T1] vhci_hcd vhci_hcd.10: new USB bus registered, assigned bus number 29
[    6.651263][    T1] usb usb29: New USB device found, idVendor=1d6b, idProduct=0002, bcdDevice= 6.07
[    6.651963][    T1] usb usb29: New USB device strings: Mfr=3, Product=2, SerialNumber=1
[    6.652571][    T1] usb usb29: Product: USB/IP Virtual Host Controller
[    6.653073][    T1] usb usb29: Manufacturer: Linux 6.7.0-rc2-ga7e294fdb620-dirty vhci_hcd
[    6.653699][    T1] usb usb29: SerialNumber: vhci_hcd.10
[    6.656686][    T1] hub 29-0:1.0: USB hub found
[    6.657172][    T1] hub 29-0:1.0: 8 ports detected
[    6.663774][    T1] vhci_hcd vhci_hcd.10: USB/IP Virtual Host Controller
[    6.665172][    T1] vhci_hcd vhci_hcd.10: new USB bus registered, assigned bus number 30
[    6.665999][    T1] usb usb30: We don't know the algorithms for LPM for this host, disabling LPM.
[    6.667124][    T1] usb usb30: New USB device found, idVendor=1d6b, idProduct=0003, bcdDevice= 6.07
[    6.667794][    T1] usb usb30: New USB device strings: Mfr=3, Product=2, SerialNumber=1
[    6.668706][    T1] usb usb30: Product: USB/IP Virtual Host Controller
[    6.669211][    T1] usb usb30: Manufacturer: Linux 6.7.0-rc2-ga7e294fdb620-dirty vhci_hcd
[    6.669841][    T1] usb usb30: SerialNumber: vhci_hcd.10
[    6.672393][    T1] hub 30-0:1.0: USB hub found
[    6.673311][    T1] hub 30-0:1.0: 8 ports detected
[    6.681134][    T1] vhci_hcd vhci_hcd.11: USB/IP Virtual Host Controller
[    6.683391][    T1] vhci_hcd vhci_hcd.11: new USB bus registered, assigned bus number 31
[    6.684598][    T1] usb usb31: New USB device found, idVendor=1d6b, idProduct=0002, bcdDevice= 6.07
[    6.685260][    T1] usb usb31: New USB device strings: Mfr=3, Product=2, SerialNumber=1
[    6.685870][    T1] usb usb31: Product: USB/IP Virtual Host Controller
[    6.686374][    T1] usb usb31: Manufacturer: Linux 6.7.0-rc2-ga7e294fdb620-dirty vhci_hcd
[    6.686999][    T1] usb usb31: SerialNumber: vhci_hcd.11
[    6.690312][    T1] hub 31-0:1.0: USB hub found
[    6.691147][    T1] hub 31-0:1.0: 8 ports detected
[    6.697352][    T1] vhci_hcd vhci_hcd.11: USB/IP Virtual Host Controller
[    6.698787][    T1] vhci_hcd vhci_hcd.11: new USB bus registered, assigned bus number 32
[    6.699614][    T1] usb usb32: We don't know the algorithms for LPM for this host, disabling LPM.
[    6.700732][    T1] usb usb32: New USB device found, idVendor=1d6b, idProduct=0003, bcdDevice= 6.07
[    6.701399][    T1] usb usb32: New USB device strings: Mfr=3, Product=2, SerialNumber=1
[    6.702008][    T1] usb usb32: Product: USB/IP Virtual Host Controller
[    6.702484][    T1] usb usb32: Manufacturer: Linux 6.7.0-rc2-ga7e294fdb620-dirty vhci_hcd
[    6.703083][    T1] usb usb32: SerialNumber: vhci_hcd.11
[    6.705726][    T1] hub 32-0:1.0: USB hub found
[    6.706640][    T1] hub 32-0:1.0: 8 ports detected
[    6.715133][    T1] vhci_hcd vhci_hcd.12: USB/IP Virtual Host Controller
[    6.716607][    T1] vhci_hcd vhci_hcd.12: new USB bus registered, assigned bus number 33
[    6.717759][    T1] usb usb33: New USB device found, idVendor=1d6b, idProduct=0002, bcdDevice= 6.07
[    6.719083][    T1] usb usb33: New USB device strings: Mfr=3, Product=2, SerialNumber=1
[    6.719675][    T1] usb usb33: Product: USB/IP Virtual Host Controller
[    6.720173][    T1] usb usb33: Manufacturer: Linux 6.7.0-rc2-ga7e294fdb620-dirty vhci_hcd
[    6.720771][    T1] usb usb33: SerialNumber: vhci_hcd.12
[    6.723436][    T1] hub 33-0:1.0: USB hub found
[    6.724384][    T1] hub 33-0:1.0: 8 ports detected
[    6.730699][    T1] vhci_hcd vhci_hcd.12: USB/IP Virtual Host Controller
[    6.731950][    T1] vhci_hcd vhci_hcd.12: new USB bus registered, assigned bus number 34
[    6.733203][    T1] usb usb34: We don't know the algorithms for LPM for this host, disabling LPM.
[    6.734304][    T1] usb usb34: New USB device found, idVendor=1d6b, idProduct=0003, bcdDevice= 6.07
[    6.734973][    T1] usb usb34: New USB device strings: Mfr=3, Product=2, SerialNumber=1
[    6.735570][    T1] usb usb34: Product: USB/IP Virtual Host Controller
[    6.736045][    T1] usb usb34: Manufacturer: Linux 6.7.0-rc2-ga7e294fdb620-dirty vhci_hcd
[    6.736661][    T1] usb usb34: SerialNumber: vhci_hcd.12
[    6.740011][    T1] hub 34-0:1.0: USB hub found
[    6.740496][    T1] hub 34-0:1.0: 8 ports detected
[    6.748519][    T1] vhci_hcd vhci_hcd.13: USB/IP Virtual Host Controller
[    6.749977][    T1] vhci_hcd vhci_hcd.13: new USB bus registered, assigned bus number 35
[    6.751548][    T1] usb usb35: New USB device found, idVendor=1d6b, idProduct=0002, bcdDevice= 6.07
[    6.752236][    T1] usb usb35: New USB device strings: Mfr=3, Product=2, SerialNumber=1
[    6.752825][    T1] usb usb35: Product: USB/IP Virtual Host Controller
[    6.753320][    T1] usb usb35: Manufacturer: Linux 6.7.0-rc2-ga7e294fdb620-dirty vhci_hcd
[    6.753938][    T1] usb usb35: SerialNumber: vhci_hcd.13
[    6.756926][    T1] hub 35-0:1.0: USB hub found
[    6.757415][    T1] hub 35-0:1.0: 8 ports detected
[    6.764184][    T1] vhci_hcd vhci_hcd.13: USB/IP Virtual Host Controller
[    6.765614][    T1] vhci_hcd vhci_hcd.13: new USB bus registered, assigned bus number 36
[    6.766436][    T1] usb usb36: We don't know the algorithms for LPM for this host, disabling LPM.
[    6.767553][    T1] usb usb36: New USB device found, idVendor=1d6b, idProduct=0003, bcdDevice= 6.07
[    6.768593][    T1] usb usb36: New USB device strings: Mfr=3, Product=2, SerialNumber=1
[    6.769169][    T1] usb usb36: Product: USB/IP Virtual Host Controller
[    6.769653][    T1] usb usb36: Manufacturer: Linux 6.7.0-rc2-ga7e294fdb620-dirty vhci_hcd
[    6.770268][    T1] usb usb36: SerialNumber: vhci_hcd.13
[    6.772737][    T1] hub 36-0:1.0: USB hub found
[    6.773635][    T1] hub 36-0:1.0: 8 ports detected
[    6.781838][    T1] vhci_hcd vhci_hcd.14: USB/IP Virtual Host Controller
[    6.783268][    T1] vhci_hcd vhci_hcd.14: new USB bus registered, assigned bus number 37
[    6.784909][    T1] usb usb37: New USB device found, idVendor=1d6b, idProduct=0002, bcdDevice= 6.07
[    6.785563][    T1] usb usb37: New USB device strings: Mfr=3, Product=2, SerialNumber=1
[    6.786137][    T1] usb usb37: Product: USB/IP Virtual Host Controller
[    6.786626][    T1] usb usb37: Manufacturer: Linux 6.7.0-rc2-ga7e294fdb620-dirty vhci_hcd
[    6.787240][    T1] usb usb37: SerialNumber: vhci_hcd.14
[    6.790348][    T1] hub 37-0:1.0: USB hub found
[    6.790823][    T1] hub 37-0:1.0: 8 ports detected
[    6.798668][    T1] vhci_hcd vhci_hcd.14: USB/IP Virtual Host Controller
[    6.800115][    T1] vhci_hcd vhci_hcd.14: new USB bus registered, assigned bus number 38
[    6.800930][    T1] usb usb38: We don't know the algorithms for LPM for this host, disabling LPM.
[    6.802073][    T1] usb usb38: New USB device found, idVendor=1d6b, idProduct=0003, bcdDevice= 6.07
[    6.802724][    T1] usb usb38: New USB device strings: Mfr=3, Product=2, SerialNumber=1
[    6.803301][    T1] usb usb38: Product: USB/IP Virtual Host Controller
[    6.803781][    T1] usb usb38: Manufacturer: Linux 6.7.0-rc2-ga7e294fdb620-dirty vhci_hcd
[    6.804370][    T1] usb usb38: SerialNumber: vhci_hcd.14
[    6.806839][    T1] hub 38-0:1.0: USB hub found
[    6.807760][    T1] hub 38-0:1.0: 8 ports detected
[    6.816461][    T1] vhci_hcd vhci_hcd.15: USB/IP Virtual Host Controller
[    6.817647][    T1] vhci_hcd vhci_hcd.15: new USB bus registered, assigned bus number 39
[    6.819450][    T1] usb usb39: New USB device found, idVendor=1d6b, idProduct=0002, bcdDevice= 6.07
[    6.820112][    T1] usb usb39: New USB device strings: Mfr=3, Product=2, SerialNumber=1
[    6.820687][    T1] usb usb39: Product: USB/IP Virtual Host Controller
[    6.821161][    T1] usb usb39: Manufacturer: Linux 6.7.0-rc2-ga7e294fdb620-dirty vhci_hcd
[    6.821768][    T1] usb usb39: SerialNumber: vhci_hcd.15
[    6.824259][    T1] hub 39-0:1.0: USB hub found
[    6.825047][    T1] hub 39-0:1.0: 8 ports detected
[    6.832008][    T1] vhci_hcd vhci_hcd.15: USB/IP Virtual Host Controller
[    6.832992][    T1] vhci_hcd vhci_hcd.15: new USB bus registered, assigned bus number 40
[    6.834274][    T1] usb usb40: We don't know the algorithms for LPM for this host, disabling LPM.
[    6.835408][    T1] usb usb40: New USB device found, idVendor=1d6b, idProduct=0003, bcdDevice= 6.07
[    6.836077][    T1] usb usb40: New USB device strings: Mfr=3, Product=2, SerialNumber=1
[    6.836667][    T1] usb usb40: Product: USB/IP Virtual Host Controller
[    6.837135][    T1] usb usb40: Manufacturer: Linux 6.7.0-rc2-ga7e294fdb620-dirty vhci_hcd
[    6.837720][    T1] usb usb40: SerialNumber: vhci_hcd.15
[    6.840867][    T1] hub 40-0:1.0: USB hub found
[    6.841357][    T1] hub 40-0:1.0: 8 ports detected
[    6.849855][    T1] usbcore: registered new device driver usbip-host
[    6.853843][    T1] i8042: PNP: PS/2 Controller [PNP0303:KBD,PNP0f13:MOU] at 0x60,0x64 irq 1,12
[    6.855544][    T1] serio: i8042 KBD port at 0x60,0x64 irq 1
[    6.863560][    T1] serio: i8042 AUX port at 0x60,0x64 irq 12
[    6.867586][    T1] mousedev: PS/2 mouse device common for all mice
[    6.871460][    T1] usbcore: registered new interface driver appletouch
[    6.872108][    T1] usbcore: registered new interface driver bcm5974
[    6.872883][    T1] usbcore: registered new interface driver synaptics_usb
[    6.873536][    T1] usbcore: registered new interface driver iforce
[    6.874160][    T1] usbcore: registered new interface driver xpad
[    6.874769][    T1] usbcore: registered new interface driver usb_acecad
[    6.875413][    T1] usbcore: registered new interface driver aiptek
[    6.876061][    T1] usbcore: registered new interface driver hanwang
[    6.876684][    T1] usbcore: registered new interface driver kbtab
[    6.877271][    T1] usbcore: registered new interface driver pegasus_notetaker
[    6.879050][    T9] input: AT Translated Set 2 keyboard as /devices/platform/i8042/serio0/input/input1
[    6.894148][    T1] usbcore: registered new interface driver usbtouchscreen
[    6.895273][    T1] usbcore: registered new interface driver sur40
[    6.896282][    T1] usbcore: registered new interface driver ati_remote2
[    6.896799][    T1] cm109: Keymap for Komunikate KIP1000 phone loaded
[    6.900966][    T1] usbcore: registered new interface driver cm109
[    6.901442][    T1] cm109: CM109 phone driver: 20080805 (C) Alfred E. Heggestad
[    6.902667][    T1] usbcore: registered new interface driver ims_pcu
[    6.903724][    T1] usbcore: registered new interface driver keyspan_remote
[    6.904803][    T1] usbcore: registered new interface driver powermate
[    6.906478][    T1] usbcore: registered new interface driver yealink
[    6.910258][    T1] rtc_cmos 00:05: RTC can wake from S4
[    6.915673][    T1] rtc_cmos 00:05: registered as rtc0
[    6.916125][    T1] rtc_cmos 00:05: alarms up to one day, y3k, 242 bytes nvram, hpet irqs
[    6.917048][    T1] i2c_dev: i2c /dev entries driver
[    6.917782][    T1] usbcore: registered new interface driver i2c-diolan-u2c
[    6.923462][    T1] usbcore: registered new interface driver RobotFuzz Open Source InterFace, OSIF
[    6.924759][    T1] usbcore: registered new interface driver i2c-tiny-usb
[    6.932820][    T1] usbcore: registered new interface driver igorplugusb
[    6.933500][    T1] usbcore: registered new interface driver iguanair
[    6.934140][    T1] usbcore: registered new interface driver imon
[    6.934781][    T1] usbcore: registered new interface driver mceusb
[    6.935402][    T1] usbcore: registered new interface driver redrat3
[    6.936021][    T1] usbcore: registered new interface driver streamzap
[    6.936656][    T1] usbcore: registered new interface driver ttusbir
[    6.937304][    T1] usbcore: registered new interface driver ati_remote
[    6.943966][    T1] b2c2-flexcop: B2C2 FlexcopII/II(b)/III digital TV receiver chip loaded successfully
[    6.945395][    T1] usbcore: registered new interface driver b2c2_flexcop_usb
[    6.946526][    T1] usbcore: registered new interface driver dvb_usb_vp7045
[    6.947599][    T1] usbcore: registered new interface driver dvb_usb_vp702x
[    6.950743][    T1] usbcore: registered new interface driver dvb_usb_gp8psk
[    6.951875][    T1] usbcore: registered new interface driver dvb_usb_dtt200u
[    6.952983][    T1] usbcore: registered new interface driver dvb_usb_a800
[    6.954049][    T1] usbcore: registered new interface driver dvb_usb_dibusb_mb
[    6.955131][    T1] usbcore: registered new interface driver dvb_usb_dibusb_mc
[    6.956246][    T1] usbcore: registered new interface driver dvb_usb_nova_t_usb2
[    6.957366][    T1] usbcore: registered new interface driver dvb_usb_umt_010
[    6.958624][    T1] usbcore: registered new interface driver dvb_usb_m920x
[    6.959954][    T1] usbcore: registered new interface driver dvb_usb_digitv
[    6.961064][    T1] usbcore: registered new interface driver dvb_usb_cxusb
[    6.962113][    T1] usbcore: registered new interface driver dvb_usb_ttusb2
[    6.963220][    T1] usbcore: registered new interface driver dvb_usb_dib0700
[    6.963968][    T1] usbcore: registered new interface driver opera1
[    6.965341][    T1] usbcore: registered new interface driver dvb_usb_af9005
[    6.965868][    T1] failing symbol_get of non-GPLONLY symbol af9005_rc_decode.
[    6.966902][    T1] failing symbol_get of non-GPLONLY symbol af9005_rc_decode.
[    6.967435][    T1] failing symbol_get of non-GPLONLY symbol rc_map_af9005_table.
[    6.968510][    T1] failing symbol_get of non-GPLONLY symbol rc_map_af9005_table.
[    6.969069][    T1] failing symbol_get of non-GPLONLY symbol rc_map_af9005_table_size.
[    6.970139][    T1] failing symbol_get of non-GPLONLY symbol rc_map_af9005_table_size.
[    6.970719][    T1] af9005: af9005_rc_decode function not found, disabling remote
[    6.971938][    T1] usbcore: registered new interface driver pctv452e
[    6.973037][    T1] usbcore: registered new interface driver dw2102
[    6.974119][    T1] usbcore: registered new interface driver dvb_usb_dtv5100
[    6.975258][    T1] usbcore: registered new interface driver cinergyT2
[    6.976369][    T1] usbcore: registered new interface driver dvb_usb_az6027
[    6.977478][    T1] usbcore: registered new interface driver dvb_usb_technisat_usb2
[    6.979392][    T1] usbcore: registered new interface driver dvb_usb_af9015
[    6.980152][    T1] usbcore: registered new interface driver dvb_usb_af9035
[    6.980792][    T1] usbcore: registered new interface driver dvb_usb_anysee
[    6.981420][    T1] usbcore: registered new interface driver dvb_usb_au6610
[    6.982063][    T1] usbcore: registered new interface driver dvb_usb_az6007
[    6.982706][    T1] usbcore: registered new interface driver dvb_usb_ce6230
[    6.983370][    T1] usbcore: registered new interface driver dvb_usb_ec168
[    6.984013][    T1] usbcore: registered new interface driver dvb_usb_lmedm04
[    6.984719][    T1] usbcore: registered new interface driver dvb_usb_gl861
[    6.985326][    T1] usbcore: registered new interface driver dvb_usb_mxl111sf
[    6.985999][    T1] usbcore: registered new interface driver dvb_usb_rtl28xxu
[    6.986665][    T1] usbcore: registered new interface driver dvb_usb_dvbsky
[    6.987317][    T1] usbcore: registered new interface driver zd1301
[    6.994114][    T1] usbcore: registered new interface driver s2255
[    6.995178][    T1] usbcore: registered new interface driver smsusb
[    6.996206][    T1] usbcore: registered new interface driver ttusb
[    6.997221][    T1] usbcore: registered new interface driver ttusb-dec
[    6.998460][    T1] usbcore: registered new interface driver Abilis Systems as10x usb driver
[    6.999673][    T1] usbcore: registered new interface driver airspy
[    7.000148][    T1] gspca_main: v2.14.0 registered
[    7.001097][    T1] usbcore: registered new interface driver benq
[    7.002093][    T1] usbcore: registered new interface driver conex
[    7.003148][    T1] usbcore: registered new interface driver cpia1
[    7.004169][    T1] usbcore: registered new interface driver dtcs033
[    7.004941][    T1] usbcore: registered new interface driver etoms
[    7.005552][    T1] usbcore: registered new interface driver finepix
[    7.006173][    T1] usbcore: registered new interface driver jeilinj
[    7.006780][    T1] usbcore: registered new interface driver jl2005bcd
[    7.007414][    T1] usbcore: registered new interface driver kinect
[    7.010988][    T1] usbcore: registered new interface driver konica
[    7.012098][    T1] usbcore: registered new interface driver mars
[    7.013125][    T1] usbcore: registered new interface driver mr97310a
[    7.014181][    T1] usbcore: registered new interface driver nw80x
[    7.015222][    T1] usbcore: registered new interface driver ov519
[    7.016222][    T1] usbcore: registered new interface driver ov534
[    7.017241][    T1] usbcore: registered new interface driver ov534_9
[    7.019914][    T1] usbcore: registered new interface driver pac207
[    7.020566][    T1] usbcore: registered new interface driver gspca_pac7302
[    7.021190][    T1] usbcore: registered new interface driver pac7311
[    7.021776][    T1] usbcore: registered new interface driver se401
[    7.022367][    T1] usbcore: registered new interface driver sn9c2028
[    7.022985][    T1] usbcore: registered new interface driver gspca_sn9c20x
[    7.023639][    T1] usbcore: registered new interface driver sonixb
[    7.024248][    T1] usbcore: registered new interface driver sonixj
[    7.024825][    T1] usbcore: registered new interface driver spca500
[    7.025427][    T1] usbcore: registered new interface driver spca501
[    7.026082][    T1] usbcore: registered new interface driver spca505
[    7.026721][    T1] usbcore: registered new interface driver spca506
[    7.027363][    T1] usbcore: registered new interface driver spca508
[    7.035226][    T1] usbcore: registered new interface driver spca561
[    7.036345][    T1] usbcore: registered new interface driver spca1528
[    7.037401][    T1] usbcore: registered new interface driver sq905
[    7.038592][    T1] usbcore: registered new interface driver sq905c
[    7.039616][    T1] usbcore: registered new interface driver sq930x
[    7.040644][    T1] usbcore: registered new interface driver sunplus
[    7.041677][    T1] usbcore: registered new interface driver stk014
[    7.042709][    T1] usbcore: registered new interface driver stk1135
[    7.043750][    T1] usbcore: registered new interface driver stv0680
[    7.044753][    T1] usbcore: registered new interface driver t613
[    7.045791][    T1] usbcore: registered new interface driver gspca_topro
[    7.046565][    T1] usbcore: registered new interface driver touptek
[    7.047198][    T1] usbcore: registered new interface driver tv8532
[    7.047839][    T1] usbcore: registered new interface driver vc032x
[    7.052948][    T1] usbcore: registered new interface driver vicam
