c[?7l[2J[0mSeaBIOS (version 1.15.0-1)


iPXE (https://ipxe.org) 00:03.0 CA00 PCI2.10 PnP PMM+7FF8B310+7FECB310 CA00
Press Ctrl-B to configure iPXE (PCI 00:03.0)...                                                                               


Booting from ROM...
c[?7l[2Jearly console in extract_kernel
input_data: 0x000000000a6c5298
input_len: 0x0000000003520ddf
output: 0x0000000001000000
output_len: 0x000000000ade1b28
kernel_total_size: 0x000000000cc26000
needed_size: 0x000000000ce00000
trampoline_32bit: 0x0000000000000000

Decompressing Linux... Parsing ELF... done.
Booting the kernel (entry_offset: 0x0000000000000080).
[    0.000000][    T0] Linux version 6.7.0-rc2-ga7e294fdb620-dirty (jjy@jjy) (gcc (Ubuntu 11.4.0-1ubuntu1~22.04) 11.4.0, GNU ld (GNU Binutils for Ubuntu) 2.38) #36 SMP PREEMPT_DYNAMIC Thu Nov 30 22:54:32 KST 2023
[    0.000000][    T0] Command line: console=ttyS0 root=/dev/sda earlyprintk=serial net.ifnames=0
[    0.000000][    T0] KERNEL supported cpus:
[    0.000000][    T0]   Intel GenuineIntel
[    0.000000][    T0]   AMD AuthenticAMD
[    0.000000][    T0] BIOS-provided physical RAM map:
[    0.000000][    T0] BIOS-e820: [mem 0x0000000000000000-0x000000000009fbff] usable
[    0.000000][    T0] BIOS-e820: [mem 0x000000000009fc00-0x000000000009ffff] reserved
[    0.000000][    T0] BIOS-e820: [mem 0x00000000000f0000-0x00000000000fffff] reserved
[    0.000000][    T0] BIOS-e820: [mem 0x0000000000100000-0x000000007ffdffff] usable
[    0.000000][    T0] BIOS-e820: [mem 0x000000007ffe0000-0x000000007fffffff] reserved
[    0.000000][    T0] BIOS-e820: [mem 0x00000000feffc000-0x00000000feffffff] reserved
[    0.000000][    T0] BIOS-e820: [mem 0x00000000fffc0000-0x00000000ffffffff] reserved
[    0.000000][    T0] printk: legacy bootconsole [earlyser0] enabled
[    0.000000][    T0] ERROR: earlyprintk= earlyser already used
[    0.000000][    T0] ERROR: earlyprintk= earlyser already used
[    0.000000][    T0] ERROR: earlyprintk= earlyser already used
[    0.000000][    T0] **********************************************************
[    0.000000][    T0] **   NOTICE NOTICE NOTICE NOTICE NOTICE NOTICE NOTICE   **
[    0.000000][    T0] **                                                      **
[    0.000000][    T0] ** This system shows unhashed kernel memory addresses   **
[    0.000000][    T0] ** via the console, logs, and other interfaces. This    **
[    0.000000][    T0] ** might reduce the security of your system.            **
[    0.000000][    T0] **                                                      **
[    0.000000][    T0] ** If you see this message and you are not debugging    **
[    0.000000][    T0] ** the kernel, report this immediately to your system   **
[    0.000000][    T0] ** administrator!                                       **
[    0.000000][    T0] **                                                      **
[    0.000000][    T0] **   NOTICE NOTICE NOTICE NOTICE NOTICE NOTICE NOTICE   **
[    0.000000][    T0] **********************************************************
[    0.000000][    T0] Malformed early option 'vsyscall'
[    0.000000][    T0] NX (Execute Disable) protection: active
[    0.000000][    T0] APIC: Static calls initialized
[    0.000000][    T0] SMBIOS 2.8 present.
[    0.000000][    T0] DMI: QEMU Standard PC (i440FX + PIIX, 1996), BIOS 1.15.0-1 04/01/2014
[    0.000000][    T0] Hypervisor detected: KVM
[    0.000000][    T0] kvm-clock: Using msrs 4b564d01 and 4b564d00
[    0.000002][    T0] kvm-clock: using sched offset of 992661544 cycles
[    0.000432][    T0] clocksource: kvm-clock: mask: 0xffffffffffffffff max_cycles: 0x1cd42e4dffb, max_idle_ns: 881590591483 ns
[    0.001737][    T0] tsc: Detected 1996.800 MHz processor
[    0.003180][    T0] last_pfn = 0x7ffe0 max_arch_pfn = 0x400000000
[    0.003673][    T0] MTRR map: 4 entries (3 fixed + 1 variable; max 19), built from 8 variable MTRRs
[    0.004338][    T0] x86/PAT: Configuration [0-7]: WB  WC  UC- UC  WB  WP  UC- WT  
[    0.007846][    T0] found SMP MP-table at [mem 0x000f5ba0-0x000f5baf]
[    0.008924][    T0] ACPI: Early table checksum verification disabled
[    0.009429][    T0] ACPI: RSDP 0x00000000000F59E0 000014 (v00 BOCHS )
[    0.009916][    T0] ACPI: RSDT 0x000000007FFE1905 000034 (v01 BOCHS  BXPC     00000001 BXPC 00000001)
[    0.010607][    T0] ACPI: FACP 0x000000007FFE17B9 000074 (v01 BOCHS  BXPC     00000001 BXPC 00000001)
[    0.011298][    T0] ACPI: DSDT 0x000000007FFE0040 001779 (v01 BOCHS  BXPC     00000001 BXPC 00000001)
[    0.011993][    T0] ACPI: FACS 0x000000007FFE0000 000040
[    0.012402][    T0] ACPI: APIC 0x000000007FFE182D 000078 (v01 BOCHS  BXPC     00000001 BXPC 00000001)
[    0.013085][    T0] ACPI: HPET 0x000000007FFE18A5 000038 (v01 BOCHS  BXPC     00000001 BXPC 00000001)
[    0.013765][    T0] ACPI: WAET 0x000000007FFE18DD 000028 (v01 BOCHS  BXPC     00000001 BXPC 00000001)
[    0.014454][    T0] ACPI: Reserving FACP table memory at [mem 0x7ffe17b9-0x7ffe182c]
[    0.015025][    T0] ACPI: Reserving DSDT table memory at [mem 0x7ffe0040-0x7ffe17b8]
[    0.015593][    T0] ACPI: Reserving FACS table memory at [mem 0x7ffe0000-0x7ffe003f]
[    0.016162][    T0] ACPI: Reserving APIC table memory at [mem 0x7ffe182d-0x7ffe18a4]
[    0.016731][    T0] ACPI: Reserving HPET table memory at [mem 0x7ffe18a5-0x7ffe18dc]
[    0.017300][    T0] ACPI: Reserving WAET table memory at [mem 0x7ffe18dd-0x7ffe1904]
[    0.018173][    T0] No NUMA configuration found
[    0.018503][    T0] Faking a node at [mem 0x0000000000000000-0x000000007ffdffff]
[    0.019051][    T0] Faking node 0 at [mem 0x0000000000000000-0x000000003fffffff] (1024MB)
[    0.019651][    T0] Faking node 1 at [mem 0x0000000040000000-0x000000007ffdffff] (1023MB)
[    0.020316][    T0] NODE_DATA(0) allocated [mem 0x3fffa000-0x3fffffff]
[    0.021363][    T0] NODE_DATA(1) allocated [mem 0x7ffd9000-0x7ffdefff]
[    0.038677][    T0] Zone ranges:
[    0.039089][    T0]   DMA      [mem 0x0000000000001000-0x0000000000ffffff]
[    0.039732][    T0]   DMA32    [mem 0x0000000001000000-0x000000007ffdffff]
[    0.040243][    T0]   Normal   empty
[    0.040512][    T0]   Device   empty
[    0.040776][    T0] Movable zone start for each node
[    0.041145][    T0] Early memory node ranges
[    0.041459][    T0]   node   0: [mem 0x0000000000001000-0x000000000009efff]
[    0.041975][    T0]   node   0: [mem 0x0000000000100000-0x000000003fffffff]
[    0.042496][    T0]   node   1: [mem 0x0000000040000000-0x000000007ffdffff]
[    0.043010][    T0] Initmem setup node 0 [mem 0x0000000000001000-0x000000003fffffff]
[    0.043585][    T0] Initmem setup node 1 [mem 0x0000000040000000-0x000000007ffdffff]
[    0.044159][    T0] On node 0, zone DMA: 1 pages in unavailable ranges
[    0.044267][    T0] On node 0, zone DMA: 97 pages in unavailable ranges
[    0.059940][    T0] On node 1, zone DMA32: 32 pages in unavailable ranges
[    0.275255][    T0] kasan: KernelAddressSanitizer initialized
[    0.277026][    T0] ACPI: PM-Timer IO Port: 0x608
[    0.277438][    T0] ACPI: LAPIC_NMI (acpi_id[0xff] dfl dfl lint[0x1])
[    0.278120][    T0] IOAPIC[0]: apic_id 0, version 17, address 0xfec00000, GSI 0-23
[    0.278870][    T0] ACPI: INT_SRC_OVR (bus 0 bus_irq 0 global_irq 2 dfl dfl)
[    0.279473][    T0] ACPI: INT_SRC_OVR (bus 0 bus_irq 5 global_irq 5 high level)
[    0.280051][    T0] ACPI: INT_SRC_OVR (bus 0 bus_irq 9 global_irq 9 high level)
[    0.280662][    T0] ACPI: INT_SRC_OVR (bus 0 bus_irq 10 global_irq 10 high level)
[    0.281267][    T0] ACPI: INT_SRC_OVR (bus 0 bus_irq 11 global_irq 11 high level)
[    0.281893][    T0] ACPI: Using ACPI (MADT) for SMP configuration information
[    0.282479][    T0] ACPI: HPET id: 0x8086a201 base: 0xfed00000
[    0.282977][    T0] smpboot: Allowing 1 CPUs, 0 hotplug CPUs
[    0.283489][    T0] kvm-guest: APIC: eoi() replaced with kvm_guest_apic_eoi_write()
[    0.284185][    T0] PM: hibernation: Registered nosave memory: [mem 0x00000000-0x00000fff]
[    0.284854][    T0] PM: hibernation: Registered nosave memory: [mem 0x0009f000-0x0009ffff]
[    0.285568][    T0] PM: hibernation: Registered nosave memory: [mem 0x000a0000-0x000effff]
[    0.286226][    T0] PM: hibernation: Registered nosave memory: [mem 0x000f0000-0x000fffff]
[    0.286887][    T0] [mem 0x80000000-0xfeffbfff] available for PCI devices
[    0.287425][    T0] Booting paravirtualized kernel on KVM
[    0.287892][    T0] clocksource: refined-jiffies: mask: 0xffffffff max_cycles: 0xffffffff, max_idle_ns: 19112604462750000 ns
[    0.317983][    T0] setup_percpu: NR_CPUS:8 nr_cpumask_bits:1 nr_cpu_ids:1 nr_node_ids:2
[    0.319372][    T0] percpu: Embedded 73 pages/cpu s258184 r8192 d32632 u2097152
[    0.320159][    T0] kvm-guest: PV spinlocks disabled, no host support
[    0.320820][    T0] Kernel command line: earlyprintk=serial net.ifnames=0 sysctl.kernel.hung_task_all_cpu_backtrace=1 ima_policy=tcb nf-conntrack-ftp.ports=20000 nf-conntrack-tftp.ports=20000 nf-conntrack-sip.ports=20000 nf-conntrack-irc.ports=20000 nf-conntrack-sane.ports=20000 binder.debug_mask=0 rcupdate.rcu_expedited=1 rcupdate.rcu_cpu_stall_cputime=1 no_hash_pointers page_owner=on sysctl.vm.nr_hugepages=4 sysctl.vm.nr_overcommit_hugepages=4 secretmem.enable=1 sysctl.max_rcu_stall_to_panic=1 msr.allow_writes=off coredump_filter=0xffff root=/dev/sda console=ttyS0 vsyscall=native numa=fake=2 kvm-intel.nested=1 spec_store_bypass_disable=prctl nopcid vivid.n_devs=16 vivid.multiplanar=1,2,1,2,1,2,1,2,1,2,1,2,1,2,1,2 netrom.nr_ndevs=16 rose.rose_ndevs=16 smp.csd_lock_timeout=100000 watchdog_thresh=55 workqueue.watchdog_thresh=140 sysctl.net.core.netdev_unregister_timeout_secs=140 dummy_hcd.num=8 panic_on_warn=1 console=ttyS0 root=/dev/sda earlyprintk=serial net.ifnames=0
[    0.331328][    T0] Unknown kernel command line parameters "spec_store_bypass_disable=prctl", will be passed to user space.
[    0.332472][    T0] Fallback order for Node 0: 0 1 
[    0.332491][    T0] Fallback order for Node 1: 1 0 
[    0.332498][    T0] Built 2 zonelists, mobility grouping on.  Total pages: 515808
[    0.333950][    T0] Policy zone: DMA32
[    0.334705][    T0] mem auto-init: stack:off, heap alloc:on, heap free:off
[    0.335313][    T0] stackdepot: allocating hash table via alloc_large_system_hash
[    0.338261][    T0] stackdepot hash table entries: 1048576 (order: 11, 8388608 bytes, linear)
[    0.551094][    T0] Memory: 1554728K/2096632K available (77824K kernel code, 38182K rwdata, 31716K rodata, 3884K init, 34940K bss, 541648K reserved, 0K cma-reserved)
[    0.553230][    T0] SLUB: HWalign=64, Order=0-3, MinObjects=0, CPUs=1, Nodes=2
[    0.581441][    T0] allocated 37748736 bytes of page_ext
[    0.581985][    T0] Node 0, zone      DMA: page owner found early allocated 0 pages
[    0.585665][    T0] Node 0, zone    DMA32: page owner found early allocated 4704 pages
[    0.587905][    T0] Node 1, zone    DMA32: page owner found early allocated 4611 pages
[    0.588882][    T0] ftrace: allocating 138208 entries in 540 pages
[    0.618687][    T0] ftrace: allocated 540 pages with 4 groups
[    0.619486][    T0] Dynamic Preempt: full
[    0.620245][    T0] Running RCU self tests
[    0.620525][    T0] Running RCU synchronous self tests
[    0.620880][    T0] rcu: Preemptible hierarchical RCU implementation.
[    0.621292][    T0] rcu: 	RCU lockdep checking is enabled.
[    0.621641][    T0] rcu: 	RCU restricting CPUs from NR_CPUS=8 to nr_cpu_ids=1.
[    0.622124][    T0] rcu: 	RCU callback double-/use-after-free debug is enabled.
[    0.622651][    T0] rcu: 	RCU debug extended QS entry/exit.
[    0.623049][    T0] 	All grace periods are expedited (rcu_expedited).
[    0.623517][    T0] 	Trampoline variant of Tasks RCU enabled.
[    0.623950][    T0] 	Rude variant of Tasks RCU enabled.
[    0.624400][    T0] 	Tracing variant of Tasks RCU enabled.
[    0.624793][    T0] rcu: RCU calculated value of scheduler-enlistment delay is 10 jiffies.
[    0.625391][    T0] rcu: Adjusting geometry for rcu_fanout_leaf=16, nr_cpu_ids=1
[    0.626043][    T0] Running RCU synchronous self tests
[    0.674881][    T0] NR_IRQS: 4352, nr_irqs: 256, preallocated irqs: 16
[    0.675965][    T0] rcu: srcu_init: Setting srcu_struct sizes based on contention.
[    0.676662][    T0] kfence: initialized - using 2097152 bytes for 255 objects at 0xffff88807ec00000-0xffff88807ee00000
[    0.681593][    T0] Console: colour VGA+ 80x25
[    0.681973][    T0] printk: legacy console [ttyS0] enabled
[    0.681973][    T0] printk: legacy console [ttyS0] enabled
[    0.682771][    T0] printk: legacy bootconsole [earlyser0] disabled
[    0.682771][    T0] printk: legacy bootconsole [earlyser0] disabled
[    0.683700][    T0] Lock dependency validator: Copyright (c) 2006 Red Hat, Inc., Ingo Molnar
[    0.684313][    T0] ... MAX_LOCKDEP_SUBCLASSES:  8
[    0.684666][    T0] ... MAX_LOCK_DEPTH:          48
[    0.685020][    T0] ... MAX_LOCKDEP_KEYS:        8192
[    0.685384][    T0] ... CLASSHASH_SIZE:          4096
[    0.685748][    T0] ... MAX_LOCKDEP_ENTRIES:     131072
[    0.686119][    T0] ... MAX_LOCKDEP_CHAINS:      262144
[    0.686500][    T0] ... CHAINHASH_SIZE:          131072
[    0.686872][    T0]  memory used by lock dependency info: 20785 kB
[    0.687317][    T0]  memory used for stack traces: 8320 kB
[    0.687715][    T0]  per task-struct memory footprint: 1920 bytes
[    0.688263][    T0] mempolicy: Enabling automatic NUMA balancing. Configure with numa_balancing= or the kernel.numa_balancing sysctl
[    0.689135][    T0] ACPI: Core revision 20230628
[    0.689878][    T0] clocksource: hpet: mask: 0xffffffff max_cycles: 0xffffffff, max_idle_ns: 19112604467 ns
[    0.690824][    T0] APIC: Switch to symmetric I/O mode setup
[    0.691389][    T0] x2apic enabled
[    0.692010][    T0] APIC: Switched APIC routing to: physical x2apic
[    0.693564][    T0] ..TIMER: vector=0x30 apic1=0 pin1=2 apic2=-1 pin2=-1
[    0.694067][    T0] clocksource: tsc-early: mask: 0xffffffffffffffff max_cycles: 0x3990bec8342, max_idle_ns: 881590769617 ns
[    0.694897][    T0] Calibrating delay loop (skipped) preset value.. 3993.60 BogoMIPS (lpj=19968000)
[    0.695748][    T0] Last level iTLB entries: 4KB 0, 2MB 0, 4MB 0
[    0.696174][    T0] Last level dTLB entries: 4KB 0, 2MB 0, 4MB 0, 1GB 0
[    0.696645][    T0] Spectre V1 : Mitigation: usercopy/swapgs barriers and __user pointer sanitization
[    0.697311][    T0] Spectre V2 : Kernel not compiled with retpoline; no mitigation available!
[    0.697313][    T0] Spectre V2 : Vulnerable
[    0.698214][    T0] Spectre V2 : Spectre v2 / SpectreRSB mitigation: Filling RSB on context switch
[    0.698861][    T0] Speculative Store Bypass: Vulnerable
[    0.699252][    T0] MDS: Vulnerable: Clear CPU buffers attempted, no microcode
[    0.699764][    T0] MMIO Stale Data: Unknown: No mitigations
[    0.700186][    T0] x86/fpu: x87 FPU will use FXSAVE
[    0.751490][    T0] Freeing SMP alternatives memory: 124K
[    0.751906][    T0] pid_max: default: 32768 minimum: 301
[    0.752552][    T0] LSM: initializing lsm=lockdown,capability,landlock,yama,safesetid,tomoyo,apparmor,bpf,integrity
[    0.753377][    T0] landlock: Up and running.
[    0.753699][    T0] Yama: becoming mindful.
[    0.754070][    T0] TOMOYO Linux initialized
[    0.754581][    T0] AppArmor: AppArmor initialized
[    0.754908][    T0] LSM support for eBPF active
[    0.758122][    T0] Dentry cache hash table entries: 262144 (order: 9, 2097152 bytes, vmalloc)
[    0.760039][    T0] Inode-cache hash table entries: 131072 (order: 8, 1048576 bytes, vmalloc)
[    0.760747][    T0] Mount-cache hash table entries: 4096 (order: 3, 32768 bytes, vmalloc)
[    0.761387][    T0] Mountpoint-cache hash table entries: 4096 (order: 3, 32768 bytes, vmalloc)
[    0.764077][    T0] Running RCU synchronous self tests
[    0.764458][    T0] Running RCU synchronous self tests
[    0.885511][    T1] smpboot: CPU0: Intel QEMU Virtual CPU version 2.5+ (family: 0xf, model: 0x6b, stepping: 0x1)
[    0.887468][    T1] RCU Tasks: Setting shift to 0 and lim to 1 rcu_task_cb_adjust=1.
[    0.887980][    T1] RCU Tasks Rude: Setting shift to 0 and lim to 1 rcu_task_cb_adjust=1.
[    0.888487][    T1] RCU Tasks Trace: Setting shift to 0 and lim to 1 rcu_task_cb_adjust=1.
[    0.888997][    T1] Running RCU Tasks wait API self tests
[    0.995126][    T1] Running RCU Tasks Rude wait API self tests
[    0.995741][    T1] Running RCU Tasks Trace wait API self tests
[    0.996239][    T1] Performance Events: unsupported Netburst CPU model 107 no PMU driver, software events only.
[    0.997001][    T1] signal: max sigframe size: 1440
[    0.997752][    T1] rcu: Hierarchical SRCU implementation.
[    0.998154][    T1] rcu: 	Max phase no-delay instances is 1000.
[    1.002854][    T1] NMI watchdog: Perf NMI watchdog permanently disabled
[    1.003659][    T1] smp: Bringing up secondary CPUs ...
[    1.004208][    T1] smp: Brought up 2 nodes, 1 CPU
[    1.004557][    T1] smpboot: Max logical packages: 1
[    1.005019][    T1] smpboot: Total of 1 processors activated (3993.60 BogoMIPS)
[    1.007163][    T1] devtmpfs: initialized
[    1.008290][    T1] x86/mm: Memory block size: 128MB
[    1.014963][   T16] Callback from call_rcu_tasks_trace() invoked.
[    1.026952][    T1] Running RCU synchronous self tests
[    1.027335][    T1] Running RCU synchronous self tests
[    1.027812][    T1] clocksource: jiffies: mask: 0xffffffff max_cycles: 0xffffffff, max_idle_ns: 19112604462750000 ns
[    1.028587][    T1] futex hash table entries: 256 (order: 3, 32768 bytes, vmalloc)
[    1.031719][    T1] PM: RTC time: 09:10:41, date: 2023-12-01
[    1.042147][    T1] NET: Registered PF_NETLINK/PF_ROUTE protocol family
[    1.046336][    T1] audit: initializing netlink subsys (disabled)
[    1.047194][   T23] audit: type=2000 audit(1701421842.603:1): state=initialized audit_enabled=0 res=1
[    1.049722][    T1] thermal_sys: Registered thermal governor 'step_wise'
[    1.049727][    T1] thermal_sys: Registered thermal governor 'user_space'
[    1.050440][    T1] cpuidle: using governor menu
[    1.051418][    T1] NET: Registered PF_QIPCRTR protocol family
[    1.055383][    T1] dca service started, version 1.12.1
[    1.055958][    T1] PCI: Using configuration type 1 for base access
[    1.075208][    T1] HugeTLB: registered 2.00 MiB page size, pre-allocated 0 pages
[    1.075838][    T1] HugeTLB: 28 KiB vmemmap can be freed for a 2.00 MiB page
[    1.087527][    T1] cryptd: max_cpu_qlen set to 1000
[    1.105237][   T15] Callback from call_rcu_tasks_rude() invoked.
[    1.107021][    T1] raid6: skipped pq benchmark and selected sse2x4
[    1.107545][    T1] raid6: using intx1 recovery algorithm
[    1.108750][    T1] ACPI: Added _OSI(Module Device)
[    1.109164][    T1] ACPI: Added _OSI(Processor Device)
[    1.109593][    T1] ACPI: Added _OSI(3.0 _SCP Extensions)
[    1.110045][    T1] ACPI: Added _OSI(Processor Aggregator Device)
[    1.201316][    T1] ACPI: 1 ACPI AML tables successfully acquired and loaded
[    1.236168][    T1] ACPI: _OSC evaluation for CPUs failed, trying _PDC
[    1.240138][    T1] ACPI: Interpreter enabled
[    1.240693][    T1] ACPI: PM: (supports S0 S3 S4 S5)
[    1.241124][    T1] ACPI: Using IOAPIC for interrupt routing
[    1.241735][    T1] PCI: Using host bridge windows from ACPI; if necessary, use "pci=nocrs" and report a bug
[    1.242546][    T1] PCI: Using E820 reservations for host bridge windows
[    1.265050][    T1] ACPI: Enabled 2 GPEs in block 00 to 0F
[    1.386090][    T1] ACPI: PCI Root Bridge [PCI0] (domain 0000 [bus 00-ff])
[    1.386731][    T1] acpi PNP0A03:00: _OSC: OS supports [ASPM ClockPM Segments MSI HPX-Type3]
[    1.387422][    T1] acpi PNP0A03:00: _OSC: not requesting OS control; OS requires [ExtendedConfig ASPM ClockPM MSI]
[    1.388581][    T1] acpi PNP0A03:00: fail to add MMCONFIG information, can't access extended configuration space under this bridge
[    1.391035][    T1] PCI host bridge to bus 0000:00
[    1.391440][    T1] pci_bus 0000:00: Unknown NUMA node; performance will be reduced
[    1.392078][    T1] pci_bus 0000:00: root bus resource [io  0x0000-0x0cf7 window]
[    1.392709][    T1] pci_bus 0000:00: root bus resource [io  0x0d00-0xffff window]
[    1.393332][    T1] pci_bus 0000:00: root bus resource [mem 0x000a0000-0x000bffff window]
[    1.394016][    T1] pci_bus 0000:00: root bus resource [mem 0x80000000-0xfebfffff window]
[    1.394694][    T1] pci_bus 0000:00: root bus resource [mem 0x100000000-0x17fffffff window]
[    1.404910][    T1] pci_bus 0000:00: root bus resource [bus 00-ff]
[    1.405708][    T1] pci 0000:00:00.0: [8086:1237] type 00 class 0x060000
[    1.423519][    T1] pci 0000:00:01.0: [8086:7000] type 00 class 0x060100
[    1.436096][    T1] pci 0000:00:01.1: [8086:7010] type 00 class 0x010180
[    1.437965][    T1] pci 0000:00:01.1: reg 0x20: [io  0xc020-0xc02f]
[    1.439049][    T1] pci 0000:00:01.1: legacy IDE quirk: reg 0x10: [io  0x01f0-0x01f7]
[    1.439698][    T1] pci 0000:00:01.1: legacy IDE quirk: reg 0x14: [io  0x03f6]
[    1.440297][    T1] pci 0000:00:01.1: legacy IDE quirk: reg 0x18: [io  0x0170-0x0177]
[    1.440936][    T1] pci 0000:00:01.1: legacy IDE quirk: reg 0x1c: [io  0x0376]
[    1.442138][    T1] pci 0000:00:01.3: [8086:7113] type 00 class 0x068000
[    1.443051][    T1] pci 0000:00:01.3: quirk: [io  0x0600-0x063f] claimed by PIIX4 ACPI
[    1.443705][    T1] pci 0000:00:01.3: quirk: [io  0x0700-0x070f] claimed by PIIX4 SMB
[    1.454970][    T1] pci 0000:00:02.0: [1234:1111] type 00 class 0x030000
[    1.456967][    T1] pci 0000:00:02.0: reg 0x10: [mem 0xfd000000-0xfdffffff pref]
[    1.459328][    T1] pci 0000:00:02.0: reg 0x18: [mem 0xfeb90000-0xfeb90fff]
[    1.463270][    T1] pci 0000:00:02.0: reg 0x30: [mem 0xfeb80000-0xfeb8ffff pref]
[    1.464023][    T1] pci 0000:00:02.0: Video device with shadowed ROM at [mem 0x000c0000-0x000dffff]
[    1.501896][    T1] pci 0000:00:03.0: [1af4:1000] type 00 class 0x020000
[    1.503181][    T1] pci 0000:00:03.0: reg 0x10: [io  0xc000-0xc01f]
[    1.504325][    T1] pci 0000:00:03.0: reg 0x14: [mem 0xfeb91000-0xfeb91fff]
[    1.526815][    T1] pci 0000:00:03.0: reg 0x20: [mem 0xfe000000-0xfe003fff 64bit pref]
[    1.528107][    T1] pci 0000:00:03.0: reg 0x30: [mem 0xfeb00000-0xfeb7ffff pref]
[    1.573318][    T1] ACPI: PCI: Interrupt link LNKA configured for IRQ 10
[    1.585945][    T1] ACPI: PCI: Interrupt link LNKB configured for IRQ 10
[    1.588398][    T1] ACPI: PCI: Interrupt link LNKC configured for IRQ 11
[    1.590841][    T1] ACPI: PCI: Interrupt link LNKD configured for IRQ 11
[    1.592156][    T1] ACPI: PCI: Interrupt link LNKS configured for IRQ 9
[    1.604927][    T1] iommu: Default domain type: Translated
[    1.605400][    T1] iommu: DMA domain TLB invalidation policy: lazy mode
[    1.608186][    T1] SCSI subsystem initialized
[    1.609520][    T1] ACPI: bus type USB registered
[    1.610123][    T1] usbcore: registered new interface driver usbfs
[    1.610755][    T1] usbcore: registered new interface driver hub
[    1.611342][    T1] usbcore: registered new device driver usb
[    1.612709][    T1] mc: Linux media interface: v0.10
[    1.613251][    T1] videodev: Linux video capture interface: v2.00
[    1.614081][    T1] pps_core: LinuxPPS API ver. 1 registered
[    1.614557][    T1] pps_core: Software ver. 5.3.6 - Copyright 2005-2007 Rodolfo Giometti <giometti@linux.it>
[    1.624964][    T1] PTP clock support registered
[    1.625983][    T1] EDAC MC: Ver: 3.0.0
[    1.628085][    T1] Advanced Linux Sound Architecture Driver Initialized.
[    1.630967][    T1] Bluetooth: Core ver 2.22
[    1.631407][    T1] NET: Registered PF_BLUETOOTH protocol family
[    1.631911][    T1] Bluetooth: HCI device and connection manager initialized
[    1.632518][    T1] Bluetooth: HCI socket layer initialized
[    1.632993][    T1] Bluetooth: L2CAP socket layer initialized
[    1.633520][    T1] Bluetooth: SCO socket layer initialized
[    1.634031][    T1] NET: Registered PF_ATMPVC protocol family
[    1.634511][    T1] NET: Registered PF_ATMSVC protocol family
[    1.645186][    T1] NetLabel: Initializing
[    1.645554][    T1] NetLabel:  domain hash size = 128
[    1.645980][    T1] NetLabel:  protocols = UNLABELED CIPSOv4 CALIPSO
[    1.646701][    T1] NetLabel:  unlabeled traffic allowed by default
[    1.648249][    T1] nfc: nfc_init: NFC Core ver 0.1
[    1.648829][    T1] NET: Registered PF_NFC protocol family
[    1.649346][    T1] PCI: Using ACPI for IRQ routing
[    1.650160][    T1] pci 0000:00:02.0: vgaarb: setting as boot VGA device
[    1.650744][    T1] pci 0000:00:02.0: vgaarb: bridge control possible
[    1.651286][    T1] pci 0000:00:02.0: vgaarb: VGA device added: decodes=io+mem,owns=io+mem,locks=none
[    1.652051][    T1] vgaarb: loaded
[    1.665015][    T1] hpet: 3 channels of 0 reserved for per-cpu timers
[    1.665579][    T1] hpet0: at MMIO 0xfed00000, IRQs 2, 8, 0
[    1.666060][    T1] hpet0: 3 comparators, 64-bit 100.000000 MHz counter
[    1.674882][    T1] clocksource: Switched to clocksource kvm-clock
[    1.674882][    T1] VFS: Disk quotas dquot_6.6.0
[    1.674882][    T1] VFS: Dquot-cache hash table entries: 512 (order 0, 4096 bytes)
[    1.674882][    T1] FS-Cache: Loaded
[    1.674882][    T1] CacheFiles: Loaded
[    1.674882][    T1] TOMOYO: 2.6.0
[    1.674882][    T1] Mandatory Access Control activated.
[    1.676804][    T1] AppArmor: AppArmor Filesystem Enabled
[    1.677516][    T1] pnp: PnP ACPI init
[    1.693635][    T1] pnp: PnP ACPI: found 6 devices
[    1.709969][   T44] kwatchdog (44) used greatest stack depth: 29856 bytes left
[    1.737360][    T1] clocksource: acpi_pm: mask: 0xffffff max_cycles: 0xffffff, max_idle_ns: 2085701024 ns
[    1.748703][    T1] NET: Registered PF_INET protocol family
[    1.749732][    T1] IP idents hash table entries: 32768 (order: 6, 262144 bytes, vmalloc)
[    1.770203][    T1] tcp_listen_portaddr_hash hash table entries: 1024 (order: 4, 73728 bytes, vmalloc)
[    1.771415][    T1] Table-perturb hash table entries: 65536 (order: 6, 262144 bytes, vmalloc)
[    1.772669][    T1] TCP established hash table entries: 16384 (order: 5, 131072 bytes, vmalloc)
[    1.776742][    T1] TCP bind hash table entries: 16384 (order: 9, 2359296 bytes, vmalloc)
[    1.788626][    T1] TCP: Hash tables configured (established 16384 bind 16384)
[    1.790201][    T1] MPTCP token hash table entries: 2048 (order: 5, 180224 bytes, vmalloc)
[    1.791252][    T1] UDP hash table entries: 1024 (order: 5, 163840 bytes, vmalloc)
[    1.792216][    T1] UDP-Lite hash table entries: 1024 (order: 5, 163840 bytes, vmalloc)
[    1.793301][    T1] NET: Registered PF_UNIX/PF_LOCAL protocol family
[    1.794940][    T1] RPC: Registered named UNIX socket transport module.
[    1.795507][    T1] RPC: Registered udp transport module.
[    1.795960][    T1] RPC: Registered tcp transport module.
[    1.796407][    T1] RPC: Registered tcp-with-tls transport module.
[    1.796917][    T1] RPC: Registered tcp NFSv4.1 backchannel transport module.
[    1.809087][    T1] NET: Registered PF_XDP protocol family
[    1.809568][    T1] pci_bus 0000:00: resource 4 [io  0x0000-0x0cf7 window]
[    1.810133][    T1] pci_bus 0000:00: resource 5 [io  0x0d00-0xffff window]
[    1.810696][    T1] pci_bus 0000:00: resource 6 [mem 0x000a0000-0x000bffff window]
[    1.811320][    T1] pci_bus 0000:00: resource 7 [mem 0x80000000-0xfebfffff window]
[    1.811959][    T1] pci_bus 0000:00: resource 8 [mem 0x100000000-0x17fffffff window]
[    1.813107][    T1] pci 0000:00:01.0: PIIX3: Enabling Passive Release
[    1.813654][    T1] pci 0000:00:00.0: Limiting direct PCI/PCI transfers
[    1.814262][    T1] PCI: CLS 0 bytes, default 64
[    1.818458][    T1] ACPI: bus type thunderbolt registered
[    1.820099][   T54] kworker/u2:2 (54) used greatest stack depth: 28064 bytes left
[    1.823389][    T1] kvm_intel: VMX not supported by CPU 0
[    1.823851][    T1] kvm_amd: CPU 0 isn't AMD or Hygon
[    1.824275][    T1] clocksource: tsc: mask: 0xffffffffffffffff max_cycles: 0x3990bec8342, max_idle_ns: 881590769617 ns
[    1.840365][    T1] twofish-x86_64-3way: performance on this CPU would be suboptimal: disabling twofish-x86_64-3way.
[    1.841264][    T1] CPU feature 'AVX registers' is not supported.
[    1.841847][    T1] CPU feature 'AVX registers' is not supported.
[    1.842359][    T1] AVX2 instructions are not detected.
[    1.842798][    T1] des3_ede-x86_64: performance on this CPU would be suboptimal: disabling des3_ede-x86_64.
[    1.843615][    T1] camellia-x86_64: performance on this CPU would be suboptimal: disabling camellia-x86_64.
[    1.844434][    T1] AVX or AES-NI instructions are not detected.
[    1.844935][    T1] AVX2 or AES-NI instructions are not detected.
[    1.845446][    T1] blowfish-x86_64: performance on this CPU would be suboptimal: disabling blowfish-x86_64.
[    1.846267][    T1] CPU feature 'AVX registers' is not supported.
[    1.846778][    T1] CPU feature 'AVX registers' is not supported.
[    1.847292][    T1] PCLMULQDQ-NI instructions are not detected.
[    1.847814][    T1] sm3_avx_x86_64: AVX instruction are not detected.
[    1.850141][    T1] AVX or AES-NI instructions are not detected.
[    1.850652][    T1] AVX2 or AES-NI instructions are not detected.
[    1.851160][    T1] AVX or AES-NI instructions are not detected.
[    1.871725][   T68] kworker/u2:2 (68) used greatest stack depth: 27312 bytes left
[    2.147591][    T1] Initialise system trusted keyrings
[    2.148643][    T1] workingset: timestamp_bits=40 max_order=19 bucket_order=0
[    2.154335][    T1] DLM installed
[    2.155766][    T1] squashfs: version 4.0 (2009/01/31) Phillip Lougher
[    2.159240][    T1] NFS: Registering the id_resolver key type
[    2.159811][    T1] Key type id_resolver registered
[    2.160261][    T1] Key type id_legacy registered
[    2.160742][    T1] nfs4filelayout_init: NFSv4 File Layout Driver Registering...
[    2.161505][    T1] nfs4flexfilelayout_init: NFSv4 Flexfile Layout Driver Registering...
[    2.165012][    T1] Key type cifs.spnego registered
[    2.165554][    T1] Key type cifs.idmap registered
[    2.167041][    T1] ntfs: driver 2.1.32 [Flags: R/W].
[    2.167586][    T1] ntfs3: Max link count 4000
[    2.167989][    T1] ntfs3: Enabled Linux POSIX ACLs support
[    2.168661][    T1] ntfs3: Read-only LZX/Xpress compression included
[    2.169305][    T1] efs: 1.0a - http://aeschi.ch.eu.org/efs/
[    2.169836][    T1] jffs2: version 2.2. (NAND) (SUMMARY)  Â© 2001-2006 Red Hat, Inc.
[    2.171337][    T1] romfs: ROMFS MTD (C) 2007 Red Hat, Inc.
[    2.171901][    T1] QNX4 filesystem 0.2.3 registered.
[    2.172373][    T1] qnx6: QNX6 filesystem 1.0.0 registered.
[    2.173614][    T1] fuse: init (API version 7.39)
[    2.176434][    T1] orangefs_debugfs_init: called with debug mask: :none: :0:
[    2.177478][    T1] orangefs_init: module version upstream loaded
[    2.178205][    T1] JFS: nTxBlock = 8192, nTxLock = 65536
[    2.192147][    T1] SGI XFS with ACLs, security attributes, realtime, quota, no debug enabled
[    2.194190][    T1] 9p: Installing v9fs 9p2000 file system support
[    2.194931][    T1] NILFS version 2 loaded
[    2.195303][    T1] befs: version: 0.9.3
[    2.195884][    T1] ocfs2: Registered cluster interface o2cb
[    2.197200][    T1] ocfs2: Registered cluster interface user
[    2.197860][    T1] OCFS2 User DLM kernel interface loaded
[    2.206083][    T1] gfs2: GFS2 installed
[    2.212344][    T1] ceph: loaded (mds proto 32)
[    2.233775][    T1] NET: Registered PF_ALG protocol family
[    2.234391][    T1] xor: measuring software checksum speed
[    2.235144][    T1]    prefetch64-sse  : 37842 MB/sec
[    2.235894][    T1]    generic_sse     : 33160 MB/sec
[    2.236342][    T1] xor: using function: prefetch64-sse (37842 MB/sec)
[    2.236954][    T1] async_tx: api initialized (async)
[    2.237415][    T1] Key type asymmetric registered
[    2.237858][    T1] Asymmetric key parser 'x509' registered
[    2.238560][    T1] Asymmetric key parser 'pkcs8' registered
[    2.239067][    T1] Key type pkcs7_test registered
[    2.240409][    T1] Block layer SCSI generic (bsg) driver version 0.4 loaded (major 239)
[    2.241489][    T1] io scheduler mq-deadline registered
[    2.241958][    T1] io scheduler kyber registered
[    2.242455][    T1] io scheduler bfq registered
[    2.248302][    T1] input: Power Button as /devices/LNXSYSTM:00/LNXPWRBN:00/input/input0
[    2.279508][   T14] Callback from call_rcu_tasks() invoked.
[    2.280891][    T1] ACPI: button: Power Button [PWRF]
[    2.288852][  T147] kworker/u2:0 (147) used greatest stack depth: 27040 bytes left
[    2.289504][    T1] ioatdma: Intel(R) QuickData Technology Driver 5.00
[    4.389493][    T1] ACPI: \_SB_.LNKC: Enabled at IRQ 11
[    4.763534][    T1] N_HDLC line discipline registered with maxframe=4096
[    4.764120][    T1] Serial: 8250/16550 driver, 4 ports, IRQ sharing enabled
[    4.770175][    T1] 00:04: ttyS0 at I/O 0x3f8 (irq = 4, base_baud = 115200) is a 16550A
[    4.801151][    T1] Non-volatile memory driver v1.3
[    4.801638][    T1] Linux agpgart interface v0.103
[    4.812781][    T1] ACPI: bus type drm_connector registered
[    4.817961][    T1] [drm] Initialized vgem 1.0.0 20120112 for vgem on minor 0
[    4.822986][    T1] [drm] Initialized vkms 1.0.0 20180514 for vkms on minor 1
[    4.890139][    T1] Console: switching to colour frame buffer device 128x48
[    4.906236][    T1] platform vkms: [drm] fb0: vkmsdrmfb frame buffer device
[    4.908318][    T1] usbcore: registered new interface driver udl
[    4.912180][    T1] bochs-drm 0000:00:02.0: vgaarb: deactivate vga console
[    4.918667][    T1] [drm] Found bochs VGA, ID 0xb0c5.
[    4.919076][    T1] [drm] Framebuffer size 16384 kB @ 0xfd000000, mmio @ 0xfeb90000.
[    4.921743][    T1] [drm] Found EDID data blob.
[    4.925954][    T1] [drm] Initialized bochs-drm 1.0.0 20130925 for 0000:00:02.0 on minor 2
[    4.934756][    T1] fbcon: bochs-drmdrmfb (fb1) is primary device
[    4.934767][    T1] fbcon: Remapping primary device, fb1, to tty 1-63
[    5.415263][    T1] bochs-drm 0000:00:02.0: [drm] fb1: bochs-drmdrmfb frame buffer device
[    5.471237][    T1] brd: module loaded
[    5.536745][    T1] loop: module loaded
[    5.622781][    T1] zram: Added device: zram0
[    5.629345][    T1] null_blk: disk nullb0 created
[    5.629704][    T1] null_blk: module loaded
[    5.630135][    T1] Guest personality initialized and is inactive
[    5.632606][    T1] VMCI host device registered (name=vmci, major=10, minor=118)
[    5.633146][    T1] Initialized host personality
[    5.634088][    T1] usbcore: registered new interface driver rtsx_usb
[    5.636206][    T1] usbcore: registered new interface driver viperboard
[    5.637032][    T1] usbcore: registered new interface driver dln2
[    5.637647][    T1] usbcore: registered new interface driver pn533_usb
[    5.644503][    T1] nfcsim 0.2 initialized
[    5.645644][    T1] usbcore: registered new interface driver port100
[    5.646635][    T1] usbcore: registered new interface driver nfcmrvl
[    5.653387][    T1] Loading iSCSI transport class v2.0-870.
[    5.663819][    T1] st: Version 20160209, fixed bufsize 32768, s/g segs 256
[    5.698198][    T1] scsi host0: ata_piix
[    5.703188][    T1] scsi host1: ata_piix
[    5.704739][    T1] ata1: PATA max MWDMA2 cmd 0x1f0 ctl 0x3f6 bmdma 0xc020 irq 14 lpm-pol 0
[    5.705346][    T1] ata2: PATA max MWDMA2 cmd 0x170 ctl 0x376 bmdma 0xc028 irq 15 lpm-pol 0
[    5.711697][    T1] Rounding down aligned max_sectors from 4294967295 to 4294967288
[    5.712672][    T1] db_root: cannot open: /etc/target
[    5.715348][    T1] slram: not enough parameters.
[    5.722412][    T1] ftl_cs: FTL header not found.
[    5.758148][    T1] wireguard: WireGuard 1.0.0 loaded. See www.wireguard.com for information.
[    5.762312][    T1] wireguard: Copyright (C) 2015-2019 Jason A. Donenfeld <Jason@zx2c4.com>. All Rights Reserved.
[    5.763084][    T1] eql: Equalizer2002: Simon Janes (simon@ncm.com) and David S. Miller (davem@redhat.com)
[    5.771540][    T1] MACsec IEEE 802.1AE
[    5.775893][    T1] tun: Universal TUN/TAP device driver, 1.6
[    5.810043][    T1] vcan: Virtual CAN interface driver
[    5.810452][    T1] vxcan: Virtual CAN Tunnel driver
[    5.810823][    T1] slcan: serial line CAN interface driver
[    5.811267][    T1] CAN device driver interface
[    5.812352][    T1] usbcore: registered new interface driver usb_8dev
[    5.813326][    T1] usbcore: registered new interface driver ems_usb
[    5.814312][    T1] usbcore: registered new interface driver gs_usb
[    5.815265][    T1] usbcore: registered new interface driver kvaser_usb
[    5.815943][    T1] usbcore: registered new interface driver mcba_usb
[    5.816542][    T1] usbcore: registered new interface driver peak_usb
[    5.817179][    T1] e100: Intel(R) PRO/100 Network Driver
[    5.817572][    T1] e100: Copyright(c) 1999-2006 Intel Corporation
[    5.818118][    T1] e1000: Intel(R) PRO/1000 Network Driver
[    5.820967][    T1] e1000: Copyright (c) 1999-2006 Intel Corporation.
[    5.822038][    T1] e1000e: Intel(R) PRO/1000 Network Driver
[    5.822478][    T1] e1000e: Copyright(c) 1999 - 2015 Intel Corporation.
[    5.824227][    T1] mkiss: AX.25 Multikiss, Hans Albas PE1AYX
[    5.824692][    T1] AX.25: 6pack driver, Revision: 0.3.0
[    5.825128][    T1] AX.25: bpqether driver version 004
[    5.825528][    T1] PPP generic driver version 2.4.2
[    5.827171][    T1] PPP BSD Compression module registered
[    5.827597][    T1] PPP Deflate Compression module registered
[    5.828038][    T1] PPP MPPE Compression module registered
[    5.828991][    T1] NET: Registered PF_PPPOX protocol family
[    5.829532][    T1] PPTP driver version 0.8.5
[    5.830715][    T1] SLIP: version 0.8.4-NET3.019-NEWTTY (dynamic channels, max=256) (6 bit encapsulation enabled).
[    5.831452][    T1] CSLIP: code copyright 1989 Regents of the University of California.
[    5.832029][    T1] SLIP linefill/keepalive option.
[    5.832381][    T1] hdlc: HDLC support module revision 1.22
[    5.832808][    T1] LAPB Ethernet driver version 0.02
[    5.834823][    T1] usbcore: registered new interface driver ath9k_htc
[    5.835878][    T1] usbcore: registered new interface driver carl9170
[    5.836907][    T1] usbcore: registered new interface driver ath6kl_usb
[    5.837592][    T1] usbcore: registered new interface driver ar5523
[    5.838266][    T1] usbcore: registered new interface driver ath10k_usb
[    5.841050][    T1] usbcore: registered new interface driver rndis_wlan
[    5.842150][    T1] mac80211_hwsim: initializing netlink
[    5.865400][    T1] usbcore: registered new interface driver atusb
[    5.868644][  T970] ata1: found unknown device (class 0)
[    5.869732][  T973] ata2: found unknown device (class 0)
[    5.871381][  T970] ata1.00: ATA-7: QEMU HARDDISK, 2.5+, max UDMA/100
[    5.871878][  T970] ata1.00: 16777208 sectors, multi 16: LBA48 
[    5.874055][  T973] ata2.00: ATAPI: QEMU DVD-ROM, 2.5+, max UDMA/100
[    5.875960][   T37] scsi 0:0:0:0: Direct-Access     ATA      QEMU HARDDISK    2.5+ PQ: 0 ANSI: 5
[    5.885105][    T1] mac802154_hwsim mac802154_hwsim: Added 2 mac802154 hwsim hardware radios
[    5.886040][    T1] VMware vmxnet3 virtual NIC driver - version 1.7.0.0-k-NAPI
[    5.886761][    T1] usbcore: registered new interface driver catc
[    5.887314][    T1] usbcore: registered new interface driver kaweth
[    5.887776][    T1] pegasus: Pegasus/Pegasus II USB Ethernet driver
[    5.892352][ T1026] sd 0:0:0:0: [sda] 16777208 512-byte logical blocks: (8.59 GB/8.00 GiB)
[    5.893096][ T1026] sd 0:0:0:0: [sda] Write Protect is off
[    5.893622][ T1026] sd 0:0:0:0: [sda] Write cache: enabled, read cache: enabled, doesn't support DPO or FUA
[    5.894449][ T1026] sd 0:0:0:0: [sda] Preferred minimum I/O size 512 bytes
[    5.901194][   T37] sd 0:0:0:0: Attached scsi generic sg0 type 0
[    5.904728][   T11] scsi 1:0:0:0: CD-ROM            QEMU     QEMU DVD-ROM     2.5+ PQ: 0 ANSI: 5
[    5.906251][    T1] usbcore: registered new interface driver pegasus
[    5.909646][    T1] usbcore: registered new interface driver rtl8150
[    5.911362][    T1] usbcore: registered new device driver r8152-cfgselector
[    5.914357][    T1] usbcore: registered new interface driver r8152
[    5.914825][    T1] hso: drivers/net/usb/hso.c: Option Wireless
[    5.915405][    T1] usbcore: registered new interface driver hso
[    5.915955][    T1] usbcore: registered new interface driver lan78xx
[    5.916506][    T1] usbcore: registered new interface driver asix
[    5.917034][    T1] usbcore: registered new interface driver ax88179_178a
[    5.917617][    T1] usbcore: registered new interface driver cdc_ether
[    5.918164][    T1] usbcore: registered new interface driver cdc_eem
[    5.924462][ T1026] sd 0:0:0:0: [sda] Attached SCSI disk
[    5.926430][    T1] usbcore: registered new interface driver dm9601
[    5.927414][    T1] usbcore: registered new interface driver sr9700
[    5.929358][    T1] usbcore: registered new interface driver CoreChips
[    5.930034][    T1] usbcore: registered new interface driver smsc75xx
[    5.930621][    T1] usbcore: registered new interface driver smsc95xx
[    5.931200][    T1] usbcore: registered new interface driver gl620a
[    5.931762][    T1] usbcore: registered new interface driver net1080
[    5.932345][    T1] usbcore: registered new interface driver plusb
[    5.932894][    T1] usbcore: registered new interface driver rndis_host
[    5.933456][    T1] usbcore: registered new interface driver cdc_subset
[    5.934032][    T1] usbcore: registered new interface driver zaurus
[    5.934603][    T1] usbcore: registered new interface driver MOSCHIP usb-ethernet driver
[    5.935300][    T1] usbcore: registered new interface driver int51x1
[    5.935880][    T1] usbcore: registered new interface driver cdc_phonet
[    5.936475][    T1] usbcore: registered new interface driver kalmia
[    5.937045][    T1] usbcore: registered new interface driver ipheth
[    5.937586][    T1] usbcore: registered new interface driver sierra_net
[    5.938164][    T1] usbcore: registered new interface driver cx82310_eth
[    5.951564][    T1] usbcore: registered new interface driver cdc_ncm
[    5.952565][    T1] usbcore: registered new interface driver huawei_cdc_ncm
[    5.953613][    T1] usbcore: registered new interface driver lg-vl600
[    5.954607][    T1] usbcore: registered new interface driver qmi_wwan
[    5.955601][    T1] usbcore: registered new interface driver cdc_mbim
[    5.956545][    T1] usbcore: registered new interface driver ch9200
[    5.957574][    T1] usbcore: registered new interface driver r8153_ecm
[    5.962828][    T1] VFIO - User Level meta-driver version: 0.3
[    5.970500][   T11] sr 1:0:0:0: [sr0] scsi3-mmc drive: 4x/4x cd/rw xa/form2 tray
[    5.971106][   T11] cdrom: Uniform CD-ROM driver Revision: 3.20
[    5.973186][    T1] aoe: AoE v85 initialised.
[    5.988046][    T1] SPI driver max3421-hcd has no spi_device_id for maxim,max3421
[    5.996108][    T1] usbcore: registered new interface driver cdc_acm
[    5.996575][    T1] cdc_acm: USB Abstract Control Model driver for USB modems and ISDN adapters
[    5.999255][    T1] usbcore: registered new interface driver usblp
[    6.002136][    T1] usbcore: registered new interface driver cdc_wdm
[    6.002742][    T1] usbcore: registered new interface driver usbtmc
[    6.005083][    T1] usbcore: registered new interface driver uas
[    6.006413][    T1] usbcore: registered new interface driver usb-storage
[    6.011122][    T1] usbcore: registered new interface driver ums-alauda
[    6.011726][    T1] usbcore: registered new interface driver ums-cypress
[    6.012275][    T1] usbcore: registered new interface driver ums-datafab
[    6.012844][    T1] usbcore: registered new interface driver ums_eneub6250
[    6.013392][    T1] usbcore: registered new interface driver ums-freecom
[    6.013965][    T1] usbcore: registered new interface driver ums-isd200
[    6.014501][    T1] usbcore: registered new interface driver ums-jumpshot
[    6.015083][    T1] usbcore: registered new interface driver ums-karma
[    6.015619][    T1] usbcore: registered new interface driver ums-onetouch
[    6.016194][    T1] usbcore: registered new interface driver ums-realtek
[    6.016747][    T1] usbcore: registered new interface driver ums-sddr09
[    6.017294][    T1] usbcore: registered new interface driver ums-sddr55
[    6.017853][    T1] usbcore: registered new interface driver ums-usbat
[    6.021501][   T11] sr 1:0:0:0: Attached scsi generic sg1 type 5
[    6.027681][    T1] usbcore: registered new interface driver mdc800
[    6.028139][    T1] mdc800: v0.7.5 (30/10/2000):USB Driver for Mustek MDC800 Digital Camera
[    6.029780][    T1] usbcore: registered new interface driver microtekX6
[    6.031354][    T1] usbcore: registered new interface driver usbserial_generic
[    6.032639][    T1] usbserial: USB Serial support registered for generic
[    6.033623][    T1] usbcore: registered new interface driver aircable
[    6.034559][    T1] usbserial: USB Serial support registered for aircable
[    6.035518][    T1] usbcore: registered new interface driver ark3116
[    6.036507][    T1] usbserial: USB Serial support registered for ark3116
[    6.037485][    T1] usbcore: registered new interface driver belkin_sa
[    6.039835][    T1] usbserial: USB Serial support registered for Belkin / Peracom / GoHubs USB Serial Adapter
[    6.041114][    T1] usbcore: registered new interface driver ch341
[    6.042020][    T1] usbserial: USB Serial support registered for ch341-uart
[    6.043038][    T1] usbcore: registered new interface driver cp210x
[    6.043974][    T1] usbserial: USB Serial support registered for cp210x
[    6.044914][    T1] usbcore: registered new interface driver cyberjack
[    6.045863][    T1] usbserial: USB Serial support registered for Reiner SCT Cyberjack USB card reader
[    6.046996][    T1] usbcore: registered new interface driver cypress_m8
[    6.047941][    T1] usbserial: USB Serial support registered for DeLorme Earthmate USB
[    6.052359][    T1] usbserial: USB Serial support registered for HID->COM RS232 Adapter
[    6.053683][    T1] usbserial: USB Serial support registered for Nokia CA-42 V2 Adapter
[    6.054770][    T1] usbcore: registered new interface driver usb_debug
[    6.055715][    T1] usbserial: USB Serial support registered for debug
[    6.056661][    T1] usbserial: USB Serial support registered for xhci_dbc
[    6.057643][    T1] usbcore: registered new interface driver digi_acceleport
[    6.058719][    T1] usbserial: USB Serial support registered for Digi 2 port USB adapter
[    6.059773][    T1] usbserial: USB Serial support registered for Digi 4 port USB adapter
[    6.060823][    T1] usbcore: registered new interface driver io_edgeport
[    6.061792][    T1] usbserial: USB Serial support registered for Edgeport 2 port adapter
[    6.062837][    T1] usbserial: USB Serial support registered for Edgeport 4 port adapter
[    6.063885][    T1] usbserial: USB Serial support registered for Edgeport 8 port adapter
[    6.064911][    T1] usbserial: USB Serial support registered for EPiC device
[    6.065506][    T1] usbcore: registered new interface driver io_ti
[    6.066080][    T1] usbserial: USB Serial support registered for Edgeport TI 1 port adapter
[    6.066778][    T1] usbserial: USB Serial support registered for Edgeport TI 2 port adapter
[    6.067462][    T1] usbcore: registered new interface driver empeg
[    6.067978][    T1] usbserial: USB Serial support registered for empeg
[    6.071285][    T1] usbcore: registered new interface driver f81534a_ctrl
[    6.072377][    T1] usbcore: registered new interface driver f81232
[    6.073285][    T1] usbserial: USB Serial support registered for f81232
[    6.074245][    T1] usbserial: USB Serial support registered for f81534a
[    6.075203][    T1] usbcore: registered new interface driver f81534
[    6.076116][    T1] usbserial: USB Serial support registered for Fintek F81532/F81534
[    6.077166][    T1] usbcore: registered new interface driver ftdi_sio
[    6.078096][    T1] usbserial: USB Serial support registered for FTDI USB Serial Device
[    6.079519][    T1] usbcore: registered new interface driver garmin_gps
[    6.080492][    T1] usbserial: USB Serial support registered for Garmin GPS usb/tty
[    6.081531][    T1] usbcore: registered new interface driver ipaq
[    6.082452][    T1] usbserial: USB Serial support registered for PocketPC PDA
[    6.083482][    T1] usbcore: registered new interface driver ipw
[    6.084391][    T1] usbserial: USB Serial support registered for IPWireless converter
[    6.085446][    T1] usbcore: registered new interface driver ir_usb
[    6.086460][    T1] usbserial: USB Serial support registered for IR Dongle
[    6.087431][    T1] usbcore: registered new interface driver iuu_phoenix
[    6.088752][    T1] usbserial: USB Serial support registered for iuu_phoenix
[    6.089717][    T1] usbcore: registered new interface driver keyspan
[    6.090705][    T1] usbserial: USB Serial support registered for Keyspan - (without firmware)
[    6.091839][    T1] usbserial: USB Serial support registered for Keyspan 1 port adapter
[    6.092857][    T1] usbserial: USB Serial support registered for Keyspan 2 port adapter
[    6.093928][    T1] usbserial: USB Serial support registered for Keyspan 4 port adapter
[    6.096705][    T1] usbcore: registered new interface driver keyspan_pda
[    6.097674][    T1] usbserial: USB Serial support registered for Keyspan PDA
[    6.099497][    T1] usbserial: USB Serial support registered for Keyspan PDA - (prerenumeration)
[    6.100695][    T1] usbcore: registered new interface driver kl5kusb105
[    6.101679][    T1] usbserial: USB Serial support registered for KL5KUSB105D / PalmConnect
[    6.102797][    T1] usbcore: registered new interface driver kobil_sct
[    6.103731][    T1] usbserial: USB Serial support registered for KOBIL USB smart card terminal
[    6.104836][    T1] usbcore: registered new interface driver mct_u232
[    6.105779][    T1] usbserial: USB Serial support registered for MCT U232
[    6.106750][    T1] usbcore: registered new interface driver metro_usb
[    6.107705][    T1] usbserial: USB Serial support registered for Metrologic USB to Serial
[    6.109404][    T1] usbcore: registered new interface driver mos7720
[    6.110309][    T1] usbserial: USB Serial support registered for Moschip 2 port adapter
[    6.111375][    T1] usbcore: registered new interface driver mos7840
[    6.111900][    T1] usbserial: USB Serial support registered for Moschip 7840/7820 USB Serial Driver
[    6.112625][    T1] usbcore: registered new interface driver mxuport
[    6.113132][    T1] usbserial: USB Serial support registered for MOXA UPort
[    6.113720][    T1] usbcore: registered new interface driver navman
[    6.114222][    T1] usbserial: USB Serial support registered for navman
[    6.114760][    T1] usbcore: registered new interface driver omninet
[    6.115266][    T1] usbserial: USB Serial support registered for ZyXEL - omni.net usb
[    6.115910][    T1] usbcore: registered new interface driver opticon
[    6.116421][    T1] usbserial: USB Serial support registered for opticon
[    6.116981][    T1] usbcore: registered new interface driver option
[    6.117483][    T1] usbserial: USB Serial support registered for GSM modem (1-port)
[    6.118109][    T1] usbcore: registered new interface driver oti6858
[    6.125086][    T1] usbserial: USB Serial support registered for oti6858
[    6.126146][    T1] usbcore: registered new interface driver pl2303
[    6.127135][    T1] usbserial: USB Serial support registered for pl2303
[    6.128154][    T1] usbcore: registered new interface driver qcaux
[    6.129577][    T1] usbserial: USB Serial support registered for qcaux
[    6.132273][    T1] usbcore: registered new interface driver qcserial
[    6.133258][    T1] usbserial: USB Serial support registered for Qualcomm USB modem
[    6.134310][    T1] usbcore: registered new interface driver quatech2
[    6.134958][    T1] usbserial: USB Serial support registered for Quatech 2nd gen USB to Serial Driver
[    6.136419][    T1] usbcore: registered new interface driver safe_serial
[    6.137387][    T1] usbserial: USB Serial support registered for safe_serial
[    6.138098][    T1] usbcore: registered new interface driver sierra
[    6.140435][    T1] usbserial: USB Serial support registered for Sierra USB modem
[    6.141063][    T1] usbcore: registered new interface driver usb_serial_simple
[    6.141632][    T1] usbserial: USB Serial support registered for carelink
[    6.142174][    T1] usbserial: USB Serial support registered for flashloader
[    6.142737][    T1] usbserial: USB Serial support registered for funsoft
[    6.143266][    T1] usbserial: USB Serial support registered for google
[    6.143804][    T1] usbserial: USB Serial support registered for hp4x
[    6.144334][    T1] usbserial: USB Serial support registered for kaufmann
[    6.144945][    T1] usbserial: USB Serial support registered for libtransistor
[    6.145529][    T1] usbserial: USB Serial support registered for moto_modem
[    6.146084][    T1] usbserial: USB Serial support registered for motorola_tetra
[    6.146671][    T1] usbserial: USB Serial support registered for nokia
[    6.147196][    T1] usbserial: USB Serial support registered for novatel_gps
[    6.147757][    T1] usbserial: USB Serial support registered for siemens_mpi
[    6.148308][    T1] usbserial: USB Serial support registered for suunto
[    6.157042][    T1] usbserial: USB Serial support registered for vivopay
[    6.158043][    T1] usbserial: USB Serial support registered for zio
[    6.159359][    T1] usbcore: registered new interface driver spcp8x5
[    6.160336][    T1] usbserial: USB Serial support registered for SPCP8x5
[    6.161335][    T1] usbcore: registered new interface driver ssu100
[    6.162291][    T1] usbserial: USB Serial support registered for Quatech SSU-100 USB to Serial Driver
[    6.163715][    T1] usbcore: registered new interface driver symbolserial
[    6.164650][    T1] usbserial: USB Serial support registered for symbol
[    6.165624][    T1] usbcore: registered new interface driver ti_usb_3410_5052
[    6.166588][    T1] usbserial: USB Serial support registered for TI USB 3410 1 port adapter
[    6.167689][    T1] usbserial: USB Serial support registered for TI USB 5052 2 port adapter
[    6.169286][    T1] usbcore: registered new interface driver upd78f0730
[    6.170245][    T1] usbserial: USB Serial support registered for upd78f0730
[    6.171261][    T1] usbcore: registered new interface driver visor
[    6.173964][    T1] usbserial: USB Serial support registered for Handspring Visor / Palm OS
[    6.175079][    T1] usbserial: USB Serial support registered for Sony Clie 5.0
[    6.176108][    T1] usbserial: USB Serial support registered for Sony Clie 3.5
[    6.177106][    T1] usbcore: registered new interface driver wishbone_serial
[    6.178109][    T1] usbserial: USB Serial support registered for wishbone_serial
[    6.180348][    T1] usbcore: registered new interface driver whiteheat
[    6.181329][    T1] usbserial: USB Serial support registered for Connect Tech - WhiteHEAT - (prerenumeration)
[    6.182502][    T1] usbserial: USB Serial support registered for Connect Tech - WhiteHEAT
[    6.183595][    T1] usbcore: registered new interface driver xr_serial
[    6.184548][    T1] usbserial: USB Serial support registered for xr_serial
[    6.185524][    T1] usbcore: registered new interface driver xsens_mt
[    6.186458][    T1] usbserial: USB Serial support registered for xsens_mt
[    6.187450][    T1] usbcore: registered new interface driver adutux
[    6.189354][    T1] usbcore: registered new interface driver appledisplay
[    6.189996][    T1] usbcore: registered new interface driver cypress_cy7c63
[    6.190573][    T1] usbcore: registered new interface driver cytherm
[    6.191165][    T1] usbcore: registered new interface driver emi26 - firmware loader
[    6.191807][    T1] usbcore: registered new interface driver emi62 - firmware loader
[    6.192469][    T1] usbcore: registered new interface driver idmouse
[    6.193020][    T1] usbcore: registered new interface driver iowarrior
[    6.193603][    T1] usbcore: registered new interface driver isight_firmware
[    6.194208][    T1] usbcore: registered new interface driver usblcd
[    6.194753][    T1] usbcore: registered new interface driver ldusb
[    6.195272][    T1] usbcore: registered new interface driver legousbtower
[    6.195831][    T1] usbcore: registered new interface driver usbtest
[    6.196379][    T1] usbcore: registered new interface driver usb_ehset_test
[    6.196992][    T1] usbcore: registered new interface driver trancevibrator
[    6.197605][    T1] usbcore: registered new interface driver uss720
[    6.198046][    T1] uss720: USB Parport Cable driver for Cables using the Lucent Technologies USS720 Chip
[    6.205669][    T1] uss720: NOTE: this is a special purpose driver to allow nonstandard
[    6.206272][    T1] uss720: protocols (eg. bitbang) over USS720 usb to parallel cables
[    6.206835][    T1] uss720: If you just want to connect to a printer, use usblp instead
[    6.208043][    T1] usbcore: registered new interface driver usbsevseg
[    6.209110][    T1] usbcore: registered new interface driver yurex
[    6.213706][    T1] usbcore: registered new interface driver chaoskey
[    6.214670][    T1] usbcore: registered new interface driver sisusb
[    6.215597][    T1] usbcore: registered new interface driver lvs
[    6.216515][    T1] usbcore: registered new interface driver cxacru
[    6.217450][    T1] usbcore: registered new interface driver speedtch
[    6.218560][    T1] usbcore: registered new interface driver ueagle-atm
[    6.219046][    T1] xusbatm: malformed module parameters
[    6.223293][    T1] dummy_hcd dummy_hcd.0: USB Host+Gadget Emulator, driver 02 May 2005
[    6.223927][    T1] dummy_hcd dummy_hcd.0: Dummy host controller
[    6.225941][    T1] dummy_hcd dummy_hcd.0: new USB bus registered, assigned bus number 1
[    6.227441][    T1] usb usb1: New USB device found, idVendor=1d6b, idProduct=0002, bcdDevice= 6.07
[    6.228123][    T1] usb usb1: New USB device strings: Mfr=3, Product=2, SerialNumber=1
[    6.230481][    T1] usb usb1: Product: Dummy host controller
[    6.230888][    T1] usb usb1: Manufacturer: Linux 6.7.0-rc2-ga7e294fdb620-dirty dummy_hcd
[    6.231484][    T1] usb usb1: SerialNumber: dummy_hcd.0
[    6.235373][    T1] hub 1-0:1.0: USB hub found
[    6.236035][    T1] hub 1-0:1.0: 1 port detected
[    6.241879][    T1] dummy_hcd dummy_hcd.1: USB Host+Gadget Emulator, driver 02 May 2005
[    6.242478][    T1] dummy_hcd dummy_hcd.1: Dummy host controller
[    6.243801][    T1] dummy_hcd dummy_hcd.1: new USB bus registered, assigned bus number 2
[    6.244925][    T1] usb usb2: New USB device found, idVendor=1d6b, idProduct=0002, bcdDevice= 6.07
[    6.245572][    T1] usb usb2: New USB device strings: Mfr=3, Product=2, SerialNumber=1
[    6.246141][    T1] usb usb2: Product: Dummy host controller
[    6.246561][    T1] usb usb2: Manufacturer: Linux 6.7.0-rc2-ga7e294fdb620-dirty dummy_hcd
[    6.247153][    T1] usb usb2: SerialNumber: dummy_hcd.1
[    6.250387][    T1] hub 2-0:1.0: USB hub found
[    6.250859][    T1] hub 2-0:1.0: 1 port detected
[    6.254674][    T1] dummy_hcd dummy_hcd.2: USB Host+Gadget Emulator, driver 02 May 2005
[    6.255300][    T1] dummy_hcd dummy_hcd.2: Dummy host controller
[    6.258814][    T1] dummy_hcd dummy_hcd.2: new USB bus registered, assigned bus number 3
[    6.260105][    T1] usb usb3: New USB device found, idVendor=1d6b, idProduct=0002, bcdDevice= 6.07
[    6.260774][    T1] usb usb3: New USB device strings: Mfr=3, Product=2, SerialNumber=1
[    6.261343][    T1] usb usb3: Product: Dummy host controller
[    6.261748][    T1] usb usb3: Manufacturer: Linux 6.7.0-rc2-ga7e294fdb620-dirty dummy_hcd
[    6.262346][    T1] usb usb3: SerialNumber: dummy_hcd.2
[    6.264363][    T1] hub 3-0:1.0: USB hub found
[    6.265718][    T1] hub 3-0:1.0: 1 port detected
[    6.270070][    T1] dummy_hcd dummy_hcd.3: USB Host+Gadget Emulator, driver 02 May 2005
[    6.270702][    T1] dummy_hcd dummy_hcd.3: Dummy host controller
[    6.271995][    T1] dummy_hcd dummy_hcd.3: new USB bus registered, assigned bus number 4
[    6.273122][    T1] usb usb4: New USB device found, idVendor=1d6b, idProduct=0002, bcdDevice= 6.07
[    6.273794][    T1] usb usb4: New USB device strings: Mfr=3, Product=2, SerialNumber=1
[    6.274367][    T1] usb usb4: Product: Dummy host controller
[    6.274782][    T1] usb usb4: Manufacturer: Linux 6.7.0-rc2-ga7e294fdb620-dirty dummy_hcd
[    6.275392][    T1] usb usb4: SerialNumber: dummy_hcd.3
[    6.278944][    T1] hub 4-0:1.0: USB hub found
[    6.279417][    T1] hub 4-0:1.0: 1 port detected
[    6.283142][    T1] dummy_hcd dummy_hcd.4: USB Host+Gadget Emulator, driver 02 May 2005
[    6.283788][    T1] dummy_hcd dummy_hcd.4: Dummy host controller
[    6.285196][    T1] dummy_hcd dummy_hcd.4: new USB bus registered, assigned bus number 5
[    6.286382][    T1] usb usb5: New USB device found, idVendor=1d6b, idProduct=0002, bcdDevice= 6.07
[    6.287048][    T1] usb usb5: New USB device strings: Mfr=3, Product=2, SerialNumber=1
[    6.287654][    T1] usb usb5: Product: Dummy host controller
[    6.288077][    T1] usb usb5: Manufacturer: Linux 6.7.0-rc2-ga7e294fdb620-dirty dummy_hcd
[    6.289066][    T1] usb usb5: SerialNumber: dummy_hcd.4
[    6.291957][    T1] hub 5-0:1.0: USB hub found
[    6.292433][    T1] hub 5-0:1.0: 1 port detected
[    6.296176][    T1] dummy_hcd dummy_hcd.5: USB Host+Gadget Emulator, driver 02 May 2005
[    6.296801][    T1] dummy_hcd dummy_hcd.5: Dummy host controller
[    6.298280][    T1] dummy_hcd dummy_hcd.5: new USB bus registered, assigned bus number 6
[    6.299905][    T1] usb usb6: New USB device found, idVendor=1d6b, idProduct=0002, bcdDevice= 6.07
[    6.300591][    T1] usb usb6: New USB device strings: Mfr=3, Product=2, SerialNumber=1
[    6.301188][    T1] usb usb6: Product: Dummy host controller
[    6.301621][    T1] usb usb6: Manufacturer: Linux 6.7.0-rc2-ga7e294fdb620-dirty dummy_hcd
[    6.302208][    T1] usb usb6: SerialNumber: dummy_hcd.5
[    6.305112][    T1] hub 6-0:1.0: USB hub found
[    6.305584][    T1] hub 6-0:1.0: 1 port detected
[    6.311571][    T1] dummy_hcd dummy_hcd.6: USB Host+Gadget Emulator, driver 02 May 2005
[    6.312213][    T1] dummy_hcd dummy_hcd.6: Dummy host controller
[    6.313680][    T1] dummy_hcd dummy_hcd.6: new USB bus registered, assigned bus number 7
[    6.314841][    T1] usb usb7: New USB device found, idVendor=1d6b, idProduct=0002, bcdDevice= 6.07
[    6.315486][    T1] usb usb7: New USB device strings: Mfr=3, Product=2, SerialNumber=1
[    6.316057][    T1] usb usb7: Product: Dummy host controller
[    6.316474][    T1] usb usb7: Manufacturer: Linux 6.7.0-rc2-ga7e294fdb620-dirty dummy_hcd
[    6.317057][    T1] usb usb7: SerialNumber: dummy_hcd.6
[    6.320444][    T1] hub 7-0:1.0: USB hub found
[    6.320887][    T1] hub 7-0:1.0: 1 port detected
[    6.324460][    T1] dummy_hcd dummy_hcd.7: USB Host+Gadget Emulator, driver 02 May 2005
[    6.325060][    T1] dummy_hcd dummy_hcd.7: Dummy host controller
[    6.326392][    T1] dummy_hcd dummy_hcd.7: new USB bus registered, assigned bus number 8
[    6.327600][    T1] usb usb8: New USB device found, idVendor=1d6b, idProduct=0002, bcdDevice= 6.07
[    6.328274][    T1] usb usb8: New USB device strings: Mfr=3, Product=2, SerialNumber=1
[    6.329168][    T1] usb usb8: Product: Dummy host controller
[    6.329598][    T1] usb usb8: Manufacturer: Linux 6.7.0-rc2-ga7e294fdb620-dirty dummy_hcd
[    6.330246][    T1] usb usb8: SerialNumber: dummy_hcd.7
[    6.333148][    T1] hub 8-0:1.0: USB hub found
[    6.333624][    T1] hub 8-0:1.0: 1 port detected
[    6.362039][    T1] gadgetfs: USB Gadget filesystem, version 24 Aug 2004
[    6.369862][    T1] vhci_hcd vhci_hcd.0: USB/IP Virtual Host Controller
[    6.372244][    T1] vhci_hcd vhci_hcd.0: new USB bus registered, assigned bus number 9
[    6.373174][    T1] vhci_hcd: created sysfs vhci_hcd.0
[    6.374125][    T1] usb usb9: New USB device found, idVendor=1d6b, idProduct=0002, bcdDevice= 6.07
[    6.374787][    T1] usb usb9: New USB device strings: Mfr=3, Product=2, SerialNumber=1
[    6.375343][    T1] usb usb9: Product: USB/IP Virtual Host Controller
[    6.375802][    T1] usb usb9: Manufacturer: Linux 6.7.0-rc2-ga7e294fdb620-dirty vhci_hcd
[    6.376365][    T1] usb usb9: SerialNumber: vhci_hcd.0
[    6.381011][    T1] hub 9-0:1.0: USB hub found
[    6.381572][    T1] hub 9-0:1.0: 8 ports detected
[    6.387981][    T1] vhci_hcd vhci_hcd.0: USB/IP Virtual Host Controller
[    6.391334][    T1] vhci_hcd vhci_hcd.0: new USB bus registered, assigned bus number 10
[    6.392557][    T1] usb usb10: We don't know the algorithms for LPM for this host, disabling LPM.
[    6.393693][    T1] usb usb10: New USB device found, idVendor=1d6b, idProduct=0003, bcdDevice= 6.07
[    6.394332][    T1] usb usb10: New USB device strings: Mfr=3, Product=2, SerialNumber=1
[    6.394897][    T1] usb usb10: Product: USB/IP Virtual Host Controller
[    6.395394][    T1] usb usb10: Manufacturer: Linux 6.7.0-rc2-ga7e294fdb620-dirty vhci_hcd
[    6.395993][    T1] usb usb10: SerialNumber: vhci_hcd.0
[    6.399272][    T1] hub 10-0:1.0: USB hub found
[    6.399762][    T1] hub 10-0:1.0: 8 ports detected
[    6.408123][    T1] vhci_hcd vhci_hcd.1: USB/IP Virtual Host Controller
[    6.409709][    T1] vhci_hcd vhci_hcd.1: new USB bus registered, assigned bus number 11
[    6.410840][    T1] usb usb11: New USB device found, idVendor=1d6b, idProduct=0002, bcdDevice= 6.07
[    6.411487][    T1] usb usb11: New USB device strings: Mfr=3, Product=2, SerialNumber=1
[    6.412093][    T1] usb usb11: Product: USB/IP Virtual Host Controller
[    6.412571][    T1] usb usb11: Manufacturer: Linux 6.7.0-rc2-ga7e294fdb620-dirty vhci_hcd
[    6.413200][    T1] usb usb11: SerialNumber: vhci_hcd.1
[    6.416103][    T1] hub 11-0:1.0: USB hub found
[    6.416584][    T1] hub 11-0:1.0: 8 ports detected
[    6.423098][    T1] vhci_hcd vhci_hcd.1: USB/IP Virtual Host Controller
[    6.424022][    T1] vhci_hcd vhci_hcd.1: new USB bus registered, assigned bus number 12
[    6.425277][    T1] usb usb12: We don't know the algorithms for LPM for this host, disabling LPM.
[    6.426441][    T1] usb usb12: New USB device found, idVendor=1d6b, idProduct=0003, bcdDevice= 6.07
[    6.427111][    T1] usb usb12: New USB device strings: Mfr=3, Product=2, SerialNumber=1
[    6.427678][    T1] usb usb12: Product: USB/IP Virtual Host Controller
[    6.428168][    T1] usb usb12: Manufacturer: Linux 6.7.0-rc2-ga7e294fdb620-dirty vhci_hcd
[    6.429049][    T1] usb usb12: SerialNumber: vhci_hcd.1
[    6.431888][    T1] hub 12-0:1.0: USB hub found
[    6.432349][    T1] hub 12-0:1.0: 8 ports detected
[    6.440634][    T1] vhci_hcd vhci_hcd.2: USB/IP Virtual Host Controller
[    6.441992][    T1] vhci_hcd vhci_hcd.2: new USB bus registered, assigned bus number 13
[    6.443530][    T1] usb usb13: New USB device found, idVendor=1d6b, idProduct=0002, bcdDevice= 6.07
[    6.444176][    T1] usb usb13: New USB device strings: Mfr=3, Product=2, SerialNumber=1
[    6.444769][    T1] usb usb13: Product: USB/IP Virtual Host Controller
[    6.445229][    T1] usb usb13: Manufacturer: Linux 6.7.0-rc2-ga7e294fdb620-dirty vhci_hcd
[    6.445803][    T1] usb usb13: SerialNumber: vhci_hcd.2
[    6.448702][    T1] hub 13-0:1.0: USB hub found
[    6.449360][    T1] hub 13-0:1.0: 8 ports detected
[    6.455499][    T1] vhci_hcd vhci_hcd.2: USB/IP Virtual Host Controller
[    6.457020][    T1] vhci_hcd vhci_hcd.2: new USB bus registered, assigned bus number 14
[    6.457854][    T1] usb usb14: We don't know the algorithms for LPM for this host, disabling LPM.
[    6.459303][    T1] usb usb14: New USB device found, idVendor=1d6b, idProduct=0003, bcdDevice= 6.07
[    6.459968][    T1] usb usb14: New USB device strings: Mfr=3, Product=2, SerialNumber=1
[    6.460570][    T1] usb usb14: Product: USB/IP Virtual Host Controller
[    6.461053][    T1] usb usb14: Manufacturer: Linux 6.7.0-rc2-ga7e294fdb620-dirty vhci_hcd
[    6.461653][    T1] usb usb14: SerialNumber: vhci_hcd.2
[    6.464466][    T1] hub 14-0:1.0: USB hub found
[    6.464914][    T1] hub 14-0:1.0: 8 ports detected
[    6.474816][    T1] vhci_hcd vhci_hcd.3: USB/IP Virtual Host Controller
[    6.476952][    T1] vhci_hcd vhci_hcd.3: new USB bus registered, assigned bus number 15
[    6.478107][    T1] usb usb15: New USB device found, idVendor=1d6b, idProduct=0002, bcdDevice= 6.07
[    6.479005][    T1] usb usb15: New USB device strings: Mfr=3, Product=2, SerialNumber=1
[    6.479608][    T1] usb usb15: Product: USB/IP Virtual Host Controller
[    6.480069][    T1] usb usb15: Manufacturer: Linux 6.7.0-rc2-ga7e294fdb620-dirty vhci_hcd
[    6.480646][    T1] usb usb15: SerialNumber: vhci_hcd.3
[    6.483452][    T1] hub 15-0:1.0: USB hub found
[    6.483919][    T1] hub 15-0:1.0: 8 ports detected
[    6.490935][    T1] vhci_hcd vhci_hcd.3: USB/IP Virtual Host Controller
[    6.492002][    T1] vhci_hcd vhci_hcd.3: new USB bus registered, assigned bus number 16
[    6.493300][    T1] usb usb16: We don't know the algorithms for LPM for this host, disabling LPM.
[    6.494406][    T1] usb usb16: New USB device found, idVendor=1d6b, idProduct=0003, bcdDevice= 6.07
[    6.495072][    T1] usb usb16: New USB device strings: Mfr=3, Product=2, SerialNumber=1
[    6.495679][    T1] usb usb16: Product: USB/IP Virtual Host Controller
[    6.496196][    T1] usb usb16: Manufacturer: Linux 6.7.0-rc2-ga7e294fdb620-dirty vhci_hcd
[    6.496787][    T1] usb usb16: SerialNumber: vhci_hcd.3
[    6.499933][    T1] hub 16-0:1.0: USB hub found
[    6.500386][    T1] hub 16-0:1.0: 8 ports detected
[    6.508708][    T1] vhci_hcd vhci_hcd.4: USB/IP Virtual Host Controller
[    6.510494][    T1] vhci_hcd vhci_hcd.4: new USB bus registered, assigned bus number 17
[    6.511659][    T1] usb usb17: New USB device found, idVendor=1d6b, idProduct=0002, bcdDevice= 6.07
[    6.512329][    T1] usb usb17: New USB device strings: Mfr=3, Product=2, SerialNumber=1
[    6.512915][    T1] usb usb17: Product: USB/IP Virtual Host Controller
[    6.513387][    T1] usb usb17: Manufacturer: Linux 6.7.0-rc2-ga7e294fdb620-dirty vhci_hcd
[    6.513991][    T1] usb usb17: SerialNumber: vhci_hcd.4
[    6.516884][    T1] hub 17-0:1.0: USB hub found
[    6.517740][    T1] hub 17-0:1.0: 8 ports detected
[    6.524260][    T1] vhci_hcd vhci_hcd.4: USB/IP Virtual Host Controller
[    6.525222][    T1] vhci_hcd vhci_hcd.4: new USB bus registered, assigned bus number 18
[    6.526516][    T1] usb usb18: We don't know the algorithms for LPM for this host, disabling LPM.
[    6.527652][    T1] usb usb18: New USB device found, idVendor=1d6b, idProduct=0003, bcdDevice= 6.07
[    6.528322][    T1] usb usb18: New USB device strings: Mfr=3, Product=2, SerialNumber=1
[    6.529248][    T1] usb usb18: Product: USB/IP Virtual Host Controller
[    6.529737][    T1] usb usb18: Manufacturer: Linux 6.7.0-rc2-ga7e294fdb620-dirty vhci_hcd
[    6.530349][    T1] usb usb18: SerialNumber: vhci_hcd.4
[    6.532752][    T1] hub 18-0:1.0: USB hub found
[    6.533638][    T1] hub 18-0:1.0: 8 ports detected
[    6.542008][    T1] vhci_hcd vhci_hcd.5: USB/IP Virtual Host Controller
[    6.543473][    T1] vhci_hcd vhci_hcd.5: new USB bus registered, assigned bus number 19
[    6.545093][    T1] usb usb19: New USB device found, idVendor=1d6b, idProduct=0002, bcdDevice= 6.07
[    6.545757][    T1] usb usb19: New USB device strings: Mfr=3, Product=2, SerialNumber=1
[    6.546352][    T1] usb usb19: Product: USB/IP Virtual Host Controller
[    6.546821][    T1] usb usb19: Manufacturer: Linux 6.7.0-rc2-ga7e294fdb620-dirty vhci_hcd
[    6.547413][    T1] usb usb19: SerialNumber: vhci_hcd.5
[    6.552701][    T1] hub 19-0:1.0: USB hub found
[    6.553153][    T1] hub 19-0:1.0: 8 ports detected
[    6.558960][    T1] vhci_hcd vhci_hcd.5: USB/IP Virtual Host Controller
[    6.561253][    T1] vhci_hcd vhci_hcd.5: new USB bus registered, assigned bus number 20
[    6.562083][    T1] usb usb20: We don't know the algorithms for LPM for this host, disabling LPM.
[    6.563210][    T1] usb usb20: New USB device found, idVendor=1d6b, idProduct=0003, bcdDevice= 6.07
[    6.563889][    T1] usb usb20: New USB device strings: Mfr=3, Product=2, SerialNumber=1
[    6.564490][    T1] usb usb20: Product: USB/IP Virtual Host Controller
[    6.564977][    T1] usb usb20: Manufacturer: Linux 6.7.0-rc2-ga7e294fdb620-dirty vhci_hcd
[    6.565551][    T1] usb usb20: SerialNumber: vhci_hcd.5
[    6.567974][    T1] hub 20-0:1.0: USB hub found
[    6.569228][    T1] hub 20-0:1.0: 8 ports detected
[    6.576451][    T1] vhci_hcd vhci_hcd.6: USB/IP Virtual Host Controller
[    6.579079][    T1] vhci_hcd vhci_hcd.6: new USB bus registered, assigned bus number 21
[    6.580240][    T1] usb usb21: New USB device found, idVendor=1d6b, idProduct=0002, bcdDevice= 6.07
[    6.580895][    T1] usb usb21: New USB device strings: Mfr=3, Product=2, SerialNumber=1
[    6.581494][    T1] usb usb21: Product: USB/IP Virtual Host Controller
[    6.581977][    T1] usb usb21: Manufacturer: Linux 6.7.0-rc2-ga7e294fdb620-dirty vhci_hcd
[    6.582562][    T1] usb usb21: SerialNumber: vhci_hcd.6
[    6.585393][    T1] hub 21-0:1.0: USB hub found
[    6.585857][    T1] hub 21-0:1.0: 8 ports detected
[    6.591957][    T1] vhci_hcd vhci_hcd.6: USB/IP Virtual Host Controller
[    6.593734][    T1] vhci_hcd vhci_hcd.6: new USB bus registered, assigned bus number 22
[    6.594566][    T1] usb usb22: We don't know the algorithms for LPM for this host, disabling LPM.
[    6.595726][    T1] usb usb22: New USB device found, idVendor=1d6b, idProduct=0003, bcdDevice= 6.07
[    6.596399][    T1] usb usb22: New USB device strings: Mfr=3, Product=2, SerialNumber=1
[    6.596974][    T1] usb usb22: Product: USB/IP Virtual Host Controller
[    6.597464][    T1] usb usb22: Manufacturer: Linux 6.7.0-rc2-ga7e294fdb620-dirty vhci_hcd
[    6.598079][    T1] usb usb22: SerialNumber: vhci_hcd.6
[    6.601398][    T1] hub 22-0:1.0: USB hub found
[    6.601875][    T1] hub 22-0:1.0: 8 ports detected
[    6.610175][    T1] vhci_hcd vhci_hcd.7: USB/IP Virtual Host Controller
[    6.611497][    T1] vhci_hcd vhci_hcd.7: new USB bus registered, assigned bus number 23
[    6.613168][    T1] usb usb23: New USB device found, idVendor=1d6b, idProduct=0002, bcdDevice= 6.07
[    6.613849][    T1] usb usb23: New USB device strings: Mfr=3, Product=2, SerialNumber=1
[    6.614443][    T1] usb usb23: Product: USB/IP Virtual Host Controller
[    6.614907][    T1] usb usb23: Manufacturer: Linux 6.7.0-rc2-ga7e294fdb620-dirty vhci_hcd
[    6.615501][    T1] usb usb23: SerialNumber: vhci_hcd.7
[    6.618718][    T1] hub 23-0:1.0: USB hub found
[    6.619355][    T1] hub 23-0:1.0: 8 ports detected
[    6.625874][    T1] vhci_hcd vhci_hcd.7: USB/IP Virtual Host Controller
[    6.627675][    T1] vhci_hcd vhci_hcd.7: new USB bus registered, assigned bus number 24
[    6.629200][    T1] usb usb24: We don't know the algorithms for LPM for this host, disabling LPM.
[    6.630330][    T1] usb usb24: New USB device found, idVendor=1d6b, idProduct=0003, bcdDevice= 6.07
[    6.630991][    T1] usb usb24: New USB device strings: Mfr=3, Product=2, SerialNumber=1
[    6.631582][    T1] usb usb24: Product: USB/IP Virtual Host Controller
[    6.632073][    T1] usb usb24: Manufacturer: Linux 6.7.0-rc2-ga7e294fdb620-dirty vhci_hcd
[    6.632689][    T1] usb usb24: SerialNumber: vhci_hcd.7
[    6.635111][    T1] hub 24-0:1.0: USB hub found
[    6.636025][    T1] hub 24-0:1.0: 8 ports detected
[    6.643796][    T1] vhci_hcd vhci_hcd.8: USB/IP Virtual Host Controller
[    6.645164][    T1] vhci_hcd vhci_hcd.8: new USB bus registered, assigned bus number 25
[    6.646776][    T1] usb usb25: New USB device found, idVendor=1d6b, idProduct=0002, bcdDevice= 6.07
[    6.647458][    T1] usb usb25: New USB device strings: Mfr=3, Product=2, SerialNumber=1
[    6.648071][    T1] usb usb25: Product: USB/IP Virtual Host Controller
[    6.648640][    T1] usb usb25: Manufacturer: Linux 6.7.0-rc2-ga7e294fdb620-dirty vhci_hcd
[    6.649232][    T1] usb usb25: SerialNumber: vhci_hcd.8
[    6.652129][    T1] hub 25-0:1.0: USB hub found
[    6.652606][    T1] hub 25-0:1.0: 8 ports detected
[    6.659505][    T1] vhci_hcd vhci_hcd.8: USB/IP Virtual Host Controller
[    6.660905][    T1] vhci_hcd vhci_hcd.8: new USB bus registered, assigned bus number 26
[    6.661727][    T1] usb usb26: We don't know the algorithms for LPM for this host, disabling LPM.
[    6.662862][    T1] usb usb26: New USB device found, idVendor=1d6b, idProduct=0003, bcdDevice= 6.07
[    6.663548][    T1] usb usb26: New USB device strings: Mfr=3, Product=2, SerialNumber=1
[    6.664151][    T1] usb usb26: Product: USB/IP Virtual Host Controller
[    6.664641][    T1] usb usb26: Manufacturer: Linux 6.7.0-rc2-ga7e294fdb620-dirty vhci_hcd
[    6.665235][    T1] usb usb26: SerialNumber: vhci_hcd.8
[    6.667680][    T1] hub 26-0:1.0: USB hub found
[    6.668680][    T1] hub 26-0:1.0: 8 ports detected
[    6.676223][    T1] vhci_hcd vhci_hcd.9: USB/IP Virtual Host Controller
[    6.677571][    T1] vhci_hcd vhci_hcd.9: new USB bus registered, assigned bus number 27
[    6.679176][    T1] usb usb27: New USB device found, idVendor=1d6b, idProduct=0002, bcdDevice= 6.07
[    6.679866][    T1] usb usb27: New USB device strings: Mfr=3, Product=2, SerialNumber=1
[    6.680466][    T1] usb usb27: Product: USB/IP Virtual Host Controller
[    6.680957][    T1] usb usb27: Manufacturer: Linux 6.7.0-rc2-ga7e294fdb620-dirty vhci_hcd
[    6.681568][    T1] usb usb27: SerialNumber: vhci_hcd.9
[    6.684474][    T1] hub 27-0:1.0: USB hub found
[    6.684942][    T1] hub 27-0:1.0: 8 ports detected
[    6.691435][    T1] vhci_hcd vhci_hcd.9: USB/IP Virtual Host Controller
[    6.692980][    T1] vhci_hcd vhci_hcd.9: new USB bus registered, assigned bus number 28
[    6.693798][    T1] usb usb28: We don't know the algorithms for LPM for this host, disabling LPM.
[    6.694929][    T1] usb usb28: New USB device found, idVendor=1d6b, idProduct=0003, bcdDevice= 6.07
[    6.695606][    T1] usb usb28: New USB device strings: Mfr=3, Product=2, SerialNumber=1
[    6.696204][    T1] usb usb28: Product: USB/IP Virtual Host Controller
[    6.696698][    T1] usb usb28: Manufacturer: Linux 6.7.0-rc2-ga7e294fdb620-dirty vhci_hcd
[    6.697310][    T1] usb usb28: SerialNumber: vhci_hcd.9
[    6.700297][    T1] hub 28-0:1.0: USB hub found
[    6.701218][    T1] hub 28-0:1.0: 8 ports detected
[    6.708954][    T1] vhci_hcd vhci_hcd.10: USB/IP Virtual Host Controller
[    6.710975][    T1] vhci_hcd vhci_hcd.10: new USB bus registered, assigned bus number 29
[    6.712131][    T1] usb usb29: New USB device found, idVendor=1d6b, idProduct=0002, bcdDevice= 6.07
[    6.712783][    T1] usb usb29: New USB device strings: Mfr=3, Product=2, SerialNumber=1
[    6.713376][    T1] usb usb29: Product: USB/IP Virtual Host Controller
[    6.713869][    T1] usb usb29: Manufacturer: Linux 6.7.0-rc2-ga7e294fdb620-dirty vhci_hcd
[    6.714485][    T1] usb usb29: SerialNumber: vhci_hcd.10
[    6.717454][    T1] hub 29-0:1.0: USB hub found
[    6.717932][    T1] hub 29-0:1.0: 8 ports detected
[    6.724231][    T1] vhci_hcd vhci_hcd.10: USB/IP Virtual Host Controller
[    6.725728][    T1] vhci_hcd vhci_hcd.10: new USB bus registered, assigned bus number 30
[    6.726536][    T1] usb usb30: We don't know the algorithms for LPM for this host, disabling LPM.
[    6.727647][    T1] usb usb30: New USB device found, idVendor=1d6b, idProduct=0003, bcdDevice= 6.07
[    6.728308][    T1] usb usb30: New USB device strings: Mfr=3, Product=2, SerialNumber=1
[    6.729266][    T1] usb usb30: Product: USB/IP Virtual Host Controller
[    6.729754][    T1] usb usb30: Manufacturer: Linux 6.7.0-rc2-ga7e294fdb620-dirty vhci_hcd
[    6.730368][    T1] usb usb30: SerialNumber: vhci_hcd.10
[    6.733311][    T1] hub 30-0:1.0: USB hub found
[    6.733773][    T1] hub 30-0:1.0: 8 ports detected
[    6.742063][    T1] vhci_hcd vhci_hcd.11: USB/IP Virtual Host Controller
[    6.743477][    T1] vhci_hcd vhci_hcd.11: new USB bus registered, assigned bus number 31
[    6.744624][    T1] usb usb31: New USB device found, idVendor=1d6b, idProduct=0002, bcdDevice= 6.07
[    6.745285][    T1] usb usb31: New USB device strings: Mfr=3, Product=2, SerialNumber=1
[    6.745872][    T1] usb usb31: Product: USB/IP Virtual Host Controller
[    6.746338][    T1] usb usb31: Manufacturer: Linux 6.7.0-rc2-ga7e294fdb620-dirty vhci_hcd
[    6.746933][    T1] usb usb31: SerialNumber: vhci_hcd.11
[    6.749703][    T1] hub 31-0:1.0: USB hub found
[    6.750591][    T1] hub 31-0:1.0: 8 ports detected
[    6.755381][    T1] vhci_hcd vhci_hcd.11: USB/IP Virtual Host Controller
[    6.758339][    T1] vhci_hcd vhci_hcd.11: new USB bus registered, assigned bus number 32
[    6.759498][    T1] usb usb32: We don't know the algorithms for LPM for this host, disabling LPM.
[    6.760616][    T1] usb usb32: New USB device found, idVendor=1d6b, idProduct=0003, bcdDevice= 6.07
[    6.761265][    T1] usb usb32: New USB device strings: Mfr=3, Product=2, SerialNumber=1
[    6.761850][    T1] usb usb32: Product: USB/IP Virtual Host Controller
[    6.762322][    T1] usb usb32: Manufacturer: Linux 6.7.0-rc2-ga7e294fdb620-dirty vhci_hcd
[    6.762906][    T1] usb usb32: SerialNumber: vhci_hcd.11
[    6.765802][    T1] hub 32-0:1.0: USB hub found
[    6.766284][    T1] hub 32-0:1.0: 8 ports detected
[    6.775111][    T1] vhci_hcd vhci_hcd.12: USB/IP Virtual Host Controller
[    6.776391][    T1] vhci_hcd vhci_hcd.12: new USB bus registered, assigned bus number 33
[    6.777924][    T1] usb usb33: New USB device found, idVendor=1d6b, idProduct=0002, bcdDevice= 6.07
[    6.778847][    T1] usb usb33: New USB device strings: Mfr=3, Product=2, SerialNumber=1
[    6.779433][    T1] usb usb33: Product: USB/IP Virtual Host Controller
[    6.779916][    T1] usb usb33: Manufacturer: Linux 6.7.0-rc2-ga7e294fdb620-dirty vhci_hcd
[    6.780496][    T1] usb usb33: SerialNumber: vhci_hcd.12
[    6.783402][    T1] hub 33-0:1.0: USB hub found
[    6.784019][    T1] hub 33-0:1.0: 8 ports detected
[    6.790419][    T1] vhci_hcd vhci_hcd.12: USB/IP Virtual Host Controller
[    6.791784][    T1] vhci_hcd vhci_hcd.12: new USB bus registered, assigned bus number 34
[    6.792567][    T1] usb usb34: We don't know the algorithms for LPM for this host, disabling LPM.
[    6.793657][    T1] usb usb34: New USB device found, idVendor=1d6b, idProduct=0003, bcdDevice= 6.07
[    6.794316][    T1] usb usb34: New USB device strings: Mfr=3, Product=2, SerialNumber=1
[    6.794883][    T1] usb usb34: Product: USB/IP Virtual Host Controller
[    6.795368][    T1] usb usb34: Manufacturer: Linux 6.7.0-rc2-ga7e294fdb620-dirty vhci_hcd
[    6.795969][    T1] usb usb34: SerialNumber: vhci_hcd.12
[    6.798745][    T1] hub 34-0:1.0: USB hub found
[    6.799582][    T1] hub 34-0:1.0: 8 ports detected
[    6.807482][    T1] vhci_hcd vhci_hcd.13: USB/IP Virtual Host Controller
[    6.809059][    T1] vhci_hcd vhci_hcd.13: new USB bus registered, assigned bus number 35
[    6.810592][    T1] usb usb35: New USB device found, idVendor=1d6b, idProduct=0002, bcdDevice= 6.07
[    6.811237][    T1] usb usb35: New USB device strings: Mfr=3, Product=2, SerialNumber=1
[    6.811841][    T1] usb usb35: Product: USB/IP Virtual Host Controller
[    6.812314][    T1] usb usb35: Manufacturer: Linux 6.7.0-rc2-ga7e294fdb620-dirty vhci_hcd
[    6.812906][    T1] usb usb35: SerialNumber: vhci_hcd.13
[    6.815752][    T1] hub 35-0:1.0: USB hub found
[    6.816367][    T1] hub 35-0:1.0: 8 ports detected
[    6.822945][    T1] vhci_hcd vhci_hcd.13: USB/IP Virtual Host Controller
[    6.824375][    T1] vhci_hcd vhci_hcd.13: new USB bus registered, assigned bus number 36
[    6.825176][    T1] usb usb36: We don't know the algorithms for LPM for this host, disabling LPM.
[    6.826263][    T1] usb usb36: New USB device found, idVendor=1d6b, idProduct=0003, bcdDevice= 6.07
[    6.826900][    T1] usb usb36: New USB device strings: Mfr=3, Product=2, SerialNumber=1
[    6.827473][    T1] usb usb36: Product: USB/IP Virtual Host Controller
[    6.827965][    T1] usb usb36: Manufacturer: Linux 6.7.0-rc2-ga7e294fdb620-dirty vhci_hcd
[    6.828903][    T1] usb usb36: SerialNumber: vhci_hcd.13
[    6.831425][    T1] hub 36-0:1.0: USB hub found
[    6.832259][    T1] hub 36-0:1.0: 8 ports detected
[    6.837843][    T1] vhci_hcd vhci_hcd.14: USB/IP Virtual Host Controller
[    6.842531][    T1] vhci_hcd vhci_hcd.14: new USB bus registered, assigned bus number 37
[    6.843657][    T1] usb usb37: New USB device found, idVendor=1d6b, idProduct=0002, bcdDevice= 6.07
[    6.844291][    T1] usb usb37: New USB device strings: Mfr=3, Product=2, SerialNumber=1
[    6.844855][    T1] usb usb37: Product: USB/IP Virtual Host Controller
[    6.845341][    T1] usb usb37: Manufacturer: Linux 6.7.0-rc2-ga7e294fdb620-dirty vhci_hcd
[    6.845946][    T1] usb usb37: SerialNumber: vhci_hcd.14
[    6.849235][    T1] hub 37-0:1.0: USB hub found
[    6.849704][    T1] hub 37-0:1.0: 8 ports detected
[    6.855439][    T1] vhci_hcd vhci_hcd.14: USB/IP Virtual Host Controller
[    6.856918][    T1] vhci_hcd vhci_hcd.14: new USB bus registered, assigned bus number 38
[    6.858203][    T1] usb usb38: We don't know the algorithms for LPM for this host, disabling LPM.
[    6.859851][    T1] usb usb38: New USB device found, idVendor=1d6b, idProduct=0003, bcdDevice= 6.07
[    6.860494][    T1] usb usb38: New USB device strings: Mfr=3, Product=2, SerialNumber=1
[    6.861056][    T1] usb usb38: Product: USB/IP Virtual Host Controller
[    6.861517][    T1] usb usb38: Manufacturer: Linux 6.7.0-rc2-ga7e294fdb620-dirty vhci_hcd
[    6.862128][    T1] usb usb38: SerialNumber: vhci_hcd.14
[    6.864907][    T1] hub 38-0:1.0: USB hub found
[    6.865375][    T1] hub 38-0:1.0: 8 ports detected
[    6.873135][    T1] vhci_hcd vhci_hcd.15: USB/IP Virtual Host Controller
[    6.875314][    T1] vhci_hcd vhci_hcd.15: new USB bus registered, assigned bus number 39
[    6.876506][    T1] usb usb39: New USB device found, idVendor=1d6b, idProduct=0002, bcdDevice= 6.07
[    6.877176][    T1] usb usb39: New USB device strings: Mfr=3, Product=2, SerialNumber=1
[    6.877770][    T1] usb usb39: Product: USB/IP Virtual Host Controller
[    6.878260][    T1] usb usb39: Manufacturer: Linux 6.7.0-rc2-ga7e294fdb620-dirty vhci_hcd
[    6.879133][    T1] usb usb39: SerialNumber: vhci_hcd.15
[    6.881902][    T1] hub 39-0:1.0: USB hub found
[    6.882380][    T1] hub 39-0:1.0: 8 ports detected
[    6.889434][    T1] vhci_hcd vhci_hcd.15: USB/IP Virtual Host Controller
[    6.890500][    T1] vhci_hcd vhci_hcd.15: new USB bus registered, assigned bus number 40
[    6.891706][    T1] usb usb40: We don't know the algorithms for LPM for this host, disabling LPM.
[    6.892790][    T1] usb usb40: New USB device found, idVendor=1d6b, idProduct=0003, bcdDevice= 6.07
[    6.893456][    T1] usb usb40: New USB device strings: Mfr=3, Product=2, SerialNumber=1
[    6.894032][    T1] usb usb40: Product: USB/IP Virtual Host Controller
[    6.894497][    T1] usb usb40: Manufacturer: Linux 6.7.0-rc2-ga7e294fdb620-dirty vhci_hcd
[    6.895070][    T1] usb usb40: SerialNumber: vhci_hcd.15
[    6.897898][    T1] hub 40-0:1.0: USB hub found
[    6.898732][    T1] hub 40-0:1.0: 8 ports detected
[    6.906046][    T1] usbcore: registered new device driver usbip-host
[    6.913730][    T1] i8042: PNP: PS/2 Controller [PNP0303:KBD,PNP0f13:MOU] at 0x60,0x64 irq 1,12
[    6.915447][    T1] serio: i8042 KBD port at 0x60,0x64 irq 1
[    6.920145][    T1] serio: i8042 AUX port at 0x60,0x64 irq 12
[    6.924261][    T1] mousedev: PS/2 mouse device common for all mice
[    6.927650][    T9] input: AT Translated Set 2 keyboard as /devices/platform/i8042/serio0/input/input1
[    6.930544][    T1] usbcore: registered new interface driver appletouch
[    6.933133][    T1] usbcore: registered new interface driver bcm5974
[    6.937628][    T1] usbcore: registered new interface driver synaptics_usb
[    6.943735][    T1] usbcore: registered new interface driver iforce
[    6.944521][    T1] usbcore: registered new interface driver xpad
[    6.945163][    T1] usbcore: registered new interface driver usb_acecad
[    6.945766][    T1] usbcore: registered new interface driver aiptek
[    6.946372][    T1] usbcore: registered new interface driver hanwang
[    6.946987][    T1] usbcore: registered new interface driver kbtab
[    6.947566][    T1] usbcore: registered new interface driver pegasus_notetaker
[    6.948216][    T1] usbcore: registered new interface driver usbtouchscreen
[    6.952816][    T1] usbcore: registered new interface driver sur40
[    6.953901][    T1] usbcore: registered new interface driver ati_remote2
[    6.954404][    T1] cm109: Keymap for Komunikate KIP1000 phone loaded
[    6.955500][    T1] usbcore: registered new interface driver cm109
[    6.955975][    T1] cm109: CM109 phone driver: 20080805 (C) Alfred E. Heggestad
[    6.957129][    T1] usbcore: registered new interface driver ims_pcu
[    6.958156][    T1] usbcore: registered new interface driver keyspan_remote
[    6.959264][    T1] usbcore: registered new interface driver powermate
[    6.960995][    T1] usbcore: registered new interface driver yealink
[    6.964852][    T1] rtc_cmos 00:05: RTC can wake from S4
[    6.972096][    T1] rtc_cmos 00:05: registered as rtc0
[    6.972519][    T1] rtc_cmos 00:05: alarms up to one day, y3k, 242 bytes nvram, hpet irqs
[    6.974986][    T1] i2c_dev: i2c /dev entries driver
[    6.976864][    T1] usbcore: registered new interface driver i2c-diolan-u2c
[    6.979153][    T1] usbcore: registered new interface driver RobotFuzz Open Source InterFace, OSIF
[    6.980380][    T1] usbcore: registered new interface driver i2c-tiny-usb
[    6.984606][    T1] usbcore: registered new interface driver igorplugusb
[    6.985225][    T1] usbcore: registered new interface driver iguanair
[    6.985822][    T1] usbcore: registered new interface driver imon
[    6.986445][    T1] usbcore: registered new interface driver mceusb
[    6.987030][    T1] usbcore: registered new interface driver redrat3
[    6.987641][    T1] usbcore: registered new interface driver streamzap
[    6.988241][    T1] usbcore: registered new interface driver ttusbir
[    6.996627][    T1] usbcore: registered new interface driver ati_remote
[    6.998137][    T1] b2c2-flexcop: B2C2 FlexcopII/II(b)/III digital TV receiver chip loaded successfully
[    7.001963][    T1] usbcore: registered new interface driver b2c2_flexcop_usb
[    7.002774][    T1] usbcore: registered new interface driver dvb_usb_vp7045
[    7.003421][    T1] usbcore: registered new interface driver dvb_usb_vp702x
[    7.004061][    T1] usbcore: registered new interface driver dvb_usb_gp8psk
[    7.004723][    T1] usbcore: registered new interface driver dvb_usb_dtt200u
[    7.005371][    T1] usbcore: registered new interface driver dvb_usb_a800
[    7.006006][    T1] usbcore: registered new interface driver dvb_usb_dibusb_mb
[    7.006697][    T1] usbcore: registered new interface driver dvb_usb_dibusb_mc
[    7.007341][    T1] usbcore: registered new interface driver dvb_usb_nova_t_usb2
[    7.008024][    T1] usbcore: registered new interface driver dvb_usb_umt_010
[    7.012974][    T1] usbcore: registered new interface driver dvb_usb_m920x
[    7.014107][    T1] usbcore: registered new interface driver dvb_usb_digitv
[    7.015422][    T1] usbcore: registered new interface driver dvb_usb_cxusb
[    7.016522][    T1] usbcore: registered new interface driver dvb_usb_ttusb2
[    7.017582][    T1] usbcore: registered new interface driver dvb_usb_dib0700
[    7.018687][    T1] usbcore: registered new interface driver opera1
[    7.019714][    T1] usbcore: registered new interface driver dvb_usb_af9005
[    7.020232][    T1] failing symbol_get of non-GPLONLY symbol af9005_rc_decode.
[    7.021221][    T1] failing symbol_get of non-GPLONLY symbol af9005_rc_decode.
[    7.021739][    T1] failing symbol_get of non-GPLONLY symbol rc_map_af9005_table.
[    7.022732][    T1] failing symbol_get of non-GPLONLY symbol rc_map_af9005_table.
[    7.023286][    T1] failing symbol_get of non-GPLONLY symbol rc_map_af9005_table_size.
[    7.024322][    T1] failing symbol_get of non-GPLONLY symbol rc_map_af9005_table_size.
[    7.024890][    T1] af9005: af9005_rc_decode function not found, disabling remote
[    7.026019][    T1] usbcore: registered new interface driver pctv452e
[    7.027057][    T1] usbcore: registered new interface driver dw2102
[    7.028046][    T1] usbcore: registered new interface driver dvb_usb_dtv5100
[    7.029258][    T1] usbcore: registered new interface driver cinergyT2
[    7.030284][    T1] usbcore: registered new interface driver dvb_usb_az6027
[    7.031294][    T1] usbcore: registered new interface driver dvb_usb_technisat_usb2
[    7.032353][    T1] usbcore: registered new interface driver dvb_usb_af9015
[    7.033380][    T1] usbcore: registered new interface driver dvb_usb_af9035
[    7.034439][    T1] usbcore: registered new interface driver dvb_usb_anysee
[    7.035450][    T1] usbcore: registered new interface driver dvb_usb_au6610
[    7.036220][    T1] usbcore: registered new interface driver dvb_usb_az6007
[    7.036845][    T1] usbcore: registered new interface driver dvb_usb_ce6230
[    7.037518][    T1] usbcore: registered new interface driver dvb_usb_ec168
[    7.038133][    T1] usbcore: registered new interface driver dvb_usb_lmedm04
[    7.042169][    T1] usbcore: registered new interface driver dvb_usb_gl861
[    7.043270][    T1] usbcore: registered new interface driver dvb_usb_mxl111sf
[    7.044342][    T1] usbcore: registered new interface driver dvb_usb_rtl28xxu
[    7.045380][    T1] usbcore: registered new interface driver dvb_usb_dvbsky
[    7.046414][    T1] usbcore: registered new interface driver zd1301
[    7.047405][    T1] usbcore: registered new interface driver s2255
[    7.048929][    T1] usbcore: registered new interface driver smsusb
[    7.050084][    T1] usbcore: registered new interface driver ttusb
[    7.051082][    T1] usbcore: registered new interface driver ttusb-dec
[    7.052088][    T1] usbcore: registered new interface driver Abilis Systems as10x usb driver
[    7.053275][    T1] usbcore: registered new interface driver airspy
[    7.053757][    T1] gspca_main: v2.14.0 registered
[    7.054664][    T1] usbcore: registered new interface driver benq
[    7.055719][    T1] usbcore: registered new interface driver conex
[    7.056757][    T1] usbcore: registered new interface driver cpia1
[    7.057491][    T1] usbcore: registered new interface driver dtcs033
[    7.059980][    T1] usbcore: registered new interface driver etoms
[    7.060587][    T1] usbcore: registered new interface driver finepix
[    7.061176][    T1] usbcore: registered new interface driver jeilinj
[    7.061761][    T1] usbcore: registered new interface driver jl2005bcd
[    7.062368][    T1] usbcore: registered new interface driver kinect
[    7.062987][    T1] usbcore: registered new interface driver konica
[    7.063614][    T1] usbcore: registered new interface driver mars
[    7.064230][    T1] usbcore: registered new interface driver mr97310a
[    7.064842][    T1] usbcore: registered new interface driver nw80x
[    7.065433][    T1] usbcore: registered new interface driver ov519
[    7.066038][    T1] usbcore: registered new interface driver ov534
[    7.066627][    T1] usbcore: registered new interface driver ov534_9
[    7.067214][    T1] usbcore: registered new interface driver pac207
[    7.067844][    T1] usbcore: registered new interface driver gspca_pac7302
[    7.075083][    T1] usbcore: registered new interface driver pac7311
[    7.076169][    T1] usbcore: registered new interface driver se401
[    7.077207][    T1] usbcore: registered new interface driver sn9c2028
[    7.078267][    T1] usbcore: registered new interface driver gspca_sn9c20x
[    7.079656][    T1] usbcore: registered new interface driver sonixb
[    7.080708][    T1] usbcore: registered new interface driver sonixj
[    7.081739][    T1] usbcore: registered new interface driver spca500
[    7.082751][    T1] usbcore: registered new interface driver spca501
[    7.083815][    T1] usbcore: registered new interface driver spca505
[    7.084872][    T1] usbcore: registered new interface driver spca506
[    7.085859][    T1] usbcore: registered new interface driver spca508
[    7.086894][    T1] usbcore: registered new interface driver spca561
[    7.087937][    T1] usbcore: registered new interface driver spca1528
[    7.090465][    T1] usbcore: registered new interface driver sq905
[    7.091489][    T1] usbcore: registered new interface driver sq905c
[    7.092557][    T1] usbcore: registered new interface driver sq930x
[    7.093604][    T1] usbcore: registered new interface driver sunplus
[    7.094653][    T1] usbcore: registered new interface driver stk014
[    7.095696][    T1] usbcore: registered new interface driver stk1135
[    7.096750][    T1] usbcore: registered new interface driver stv0680
[    7.097831][    T1] usbcore: registered new interface driver t613
[    7.100297][    T1] usbcore: registered new interface driver gspca_topro
[    7.101397][    T1] usbcore: registered new interface driver touptek
[    7.102412][    T1] usbcore: registered new interface driver tv8532
[    7.103472][    T1] usbcore: registered new interface driver vc032x
[    7.104523][    T1] usbcore: registered new interface driver vicam
