c[?7l[2J[0mSeaBIOS (version 1.13.0-1ubuntu1.1)


iPXE (http://ipxe.org) 00:03.0 CA00 PCI2.10 PnP PMM+BFF8C890+BFECC890 CA00
Press Ctrl-B to configure iPXE (PCI 00:03.0)...                                                                               


Booting from ROM...
c[?7l[2Jearly console in extract_kernel
input_data: 0x000000000a4ed298
input_len: 0x00000000034f9164
output: 0x0000000001000000
output_len: 0x000000000ad74b28
kernel_total_size: 0x000000000ca26000
needed_size: 0x000000000cc00000
trampoline_32bit: 0x0000000000000000

Decompressing Linux... Parsing ELF... done.
Booting the kernel (entry_offset: 0x0000000000000080).
[    0.000000][    T0] Linux version 6.7.0-rc2-gf7ae9f30fc27-dirty (jjy@jjy) (gcc (Ubuntu 11.4.0-1ubuntu1~22.04) 11.4.0, GNU ld (GNU Binutils for Ubuntu) 2.38) #31 SMP PREEMPT_DYNAMIC Sun Nov 26 00:45:09 KST 2023
[    0.000000][    T0] Command line: console=ttyS0 root=/dev/sda earlyprintk=serial net.ifnames=0
[    0.000000][    T0] KERNEL supported cpus:
[    0.000000][    T0]   Intel GenuineIntel
[    0.000000][    T0]   AMD AuthenticAMD
[    0.000000][    T0] BIOS-provided physical RAM map:
[    0.000000][    T0] BIOS-e820: [mem 0x0000000000000000-0x000000000009fbff] usable
[    0.000000][    T0] BIOS-e820: [mem 0x000000000009fc00-0x000000000009ffff] reserved
[    0.000000][    T0] BIOS-e820: [mem 0x00000000000f0000-0x00000000000fffff] reserved
[    0.000000][    T0] BIOS-e820: [mem 0x0000000000100000-0x00000000bffdefff] usable
[    0.000000][    T0] BIOS-e820: [mem 0x00000000bffdf000-0x00000000bfffffff] reserved
[    0.000000][    T0] BIOS-e820: [mem 0x00000000feffc000-0x00000000feffffff] reserved
[    0.000000][    T0] BIOS-e820: [mem 0x00000000fffc0000-0x00000000ffffffff] reserved
[    0.000000][    T0] BIOS-e820: [mem 0x0000000100000000-0x000000043fffffff] usable
[    0.000000][    T0] printk: legacy bootconsole [earlyser0] enabled
[    0.000000][    T0] ERROR: earlyprintk= earlyser already used
[    0.000000][    T0] ERROR: earlyprintk= earlyser already used
[    0.000000][    T0] ERROR: earlyprintk= earlyser already used
[    0.000000][    T0] **********************************************************
[    0.000000][    T0] **   NOTICE NOTICE NOTICE NOTICE NOTICE NOTICE NOTICE   **
[    0.000000][    T0] **                                                      **
[    0.000000][    T0] ** This system shows unhashed kernel memory addresses   **
[    0.000000][    T0] ** via the console, logs, and other interfaces. This    **
[    0.000000][    T0] ** might reduce the security of your system.            **
[    0.000000][    T0] **                                                      **
[    0.000000][    T0] ** If you see this message and you are not debugging    **
[    0.000000][    T0] ** the kernel, report this immediately to your system   **
[    0.000000][    T0] ** administrator!                                       **
[    0.000000][    T0] **                                                      **
[    0.000000][    T0] **   NOTICE NOTICE NOTICE NOTICE NOTICE NOTICE NOTICE   **
[    0.000000][    T0] **********************************************************
[    0.000000][    T0] Malformed early option 'vsyscall'
[    0.000000][    T0] NX (Execute Disable) protection: active
[    0.000000][    T0] APIC: Static calls initialized
[    0.000000][    T0] SMBIOS 2.8 present.
[    0.000000][    T0] DMI: QEMU Standard PC (i440FX + PIIX, 1996), BIOS 1.13.0-1ubuntu1.1 04/01/2014
[    0.000000][    T0] Hypervisor detected: KVM
[    0.000000][    T0] kvm-clock: Using msrs 4b564d01 and 4b564d00
[    0.000003][    T0] kvm-clock: using sched offset of 980097998 cycles
[    0.002839][    T0] clocksource: kvm-clock: mask: 0xffffffffffffffff max_cycles: 0x1cd42e4dffb, max_idle_ns: 881590591483 ns
[    0.010943][    T0] tsc: Detected 3293.832 MHz processor
[    0.014408][    T0] last_pfn = 0x440000 max_arch_pfn = 0x400000000
[    0.017579][    T0] MTRR map: 4 entries (3 fixed + 1 variable; max 19), built from 8 variable MTRRs
[    0.021711][    T0] x86/PAT: Configuration [0-7]: WB  WC  UC- UC  WB  WP  UC- WT  
[    0.025513][    T0] last_pfn = 0xbffdf max_arch_pfn = 0x400000000
[    0.030006][    T0] found SMP MP-table at [mem 0x000f5bc0-0x000f5bcf]
[    0.036102][    T0] ACPI: Early table checksum verification disabled
[    0.040171][    T0] ACPI: RSDP 0x00000000000F5B80 000014 (v00 BOCHS )
[    0.044188][    T0] ACPI: RSDT 0x00000000BFFE14B6 000030 (v01 BOCHS  BXPCRSDT 00000001 BXPC 00000001)
[    0.050059][    T0] ACPI: FACP 0x00000000BFFE133A 000074 (v01 BOCHS  BXPCFACP 00000001 BXPC 00000001)
[    0.055700][    T0] ACPI: DSDT 0x00000000BFFDFB80 0017BA (v01 BOCHS  BXPCDSDT 00000001 BXPC 00000001)
[    0.060253][    T0] ACPI: FACS 0x00000000BFFDFB40 000040
[    0.062931][    T0] ACPI: APIC 0x00000000BFFE13AE 0000D0 (v01 BOCHS  BXPCAPIC 00000001 BXPC 00000001)
[    0.067346][    T0] ACPI: HPET 0x00000000BFFE147E 000038 (v01 BOCHS  BXPCHPET 00000001 BXPC 00000001)
[    0.071616][    T0] ACPI: Reserving FACP table memory at [mem 0xbffe133a-0xbffe13ad]
[    0.075265][    T0] ACPI: Reserving DSDT table memory at [mem 0xbffdfb80-0xbffe1339]
[    0.078853][    T0] ACPI: Reserving FACS table memory at [mem 0xbffdfb40-0xbffdfb7f]
[    0.082489][    T0] ACPI: Reserving APIC table memory at [mem 0xbffe13ae-0xbffe147d]
[    0.086181][    T0] ACPI: Reserving HPET table memory at [mem 0xbffe147e-0xbffe14b5]
[    0.091125][    T0] No NUMA configuration found
[    0.093568][    T0] Faking a node at [mem 0x0000000000000000-0x000000043fffffff]
[    0.097023][    T0] Faking node 0 at [mem 0x0000000000000000-0x000000023fffffff] (9216MB)
[    0.102914][    T0] Faking node 1 at [mem 0x0000000240000000-0x000000043fffffff] (8192MB)
[    0.107060][    T0] NODE_DATA(0) allocated [mem 0x23fffa000-0x23fffffff]
[    0.114902][    T0] NODE_DATA(1) allocated [mem 0x43ffec000-0x43fff1fff]
[    0.163779][    T0] Zone ranges:
[    0.165644][    T0]   DMA      [mem 0x0000000000001000-0x0000000000ffffff]
[    0.168882][    T0]   DMA32    [mem 0x0000000001000000-0x00000000ffffffff]
[    0.172023][    T0]   Normal   [mem 0x0000000100000000-0x000000043fffffff]
[    0.175154][    T0]   Device   empty
[    0.176785][    T0] Movable zone start for each node
[    0.179028][    T0] Early memory node ranges
[    0.181003][    T0]   node   0: [mem 0x0000000000001000-0x000000000009efff]
[    0.184474][    T0]   node   0: [mem 0x0000000000100000-0x00000000bffdefff]
[    0.187660][    T0]   node   0: [mem 0x0000000100000000-0x000000023fffffff]
[    0.190805][    T0]   node   1: [mem 0x0000000240000000-0x000000043fffffff]
[    0.194016][    T0] Initmem setup node 0 [mem 0x0000000000001000-0x000000023fffffff]
[    0.197861][    T0] Initmem setup node 1 [mem 0x0000000240000000-0x000000043fffffff]
[    0.201565][    T0] On node 0, zone DMA: 1 pages in unavailable ranges
[    0.201660][    T0] On node 0, zone DMA: 97 pages in unavailable ranges
[    0.263181][    T0] On node 0, zone Normal: 33 pages in unavailable ranges
[    0.727811][    T0] kasan: KernelAddressSanitizer initialized
[    0.750827][    T0] ACPI: PM-Timer IO Port: 0x608
[    0.758402][    T0] APIC: NR_CPUS/possible_cpus limit of 8 reached. Processor 8/0x8 ignored.
[    0.765103][    T0] APIC: NR_CPUS/possible_cpus limit of 8 reached. Processor 9/0x9 ignored.
[    0.771825][    T0] APIC: NR_CPUS/possible_cpus limit of 8 reached. Processor 10/0xa ignored.
[    0.781985][    T0] APIC: NR_CPUS/possible_cpus limit of 8 reached. Processor 11/0xb ignored.
[    0.788895][    T0] ACPI: LAPIC_NMI (acpi_id[0xff] dfl dfl lint[0x1])
[    0.794255][    T0] IOAPIC[0]: apic_id 0, version 17, address 0xfec00000, GSI 0-23
[    0.802650][    T0] ACPI: INT_SRC_OVR (bus 0 bus_irq 0 global_irq 2 dfl dfl)
[    0.809113][    T0] ACPI: INT_SRC_OVR (bus 0 bus_irq 5 global_irq 5 high level)
[    0.814867][    T0] ACPI: INT_SRC_OVR (bus 0 bus_irq 9 global_irq 9 high level)
[    0.820701][    T0] ACPI: INT_SRC_OVR (bus 0 bus_irq 10 global_irq 10 high level)
[    0.826132][    T0] ACPI: INT_SRC_OVR (bus 0 bus_irq 11 global_irq 11 high level)
[    0.832904][    T0] ACPI: Using ACPI (MADT) for SMP configuration information
[    0.839428][    T0] ACPI: HPET id: 0x8086a201 base: 0xfed00000
[    0.845235][    T0] smpboot: 12 Processors exceeds NR_CPUS limit of 8
[    0.850019][    T0] smpboot: Allowing 8 CPUs, 0 hotplug CPUs
[    0.855565][    T0] kvm-guest: APIC: eoi() replaced with kvm_guest_apic_eoi_write()
[    0.863672][    T0] PM: hibernation: Registered nosave memory: [mem 0x00000000-0x00000fff]
[    0.874037][    T0] PM: hibernation: Registered nosave memory: [mem 0x0009f000-0x0009ffff]
[    0.880004][    T0] PM: hibernation: Registered nosave memory: [mem 0x000a0000-0x000effff]
[    0.887737][    T0] PM: hibernation: Registered nosave memory: [mem 0x000f0000-0x000fffff]
[    0.895032][    T0] PM: hibernation: Registered nosave memory: [mem 0xbffdf000-0xbfffffff]
[    0.900466][    T0] PM: hibernation: Registered nosave memory: [mem 0xc0000000-0xfeffbfff]
[    0.907077][    T0] PM: hibernation: Registered nosave memory: [mem 0xfeffc000-0xfeffffff]
[    0.913684][    T0] PM: hibernation: Registered nosave memory: [mem 0xff000000-0xfffbffff]
[    0.921373][    T0] PM: hibernation: Registered nosave memory: [mem 0xfffc0000-0xffffffff]
[    0.926966][    T0] [mem 0xc0000000-0xfeffbfff] available for PCI devices
[    0.932260][    T0] Booting paravirtualized kernel on KVM
[    0.937330][    T0] clocksource: refined-jiffies: mask: 0xffffffff max_cycles: 0xffffffff, max_idle_ns: 19112604462750000 ns
[    0.983814][    T0] setup_percpu: NR_CPUS:8 nr_cpumask_bits:8 nr_cpu_ids:8 nr_node_ids:2
[    0.991643][    T0] percpu: Embedded 73 pages/cpu s258184 r8192 d32632 u524288
[    0.997542][    T0] kvm-guest: PV spinlocks disabled, no host support
[    1.002312][    T0] Kernel command line: earlyprintk=serial net.ifnames=0 sysctl.kernel.hung_task_all_cpu_backtrace=1 ima_policy=tcb nf-conntrack-ftp.ports=20000 nf-conntrack-tftp.ports=20000 nf-conntrack-sip.ports=20000 nf-conntrack-irc.ports=20000 nf-conntrack-sane.ports=20000 binder.debug_mask=0 rcupdate.rcu_expedited=1 rcupdate.rcu_cpu_stall_cputime=1 no_hash_pointers page_owner=on sysctl.vm.nr_hugepages=4 sysctl.vm.nr_overcommit_hugepages=4 secretmem.enable=1 sysctl.max_rcu_stall_to_panic=1 msr.allow_writes=off coredump_filter=0xffff root=/dev/sda console=ttyS0 vsyscall=native numa=fake=2 kvm-intel.nested=1 spec_store_bypass_disable=prctl nopcid vivid.n_devs=16 vivid.multiplanar=1,2,1,2,1,2,1,2,1,2,1,2,1,2,1,2 netrom.nr_ndevs=16 rose.rose_ndevs=16 smp.csd_lock_timeout=100000 watchdog_thresh=55 workqueue.watchdog_thresh=140 sysctl.net.core.netdev_unregister_timeout_secs=140 dummy_hcd.num=8 panic_on_warn=1 console=ttyS0 root=/dev/sda earlyprintk=serial net.ifnames=0
[    1.067686][    T0] Unknown kernel command line parameters "spec_store_bypass_disable=prctl", will be passed to user space.
[    1.075904][    T0] Fallback order for Node 0: 0 1 
[    1.075909][    T0] Fallback order for Node 1: 1 0 
[    1.075914][    T0] Built 2 zonelists, mobility grouping on.  Total pages: 4128479
[    1.086956][    T0] Policy zone: Normal
[    1.091317][    T0] mem auto-init: stack:off, heap alloc:on, heap free:off
[    1.098227][    T0] stackdepot: allocating hash table via alloc_large_system_hash
[    1.110520][    T0] stackdepot hash table entries: 1048576 (order: 11, 8388608 bytes, linear)
[    1.124883][    T0] software IO TLB: area num 8.
[    2.666799][    T0] Memory: 14104040K/16776692K available (77824K kernel code, 37742K rwdata, 31520K rodata, 3884K init, 33328K bss, 2672396K reserved, 0K cma-reserved)
[    2.674788][    T0] SLUB: HWalign=64, Order=0-3, MinObjects=0, CPUs=8, Nodes=2
[    2.839308][    T0] allocated 301989888 bytes of page_ext
[    2.842578][    T0] Node 0, zone      DMA: page owner found early allocated 0 pages
[    2.846890][    T0] Node 0, zone    DMA32: page owner found early allocated 0 pages
[    2.867531][    T0] Node 0, zone   Normal: page owner found early allocated 36961 pages
[    2.878630][    T0] Node 1, zone   Normal: page owner found early allocated 36867 pages
[    2.882801][    T0] ftrace: allocating 138232 entries in 540 pages
[    2.939357][    T0] ftrace: allocated 540 pages with 4 groups
[    2.942483][    T0] Dynamic Preempt: full
[    2.945153][    T0] Running RCU self tests
[    2.947071][    T0] Running RCU synchronous self tests
[    2.949468][    T0] rcu: Preemptible hierarchical RCU implementation.
[    2.952431][    T0] rcu: 	RCU lockdep checking is enabled.
[    2.955244][    T0] rcu: 	RCU callback double-/use-after-free debug is enabled.
[    2.958585][    T0] rcu: 	RCU debug extended QS entry/exit.
[    2.961170][    T0] 	All grace periods are expedited (rcu_expedited).
[    2.964162][    T0] 	Trampoline variant of Tasks RCU enabled.
[    2.966915][    T0] 	Rude variant of Tasks RCU enabled.
[    2.969370][    T0] 	Tracing variant of Tasks RCU enabled.
[    2.971895][    T0] rcu: RCU calculated value of scheduler-enlistment delay is 10 jiffies.
[    2.975788][    T0] Running RCU synchronous self tests
[    3.018658][    T0] NR_IRQS: 4352, nr_irqs: 488, preallocated irqs: 16
[    3.023342][    T0] rcu: srcu_init: Setting srcu_struct sizes based on contention.
[    3.027750][    T0] kfence: initialized - using 2097152 bytes for 255 objects at 0xffff888437a00000-0xffff888437c00000
[    3.055052][    T0] Console: colour VGA+ 80x25
[    3.057249][    T0] printk: legacy console [ttyS0] enabled
[    3.057249][    T0] printk: legacy console [ttyS0] enabled
[    3.062523][    T0] printk: legacy bootconsole [earlyser0] disabled
[    3.062523][    T0] printk: legacy bootconsole [earlyser0] disabled
[    3.068390][    T0] Lock dependency validator: Copyright (c) 2006 Red Hat, Inc., Ingo Molnar
[    3.072346][    T0] ... MAX_LOCKDEP_SUBCLASSES:  8
[    3.074598][    T0] ... MAX_LOCK_DEPTH:          48
[    3.076966][    T0] ... MAX_LOCKDEP_KEYS:        8192
[    3.079335][    T0] ... CLASSHASH_SIZE:          4096
[    3.081723][    T0] ... MAX_LOCKDEP_ENTRIES:     131072
[    3.084234][    T0] ... MAX_LOCKDEP_CHAINS:      262144
[    3.086705][    T0] ... CHAINHASH_SIZE:          131072
[    3.089149][    T0]  memory used by lock dependency info: 20785 kB
[    3.092185][    T0]  memory used for stack traces: 8320 kB
[    3.094760][    T0]  per task-struct memory footprint: 1920 bytes
[    3.097714][    T0] mempolicy: Enabling automatic NUMA balancing. Configure with numa_balancing= or the kernel.numa_balancing sysctl
[    3.103381][    T0] ACPI: Core revision 20230628
[    3.106283][    T0] clocksource: hpet: mask: 0xffffffff max_cycles: 0xffffffff, max_idle_ns: 19112604467 ns
[    3.111357][    T0] APIC: Switch to symmetric I/O mode setup
[    3.114774][    T0] x2apic enabled
[    3.116971][    T0] APIC: Switched APIC routing to: physical x2apic
[    3.122307][    T0] ..TIMER: vector=0x30 apic1=0 pin1=2 apic2=-1 pin2=-1
[    3.125746][    T0] tsc: Marking TSC unstable due to TSCs unsynchronized
[    3.128897][    T0] Calibrating delay loop (skipped) preset value.. 6587.66 BogoMIPS (lpj=32938320)
[    3.139341][    T0] Last level iTLB entries: 4KB 0, 2MB 0, 4MB 0
[    3.142164][    T0] Last level dTLB entries: 4KB 0, 2MB 0, 4MB 0, 1GB 0
[    3.145549][    T0] Spectre V1 : Mitigation: usercopy/swapgs barriers and __user pointer sanitization
[    3.148897][    T0] Spectre V2 : Kernel not compiled with retpoline; no mitigation available!
[    3.148900][    T0] Spectre V2 : Vulnerable
[    3.154906][    T0] Spectre V2 : Spectre v2 / SpectreRSB mitigation: Filling RSB on context switch
[    3.158896][    T0] Speculative Store Bypass: Vulnerable
[    3.161442][    T0] x86/fpu: x87 FPU will use FXSAVE
[    3.175705][    T0] Freeing SMP alternatives memory: 124K
[    3.178686][    T0] pid_max: default: 32768 minimum: 301
[    3.179227][    T0] LSM: initializing lsm=lockdown,capability,landlock,yama,safesetid,tomoyo,apparmor,bpf,integrity
[    3.184134][    T0] landlock: Up and running.
[    3.188893][    T0] Yama: becoming mindful.
[    3.191051][    T0] TOMOYO Linux initialized
[    3.193473][    T0] AppArmor: AppArmor initialized
[    3.195751][    T0] LSM support for eBPF active
[    3.204382][    T0] Dentry cache hash table entries: 2097152 (order: 12, 16777216 bytes, vmalloc hugepage)
[    3.211974][    T0] Inode-cache hash table entries: 1048576 (order: 11, 8388608 bytes, vmalloc hugepage)
[    3.216748][    T0] Mount-cache hash table entries: 32768 (order: 6, 262144 bytes, vmalloc)
[    3.219427][    T0] Mountpoint-cache hash table entries: 32768 (order: 6, 262144 bytes, vmalloc)
[    3.225992][    T0] Running RCU synchronous self tests
[    3.228898][    T0] Running RCU synchronous self tests
[    3.353172][    T1] smpboot: CPU0: AMD QEMU Virtual CPU version 2.5+ (family: 0x6, model: 0x6, stepping: 0x3)
[    3.358888][    T1] RCU Tasks: Setting shift to 3 and lim to 1 rcu_task_cb_adjust=1.
[    3.359107][    T1] RCU Tasks Rude: Setting shift to 3 and lim to 1 rcu_task_cb_adjust=1.
[    3.363108][    T1] RCU Tasks Trace: Setting shift to 3 and lim to 1 rcu_task_cb_adjust=1.
[    3.367155][    T1] Running RCU Tasks wait API self tests
[    3.479039][    T1] Running RCU Tasks Rude wait API self tests
[    3.482635][    T1] Running RCU Tasks Trace wait API self tests
[    3.486253][    T1] Performance Events: AMD PMU driver.
[    3.488910][    T1] ... version:                0
[    3.491700][    T1] ... bit width:              48
[    3.494352][    T1] ... generic registers:      4
[    3.496629][    T1] ... value mask:             0000ffffffffffff
[    3.498923][   T16] Callback from call_rcu_tasks_trace() invoked.
[    3.501938][    T1] ... max period:             00007fffffffffff
[    3.504937][    T1] ... fixed-purpose events:   0
[    3.507188][    T1] ... event mask:             000000000000000f
[    3.509229][    T1] signal: max sigframe size: 1440
[    3.511954][    T1] rcu: Hierarchical SRCU implementation.
[    3.514537][    T1] rcu: 	Max phase no-delay instances is 1000.
[    3.524398][    T1] smp: Bringing up secondary CPUs ...
[    3.528294][    T1] smpboot: x86: Booting SMP configuration:
[    3.529014][    T1] .... node  #1, CPUs:      #1
[    3.544326][    T1] .... node  #0, CPUs:   #2
[    3.568927][    T1] .... node  #1, CPUs:   #3
[    3.601481][    T1] .... node  #0, CPUs:   #4
[    3.610214][   T15] Callback from call_rcu_tasks_rude() invoked.
[    3.630069][    T1] 
[    3.631175][    T1] .... node  #1, CPUs:   #5
[    3.648914][    T1] .... node  #0, CPUs:   #6
[    3.663927][    T1] .... node  #1, CPUs:   #7
[    3.728937][   T14] Callback from call_rcu_tasks() invoked.
[    3.731795][    T1] smp: Brought up 2 nodes, 8 CPUs
[    3.731795][    T1] smpboot: Max logical packages: 12
[    3.734058][    T1] smpboot: Total of 8 processors activated (52701.31 BogoMIPS)
[    3.761292][    T1] devtmpfs: initialized
[    3.761634][    T1] x86/mm: Memory block size: 128MB
[    3.854535][    T1] Running RCU synchronous self tests
[    3.858912][    T1] Running RCU synchronous self tests
[    3.861498][    T1] clocksource: jiffies: mask: 0xffffffff max_cycles: 0xffffffff, max_idle_ns: 19112604462750000 ns
[    3.866784][    T1] futex hash table entries: 2048 (order: 6, 262144 bytes, vmalloc)
[    3.871173][    T1] PM: RTC time: 11:42:12, date: 2023-11-26
[    3.904128][    T1] NET: Registered PF_NETLINK/PF_ROUTE protocol family
[    3.917128][    T1] audit: initializing netlink subsys (disabled)
[    3.919024][   T68] audit: type=2000 audit(1700998933.793:1): state=initialized audit_enabled=0 res=1
[    3.920653][    T1] thermal_sys: Registered thermal governor 'step_wise'
[    3.923555][    T1] thermal_sys: Registered thermal governor 'user_space'
[    3.926903][    T1] cpuidle: using governor menu
[    3.931095][    T1] NET: Registered PF_QIPCRTR protocol family
[    3.943759][    T1] dca service started, version 1.12.1
[    3.946607][    T1] PCI: Using configuration type 1 for base access
[    3.979743][    T1] HugeTLB: registered 2.00 MiB page size, pre-allocated 0 pages
[    3.988921][    T1] HugeTLB: 28 KiB vmemmap can be freed for a 2.00 MiB page
[    3.999444][    T1] cryptd: max_cpu_qlen set to 1000
[    4.001763][    T1] raid6: skipped pq benchmark and selected sse2x4
[    4.008918][    T1] raid6: using intx1 recovery algorithm
[    4.016013][    T1] ACPI: Added _OSI(Module Device)
[    4.018899][    T1] ACPI: Added _OSI(Processor Device)
[    4.021739][    T1] ACPI: Added _OSI(3.0 _SCP Extensions)
[    4.024524][    T1] ACPI: Added _OSI(Processor Aggregator Device)
[    4.080945][    T1] ACPI: 1 ACPI AML tables successfully acquired and loaded
[    4.129104][    T1] ACPI: _OSC evaluation for CPUs failed, trying _PDC
[    4.137571][    T1] ACPI: Interpreter enabled
[    4.139085][    T1] ACPI: PM: (supports S0 S3 S4 S5)
[    4.141561][    T1] ACPI: Using IOAPIC for interrupt routing
[    4.145484][    T1] PCI: Using host bridge windows from ACPI; if necessary, use "pci=nocrs" and report a bug
[    4.148894][    T1] PCI: Using E820 reservations for host bridge windows
[    4.154286][    T1] ACPI: Enabled 2 GPEs in block 00 to 0F
