c[?7l[2J[0mSeaBIOS (version 1.13.0-1ubuntu1.1)


iPXE (http://ipxe.org) 00:03.0 CA00 PCI2.10 PnP PMM+BFF8C890+BFECC890 CA00
Press Ctrl-B to configure iPXE (PCI 00:03.0)...                                                                               


Booting from ROM...
c[?7l[2Jearly console in extract_kernel
input_data: 0x000000000a4ed298
input_len: 0x00000000034f9164
output: 0x0000000001000000
output_len: 0x000000000ad74b28
kernel_total_size: 0x000000000ca26000
needed_size: 0x000000000cc00000
trampoline_32bit: 0x0000000000000000

Decompressing Linux... Parsing ELF... done.
Booting the kernel (entry_offset: 0x0000000000000080).
[    0.000000][    T0] Linux version 6.7.0-rc2-gf7ae9f30fc27-dirty (jjy@jjy) (gcc (Ubuntu 11.4.0-1ubuntu1~22.04) 11.4.0, GNU ld (GNU Binutils for Ubuntu) 2.38) #31 SMP PREEMPT_DYNAMIC Sun Nov 26 00:45:09 KST 2023
[    0.000000][    T0] Command line: console=ttyS0 root=/dev/sda earlyprintk=serial net.ifnames=0
[    0.000000][    T0] KERNEL supported cpus:
[    0.000000][    T0]   Intel GenuineIntel
[    0.000000][    T0]   AMD AuthenticAMD
[    0.000000][    T0] BIOS-provided physical RAM map:
[    0.000000][    T0] BIOS-e820: [mem 0x0000000000000000-0x000000000009fbff] usable
[    0.000000][    T0] BIOS-e820: [mem 0x000000000009fc00-0x000000000009ffff] reserved
[    0.000000][    T0] BIOS-e820: [mem 0x00000000000f0000-0x00000000000fffff] reserved
[    0.000000][    T0] BIOS-e820: [mem 0x0000000000100000-0x00000000bffdefff] usable
[    0.000000][    T0] BIOS-e820: [mem 0x00000000bffdf000-0x00000000bfffffff] reserved
[    0.000000][    T0] BIOS-e820: [mem 0x00000000feffc000-0x00000000feffffff] reserved
[    0.000000][    T0] BIOS-e820: [mem 0x00000000fffc0000-0x00000000ffffffff] reserved
[    0.000000][    T0] BIOS-e820: [mem 0x0000000100000000-0x000000043fffffff] usable
[    0.000000][    T0] printk: legacy bootconsole [earlyser0] enabled
[    0.000000][    T0] ERROR: earlyprintk= earlyser already used
[    0.000000][    T0] ERROR: earlyprintk= earlyser already used
[    0.000000][    T0] ERROR: earlyprintk= earlyser already used
[    0.000000][    T0] **********************************************************
[    0.000000][    T0] **   NOTICE NOTICE NOTICE NOTICE NOTICE NOTICE NOTICE   **
[    0.000000][    T0] **                                                      **
[    0.000000][    T0] ** This system shows unhashed kernel memory addresses   **
[    0.000000][    T0] ** via the console, logs, and other interfaces. This    **
[    0.000000][    T0] ** might reduce the security of your system.            **
[    0.000000][    T0] **                                                      **
[    0.000000][    T0] ** If you see this message and you are not debugging    **
[    0.000000][    T0] ** the kernel, report this immediately to your system   **
[    0.000000][    T0] ** administrator!                                       **
[    0.000000][    T0] **                                                      **
[    0.000000][    T0] **   NOTICE NOTICE NOTICE NOTICE NOTICE NOTICE NOTICE   **
[    0.000000][    T0] **********************************************************
[    0.000000][    T0] Malformed early option 'vsyscall'
[    0.000000][    T0] NX (Execute Disable) protection: active
[    0.000000][    T0] APIC: Static calls initialized
[    0.000000][    T0] SMBIOS 2.8 present.
[    0.000000][    T0] DMI: QEMU Standard PC (i440FX + PIIX, 1996), BIOS 1.13.0-1ubuntu1.1 04/01/2014
[    0.000000][    T0] Hypervisor detected: KVM
[    0.000000][    T0] kvm-clock: Using msrs 4b564d01 and 4b564d00
[    0.000005][    T0] kvm-clock: using sched offset of 1037565484 cycles
[    0.003294][    T0] clocksource: kvm-clock: mask: 0xffffffffffffffff max_cycles: 0x1cd42e4dffb, max_idle_ns: 881590591483 ns
[    0.013200][    T0] tsc: Detected 3293.832 MHz processor
[    0.017235][    T0] last_pfn = 0x440000 max_arch_pfn = 0x400000000
[    0.020756][    T0] MTRR map: 4 entries (3 fixed + 1 variable; max 19), built from 8 variable MTRRs
[    0.025827][    T0] x86/PAT: Configuration [0-7]: WB  WC  UC- UC  WB  WP  UC- WT  
[    0.030383][    T0] last_pfn = 0xbffdf max_arch_pfn = 0x400000000
[    0.036092][    T0] found SMP MP-table at [mem 0x000f5bc0-0x000f5bcf]
[    0.042163][    T0] ACPI: Early table checksum verification disabled
[    0.049177][    T0] ACPI: RSDP 0x00000000000F5B80 000014 (v00 BOCHS )
[    0.053155][    T0] ACPI: RSDT 0x00000000BFFE14B6 000030 (v01 BOCHS  BXPCRSDT 00000001 BXPC 00000001)
[    0.058303][    T0] ACPI: FACP 0x00000000BFFE133A 000074 (v01 BOCHS  BXPCFACP 00000001 BXPC 00000001)
[    0.063446][    T0] ACPI: DSDT 0x00000000BFFDFB80 0017BA (v01 BOCHS  BXPCDSDT 00000001 BXPC 00000001)
[    0.068805][    T0] ACPI: FACS 0x00000000BFFDFB40 000040
[    0.071802][    T0] ACPI: APIC 0x00000000BFFE13AE 0000D0 (v01 BOCHS  BXPCAPIC 00000001 BXPC 00000001)
[    0.076918][    T0] ACPI: HPET 0x00000000BFFE147E 000038 (v01 BOCHS  BXPCHPET 00000001 BXPC 00000001)
[    0.082030][    T0] ACPI: Reserving FACP table memory at [mem 0xbffe133a-0xbffe13ad]
[    0.086825][    T0] ACPI: Reserving DSDT table memory at [mem 0xbffdfb80-0xbffe1339]
[    0.092445][    T0] ACPI: Reserving FACS table memory at [mem 0xbffdfb40-0xbffdfb7f]
[    0.098164][    T0] ACPI: Reserving APIC table memory at [mem 0xbffe13ae-0xbffe147d]
[    0.103845][    T0] ACPI: Reserving HPET table memory at [mem 0xbffe147e-0xbffe14b5]
[    0.116302][    T0] No NUMA configuration found
[    0.119612][    T0] Faking a node at [mem 0x0000000000000000-0x000000043fffffff]
[    0.123698][    T0] Faking node 0 at [mem 0x0000000000000000-0x000000023fffffff] (9216MB)
[    0.128313][    T0] Faking node 1 at [mem 0x0000000240000000-0x000000043fffffff] (8192MB)
[    0.132993][    T0] NODE_DATA(0) allocated [mem 0x23fffa000-0x23fffffff]
[    0.143594][    T0] NODE_DATA(1) allocated [mem 0x43ffec000-0x43fff1fff]
[    0.202210][    T0] Zone ranges:
[    0.204283][    T0]   DMA      [mem 0x0000000000001000-0x0000000000ffffff]
[    0.208277][    T0]   DMA32    [mem 0x0000000001000000-0x00000000ffffffff]
[    0.212210][    T0]   Normal   [mem 0x0000000100000000-0x000000043fffffff]
[    0.216053][    T0]   Device   empty
[    0.218021][    T0] Movable zone start for each node
[    0.220793][    T0] Early memory node ranges
[    0.223135][    T0]   node   0: [mem 0x0000000000001000-0x000000000009efff]
[    0.227006][    T0]   node   0: [mem 0x0000000000100000-0x00000000bffdefff]
[    0.230936][    T0]   node   0: [mem 0x0000000100000000-0x000000023fffffff]
[    0.234761][    T0]   node   1: [mem 0x0000000240000000-0x000000043fffffff]
[    0.239070][    T0] Initmem setup node 0 [mem 0x0000000000001000-0x000000023fffffff]
[    0.243448][    T0] Initmem setup node 1 [mem 0x0000000240000000-0x000000043fffffff]
[    0.247874][    T0] On node 0, zone DMA: 1 pages in unavailable ranges
[    0.247964][    T0] On node 0, zone DMA: 97 pages in unavailable ranges
[    0.306928][    T0] On node 0, zone Normal: 33 pages in unavailable ranges
[    0.846808][    T0] kasan: KernelAddressSanitizer initialized
[    0.855687][    T0] ACPI: PM-Timer IO Port: 0x608
[    0.858572][    T0] APIC: NR_CPUS/possible_cpus limit of 8 reached. Processor 8/0x8 ignored.
[    0.863519][    T0] APIC: NR_CPUS/possible_cpus limit of 8 reached. Processor 9/0x9 ignored.
[    0.868175][    T0] APIC: NR_CPUS/possible_cpus limit of 8 reached. Processor 10/0xa ignored.
[    0.872873][    T0] APIC: NR_CPUS/possible_cpus limit of 8 reached. Processor 11/0xb ignored.
[    0.877962][    T0] ACPI: LAPIC_NMI (acpi_id[0xff] dfl dfl lint[0x1])
[    0.881700][    T0] IOAPIC[0]: apic_id 0, version 17, address 0xfec00000, GSI 0-23
[    0.885979][    T0] ACPI: INT_SRC_OVR (bus 0 bus_irq 0 global_irq 2 dfl dfl)
[    0.890101][    T0] ACPI: INT_SRC_OVR (bus 0 bus_irq 5 global_irq 5 high level)
[    0.894127][    T0] ACPI: INT_SRC_OVR (bus 0 bus_irq 9 global_irq 9 high level)
[    0.902140][    T0] ACPI: INT_SRC_OVR (bus 0 bus_irq 10 global_irq 10 high level)
[    0.907544][    T0] ACPI: INT_SRC_OVR (bus 0 bus_irq 11 global_irq 11 high level)
[    0.913682][    T0] ACPI: Using ACPI (MADT) for SMP configuration information
[    0.919694][    T0] ACPI: HPET id: 0x8086a201 base: 0xfed00000
[    0.923147][    T0] smpboot: 12 Processors exceeds NR_CPUS limit of 8
[    0.926708][    T0] smpboot: Allowing 8 CPUs, 0 hotplug CPUs
[    0.930163][    T0] kvm-guest: APIC: eoi() replaced with kvm_guest_apic_eoi_write()
[    0.935316][    T0] PM: hibernation: Registered nosave memory: [mem 0x00000000-0x00000fff]
[    0.941134][    T0] PM: hibernation: Registered nosave memory: [mem 0x0009f000-0x0009ffff]
[    0.946038][    T0] PM: hibernation: Registered nosave memory: [mem 0x000a0000-0x000effff]
[    0.950983][    T0] PM: hibernation: Registered nosave memory: [mem 0x000f0000-0x000fffff]
[    0.955652][    T0] PM: hibernation: Registered nosave memory: [mem 0xbffdf000-0xbfffffff]
[    0.960244][    T0] PM: hibernation: Registered nosave memory: [mem 0xc0000000-0xfeffbfff]
[    0.965326][    T0] PM: hibernation: Registered nosave memory: [mem 0xfeffc000-0xfeffffff]
[    0.969935][    T0] PM: hibernation: Registered nosave memory: [mem 0xff000000-0xfffbffff]
[    0.974500][    T0] PM: hibernation: Registered nosave memory: [mem 0xfffc0000-0xffffffff]
[    0.979233][    T0] [mem 0xc0000000-0xfeffbfff] available for PCI devices
[    0.983423][    T0] Booting paravirtualized kernel on KVM
[    0.988772][    T0] clocksource: refined-jiffies: mask: 0xffffffff max_cycles: 0xffffffff, max_idle_ns: 19112604462750000 ns
[    1.029719][    T0] setup_percpu: NR_CPUS:8 nr_cpumask_bits:8 nr_cpu_ids:8 nr_node_ids:2
[    1.037942][    T0] percpu: Embedded 73 pages/cpu s258184 r8192 d32632 u524288
[    1.043131][    T0] kvm-guest: PV spinlocks disabled, no host support
[    1.047282][    T0] Kernel command line: earlyprintk=serial net.ifnames=0 sysctl.kernel.hung_task_all_cpu_backtrace=1 ima_policy=tcb nf-conntrack-ftp.ports=20000 nf-conntrack-tftp.ports=20000 nf-conntrack-sip.ports=20000 nf-conntrack-irc.ports=20000 nf-conntrack-sane.ports=20000 binder.debug_mask=0 rcupdate.rcu_expedited=1 rcupdate.rcu_cpu_stall_cputime=1 no_hash_pointers page_owner=on sysctl.vm.nr_hugepages=4 sysctl.vm.nr_overcommit_hugepages=4 secretmem.enable=1 sysctl.max_rcu_stall_to_panic=1 msr.allow_writes=off coredump_filter=0xffff root=/dev/sda console=ttyS0 vsyscall=native numa=fake=2 kvm-intel.nested=1 spec_store_bypass_disable=prctl nopcid vivid.n_devs=16 vivid.multiplanar=1,2,1,2,1,2,1,2,1,2,1,2,1,2,1,2 netrom.nr_ndevs=16 rose.rose_ndevs=16 smp.csd_lock_timeout=100000 watchdog_thresh=55 workqueue.watchdog_thresh=140 sysctl.net.core.netdev_unregister_timeout_secs=140 dummy_hcd.num=8 panic_on_warn=1 console=ttyS0 root=/dev/sda earlyprintk=serial net.ifnames=0
[    1.100487][    T0] Unknown kernel command line parameters "spec_store_bypass_disable=prctl", will be passed to user space.
[    1.107540][    T0] Fallback order for Node 0: 0 1 
[    1.107547][    T0] Fallback order for Node 1: 1 0 
[    1.107554][    T0] Built 2 zonelists, mobility grouping on.  Total pages: 4128479
[    1.117411][    T0] Policy zone: Normal
[    1.120006][    T0] mem auto-init: stack:off, heap alloc:on, heap free:off
[    1.123809][    T0] stackdepot: allocating hash table via alloc_large_system_hash
[    1.129458][    T0] stackdepot hash table entries: 1048576 (order: 11, 8388608 bytes, linear)
[    1.135542][    T0] software IO TLB: area num 8.
[    2.402591][    T0] Memory: 14104040K/16776692K available (77824K kernel code, 37742K rwdata, 31520K rodata, 3884K init, 33328K bss, 2672396K reserved, 0K cma-reserved)
[    2.412543][    T0] SLUB: HWalign=64, Order=0-3, MinObjects=0, CPUs=8, Nodes=2
[    2.612298][    T0] allocated 301989888 bytes of page_ext
[    2.616013][    T0] Node 0, zone      DMA: page owner found early allocated 0 pages
[    2.621320][    T0] Node 0, zone    DMA32: page owner found early allocated 0 pages
[    2.640095][    T0] Node 0, zone   Normal: page owner found early allocated 36961 pages
[    2.656828][    T0] Node 1, zone   Normal: page owner found early allocated 36867 pages
[    2.661782][    T0] ftrace: allocating 138232 entries in 540 pages
[    2.712171][    T0] ftrace: allocated 540 pages with 4 groups
[    2.716299][    T0] Dynamic Preempt: full
[    2.719329][    T0] Running RCU self tests
[    2.721605][    T0] Running RCU synchronous self tests
[    2.724487][    T0] rcu: Preemptible hierarchical RCU implementation.
[    2.728180][    T0] rcu: 	RCU lockdep checking is enabled.
[    2.731411][    T0] rcu: 	RCU callback double-/use-after-free debug is enabled.
[    2.735519][    T0] rcu: 	RCU debug extended QS entry/exit.
[    2.738630][    T0] 	All grace periods are expedited (rcu_expedited).
[    2.742246][    T0] 	Trampoline variant of Tasks RCU enabled.
[    2.745681][    T0] 	Rude variant of Tasks RCU enabled.
[    2.748679][    T0] 	Tracing variant of Tasks RCU enabled.
[    2.751730][    T0] rcu: RCU calculated value of scheduler-enlistment delay is 10 jiffies.
[    2.756699][    T0] Running RCU synchronous self tests
[    2.802366][    T0] NR_IRQS: 4352, nr_irqs: 488, preallocated irqs: 16
[    2.808648][    T0] rcu: srcu_init: Setting srcu_struct sizes based on contention.
[    2.813915][    T0] kfence: initialized - using 2097152 bytes for 255 objects at 0xffff888437a00000-0xffff888437c00000
[    2.839389][    T0] Console: colour VGA+ 80x25
[    2.842254][    T0] printk: legacy console [ttyS0] enabled
[    2.842254][    T0] printk: legacy console [ttyS0] enabled
[    2.848551][    T0] printk: legacy bootconsole [earlyser0] disabled
[    2.848551][    T0] printk: legacy bootconsole [earlyser0] disabled
[    2.855790][    T0] Lock dependency validator: Copyright (c) 2006 Red Hat, Inc., Ingo Molnar
[    2.860558][    T0] ... MAX_LOCKDEP_SUBCLASSES:  8
[    2.863339][    T0] ... MAX_LOCK_DEPTH:          48
[    2.866203][    T0] ... MAX_LOCKDEP_KEYS:        8192
[    2.869386][    T0] ... CLASSHASH_SIZE:          4096
[    2.872223][    T0] ... MAX_LOCKDEP_ENTRIES:     131072
[    2.875198][    T0] ... MAX_LOCKDEP_CHAINS:      262144
[    2.878179][    T0] ... CHAINHASH_SIZE:          131072
[    2.881113][    T0]  memory used by lock dependency info: 20785 kB
[    2.884701][    T0]  memory used for stack traces: 8320 kB
[    2.887890][    T0]  per task-struct memory footprint: 1920 bytes
[    2.891601][    T0] mempolicy: Enabling automatic NUMA balancing. Configure with numa_balancing= or the kernel.numa_balancing sysctl
[    2.898556][    T0] ACPI: Core revision 20230628
[    2.901970][    T0] clocksource: hpet: mask: 0xffffffff max_cycles: 0xffffffff, max_idle_ns: 19112604467 ns
[    2.907926][    T0] APIC: Switch to symmetric I/O mode setup
[    2.911521][    T0] x2apic enabled
[    2.914049][    T0] APIC: Switched APIC routing to: physical x2apic
[    2.920024][    T0] ..TIMER: vector=0x30 apic1=0 pin1=2 apic2=-1 pin2=-1
[    2.923881][    T0] tsc: Marking TSC unstable due to TSCs unsynchronized
[    2.927764][    T0] Calibrating delay loop (skipped) preset value.. 6587.66 BogoMIPS (lpj=32938320)
[    2.938221][    T0] Last level iTLB entries: 4KB 0, 2MB 0, 4MB 0
[    2.941670][    T0] Last level dTLB entries: 4KB 0, 2MB 0, 4MB 0, 1GB 0
[    2.947770][    T0] Spectre V1 : Mitigation: usercopy/swapgs barriers and __user pointer sanitization
[    2.953166][    T0] Spectre V2 : Kernel not compiled with retpoline; no mitigation available!
[    2.953170][    T0] Spectre V2 : Vulnerable
[    2.960114][    T0] Spectre V2 : Spectre v2 / SpectreRSB mitigation: Filling RSB on context switch
[    2.967761][    T0] Speculative Store Bypass: Vulnerable
[    2.970895][    T0] x86/fpu: x87 FPU will use FXSAVE
[    3.001224][    T0] Freeing SMP alternatives memory: 124K
[    3.004645][    T0] pid_max: default: 32768 minimum: 301
[    3.008108][    T0] LSM: initializing lsm=lockdown,capability,landlock,yama,safesetid,tomoyo,apparmor,bpf,integrity
[    3.014165][    T0] landlock: Up and running.
[    3.017765][    T0] Yama: becoming mindful.
[    3.020316][    T0] TOMOYO Linux initialized
[    3.022946][    T0] AppArmor: AppArmor initialized
[    3.025756][    T0] LSM support for eBPF active
[    3.034705][    T0] Dentry cache hash table entries: 2097152 (order: 12, 16777216 bytes, vmalloc hugepage)
[    3.041213][    T0] Inode-cache hash table entries: 1048576 (order: 11, 8388608 bytes, vmalloc hugepage)
[    3.048058][    T0] Mount-cache hash table entries: 32768 (order: 6, 262144 bytes, vmalloc)
[    3.058088][    T0] Mountpoint-cache hash table entries: 32768 (order: 6, 262144 bytes, vmalloc)
[    3.068392][    T0] Running RCU synchronous self tests
[    3.071331][    T0] Running RCU synchronous self tests
[    3.195702][    T1] APIC calibration not consistent with PM-Timer: 98ms instead of 100ms
[    3.197753][    T1] APIC delta adjusted to PM-Timer: 6252705 (6181698)
[    3.197920][    T1] smpboot: CPU0: AMD QEMU Virtual CPU version 2.5+ (family: 0x6, model: 0x6, stepping: 0x3)
[    3.209479][    T1] RCU Tasks: Setting shift to 3 and lim to 1 rcu_task_cb_adjust=1.
[    3.214624][    T1] RCU Tasks Rude: Setting shift to 3 and lim to 1 rcu_task_cb_adjust=1.
[    3.217919][    T1] RCU Tasks Trace: Setting shift to 3 and lim to 1 rcu_task_cb_adjust=1.
[    3.222790][    T1] Running RCU Tasks wait API self tests
[    3.347976][    T1] Running RCU Tasks Rude wait API self tests
[    3.352040][    T1] Running RCU Tasks Trace wait API self tests
[    3.355567][    T1] Performance Events: AMD PMU driver.
[    3.357799][    T1] ... version:                0
[    3.360468][    T1] ... bit width:              48
[    3.363238][    T1] ... generic registers:      4
[    3.366062][    T1] ... value mask:             0000ffffffffffff
[    3.367828][   T16] Callback from call_rcu_tasks_trace() invoked.
[    3.371328][    T1] ... max period:             00007fffffffffff
[    3.377761][    T1] ... fixed-purpose events:   0
[    3.380443][    T1] ... event mask:             000000000000000f
[    3.384614][    T1] signal: max sigframe size: 1440
[    3.387970][    T1] rcu: Hierarchical SRCU implementation.
[    3.391209][    T1] rcu: 	Max phase no-delay instances is 1000.
[    3.400094][    T1] smp: Bringing up secondary CPUs ...
[    3.404416][    T1] smpboot: x86: Booting SMP configuration:
[    3.407789][    T1] .... node  #1, CPUs:      #1
[    3.422660][    T1] .... node  #0, CPUs:   #2
[    3.442866][    T1] .... node  #1, CPUs:   #3
[    3.458007][    T1] .... node  #0, CPUs:   #4
[    3.470162][   T15] Callback from call_rcu_tasks_rude() invoked.
[    3.479487][    T1] 
[    3.480816][    T1] .... node  #1, CPUs:   #5
[    3.531524][    T1] .... node  #0, CPUs:   #6
[    3.561400][    T1] .... node  #1, CPUs:   #7
[    3.577954][   T14] Callback from call_rcu_tasks() invoked.
[    3.618131][    T1] smp: Brought up 2 nodes, 8 CPUs
[    3.621329][    T1] smpboot: Max logical packages: 12
[    3.627864][    T1] smpboot: Total of 8 processors activated (52701.31 BogoMIPS)
[    3.667928][    T1] devtmpfs: initialized
[    3.671714][    T1] x86/mm: Memory block size: 128MB
[    3.733115][    T1] Running RCU synchronous self tests
[    3.737780][    T1] Running RCU synchronous self tests
[    3.741043][    T1] clocksource: jiffies: mask: 0xffffffff max_cycles: 0xffffffff, max_idle_ns: 19112604462750000 ns
[    3.748279][    T1] futex hash table entries: 2048 (order: 6, 262144 bytes, vmalloc)
[    3.755423][    T1] PM: RTC time: 11:46:29, date: 2023-11-26
[    3.828688][    T1] NET: Registered PF_NETLINK/PF_ROUTE protocol family
[    3.837160][    T1] audit: initializing netlink subsys (disabled)
[    3.838161][   T67] audit: type=2000 audit(1700999190.135:1): state=initialized audit_enabled=0 res=1
[    3.839975][    T1] thermal_sys: Registered thermal governor 'step_wise'
[    3.843417][    T1] thermal_sys: Registered thermal governor 'user_space'
[    3.847956][    T1] cpuidle: using governor menu
[    3.857815][    T1] NET: Registered PF_QIPCRTR protocol family
[    3.868859][    T1] dca service started, version 1.12.1
[    3.872207][    T1] PCI: Using configuration type 1 for base access
[    3.928885][    T1] HugeTLB: registered 2.00 MiB page size, pre-allocated 0 pages
[    3.933482][    T1] HugeTLB: 28 KiB vmemmap can be freed for a 2.00 MiB page
[    3.949729][    T1] cryptd: max_cpu_qlen set to 1000
[    3.959117][    T1] raid6: skipped pq benchmark and selected sse2x4
[    3.967767][    T1] raid6: using intx1 recovery algorithm
[    3.971710][    T1] ACPI: Added _OSI(Module Device)
[    3.974507][    T1] ACPI: Added _OSI(Processor Device)
[    3.977765][    T1] ACPI: Added _OSI(3.0 _SCP Extensions)
[    3.980816][    T1] ACPI: Added _OSI(Processor Aggregator Device)
[    4.024491][    T1] ACPI: 1 ACPI AML tables successfully acquired and loaded
[    4.069043][    T1] ACPI: _OSC evaluation for CPUs failed, trying _PDC
[    4.084240][    T1] ACPI: Interpreter enabled
[    4.087061][    T1] ACPI: PM: (supports S0 S3 S4 S5)
[    4.088040][    T1] ACPI: Using IOAPIC for interrupt routing
[    4.092313][    T1] PCI: Using host bridge windows from ACPI; if necessary, use "pci=nocrs" and report a bug
[    4.097761][    T1] PCI: Using E820 reservations for host bridge windows
[    4.103497][    T1] ACPI: Enabled 2 GPEs in block 00 to 0F
[    4.222834][    T1] ACPI: PCI Root Bridge [PCI0] (domain 0000 [bus 00-ff])
[    4.227024][    T1] acpi PNP0A03:00: _OSC: OS supports [ASPM ClockPM Segments MSI HPX-Type3]
[    4.237767][    T1] acpi PNP0A03:00: _OSC: not requesting OS control; OS requires [ExtendedConfig ASPM ClockPM MSI]
[    4.238198][    T1] acpi PNP0A03:00: fail to add MMCONFIG information, can't access extended configuration space under this bridge
[    4.249778][    T1] PCI host bridge to bus 0000:00
[    4.252552][    T1] pci_bus 0000:00: Unknown NUMA node; performance will be reduced
[    4.257785][    T1] pci_bus 0000:00: root bus resource [io  0x0000-0x0cf7 window]
[    4.262192][    T1] pci_bus 0000:00: root bus resource [io  0x0d00-0xffff window]
[    4.266435][    T1] pci_bus 0000:00: root bus resource [mem 0x000a0000-0x000bffff window]
[    4.267873][    T1] pci_bus 0000:00: root bus resource [mem 0xc0000000-0xfebfffff window]
[    4.277866][    T1] pci_bus 0000:00: root bus resource [mem 0x440000000-0x4bfffffff window]
[    4.282718][    T1] pci_bus 0000:00: root bus resource [bus 00-ff]
[    4.287099][    T1] pci 0000:00:00.0: [8086:1237] type 00 class 0x060000
[    4.291277][    T1] pci 0000:00:01.0: [8086:7000] type 00 class 0x060100
[    4.301248][    T1] pci 0000:00:01.1: [8086:7010] type 00 class 0x010180
[    4.301248][    T1] pci 0000:00:01.1: reg 0x20: [io  0xc040-0xc04f]
[    4.303511][    T1] pci 0000:00:01.1: legacy IDE quirk: reg 0x10: [io  0x01f0-0x01f7]
[    4.317764][    T1] pci 0000:00:01.1: legacy IDE quirk: reg 0x14: [io  0x03f6]
[    4.322026][    T1] pci 0000:00:01.1: legacy IDE quirk: reg 0x18: [io  0x0170-0x0177]
[    4.326635][    T1] pci 0000:00:01.1: legacy IDE quirk: reg 0x1c: [io  0x0376]
[    4.329832][    T1] pci 0000:00:01.3: [8086:7113] type 00 class 0x068000
[    4.339643][    T1] pci 0000:00:01.3: quirk: [io  0x0600-0x063f] claimed by PIIX4 ACPI
[    4.344247][    T1] pci 0000:00:01.3: quirk: [io  0x0700-0x070f] claimed by PIIX4 SMB
[    4.350503][    T1] pci 0000:00:02.0: [1234:1111] type 00 class 0x030000
[    4.358616][    T1] pci 0000:00:02.0: reg 0x10: [mem 0xfd000000-0xfdffffff pref]
[    4.365994][    T1] pci 0000:00:02.0: reg 0x18: [mem 0xfebb0000-0xfebb0fff]
[    4.379503][    T1] pci 0000:00:02.0: reg 0x30: [mem 0xfeba0000-0xfebaffff pref]
[    4.384774][    T1] pci 0000:00:02.0: Video device with shadowed ROM at [mem 0x000c0000-0x000dffff]
[    4.390587][    T1] pci 0000:00:03.0: [8086:100e] type 00 class 0x020000
[    4.398529][    T1] pci 0000:00:03.0: reg 0x10: [mem 0xfeb80000-0xfeb9ffff]
[    4.403030][    T1] pci 0000:00:03.0: reg 0x14: [io  0xc000-0xc03f]
[    4.410328][    T1] pci 0000:00:03.0: reg 0x30: [mem 0xfeb00000-0xfeb7ffff pref]
[    4.431688][    T1] ACPI: PCI: Interrupt link LNKA configured for IRQ 10
[    4.438604][    T1] ACPI: PCI: Interrupt link LNKB configured for IRQ 10
[    4.444870][    T1] ACPI: PCI: Interrupt link LNKC configured for IRQ 11
[    4.449420][    T1] ACPI: PCI: Interrupt link LNKD configured for IRQ 11
[    4.454780][    T1] ACPI: PCI: Interrupt link LNKS configured for IRQ 9
[    4.497798][    T1] APIC: NR_CPUS/possible_cpus limit of 8 reached. Processor 12/0x8 ignored.
[    4.497798][    T1] ACPI: Unable to map lapic to logical cpu number
[    4.503517][    T1] APIC: NR_CPUS/possible_cpus limit of 8 reached. Processor 13/0x9 ignored.
[    4.507790][    T1] ACPI: Unable to map lapic to logical cpu number
[    4.513290][    T1] APIC: NR_CPUS/possible_cpus limit of 8 reached. Processor 14/0xa ignored.
[    4.517783][    T1] ACPI: Unable to map lapic to logical cpu number
[    4.523633][    T1] APIC: NR_CPUS/possible_cpus limit of 8 reached. Processor 15/0xb ignored.
[    4.527761][    T1] ACPI: Unable to map lapic to logical cpu number
[    4.537983][    T1] iommu: Default domain type: Translated
[    4.541032][    T1] iommu: DMA domain TLB invalidation policy: lazy mode
[    4.548385][    T1] SCSI subsystem initialized
[    4.558727][    T1] ACPI: bus type USB registered
[    4.561041][    T1] usbcore: registered new interface driver usbfs
[    4.564729][    T1] usbcore: registered new interface driver hub
[    4.567883][    T1] usbcore: registered new device driver usb
[    4.571988][    T1] mc: Linux media interface: v0.10
[    4.574925][    T1] videodev: Linux video capture interface: v2.00
[    4.574925][    T1] pps_core: LinuxPPS API ver. 1 registered
[    4.574925][    T1] pps_core: Software ver. 5.3.6 - Copyright 2005-2007 Rodolfo Giometti <giometti@linux.it>
[    4.587906][    T1] PTP clock support registered
[    4.598102][    T1] EDAC MC: Ver: 3.0.0
[    4.599074][    T1] Advanced Linux Sound Architecture Driver Initialized.
[    4.605182][    T1] Bluetooth: Core ver 2.22
[    4.607863][    T1] NET: Registered PF_BLUETOOTH protocol family
[    4.611537][    T1] Bluetooth: HCI device and connection manager initialized
[    4.615977][    T1] Bluetooth: HCI socket layer initialized
[    4.617794][    T1] Bluetooth: L2CAP socket layer initialized
[    4.621363][    T1] Bluetooth: SCO socket layer initialized
[    4.627843][    T1] NET: Registered PF_ATMPVC protocol family
[    4.631231][    T1] NET: Registered PF_ATMSVC protocol family
[    4.634998][    T1] NetLabel: Initializing
[    4.637366][    T1] NetLabel:  domain hash size = 128
[    4.637780][    T1] NetLabel:  protocols = UNLABELED CIPSOv4 CALIPSO
[    4.642217][    T1] NetLabel:  unlabeled traffic allowed by default
[    4.649216][    T1] nfc: nfc_init: NFC Core ver 0.1
[    4.652083][    T1] NET: Registered PF_NFC protocol family
[    4.659844][    T1] PCI: Using ACPI for IRQ routing
[    4.663678][    T1] pci 0000:00:02.0: vgaarb: setting as boot VGA device
[    4.663678][    T1] pci 0000:00:02.0: vgaarb: bridge control possible
[    4.665994][    T1] pci 0000:00:02.0: vgaarb: VGA device added: decodes=io+mem,owns=io+mem,locks=none
[    4.677773][    T1] vgaarb: loaded
[    4.682976][    T1] hpet: 3 channels of 0 reserved for per-cpu timers
[    4.682976][    T1] hpet0: at MMIO 0xfed00000, IRQs 2, 8, 0
[    4.682976][    T1] hpet0: 3 comparators, 64-bit 100.000000 MHz counter
[    4.700202][    T1] clocksource: Switched to clocksource kvm-clock
[    4.709598][    T1] VFS: Disk quotas dquot_6.6.0
[    4.713957][    T1] VFS: Dquot-cache hash table entries: 512 (order 0, 4096 bytes)
[    4.719609][    T1] FS-Cache: Loaded
[    4.731504][    T1] CacheFiles: Loaded
[    4.734959][    T1] TOMOYO: 2.6.0
[    4.736981][    T1] Mandatory Access Control activated.
[    4.741520][    T1] AppArmor: AppArmor Filesystem Enabled
[    4.748969][    T1] pnp: PnP ACPI init
[    4.761951][    T1] pnp: PnP ACPI: found 6 devices
[    4.800365][    T1] clocksource: acpi_pm: mask: 0xffffff max_cycles: 0xffffff, max_idle_ns: 2085701024 ns
[    4.808248][    T1] NET: Registered PF_INET protocol family
[    4.814427][    T1] IP idents hash table entries: 262144 (order: 9, 2097152 bytes, vmalloc)
[    4.828870][    T1] tcp_listen_portaddr_hash hash table entries: 8192 (order: 7, 589824 bytes, vmalloc)
[    4.835072][    T1] Table-perturb hash table entries: 65536 (order: 6, 262144 bytes, vmalloc)
[    4.845591][    T1] TCP established hash table entries: 131072 (order: 8, 1048576 bytes, vmalloc)
[    4.860771][    T1] TCP bind hash table entries: 65536 (order: 11, 9437184 bytes, vmalloc hugepage)
[    4.871982][    T1] TCP: Hash tables configured (established 131072 bind 65536)
[    4.883520][    T1] MPTCP token hash table entries: 16384 (order: 8, 1441792 bytes, vmalloc)
[    4.890753][    T1] UDP hash table entries: 8192 (order: 8, 1310720 bytes, vmalloc)
[    4.900849][    T1] UDP-Lite hash table entries: 8192 (order: 8, 1310720 bytes, vmalloc)
[    4.907120][    T1] NET: Registered PF_UNIX/PF_LOCAL protocol family
[    4.912277][    T1] RPC: Registered named UNIX socket transport module.
[    4.916304][    T1] RPC: Registered udp transport module.
[    4.919464][    T1] RPC: Registered tcp transport module.
[    4.922477][    T1] RPC: Registered tcp-with-tls transport module.
[    4.927674][    T1] RPC: Registered tcp NFSv4.1 backchannel transport module.
[    4.934168][    T1] NET: Registered PF_XDP protocol family
[    4.937610][    T1] pci_bus 0000:00: resource 4 [io  0x0000-0x0cf7 window]
[    4.941471][    T1] pci_bus 0000:00: resource 5 [io  0x0d00-0xffff window]
[    4.945666][    T1] pci_bus 0000:00: resource 6 [mem 0x000a0000-0x000bffff window]
[    4.949916][    T1] pci_bus 0000:00: resource 7 [mem 0xc0000000-0xfebfffff window]
[    4.954158][    T1] pci_bus 0000:00: resource 8 [mem 0x440000000-0x4bfffffff window]
[    4.960252][    T1] pci 0000:00:01.0: PIIX3: Enabling Passive Release
[    4.963912][    T1] pci 0000:00:00.0: Limiting direct PCI/PCI transfers
[    4.967905][    T1] PCI: CLS 0 bytes, default 64
[    4.970796][    T1] PCI-DMA: Using software bounce buffering for IO (SWIOTLB)
[    4.975170][    T1] software IO TLB: mapped [mem 0x00000000bbfdf000-0x00000000bffdf000] (64MB)
[    4.980266][    T1] ACPI: bus type thunderbolt registered
[    4.990228][  T110] kworker/u21:0 (110) used greatest stack depth: 26816 bytes left
[    4.992511][    T1] kvm_intel: VMX not supported by CPU 4
[    4.998256][    T1] kvm_amd: Nested Virtualization enabled
[    5.001362][    T1] kvm_amd: Nested Paging disabled
[    5.091097][    T1] CPU feature 'AVX registers' is not supported.
[    5.096019][    T1] CPU feature 'AVX registers' is not supported.
[    5.100530][    T1] AVX2 instructions are not detected.
[    5.104455][    T1] AVX or AES-NI instructions are not detected.
[    5.109094][    T1] AVX2 or AES-NI instructions are not detected.
[    5.113747][    T1] CPU feature 'AVX registers' is not supported.
[    5.119291][    T1] CPU feature 'AVX registers' is not supported.
[    5.124191][    T1] PCLMULQDQ-NI instructions are not detected.
[    5.127848][    T1] sm3_avx_x86_64: AVX instruction are not detected.
[    5.131431][    T1] AVX or AES-NI instructions are not detected.
[    5.134816][    T1] AVX2 or AES-NI instructions are not detected.
[    5.138289][    T1] AVX or AES-NI instructions are not detected.
[    5.627799][    T1] Initialise system trusted keyrings
[    5.635309][    T1] workingset: timestamp_bits=40 max_order=22 bucket_order=0
[    5.642826][    T1] DLM installed
[    5.649362][    T1] squashfs: version 4.0 (2009/01/31) Phillip Lougher
[    5.665520][    T1] NFS: Registering the id_resolver key type
[    5.668976][    T1] Key type id_resolver registered
[    5.671722][    T1] Key type id_legacy registered
[    5.674483][    T1] nfs4filelayout_init: NFSv4 File Layout Driver Registering...
[    5.678833][    T1] nfs4flexfilelayout_init: NFSv4 Flexfile Layout Driver Registering...
[    5.687867][    T1] Key type cifs.spnego registered
[    5.690850][    T1] Key type cifs.idmap registered
[    5.694358][    T1] ntfs: driver 2.1.32 [Flags: R/W].
[    5.697742][